V/AlarmManager(  779): isAlarmNeedAlign : charging
V/AlarmManager(  779): isAlarmNeedAlign : charging
V/AlarmManager(  779): isAlarmNeedAlign : charging
V/AlarmManager(  779): isAlarmNeedAlign : charging
V/AlarmManager(  779): isAlarmNeedAlign : charging
V/AlarmManager(  779): isAlarmNeedAlign : charging
V/AlarmManager(  779): isAlarmNeedAlign : charging
V/AlarmManager(  779): isAlarmNeedAlign : charging
V/AlarmManager(  779): isAlarmNeedAlign : charging
V/AlarmManager(  779): isAlarmNeedAlign : charging
V/AlarmManager(  779): isAlarmNeedAlign : charging
V/AlarmManager(  779): isAlarmNeedAlign : charging
V/AlarmManager(  779): isAlarmNeedAlign : charging
V/AlarmManager(  779): isAlarmNeedAlign : charging
V/AlarmManager(  779): isAlarmNeedAlign : charging
V/AlarmManager(  779): isAlarmNeedAlign : charging
V/AlarmManager(  779): isAlarmNeedAlign : charging
V/AlarmManager(  779): isAlarmNeedAlign : charging
V/AlarmManager(  779): isAlarmNeedAlign : charging
V/AlarmManager(  779): isAlarmNeedAlign : charging
V/AlarmManager(  779): isAlarmNeedAlign : charging
V/AlarmManager(  779): isAlarmNeedAlign : charging
V/AlarmManager(  779): isAlarmNeedAlign : charging
V/AlarmManager(  779): isAlarmNeedAlign : charging
V/AlarmManager(  779): isAlarmNeedAlign : charging
V/AlarmManager(  779): isAlarmNeedAlign : charging
V/AlarmManager(  779): isAlarmNeedAlign : charging
V/AlarmManager(  779): isAlarmNeedAlign : charging
V/AlarmManager(  779): isAlarmNeedAlign : charging
V/AlarmManager(  779): isAlarmNeedAlign : charging
V/AlarmManager(  779): isAlarmNeedAlign : charging
V/AlarmManager(  779): isAlarmNeedAlign : charging
V/AlarmManager(  779): isAlarmNeedAlign : charging
V/AlarmManager(  779): isAlarmNeedAlign : charging
V/AlarmManager(  779): isAlarmNeedAlign : charging
V/AlarmManager(  779): isAlarmNeedAlign : charging
V/AlarmManager(  779): isAlarmNeedAlign : charging
V/AlarmManager(  779): isAlarmNeedAlign : charging
V/AlarmManager(  779): isAlarmNeedAlign : charging
V/AlarmManager(  779): isAlarmNeedAlign : charging
V/AlarmManager(  779): isAlarmNeedAlign : charging
V/AlarmManager(  779): isAlarmNeedAlign : charging
V/AlarmManager(  779): isAlarmNeedAlign : charging
V/AlarmManager(  779): isAlarmNeedAlign : charging
V/AlarmManager(  779): isAlarmNeedAlign : charging
V/AlarmManager(  779): isAlarmNeedAlign : charging
V/AlarmManager(  779): isAlarmNeedAlign : charging
V/AlarmManager(  779): isAlarmNeedAlign : charging
D/AlarmManager(  779): set alarm to RTC 1295883741
D/AlarmManager(  779): rebatchAllAlarmsLocked end
D/AlarmManager(  779): set alarm to RTC 1295878190
W/AlarmManager(  779): operation package = android CTS_Alarm = false
V/AlarmManager(  779): isAlarmNeedAlign : charging
D/AlarmManager(  779): remove(operation) changed bounds; rebatching
D/AlarmManager(  779): rebatchAllAlarmsLocked begin oldBatches count = 49
V/AlarmManager(  779): isAlarmNeedAlign : charging
V/AlarmManager(  779): isAlarmNeedAlign : charging
V/AlarmManager(  779): isAlarmNeedAlign : charging
V/AlarmManager(  779): isAlarmNeedAlign : charging
V/AlarmManager(  779): isAlarmNeedAlign : charging
V/AlarmManager(  779): isAlarmNeedAlign : charging
V/AlarmManager(  779): isAlarmNeedAlign : charging
V/AlarmManager(  779): isAlarmNeedAlign : charging
V/AlarmManager(  779): isAlarmNeedAlign : charging
V/AlarmManager(  779): isAlarmNeedAlign : charging
V/AlarmManager(  779): isAlarmNeedAlign : charging
V/AlarmManager(  779): isAlarmNeedAlign : charging
V/AlarmManager(  779): isAlarmNeedAlign : charging
V/AlarmManager(  779): isAlarmNeedAlign : charging
V/AlarmManager(  779): isAlarmNeedAlign : charging
V/AlarmManager(  779): isAlarmNeedAlign : charging
V/AlarmManager(  779): isAlarmNeedAlign : charging
V/AlarmManager(  779): isAlarmNeedAlign : charging
V/AlarmManager(  779): isAlarmNeedAlign : charging
V/AlarmManager(  779): isAlarmNeedAlign : charging
V/AlarmManager(  779): isAlarmNeedAlign : charging
V/AlarmManager(  779): isAlarmNeedAlign : charging
V/AlarmManager(  779): isAlarmNeedAlign : charging
V/AlarmManager(  779): isAlarmNeedAlign : charging
V/AlarmManager(  779): isAlarmNeedAlign : charging
V/AlarmManager(  779): isAlarmNeedAlign : charging
V/AlarmManager(  779): isAlarmNeedAlign : charging
V/AlarmManager(  779): isAlarmNeedAlign : charging
V/AlarmManager(  779): isAlarmNeedAlign : charging
V/AlarmManager(  779): isAlarmNeedAlign : charging
V/AlarmManager(  779): isAlarmNeedAlign : charging
V/AlarmManager(  779): isAlarmNeedAlign : charging
V/AlarmManager(  779): isAlarmNeedAlign : charging
V/AlarmManager(  779): isAlarmNeedAlign : charging
V/AlarmManager(  779): isAlarmNeedAlign : charging
V/AlarmManager(  779): isAlarmNeedAlign : charging
V/AlarmManager(  779): isAlarmNeedAlign : charging
V/AlarmManager(  779): isAlarmNeedAlign : charging
V/AlarmManager(  779): isAlarmNeedAlign : charging
V/AlarmManager(  779): isAlarmNeedAlign : charging
V/AlarmManager(  779): isAlarmNeedAlign : charging
V/AlarmManager(  779): isAlarmNeedAlign : charging
V/AlarmManager(  779): isAlarmNeedAlign : charging
V/AlarmManager(  779): isAlarmNeedAlign : charging
V/AlarmManager(  779): isAlarmNeedAlign : charging
V/AlarmManager(  779): isAlarmNeedAlign : charging
V/AlarmManager(  779): isAlarmNeedAlign : charging
V/AlarmManager(  779): isAlarmNeedAlign : charging
V/AlarmManager(  779): isAlarmNeedAlign : charging
V/AlarmManager(  779): isAlarmNeedAlign : charging
V/AlarmManager(  779): isAlarmNeedAlign : charging
V/AlarmManager(  779): isAlarmNeedAlign : charging
V/AlarmManager(  779): isAlarmNeedAlign : charging
V/AlarmManager(  779): isAlarmNeedAlign : charging
V/AlarmManager(  779): isAlarmNeedAlign : charging
V/AlarmManager(  779): isAlarmNeedAlign : charging
V/AlarmManager(  779): isAlarmNeedAlign : charging
V/AlarmManager(  779): isAlarmNeedAlign : charging
V/AlarmManager(  779): isAlarmNeedAlign : charging
V/AlarmManager(  779): isAlarmNeedAlign : charging
V/AlarmManager(  779): isAlarmNeedAlign : charging
V/AlarmManager(  779): isAlarmNeedAlign : charging
V/AlarmManager(  779): isAlarmNeedAlign : charging
V/AlarmManager(  779): isAlarmNeedAlign : charging
V/AlarmManager(  779): isAlarmNeedAlign : charging
V/AlarmManager(  779): isAlarmNeedAlign : charging
V/AlarmManager(  779): isAlarmNeedAlign : charging
V/AlarmManager(  779): isAlarmNeedAlign : charging
V/AlarmManager(  779): isAlarmNeedAlign : charging
V/AlarmManager(  779): isAlarmNeedAlign : charging
V/AlarmManager(  779): isAlarmNeedAlign : charging
V/AlarmManager(  779): isAlarmNeedAlign : charging
V/AlarmManager(  779): isAlarmNeedAlign : charging
V/AlarmManager(  779): isAlarmNeedAlign : charging
V/AlarmManager(  779): isAlarmNeedAlign : charging
V/AlarmManager(  779): isAlarmNeedAlign : charging
V/AlarmManager(  779): isAlarmNeedAlign : charging
V/AlarmManager(  779): isAlarmNeedAlign : charging
V/AlarmManager(  779): isAlarmNeedAlign : charging
V/AlarmManager(  779): isAlarmNeedAlign : charging
V/AlarmManager(  779): isAlarmNeedAlign : charging
V/AlarmManager(  779): isAlarmNeedAlign : charging
V/AlarmManager(  779): isAlarmNeedAlign : charging
V/AlarmManager(  779): isAlarmNeedAlign : charging
V/AlarmManager(  779): isAlarmNeedAlign : charging
V/AlarmManager(  779): isAlarmNeedAlign : charging
V/AlarmManager(  779): isAlarmNeedAlign : charging
V/AlarmManager(  779): isAlarmNeedAlign : charging
V/AlarmManager(  779): isAlarmNeedAlign : charging
V/AlarmManager(  779): isAlarmNeedAlign : charging
V/AlarmManager(  779): isAlarmNeedAlign : charging
D/AlarmManager(  779): set alarm to RTC 1295873190
D/AlarmManager(  779): rebatchAllAlarmsLocked end
D/AlarmManager(  779): set alarm to RTC 1295883741
V/ActivityManager(  779): Broadcast: Intent { act=android.content.jobscheduler.JOB_DELAY_EXPIRED flg=0x114 (has extras) } ordered=true userid=0 callerApp=null
D/PowerManagerService(  779): MTK-----android
D/PowerManagerService(  779): MTK-----*alarm*
D/PowerManagerService(  779): wakelock list dump: mLocks.size=1:
D/PowerManagerService(  779): No.0: PARTIAL_WAKE_LOCK '*alarm*'activated(flags=1, uid=1000, pid=779) total=0ms)
D/WifiDisplayAdapter(  779): getWifiDisplayStatusLocked: result=WifiDisplayStatus{featureState=2, scanState=0, activeDisplayState=0, activeDisplay=null, displays=[], sessionInfo=WifiDisplaySessionInfo: C/O:Client,GId:,Pp:,SId:0,IP:}
D/PowerManagerService(  779): isWfdEnabled() mWfdStatus=WifiDisplayStatus{featureState=2, scanState=0, activeDisplayState=0, activeDisplay=null, displays=[], sessionInfo=WifiDisplaySessionInfo: C/O:Client,GId:,Pp:,SId:0,IP:}, return false
D/DisplayPowerController(  779): requestPowerState: policy=BRIGHT, useProximitySensor=false, screenBrightness=123, screenAutoBrightnessAdjustment=0.0, useAutoBrightness=false, blockScreenOn=false, lowPowerMode=false, dozeScreenBrightness=-1, dozeScreenState=UNKNOWN, waitForNegativeProximity=false
D/PowerManagerNotifier(  779): onWakeLockAcquired: flags=1, tag="*alarm*", packageName=android, ownerUid=1000, ownerPid=779, workSource=WorkSource{1000}
I/ConnectivityChangeJobService(17044): setSchedule:
W/AlarmManager(  779): operation package = android CTS_Alarm = false
V/AlarmManager(  779): isAlarmNeedAlign : charging
D/AlarmManager(  779): set alarm to RTC 1295883920
D/ActivityThread(  779): BDC-Calling finishReceiver: IIntentReceiver=35f5f3a3
W/AlarmManager(  779): operation package = android CTS_Alarm = false
V/AlarmManager(  779): isAlarmNeedAlign : charging
D/AlarmManager(  779): remove(operation) changed bounds; rebatching
D/AlarmManager(  779): rebatchAllAlarmsLocked begin oldBatches count = 48
V/AlarmManager(  779): isAlarmNeedAlign : charging
V/AlarmManager(  779): isAlarmNeedAlign : charging
V/AlarmManager(  779): isAlarmNeedAlign : charging
V/AlarmManager(  779): isAlarmNeedAlign : charging
V/AlarmManager(  779): isAlarmNeedAlign : charging
D/PerfServiceManager(  779): [PerfService] notifyFrameUpdate - bDuringTouchBoost:true 
D/PerfServiceManager(  779): [PerfService] MESSAGE_BOOST_ENABLE_TIMEOUT_MS [SCN_SW_FRAME_UPDATE] bDuringTouchBoost:true 
V/AlarmManager(  779): isAlarmNeedAlign : charging
V/AlarmManager(  779): isAlarmNeedAlign : charging
V/AlarmManager(  779): isAlarmNeedAlign : charging
V/AlarmManager(  779): isAlarmNeedAlign : charging
V/AlarmManager(  779): isAlarmNeedAlign : charging
V/AlarmManager(  779): isAlarmNeedAlign : charging
V/AlarmManager(  779): isAlarmNeedAlign : charging
V/AlarmManager(  779): isAlarmNeedAlign : charging
V/AlarmManager(  779): isAlarmNeedAlign : charging
V/AlarmManager(  779): isAlarmNeedAlign : charging
V/AlarmManager(  779): isAlarmNeedAlign : charging
V/AlarmManager(  779): isAlarmNeedAlign : charging
V/AlarmManager(  779): isAlarmNeedAlign : charging
V/AlarmManager(  779): isAlarmNeedAlign : charging
V/AlarmManager(  779): isAlarmNeedAlign : charging
V/AlarmManager(  779): isAlarmNeedAlign : charging
V/AlarmManager(  779): isAlarmNeedAlign : charging
V/AlarmManager(  779): isAlarmNeedAlign : charging
V/AlarmManager(  779): isAlarmNeedAlign : charging
V/AlarmManager(  779): isAlarmNeedAlign : charging
D/AlarmManager(  779): onSendFinished begin
V/AlarmManager(  779): isAlarmNeedAlign : charging
V/AlarmManager(  779): isAlarmNeedAlign : charging
V/AlarmManager(  779): isAlarmNeedAlign : charging
V/AlarmManager(  779): isAlarmNeedAlign : charging
V/AlarmManager(  779): isAlarmNeedAlign : charging
V/AlarmManager(  779): isAlarmNeedAlign : charging
V/AlarmManager(  779): isAlarmNeedAlign : charging
V/AlarmManager(  779): isAlarmNeedAlign : charging
V/AlarmManager(  779): isAlarmNeedAlign : charging
V/AlarmManager(  779): isAlarmNeedAlign : charging
V/AlarmManager(  779): isAlarmNeedAlign : charging
V/AlarmManager(  779): isAlarmNeedAlign : charging
V/AlarmManager(  779): isAlarmNeedAlign : charging
V/AlarmManager(  779): isAlarmNeedAlign : charging
V/AlarmManager(  779): isAlarmNeedAlign : charging
V/AlarmManager(  779): isAlarmNeedAlign : charging
V/AlarmManager(  779): isAlarmNeedAlign : charging
V/AlarmManager(  779): isAlarmNeedAlign : charging
V/AlarmManager(  779): isAlarmNeedAlign : charging
V/AlarmManager(  779): isAlarmNeedAlign : charging
V/AlarmManager(  779): isAlarmNeedAlign : charging
V/AlarmManager(  779): isAlarmNeedAlign : charging
V/AlarmManager(  779): isAlarmNeedAlign : charging
V/AlarmManager(  779): isAlarmNeedAlign : charging
V/AlarmManager(  779): isAlarmNeedAlign : charging
V/AlarmManager(  779): isAlarmNeedAlign : charging
V/AlarmManager(  779): isAlarmNeedAlign : charging
V/AlarmManager(  779): isAlarmNeedAlign : charging
V/AlarmManager(  779): isAlarmNeedAlign : charging
V/AlarmManager(  779): isAlarmNeedAlign : charging
V/AlarmManager(  779): isAlarmNeedAlign : charging
V/AlarmManager(  779): isAlarmNeedAlign : charging
V/AlarmManager(  779): isAlarmNeedAlign : charging
V/AlarmManager(  779): isAlarmNeedAlign : charging
V/AlarmManager(  779): isAlarmNeedAlign : charging
V/AlarmManager(  779): isAlarmNeedAlign : charging
V/AlarmManager(  779): isAlarmNeedAlign : charging
V/AlarmManager(  779): isAlarmNeedAlign : charging
V/AlarmManager(  779): isAlarmNeedAlign : charging
V/AlarmManager(  779): isAlarmNeedAlign : charging
V/AlarmManager(  779): isAlarmNeedAlign : charging
V/AlarmManager(  779): isAlarmNeedAlign : charging
V/AlarmManager(  779): isAlarmNeedAlign : charging
V/AlarmManager(  779): isAlarmNeedAlign : charging
V/AlarmManager(  779): isAlarmNeedAlign : charging
V/AlarmManager(  779): isAlarmNeedAlign : charging
V/AlarmManager(  779): isAlarmNeedAlign : charging
V/AlarmManager(  779): isAlarmNeedAlign : charging
V/AlarmManager(  779): isAlarmNeedAlign : charging
V/AlarmManager(  779): isAlarmNeedAlign : charging
V/AlarmManager(  779): isAlarmNeedAlign : charging
V/AlarmManager(  779): isAlarmNeedAlign : charging
V/AlarmManager(  779): isAlarmNeedAlign : charging
V/AlarmManager(  779): isAlarmNeedAlign : charging
V/AlarmManager(  779): isAlarmNeedAlign : charging
V/AlarmManager(  779): isAlarmNeedAlign : charging
V/AlarmManager(  779): isAlarmNeedAlign : charging
V/AlarmManager(  779): isAlarmNeedAlign : charging
V/AlarmManager(  779): isAlarmNeedAlign : charging
V/AlarmManager(  779): isAlarmNeedAlign : charging
V/AlarmManager(  779): isAlarmNeedAlign : charging
V/AlarmManager(  779): isAlarmNeedAlign : charging
V/AlarmManager(  779): isAlarmNeedAlign : charging
V/AlarmManager(  779): isAlarmNeedAlign : charging
V/AlarmManager(  779): isAlarmNeedAlign : charging
V/AlarmManager(  779): isAlarmNeedAlign : charging
V/AlarmManager(  779): isAlarmNeedAlign : charging
D/AlarmManager(  779): set alarm to RTC 1295883741
D/AlarmManager(  779): rebatchAllAlarmsLocked end
W/AlarmManager(  779): operation package = android CTS_Alarm = false
V/AlarmManager(  779): isAlarmNeedAlign : charging
D/PowerManagerNotifier(  779): onWakeLockReleased: flags=1, tag="*alarm*", packageName=android, ownerUid=1000, ownerPid=779, workSource=WorkSource{1000}
D/WifiDisplayAdapter(  779): getWifiDisplayStatusLocked: result=WifiDisplayStatus{featureState=2, scanState=0, activeDisplayState=0, activeDisplay=null, displays=[], sessionInfo=WifiDisplaySessionInfo: C/O:Client,GId:,Pp:,SId:0,IP:}
D/PowerManagerService(  779): isWfdEnabled() mWfdStatus=WifiDisplayStatus{featureState=2, scanState=0, activeDisplayState=0, activeDisplay=null, displays=[], sessionInfo=WifiDisplaySessionInfo: C/O:Client,GId:,Pp:,SId:0,IP:}, return false
D/DisplayPowerController(  779): requestPowerState: policy=BRIGHT, useProximitySensor=false, screenBrightness=123, screenAutoBrightnessAdjustment=0.0, useAutoBrightness=false, blockScreenOn=false, lowPowerMode=false, dozeScreenBrightness=-1, dozeScreenState=UNKNOWN, waitForNegativeProximity=false
D/AlarmManager(  779): remove(operation) changed bounds; rebatching
D/AlarmManager(  779): rebatchAllAlarmsLocked begin oldBatches count = 48
V/AlarmManager(  779): isAlarmNeedAlign : charging
V/AlarmManager(  779): isAlarmNeedAlign : charging
V/AlarmManager(  779): isAlarmNeedAlign : charging
V/AlarmManager(  779): isAlarmNeedAlign : charging
V/AlarmManager(  779): isAlarmNeedAlign : charging
V/AlarmManager(  779): isAlarmNeedAlign : charging
V/AlarmManager(  779): isAlarmNeedAlign : charging
V/AlarmManager(  779): isAlarmNeedAlign : charging
V/AlarmManager(  779): isAlarmNeedAlign : charging
V/AlarmManager(  779): isAlarmNeedAlign : charging
V/AlarmManager(  779): isAlarmNeedAlign : charging
V/AlarmManager(  779): isAlarmNeedAlign : charging
V/AlarmManager(  779): isAlarmNeedAlign : charging
V/AlarmManager(  779): isAlarmNeedAlign : charging
V/AlarmManager(  779): isAlarmNeedAlign : charging
V/AlarmManager(  779): isAlarmNeedAlign : charging
V/AlarmManager(  779): isAlarmNeedAlign : charging
V/AlarmManager(  779): isAlarmNeedAlign : charging
V/AlarmManager(  779): isAlarmNeedAlign : charging
V/AlarmManager(  779): isAlarmNeedAlign : charging
V/AlarmManager(  779): isAlarmNeedAlign : charging
V/AlarmManager(  779): isAlarmNeedAlign : charging
V/AlarmManager(  779): isAlarmNeedAlign : charging
V/AlarmManager(  779): isAlarmNeedAlign : charging
V/AlarmManager(  779): isAlarmNeedAlign : charging
V/AlarmManager(  779): isAlarmNeedAlign : charging
V/AlarmManager(  779): isAlarmNeedAlign : charging
V/AlarmManager(  779): isAlarmNeedAlign : charging
V/AlarmManager(  779): isAlarmNeedAlign : charging
V/AlarmManager(  779): isAlarmNeedAlign : charging
V/AlarmManager(  779): isAlarmNeedAlign : charging
V/AlarmManager(  779): isAlarmNeedAlign : charging
V/AlarmManager(  779): isAlarmNeedAlign : charging
V/AlarmManager(  779): isAlarmNeedAlign : charging
V/AlarmManager(  779): isAlarmNeedAlign : charging
V/AlarmManager(  779): isAlarmNeedAlign : charging
V/AlarmManager(  779): isAlarmNeedAlign : charging
V/AlarmManager(  779): isAlarmNeedAlign : charging
V/AlarmManager(  779): isAlarmNeedAlign : charging
V/AlarmManager(  779): isAlarmNeedAlign : charging
V/AlarmManager(  779): isAlarmNeedAlign : charging
V/AlarmManager(  779): isAlarmNeedAlign : charging
V/AlarmManager(  779): isAlarmNeedAlign : charging
V/AlarmManager(  779): isAlarmNeedAlign : charging
V/AlarmManager(  779): isAlarmNeedAlign : charging
V/AlarmManager(  779): isAlarmNeedAlign : charging
V/AlarmManager(  779): isAlarmNeedAlign : charging
V/AlarmManager(  779): isAlarmNeedAlign : charging
V/AlarmManager(  779): isAlarmNeedAlign : charging
V/AlarmManager(  779): isAlarmNeedAlign : charging
V/AlarmManager(  779): isAlarmNeedAlign : charging
V/AlarmManager(  779): isAlarmNeedAlign : charging
V/AlarmManager(  779): isAlarmNeedAlign : charging
V/AlarmManager(  779): isAlarmNeedAlign : charging
V/AlarmManager(  779): isAlarmNeedAlign : charging
V/AlarmManager(  779): isAlarmNeedAlign : charging
V/AlarmManager(  779): isAlarmNeedAlign : charging
V/AlarmManager(  779): isAlarmNeedAlign : charging
V/AlarmManager(  779): isAlarmNeedAlign : charging
V/AlarmManager(  779): isAlarmNeedAlign : charging
V/AlarmManager(  779): isAlarmNeedAlign : charging
V/AlarmManager(  779): isAlarmNeedAlign : charging
V/AlarmManager(  779): isAlarmNeedAlign : charging
V/AlarmManager(  779): isAlarmNeedAlign : charging
V/AlarmManager(  779): isAlarmNeedAlign : charging
V/AlarmManager(  779): isAlarmNeedAlign : charging
V/AlarmManager(  779): isAlarmNeedAlign : charging
V/AlarmManager(  779): isAlarmNeedAlign : charging
V/AlarmManager(  779): isAlarmNeedAlign : charging
V/AlarmManager(  779): isAlarmNeedAlign : charging
V/AlarmManager(  779): isAlarmNeedAlign : charging
V/AlarmManager(  779): isAlarmNeedAlign : charging
V/AlarmManager(  779): isAlarmNeedAlign : charging
V/AlarmManager(  779): isAlarmNeedAlign : charging
V/AlarmManager(  779): isAlarmNeedAlign : charging
V/AlarmManager(  779): isAlarmNeedAlign : charging
V/AlarmManager(  779): isAlarmNeedAlign : charging
V/AlarmManager(  779): isAlarmNeedAlign : charging
V/AlarmManager(  779): isAlarmNeedAlign : charging
V/AlarmManager(  779): isAlarmNeedAlign : charging
D/SocketClient(  274): SocketClient sendData done: 
V/AlarmManager(  779): isAlarmNeedAlign : charging
V/AlarmManager(  779): isAlarmNeedAlign : charging
V/AlarmManager(  779): isAlarmNeedAlign : charging
V/AlarmManager(  779): isAlarmNeedAlign : charging
V/AlarmManager(  779): isAlarmNeedAlign : charging
V/AlarmManager(  779): isAlarmNeedAlign : charging
V/AlarmManager(  779): isAlarmNeedAlign : charging
V/AlarmManager(  779): isAlarmNeedAlign : charging
V/AlarmManager(  779): isAlarmNeedAlign : charging
V/AlarmManager(  779): isAlarmNeedAlign : charging
V/AlarmManager(  779): isAlarmNeedAlign : charging
V/AlarmManager(  779): isAlarmNeedAlign : charging
D/AlarmManager(  779): rebatchAllAlarmsLocked end
W/AlarmManager(  779): operation package = android CTS_Alarm = false
V/AlarmManager(  779): isAlarmNeedAlign : charging
D/AlarmManager(  779): remove(operation) changed bounds; rebatching
D/AlarmManager(  779): rebatchAllAlarmsLocked begin oldBatches count = 49
V/AlarmManager(  779): isAlarmNeedAlign : charging
V/AlarmManager(  779): isAlarmNeedAlign : charging
V/AlarmManager(  779): isAlarmNeedAlign : charging
V/AlarmManager(  779): isAlarmNeedAlign : charging
V/AlarmManager(  779): isAlarmNeedAlign : charging
V/AlarmManager(  779): isAlarmNeedAlign : charging
V/AlarmManager(  779): isAlarmNeedAlign : charging
V/AlarmManager(  779): isAlarmNeedAlign : charging
V/AlarmManager(  779): isAlarmNeedAlign : charging
V/AlarmManager(  779): isAlarmNeedAlign : charging
V/AlarmManager(  779): isAlarmNeedAlign : charging
V/AlarmManager(  779): isAlarmNeedAlign : charging
V/AlarmManager(  779): isAlarmNeedAlign : charging
V/AlarmManager(  779): isAlarmNeedAlign : charging
V/AlarmManager(  779): isAlarmNeedAlign : charging
V/AlarmManager(  779): isAlarmNeedAlign : charging
V/AlarmManager(  779): isAlarmNeedAlign : charging
V/AlarmManager(  779): isAlarmNeedAlign : charging
V/AlarmManager(  779): isAlarmNeedAlign : charging
V/AlarmManager(  779): isAlarmNeedAlign : charging
V/AlarmManager(  779): isAlarmNeedAlign : charging
V/AlarmManager(  779): isAlarmNeedAlign : charging
V/AlarmManager(  779): isAlarmNeedAlign : charging
V/AlarmManager(  779): isAlarmNeedAlign : charging
V/AlarmManager(  779): isAlarmNeedAlign : charging
V/AlarmManager(  779): isAlarmNeedAlign : charging
V/AlarmManager(  779): isAlarmNeedAlign : charging
V/AlarmManager(  779): isAlarmNeedAlign : charging
V/AlarmManager(  779): isAlarmNeedAlign : charging
V/AlarmManager(  779): isAlarmNeedAlign : charging
V/AlarmManager(  779): isAlarmNeedAlign : charging
V/AlarmManager(  779): isAlarmNeedAlign : charging
V/AlarmManager(  779): isAlarmNeedAlign : charging
V/AlarmManager(  779): isAlarmNeedAlign : charging
V/AlarmManager(  779): isAlarmNeedAlign : charging
V/AlarmManager(  779): isAlarmNeedAlign : charging
V/AlarmManager(  779): isAlarmNeedAlign : charging
V/AlarmManager(  779): isAlarmNeedAlign : charging
V/AlarmManager(  779): isAlarmNeedAlign : charging
V/AlarmManager(  779): isAlarmNeedAlign : charging
V/AlarmManager(  779): isAlarmNeedAlign : charging
V/AlarmManager(  779): isAlarmNeedAlign : charging
V/AlarmManager(  779): isAlarmNeedAlign : charging
V/AlarmManager(  779): isAlarmNeedAlign : charging
V/AlarmManager(  779): isAlarmNeedAlign : charging
V/AlarmManager(  779): isAlarmNeedAlign : charging
V/AlarmManager(  779): isAlarmNeedAlign : charging
V/AlarmManager(  779): isAlarmNeedAlign : charging
V/AlarmManager(  779): isAlarmNeedAlign : charging
V/AlarmManager(  779): isAlarmNeedAlign : charging
V/AlarmManager(  779): isAlarmNeedAlign : charging
V/AlarmManager(  779): isAlarmNeedAlign : charging
V/AlarmManager(  779): isAlarmNeedAlign : charging
V/AlarmManager(  779): isAlarmNeedAlign : charging
V/AlarmManager(  779): isAlarmNeedAlign : charging
V/AlarmManager(  779): isAlarmNeedAlign : charging
V/AlarmManager(  779): isAlarmNeedAlign : charging
V/AlarmManager(  779): isAlarmNeedAlign : charging
V/AlarmManager(  779): isAlarmNeedAlign : charging
V/AlarmManager(  779): isAlarmNeedAlign : charging
V/AlarmManager(  779): isAlarmNeedAlign : charging
V/AlarmManager(  779): isAlarmNeedAlign : charging
V/AlarmManager(  779): isAlarmNeedAlign : charging
D/SocketClient(  274): SocketClient sendData done: 
V/AlarmManager(  779): isAlarmNeedAlign : charging
V/AlarmManager(  779): isAlarmNeedAlign : charging
V/AlarmManager(  779): isAlarmNeedAlign : charging
V/AlarmManager(  779): isAlarmNeedAlign : charging
V/AlarmManager(  779): isAlarmNeedAlign : charging
V/AlarmManager(  779): isAlarmNeedAlign : charging
V/AlarmManager(  779): isAlarmNeedAlign : charging
V/AlarmManager(  779): isAlarmNeedAlign : charging
V/AlarmManager(  779): isAlarmNeedAlign : charging
V/AlarmManager(  779): isAlarmNeedAlign : charging
V/AlarmManager(  779): isAlarmNeedAlign : charging
V/AlarmManager(  779): isAlarmNeedAlign : charging
V/AlarmManager(  779): isAlarmNeedAlign : charging
V/AlarmManager(  779): isAlarmNeedAlign : charging
V/AlarmManager(  779): isAlarmNeedAlign : charging
V/AlarmManager(  779): isAlarmNeedAlign : charging
V/AlarmManager(  779): isAlarmNeedAlign : charging
V/AlarmManager(  779): isAlarmNeedAlign : charging
V/AlarmManager(  779): isAlarmNeedAlign : charging
V/AlarmManager(  779): isAlarmNeedAlign : charging
V/AlarmManager(  779): isAlarmNeedAlign : charging
V/AlarmManager(  779): isAlarmNeedAlign : charging
V/AlarmManager(  779): isAlarmNeedAlign : charging
V/AlarmManager(  779): isAlarmNeedAlign : charging
V/AlarmManager(  779): isAlarmNeedAlign : charging
V/AlarmManager(  779): isAlarmNeedAlign : charging
V/AlarmManager(  779): isAlarmNeedAlign : charging
V/AlarmManager(  779): isAlarmNeedAlign : charging
V/AlarmManager(  779): isAlarmNeedAlign : charging
D/AlarmManager(  779): rebatchAllAlarmsLocked end
D/AlarmManager(  779): set alarm to RTC 1295878210
W/AlarmManager(  779): operation package = android CTS_Alarm = false
V/AlarmManager(  779): isAlarmNeedAlign : charging
D/AlarmManager(  779): remove(operation) changed bounds; rebatching
D/AlarmManager(  779): rebatchAllAlarmsLocked begin oldBatches count = 49
V/AlarmManager(  779): isAlarmNeedAlign : charging
V/AlarmManager(  779): isAlarmNeedAlign : charging
V/AlarmManager(  779): isAlarmNeedAlign : charging
V/AlarmManager(  779): isAlarmNeedAlign : charging
V/AlarmManager(  779): isAlarmNeedAlign : charging
V/AlarmManager(  779): isAlarmNeedAlign : charging
V/AlarmManager(  779): isAlarmNeedAlign : charging
V/AlarmManager(  779): isAlarmNeedAlign : charging
V/AlarmManager(  779): isAlarmNeedAlign : charging
V/AlarmManager(  779): isAlarmNeedAlign : charging
V/AlarmManager(  779): isAlarmNeedAlign : charging
V/AlarmManager(  779): isAlarmNeedAlign : charging
V/AlarmManager(  779): isAlarmNeedAlign : charging
V/AlarmManager(  779): isAlarmNeedAlign : charging
V/AlarmManager(  779): isAlarmNeedAlign : charging
V/AlarmManager(  779): isAlarmNeedAlign : charging
V/AlarmManager(  779): isAlarmNeedAlign : charging
V/AlarmManager(  779): isAlarmNeedAlign : charging
V/AlarmManager(  779): isAlarmNeedAlign : charging
V/AlarmManager(  779): isAlarmNeedAlign : charging
V/AlarmManager(  779): isAlarmNeedAlign : charging
V/AlarmManager(  779): isAlarmNeedAlign : charging
V/AlarmManager(  779): isAlarmNeedAlign : charging
V/AlarmManager(  779): isAlarmNeedAlign : charging
V/AlarmManager(  779): isAlarmNeedAlign : charging
V/AlarmManager(  779): isAlarmNeedAlign : charging
V/AlarmManager(  779): isAlarmNeedAlign : charging
V/AlarmManager(  779): isAlarmNeedAlign : charging
V/AlarmManager(  779): isAlarmNeedAlign : charging
V/AlarmManager(  779): isAlarmNeedAlign : charging
V/AlarmManager(  779): isAlarmNeedAlign : charging
V/AlarmManager(  779): isAlarmNeedAlign : charging
V/AlarmManager(  779): isAlarmNeedAlign : charging
V/AlarmManager(  779): isAlarmNeedAlign : charging
V/AlarmManager(  779): isAlarmNeedAlign : charging
V/AlarmManager(  779): isAlarmNeedAlign : charging
V/AlarmManager(  779): isAlarmNeedAlign : charging
V/AlarmManager(  779): isAlarmNeedAlign : charging
V/AlarmManager(  779): isAlarmNeedAlign : charging
V/AlarmManager(  779): isAlarmNeedAlign : charging
V/AlarmManager(  779): isAlarmNeedAlign : charging
D/SocketClient(  274): SocketClient sendData done: 
V/AlarmManager(  779): isAlarmNeedAlign : charging
V/AlarmManager(  779): isAlarmNeedAlign : charging
V/AlarmManager(  779): isAlarmNeedAlign : charging
V/AlarmManager(  779): isAlarmNeedAlign : charging
V/AlarmManager(  779): isAlarmNeedAlign : charging
V/AlarmManager(  779): isAlarmNeedAlign : charging
V/AlarmManager(  779): isAlarmNeedAlign : charging
V/AlarmManager(  779): isAlarmNeedAlign : charging
V/AlarmManager(  779): isAlarmNeedAlign : charging
V/AlarmManager(  779): isAlarmNeedAlign : charging
V/AlarmManager(  779): isAlarmNeedAlign : charging
V/AlarmManager(  779): isAlarmNeedAlign : charging
V/AlarmManager(  779): isAlarmNeedAlign : charging
V/AlarmManager(  779): isAlarmNeedAlign : charging
V/AlarmManager(  779): isAlarmNeedAlign : charging
V/AlarmManager(  779): isAlarmNeedAlign : charging
V/AlarmManager(  779): isAlarmNeedAlign : charging
V/AlarmManager(  779): isAlarmNeedAlign : charging
V/AlarmManager(  779): isAlarmNeedAlign : charging
V/AlarmManager(  779): isAlarmNeedAlign : charging
V/AlarmManager(  779): isAlarmNeedAlign : charging
V/AlarmManager(  779): isAlarmNeedAlign : charging
V/AlarmManager(  779): isAlarmNeedAlign : charging
V/AlarmManager(  779): isAlarmNeedAlign : charging
V/AlarmManager(  779): isAlarmNeedAlign : charging
V/AlarmManager(  779): isAlarmNeedAlign : charging
V/AlarmManager(  779): isAlarmNeedAlign : charging
V/AlarmManager(  779): isAlarmNeedAlign : charging
V/AlarmManager(  779): isAlarmNeedAlign : charging
V/AlarmManager(  779): isAlarmNeedAlign : charging
V/AlarmManager(  779): isAlarmNeedAlign : charging
V/AlarmManager(  779): isAlarmNeedAlign : charging
V/AlarmManager(  779): isAlarmNeedAlign : charging
V/AlarmManager(  779): isAlarmNeedAlign : charging
V/AlarmManager(  779): isAlarmNeedAlign : charging
V/AlarmManager(  779): isAlarmNeedAlign : charging
V/AlarmManager(  779): isAlarmNeedAlign : charging
V/AlarmManager(  779): isAlarmNeedAlign : charging
V/AlarmManager(  779): isAlarmNeedAlign : charging
V/AlarmManager(  779): isAlarmNeedAlign : charging
V/AlarmManager(  779): isAlarmNeedAlign : charging
V/AlarmManager(  779): isAlarmNeedAlign : charging
V/AlarmManager(  779): isAlarmNeedAlign : charging
V/AlarmManager(  779): isAlarmNeedAlign : charging
V/AlarmManager(  779): isAlarmNeedAlign : charging
V/AlarmManager(  779): isAlarmNeedAlign : charging
V/AlarmManager(  779): isAlarmNeedAlign : charging
V/AlarmManager(  779): isAlarmNeedAlign : charging
V/AlarmManager(  779): isAlarmNeedAlign : charging
V/AlarmManager(  779): isAlarmNeedAlign : charging
D/AlarmManager(  779): set alarm to RTC 1295873210
D/AlarmManager(  779): rebatchAllAlarmsLocked end
D/AlarmManager(  779): set alarm to RTC 1295883741
V/ActivityManager(  779): Broadcast: Intent { act=android.content.jobscheduler.JOB_DELAY_EXPIRED flg=0x114 (has extras) } ordered=true userid=0 callerApp=null
D/SocketClient(  274): SocketClient sendData done: 
D/PowerManagerService(  779): MTK-----android
D/PowerManagerService(  779): MTK-----*alarm*
D/PowerManagerService(  779): wakelock list dump: mLocks.size=1:
D/PowerManagerService(  779): No.0: PARTIAL_WAKE_LOCK '*alarm*'activated(flags=1, uid=1000, pid=779) total=0ms)
D/WifiDisplayAdapter(  779): getWifiDisplayStatusLocked: result=WifiDisplayStatus{featureState=2, scanState=0, activeDisplayState=0, activeDisplay=null, displays=[], sessionInfo=WifiDisplaySessionInfo: C/O:Client,GId:,Pp:,SId:0,IP:}
D/PowerManagerService(  779): isWfdEnabled() mWfdStatus=WifiDisplayStatus{featureState=2, scanState=0, activeDisplayState=0, activeDisplay=null, displays=[], sessionInfo=WifiDisplaySessionInfo: C/O:Client,GId:,Pp:,SId:0,IP:}, return false
D/DisplayPowerController(  779): requestPowerState: policy=BRIGHT, useProximitySensor=false, screenBrightness=123, screenAutoBrightnessAdjustment=0.0, useAutoBrightness=false, blockScreenOn=false, lowPowerMode=false, dozeScreenBrightness=-1, dozeScreenState=UNKNOWN, waitForNegativeProximity=false
D/PowerManagerNotifier(  779): onWakeLockAcquired: flags=1, tag="*alarm*", packageName=android, ownerUid=1000, ownerPid=779, workSource=WorkSource{1000}
W/AlarmManager(  779): operation package = android CTS_Alarm = false
V/AlarmManager(  779): isAlarmNeedAlign : charging
D/ActivityThread(  779): BDC-Calling finishReceiver: IIntentReceiver=35f5f3a3
D/SocketClient(  274): SocketClient sendData done: 
D/ActivityThread(17014): SVC-Creating service: CreateServiceData{token=android.os.BinderProxy@300c2912 className=com.android.settings.cloud.ConnectivityChangeJobService packageName=com.android.settings intent=null}
D/AlarmManager(  779): onSendFinished begin
D/PowerManagerNotifier(  779): onWakeLockReleased: flags=1, tag="*alarm*", packageName=android, ownerUid=1000, ownerPid=779, workSource=WorkSource{1000}
W/AlarmManager(  779): operation package = android CTS_Alarm = false
V/AlarmManager(  779): isAlarmNeedAlign : charging
D/WifiDisplayAdapter(  779): getWifiDisplayStatusLocked: result=WifiDisplayStatus{featureState=2, scanState=0, activeDisplayState=0, activeDisplay=null, displays=[], sessionInfo=WifiDisplaySessionInfo: C/O:Client,GId:,Pp:,SId:0,IP:}
D/PowerManagerService(  779): isWfdEnabled() mWfdStatus=WifiDisplayStatus{featureState=2, scanState=0, activeDisplayState=0, activeDisplay=null, displays=[], sessionInfo=WifiDisplaySessionInfo: C/O:Client,GId:,Pp:,SId:0,IP:}, return false
D/DisplayPowerController(  779): requestPowerState: policy=BRIGHT, useProximitySensor=false, screenBrightness=123, screenAutoBrightnessAdjustment=0.0, useAutoBrightness=false, blockScreenOn=false, lowPowerMode=false, dozeScreenBrightness=-1, dozeScreenState=UNKNOWN, waitForNegativeProximity=false
D/AlarmManager(  779): remove(operation) changed bounds; rebatching
D/AlarmManager(  779): rebatchAllAlarmsLocked begin oldBatches count = 48
V/AlarmManager(  779): isAlarmNeedAlign : charging
D/PowerManagerService(  779): MTK-----android
D/PowerManagerService(  779): MTK-----*job*/com.android.settings/.cloud.ConnectivityChangeJobService
D/PowerManagerService(  779): wakelock list dump: mLocks.size=1:
V/AlarmManager(  779): isAlarmNeedAlign : charging
V/AlarmManager(  779): isAlarmNeedAlign : charging
D/PowerManagerService(  779): No.0: PARTIAL_WAKE_LOCK '*job*/com.android.settings/.cloud.ConnectivityChangeJobService'activated(flags=1, uid=1000, pid=779) total=0ms)
V/AlarmManager(  779): isAlarmNeedAlign : charging
V/AlarmManager(  779): isAlarmNeedAlign : charging
V/AlarmManager(  779): isAlarmNeedAlign : charging
V/AlarmManager(  779): isAlarmNeedAlign : charging
D/WifiDisplayAdapter(  779): getWifiDisplayStatusLocked: result=WifiDisplayStatus{featureState=2, scanState=0, activeDisplayState=0, activeDisplay=null, displays=[], sessionInfo=WifiDisplaySessionInfo: C/O:Client,GId:,Pp:,SId:0,IP:}
V/AlarmManager(  779): isAlarmNeedAlign : charging
V/AlarmManager(  779): isAlarmNeedAlign : charging
D/PowerManagerService(  779): isWfdEnabled() mWfdStatus=WifiDisplayStatus{featureState=2, scanState=0, activeDisplayState=0, activeDisplay=null, displays=[], sessionInfo=WifiDisplaySessionInfo: C/O:Client,GId:,Pp:,SId:0,IP:}, return false
V/AlarmManager(  779): isAlarmNeedAlign : charging
V/AlarmManager(  779): isAlarmNeedAlign : charging
D/DisplayPowerController(  779): requestPowerState: policy=BRIGHT, useProximitySensor=false, screenBrightness=123, screenAutoBrightnessAdjustment=0.0, useAutoBrightness=false, blockScreenOn=false, lowPowerMode=false, dozeScreenBrightness=-1, dozeScreenState=UNKNOWN, waitForNegativeProximity=false
V/AlarmManager(  779): isAlarmNeedAlign : charging
V/AlarmManager(  779): isAlarmNeedAlign : charging
V/AlarmManager(  779): isAlarmNeedAlign : charging
V/AlarmManager(  779): isAlarmNeedAlign : charging
V/AlarmManager(  779): isAlarmNeedAlign : charging
V/AlarmManager(  779): isAlarmNeedAlign : charging
D/ActivityThread(17014): SVC-Creating service: CreateServiceData{token=android.os.BinderProxy@3f9d28e3 className=com.android.settings.display.ScreenPaperModeUpdateService packageName=com.android.settings intent=null}
D/PowerManagerNotifier(  779): onWakeLockAcquired: flags=1, tag="*job*/com.android.settings/.cloud.ConnectivityChangeJobService", packageName=android, ownerUid=1000, ownerPid=779, workSource=WorkSource{1000}
V/AlarmManager(  779): isAlarmNeedAlign : charging
V/AlarmManager(  779): isAlarmNeedAlign : charging
V/AlarmManager(  779): isAlarmNeedAlign : charging
V/AlarmManager(  779): isAlarmNeedAlign : charging
V/AlarmManager(  779): isAlarmNeedAlign : charging
V/AlarmManager(  779): isAlarmNeedAlign : charging
V/AlarmManager(  779): isAlarmNeedAlign : charging
V/AlarmManager(  779): isAlarmNeedAlign : charging
V/AlarmManager(  779): isAlarmNeedAlign : charging
V/AlarmManager(  779): isAlarmNeedAlign : charging
V/AlarmManager(  779): isAlarmNeedAlign : charging
V/AlarmManager(  779): isAlarmNeedAlign : charging
V/AlarmManager(  779): isAlarmNeedAlign : charging
V/AlarmManager(  779): isAlarmNeedAlign : charging
V/AlarmManager(  779): isAlarmNeedAlign : charging
V/AlarmManager(  779): isAlarmNeedAlign : charging
V/AlarmManager(  779): isAlarmNeedAlign : charging
V/AlarmManager(  779): isAlarmNeedAlign : charging
V/AlarmManager(  779): isAlarmNeedAlign : charging
V/AlarmManager(  779): isAlarmNeedAlign : charging
V/AlarmManager(  779): isAlarmNeedAlign : charging
V/AlarmManager(  779): isAlarmNeedAlign : charging
V/AlarmManager(  779): isAlarmNeedAlign : charging
V/AlarmManager(  779): isAlarmNeedAlign : charging
V/AlarmManager(  779): isAlarmNeedAlign : charging
V/AlarmManager(  779): isAlarmNeedAlign : charging
V/AlarmManager(  779): isAlarmNeedAlign : charging
V/AlarmManager(  779): isAlarmNeedAlign : charging
V/AlarmManager(  779): isAlarmNeedAlign : charging
V/AlarmManager(  779): isAlarmNeedAlign : charging
V/AlarmManager(  779): isAlarmNeedAlign : charging
V/AlarmManager(  779): isAlarmNeedAlign : charging
V/AlarmManager(  779): isAlarmNeedAlign : charging
V/AlarmManager(  779): isAlarmNeedAlign : charging
V/AlarmManager(  779): isAlarmNeedAlign : charging
V/AlarmManager(  779): isAlarmNeedAlign : charging
V/AlarmManager(  779): isAlarmNeedAlign : charging
V/AlarmManager(  779): isAlarmNeedAlign : charging
V/AlarmManager(  779): isAlarmNeedAlign : charging
V/AlarmManager(  779): isAlarmNeedAlign : charging
V/AlarmManager(  779): isAlarmNeedAlign : charging
V/AlarmManager(  779): isAlarmNeedAlign : charging
V/AlarmManager(  779): isAlarmNeedAlign : charging
V/AlarmManager(  779): isAlarmNeedAlign : charging
V/AlarmManager(  779): isAlarmNeedAlign : charging
V/AlarmManager(  779): isAlarmNeedAlign : charging
V/AlarmManager(  779): isAlarmNeedAlign : charging
V/AlarmManager(  779): isAlarmNeedAlign : charging
V/AlarmManager(  779): isAlarmNeedAlign : charging
V/AlarmManager(  779): isAlarmNeedAlign : charging
V/AlarmManager(  779): isAlarmNeedAlign : charging
V/AlarmManager(  779): isAlarmNeedAlign : charging
V/AlarmManager(  779): isAlarmNeedAlign : charging
V/AlarmManager(  779): isAlarmNeedAlign : charging
V/AlarmManager(  779): isAlarmNeedAlign : charging
V/AlarmManager(  779): isAlarmNeedAlign : charging
V/AlarmManager(  779): isAlarmNeedAlign : charging
V/AlarmManager(  779): isAlarmNeedAlign : charging
V/AlarmManager(  779): isAlarmNeedAlign : charging
V/AlarmManager(  779): isAlarmNeedAlign : charging
V/AlarmManager(  779): isAlarmNeedAlign : charging
V/AlarmManager(  779): isAlarmNeedAlign : charging
V/AlarmManager(  779): isAlarmNeedAlign : charging
V/AlarmManager(  779): isAlarmNeedAlign : charging
V/AlarmManager(  779): isAlarmNeedAlign : charging
V/AlarmManager(  779): isAlarmNeedAlign : charging
V/AlarmManager(  779): isAlarmNeedAlign : charging
V/AlarmManager(  779): isAlarmNeedAlign : charging
V/AlarmManager(  779): isAlarmNeedAlign : charging
V/AlarmManager(  779): isAlarmNeedAlign : charging
V/AlarmManager(  779): isAlarmNeedAlign : charging
V/AlarmManager(  779): isAlarmNeedAlign : charging
V/AlarmManager(  779): isAlarmNeedAlign : charging
V/AlarmManager(  779): isAlarmNeedAlign : charging
V/AlarmManager(  779): isAlarmNeedAlign : charging
D/AlarmManager(  779): rebatchAllAlarmsLocked end
W/AlarmManager(  779): operation package = android CTS_Alarm = false
V/AlarmManager(  779): isAlarmNeedAlign : charging
D/AlarmManager(  779): remove(operation) changed bounds; rebatching
D/AlarmManager(  779): rebatchAllAlarmsLocked begin oldBatches count = 48
V/AlarmManager(  779): isAlarmNeedAlign : charging
V/AlarmManager(  779): isAlarmNeedAlign : charging
V/AlarmManager(  779): isAlarmNeedAlign : charging
V/AlarmManager(  779): isAlarmNeedAlign : charging
V/AlarmManager(  779): isAlarmNeedAlign : charging
V/AlarmManager(  779): isAlarmNeedAlign : charging
V/AlarmManager(  779): isAlarmNeedAlign : charging
V/AlarmManager(  779): isAlarmNeedAlign : charging
V/AlarmManager(  779): isAlarmNeedAlign : charging
V/AlarmManager(  779): isAlarmNeedAlign : charging
V/AlarmManager(  779): isAlarmNeedAlign : charging
V/AlarmManager(  779): isAlarmNeedAlign : charging
V/AlarmManager(  779): isAlarmNeedAlign : charging
V/AlarmManager(  779): isAlarmNeedAlign : charging
V/AlarmManager(  779): isAlarmNeedAlign : charging
V/AlarmManager(  779): isAlarmNeedAlign : charging
V/AlarmManager(  779): isAlarmNeedAlign : charging
V/AlarmManager(  779): isAlarmNeedAlign : charging
V/AlarmManager(  779): isAlarmNeedAlign : charging
V/AlarmManager(  779): isAlarmNeedAlign : charging
V/AlarmManager(  779): isAlarmNeedAlign : charging
V/AlarmManager(  779): isAlarmNeedAlign : charging
V/AlarmManager(  779): isAlarmNeedAlign : charging
V/AlarmManager(  779): isAlarmNeedAlign : charging
V/AlarmManager(  779): isAlarmNeedAlign : charging
V/AlarmManager(  779): isAlarmNeedAlign : charging
V/AlarmManager(  779): isAlarmNeedAlign : charging
V/AlarmManager(  779): isAlarmNeedAlign : charging
V/AlarmManager(  779): isAlarmNeedAlign : charging
V/AlarmManager(  779): isAlarmNeedAlign : charging
V/AlarmManager(  779): isAlarmNeedAlign : charging
V/AlarmManager(  779): isAlarmNeedAlign : charging
V/AlarmManager(  779): isAlarmNeedAlign : charging
V/AlarmManager(  779): isAlarmNeedAlign : charging
V/AlarmManager(  779): isAlarmNeedAlign : charging
V/AlarmManager(  779): isAlarmNeedAlign : charging
V/AlarmManager(  779): isAlarmNeedAlign : charging
V/AlarmManager(  779): isAlarmNeedAlign : charging
V/AlarmManager(  779): isAlarmNeedAlign : charging
V/AlarmManager(  779): isAlarmNeedAlign : charging
V/AlarmManager(  779): isAlarmNeedAlign : charging
V/AlarmManager(  779): isAlarmNeedAlign : charging
V/AlarmManager(  779): isAlarmNeedAlign : charging
V/AlarmManager(  779): isAlarmNeedAlign : charging
V/AlarmManager(  779): isAlarmNeedAlign : charging
V/AlarmManager(  779): isAlarmNeedAlign : charging
V/AlarmManager(  779): isAlarmNeedAlign : charging
V/AlarmManager(  779): isAlarmNeedAlign : charging
V/AlarmManager(  779): isAlarmNeedAlign : charging
V/AlarmManager(  779): isAlarmNeedAlign : charging
V/AlarmManager(  779): isAlarmNeedAlign : charging
V/AlarmManager(  779): isAlarmNeedAlign : charging
V/AlarmManager(  779): isAlarmNeedAlign : charging
V/AlarmManager(  779): isAlarmNeedAlign : charging
V/AlarmManager(  779): isAlarmNeedAlign : charging
V/AlarmManager(  779): isAlarmNeedAlign : charging
V/AlarmManager(  779): isAlarmNeedAlign : charging
V/AlarmManager(  779): isAlarmNeedAlign : charging
V/AlarmManager(  779): isAlarmNeedAlign : charging
V/AlarmManager(  779): isAlarmNeedAlign : charging
V/AlarmManager(  779): isAlarmNeedAlign : charging
V/AlarmManager(  779): isAlarmNeedAlign : charging
V/AlarmManager(  779): isAlarmNeedAlign : charging
V/AlarmManager(  779): isAlarmNeedAlign : charging
V/AlarmManager(  779): isAlarmNeedAlign : charging
V/AlarmManager(  779): isAlarmNeedAlign : charging
V/AlarmManager(  779): isAlarmNeedAlign : charging
V/AlarmManager(  779): isAlarmNeedAlign : charging
V/AlarmManager(  779): isAlarmNeedAlign : charging
V/AlarmManager(  779): isAlarmNeedAlign : charging
V/AlarmManager(  779): isAlarmNeedAlign : charging
V/AlarmManager(  779): isAlarmNeedAlign : charging
V/AlarmManager(  779): isAlarmNeedAlign : charging
V/AlarmManager(  779): isAlarmNeedAlign : charging
V/AlarmManager(  779): isAlarmNeedAlign : charging
V/AlarmManager(  779): isAlarmNeedAlign : charging
V/AlarmManager(  779): isAlarmNeedAlign : charging
V/AlarmManager(  779): isAlarmNeedAlign : charging
V/AlarmManager(  779): isAlarmNeedAlign : charging
V/AlarmManager(  779): isAlarmNeedAlign : charging
V/AlarmManager(  779): isAlarmNeedAlign : charging
V/AlarmManager(  779): isAlarmNeedAlign : charging
V/AlarmManager(  779): isAlarmNeedAlign : charging
V/AlarmManager(  779): isAlarmNeedAlign : charging
V/AlarmManager(  779): isAlarmNeedAlign : charging
V/AlarmManager(  779): isAlarmNeedAlign : charging
V/AlarmManager(  779): isAlarmNeedAlign : charging
V/AlarmManager(  779): isAlarmNeedAlign : charging
V/AlarmManager(  779): isAlarmNeedAlign : charging
V/AlarmManager(  779): isAlarmNeedAlign : charging
V/AlarmManager(  779): isAlarmNeedAlign : charging
V/AlarmManager(  779): isAlarmNeedAlign : charging
D/AlarmManager(  779): rebatchAllAlarmsLocked end
W/AlarmManager(  779): operation package = android CTS_Alarm = false
V/AlarmManager(  779): isAlarmNeedAlign : charging
D/AlarmManager(  779): remove(operation) changed bounds; rebatching
D/AlarmManager(  779): rebatchAllAlarmsLocked begin oldBatches count = 49
V/AlarmManager(  779): isAlarmNeedAlign : charging
V/AlarmManager(  779): isAlarmNeedAlign : charging
V/AlarmManager(  779): isAlarmNeedAlign : charging
V/AlarmManager(  779): isAlarmNeedAlign : charging
V/AlarmManager(  779): isAlarmNeedAlign : charging
V/AlarmManager(  779): isAlarmNeedAlign : charging
V/AlarmManager(  779): isAlarmNeedAlign : charging
V/AlarmManager(  779): isAlarmNeedAlign : charging
V/AlarmManager(  779): isAlarmNeedAlign : charging
V/AlarmManager(  779): isAlarmNeedAlign : charging
V/AlarmManager(  779): isAlarmNeedAlign : charging
V/AlarmManager(  779): isAlarmNeedAlign : charging
I/ConnectivityChangeJobService(17014): onStartJob:2
V/AlarmManager(  779): isAlarmNeedAlign : charging
V/AlarmManager(  779): isAlarmNeedAlign : charging
V/AlarmManager(  779): isAlarmNeedAlign : charging
V/AlarmManager(  779): isAlarmNeedAlign : charging
V/AlarmManager(  779): isAlarmNeedAlign : charging
V/AlarmManager(  779): isAlarmNeedAlign : charging
V/AlarmManager(  779): isAlarmNeedAlign : charging
D/PowerManagerService(  779): MTK-----android
D/PowerManagerService(  779): MTK-----*job*/com.android.settings/.cloud.ConnectivityChangeJobService
D/PowerManagerService(  779): MTK-----android
V/AlarmManager(  779): isAlarmNeedAlign : charging
D/PowerManagerService(  779): MTK-----*job*/com.android.settings/.display.ScreenPaperModeUpdateService
D/PowerManagerService(  779): wakelock list dump: mLocks.size=2:
V/AlarmManager(  779): isAlarmNeedAlign : charging
D/PowerManagerService(  779): No.0: PARTIAL_WAKE_LOCK '*job*/com.android.settings/.cloud.ConnectivityChangeJobService'activated(flags=1, uid=1000, pid=779) total=31ms)
V/AlarmManager(  779): isAlarmNeedAlign : charging
D/PowerManagerService(  779): No.1: PARTIAL_WAKE_LOCK '*job*/com.android.settings/.display.ScreenPaperModeUpdateService'activated(flags=1, uid=1000, pid=779) total=0ms)
V/AlarmManager(  779): isAlarmNeedAlign : charging
V/AlarmManager(  779): isAlarmNeedAlign : charging
V/AlarmManager(  779): isAlarmNeedAlign : charging
V/AlarmManager(  779): isAlarmNeedAlign : charging
D/WifiDisplayAdapter(  779): getWifiDisplayStatusLocked: result=WifiDisplayStatus{featureState=2, scanState=0, activeDisplayState=0, activeDisplay=null, displays=[], sessionInfo=WifiDisplaySessionInfo: C/O:Client,GId:,Pp:,SId:0,IP:}
V/AlarmManager(  779): isAlarmNeedAlign : charging
D/PowerManagerService(  779): isWfdEnabled() mWfdStatus=WifiDisplayStatus{featureState=2, scanState=0, activeDisplayState=0, activeDisplay=null, displays=[], sessionInfo=WifiDisplaySessionInfo: C/O:Client,GId:,Pp:,SId:0,IP:}, return false
V/AlarmManager(  779): isAlarmNeedAlign : charging
D/DisplayPowerController(  779): requestPowerState: policy=BRIGHT, useProximitySensor=false, screenBrightness=123, screenAutoBrightnessAdjustment=0.0, useAutoBrightness=false, blockScreenOn=false, lowPowerMode=false, dozeScreenBrightness=-1, dozeScreenState=UNKNOWN, waitForNegativeProximity=false
V/AlarmManager(  779): isAlarmNeedAlign : charging
D/PowerManagerNotifier(  779): onWakeLockAcquired: flags=1, tag="*job*/com.android.settings/.display.ScreenPaperModeUpdateService", packageName=android, ownerUid=1000, ownerPid=779, workSource=WorkSource{1000}
V/AlarmManager(  779): isAlarmNeedAlign : charging
V/AlarmManager(  779): isAlarmNeedAlign : charging
V/AlarmManager(  779): isAlarmNeedAlign : charging
V/AlarmManager(  779): isAlarmNeedAlign : charging
V/AlarmManager(  779): isAlarmNeedAlign : charging
V/AlarmManager(  779): isAlarmNeedAlign : charging
D/PowerManagerNotifier(  779): onWakeLockReleased: flags=1, tag="*job*/com.android.settings/.display.ScreenPaperModeUpdateService", packageName=android, ownerUid=1000, ownerPid=779, workSource=WorkSource{1000}
V/AlarmManager(  779): isAlarmNeedAlign : charging
V/AlarmManager(  779): isAlarmNeedAlign : charging
D/PowerManagerService(  779): MTK-----android
V/AlarmManager(  779): isAlarmNeedAlign : charging
D/PowerManagerService(  779): MTK-----*job*/com.android.settings/.cloud.ConnectivityChangeJobService
D/PowerManagerService(  779): wakelock list dump: mLocks.size=1:
V/AlarmManager(  779): isAlarmNeedAlign : charging
D/PowerManagerService(  779): No.0: PARTIAL_WAKE_LOCK '*job*/com.android.settings/.cloud.ConnectivityChangeJobService'activated(flags=1, uid=1000, pid=779) total=32ms)
V/AlarmManager(  779): isAlarmNeedAlign : charging
V/AlarmManager(  779): isAlarmNeedAlign : charging
V/AlarmManager(  779): isAlarmNeedAlign : charging
