V/AlarmManager(  779): isAlarmNeedAlign : charging
V/AlarmManager(  779): isAlarmNeedAlign : charging
V/AlarmManager(  779): isAlarmNeedAlign : charging
V/AlarmManager(  779): isAlarmNeedAlign : charging
V/AlarmManager(  779): isAlarmNeedAlign : charging
V/AlarmManager(  779): isAlarmNeedAlign : charging
V/AlarmManager(  779): isAlarmNeedAlign : charging
V/AlarmManager(  779): isAlarmNeedAlign : charging
V/AlarmManager(  779): isAlarmNeedAlign : charging
V/AlarmManager(  779): isAlarmNeedAlign : charging
V/AlarmManager(  779): isAlarmNeedAlign : charging
V/AlarmManager(  779): isAlarmNeedAlign : charging
V/AlarmManager(  779): isAlarmNeedAlign : charging
V/AlarmManager(  779): isAlarmNeedAlign : charging
V/AlarmManager(  779): isAlarmNeedAlign : charging
V/AlarmManager(  779): isAlarmNeedAlign : charging
V/AlarmManager(  779): isAlarmNeedAlign : charging
V/AlarmManager(  779): isAlarmNeedAlign : charging
V/AlarmManager(  779): isAlarmNeedAlign : charging
V/AlarmManager(  779): isAlarmNeedAlign : charging
V/AlarmManager(  779): isAlarmNeedAlign : charging
V/AlarmManager(  779): isAlarmNeedAlign : charging
V/AlarmManager(  779): isAlarmNeedAlign : charging
V/AlarmManager(  779): isAlarmNeedAlign : charging
V/AlarmManager(  779): isAlarmNeedAlign : charging
V/AlarmManager(  779): isAlarmNeedAlign : charging
V/AlarmManager(  779): isAlarmNeedAlign : charging
V/AlarmManager(  779): isAlarmNeedAlign : charging
V/AlarmManager(  779): isAlarmNeedAlign : charging
V/AlarmManager(  779): isAlarmNeedAlign : charging
V/AlarmManager(  779): isAlarmNeedAlign : charging
V/AlarmManager(  779): isAlarmNeedAlign : charging
V/AlarmManager(  779): isAlarmNeedAlign : charging
V/AlarmManager(  779): isAlarmNeedAlign : charging
V/AlarmManager(  779): isAlarmNeedAlign : charging
V/AlarmManager(  779): isAlarmNeedAlign : charging
V/AlarmManager(  779): isAlarmNeedAlign : charging
V/AlarmManager(  779): isAlarmNeedAlign : charging
V/AlarmManager(  779): isAlarmNeedAlign : charging
V/AlarmManager(  779): isAlarmNeedAlign : charging
V/AlarmManager(  779): isAlarmNeedAlign : charging
V/AlarmManager(  779): isAlarmNeedAlign : charging
V/AlarmManager(  779): isAlarmNeedAlign : charging
V/AlarmManager(  779): isAlarmNeedAlign : charging
V/AlarmManager(  779): isAlarmNeedAlign : charging
V/AlarmManager(  779): isAlarmNeedAlign : charging
V/AlarmManager(  779): isAlarmNeedAlign : charging
V/AlarmManager(  779): isAlarmNeedAlign : charging
V/AlarmManager(  779): isAlarmNeedAlign : charging
V/AlarmManager(  779): isAlarmNeedAlign : charging
V/AlarmManager(  779): isAlarmNeedAlign : charging
V/AlarmManager(  779): isAlarmNeedAlign : charging
V/AlarmManager(  779): isAlarmNeedAlign : charging
V/AlarmManager(  779): isAlarmNeedAlign : charging
V/AlarmManager(  779): isAlarmNeedAlign : charging
V/AlarmManager(  779): isAlarmNeedAlign : charging
V/AlarmManager(  779): isAlarmNeedAlign : charging
V/AlarmManager(  779): isAlarmNeedAlign : charging
V/AlarmManager(  779): isAlarmNeedAlign : charging
V/AlarmManager(  779): isAlarmNeedAlign : charging
V/AlarmManager(  779): isAlarmNeedAlign : charging
V/AlarmManager(  779): isAlarmNeedAlign : charging
V/AlarmManager(  779): isAlarmNeedAlign : charging
V/AlarmManager(  779): isAlarmNeedAlign : charging
V/AlarmManager(  779): isAlarmNeedAlign : charging
V/AlarmManager(  779): isAlarmNeedAlign : charging
V/AlarmManager(  779): isAlarmNeedAlign : charging
V/AlarmManager(  779): isAlarmNeedAlign : charging
V/AlarmManager(  779): isAlarmNeedAlign : charging
V/AlarmManager(  779): isAlarmNeedAlign : charging
V/AlarmManager(  779): isAlarmNeedAlign : charging
V/AlarmManager(  779): isAlarmNeedAlign : charging
V/AlarmManager(  779): isAlarmNeedAlign : charging
V/AlarmManager(  779): isAlarmNeedAlign : charging
D/AlarmManager(  779): rebatchAllAlarmsLocked end
D/AlarmManager(  779): set alarm to RTC 1295878074
W/AlarmManager(  779): operation package = android CTS_Alarm = false
V/AlarmManager(  779): isAlarmNeedAlign : charging
D/AlarmManager(  779): remove(operation) changed bounds; rebatching
D/AlarmManager(  779): rebatchAllAlarmsLocked begin oldBatches count = 49
V/AlarmManager(  779): isAlarmNeedAlign : charging
V/AlarmManager(  779): isAlarmNeedAlign : charging
V/AlarmManager(  779): isAlarmNeedAlign : charging
V/AlarmManager(  779): isAlarmNeedAlign : charging
V/AlarmManager(  779): isAlarmNeedAlign : charging
V/AlarmManager(  779): isAlarmNeedAlign : charging
V/AlarmManager(  779): isAlarmNeedAlign : charging
V/AlarmManager(  779): isAlarmNeedAlign : charging
V/AlarmManager(  779): isAlarmNeedAlign : charging
V/AlarmManager(  779): isAlarmNeedAlign : charging
V/AlarmManager(  779): isAlarmNeedAlign : charging
V/AlarmManager(  779): isAlarmNeedAlign : charging
V/AlarmManager(  779): isAlarmNeedAlign : charging
V/AlarmManager(  779): isAlarmNeedAlign : charging
V/AlarmManager(  779): isAlarmNeedAlign : charging
V/AlarmManager(  779): isAlarmNeedAlign : charging
V/AlarmManager(  779): isAlarmNeedAlign : charging
V/AlarmManager(  779): isAlarmNeedAlign : charging
V/AlarmManager(  779): isAlarmNeedAlign : charging
V/AlarmManager(  779): isAlarmNeedAlign : charging
V/AlarmManager(  779): isAlarmNeedAlign : charging
V/AlarmManager(  779): isAlarmNeedAlign : charging
V/AlarmManager(  779): isAlarmNeedAlign : charging
V/AlarmManager(  779): isAlarmNeedAlign : charging
V/AlarmManager(  779): isAlarmNeedAlign : charging
V/AlarmManager(  779): isAlarmNeedAlign : charging
V/AlarmManager(  779): isAlarmNeedAlign : charging
V/AlarmManager(  779): isAlarmNeedAlign : charging
V/AlarmManager(  779): isAlarmNeedAlign : charging
V/AlarmManager(  779): isAlarmNeedAlign : charging
V/AlarmManager(  779): isAlarmNeedAlign : charging
V/AlarmManager(  779): isAlarmNeedAlign : charging
V/AlarmManager(  779): isAlarmNeedAlign : charging
V/AlarmManager(  779): isAlarmNeedAlign : charging
V/AlarmManager(  779): isAlarmNeedAlign : charging
V/AlarmManager(  779): isAlarmNeedAlign : charging
V/AlarmManager(  779): isAlarmNeedAlign : charging
V/AlarmManager(  779): isAlarmNeedAlign : charging
V/AlarmManager(  779): isAlarmNeedAlign : charging
V/AlarmManager(  779): isAlarmNeedAlign : charging
V/AlarmManager(  779): isAlarmNeedAlign : charging
V/AlarmManager(  779): isAlarmNeedAlign : charging
V/AlarmManager(  779): isAlarmNeedAlign : charging
V/AlarmManager(  779): isAlarmNeedAlign : charging
V/AlarmManager(  779): isAlarmNeedAlign : charging
V/AlarmManager(  779): isAlarmNeedAlign : charging
V/AlarmManager(  779): isAlarmNeedAlign : charging
V/AlarmManager(  779): isAlarmNeedAlign : charging
V/AlarmManager(  779): isAlarmNeedAlign : charging
V/AlarmManager(  779): isAlarmNeedAlign : charging
V/AlarmManager(  779): isAlarmNeedAlign : charging
V/AlarmManager(  779): isAlarmNeedAlign : charging
V/AlarmManager(  779): isAlarmNeedAlign : charging
V/AlarmManager(  779): isAlarmNeedAlign : charging
V/AlarmManager(  779): isAlarmNeedAlign : charging
V/AlarmManager(  779): isAlarmNeedAlign : charging
V/AlarmManager(  779): isAlarmNeedAlign : charging
V/AlarmManager(  779): isAlarmNeedAlign : charging
V/AlarmManager(  779): isAlarmNeedAlign : charging
V/AlarmManager(  779): isAlarmNeedAlign : charging
V/AlarmManager(  779): isAlarmNeedAlign : charging
V/AlarmManager(  779): isAlarmNeedAlign : charging
V/AlarmManager(  779): isAlarmNeedAlign : charging
V/AlarmManager(  779): isAlarmNeedAlign : charging
V/AlarmManager(  779): isAlarmNeedAlign : charging
V/AlarmManager(  779): isAlarmNeedAlign : charging
V/AlarmManager(  779): isAlarmNeedAlign : charging
V/AlarmManager(  779): isAlarmNeedAlign : charging
V/AlarmManager(  779): isAlarmNeedAlign : charging
V/AlarmManager(  779): isAlarmNeedAlign : charging
V/AlarmManager(  779): isAlarmNeedAlign : charging
V/AlarmManager(  779): isAlarmNeedAlign : charging
V/AlarmManager(  779): isAlarmNeedAlign : charging
V/AlarmManager(  779): isAlarmNeedAlign : charging
V/AlarmManager(  779): isAlarmNeedAlign : charging
V/AlarmManager(  779): isAlarmNeedAlign : charging
V/AlarmManager(  779): isAlarmNeedAlign : charging
V/AlarmManager(  779): isAlarmNeedAlign : charging
V/AlarmManager(  779): isAlarmNeedAlign : charging
V/AlarmManager(  779): isAlarmNeedAlign : charging
V/AlarmManager(  779): isAlarmNeedAlign : charging
V/AlarmManager(  779): isAlarmNeedAlign : charging
V/AlarmManager(  779): isAlarmNeedAlign : charging
V/AlarmManager(  779): isAlarmNeedAlign : charging
V/AlarmManager(  779): isAlarmNeedAlign : charging
V/AlarmManager(  779): isAlarmNeedAlign : charging
V/AlarmManager(  779): isAlarmNeedAlign : charging
V/AlarmManager(  779): isAlarmNeedAlign : charging
V/AlarmManager(  779): isAlarmNeedAlign : charging
V/AlarmManager(  779): isAlarmNeedAlign : charging
V/AlarmManager(  779): isAlarmNeedAlign : charging
D/AlarmManager(  779): set alarm to RTC 1295873074
D/AlarmManager(  779): rebatchAllAlarmsLocked end
D/AlarmManager(  779): set alarm to RTC 1295883741
V/ActivityManager(  779): Broadcast: Intent { act=android.content.jobscheduler.JOB_DELAY_EXPIRED flg=0x114 (has extras) } ordered=true userid=0 callerApp=null
D/PowerManagerService(  779): MTK-----android
D/PowerManagerService(  779): MTK-----*alarm*
D/PowerManagerService(  779): wakelock list dump: mLocks.size=1:
D/PowerManagerService(  779): No.0: PARTIAL_WAKE_LOCK '*alarm*'activated(flags=1, uid=1000, pid=779) total=0ms)
D/WifiDisplayAdapter(  779): getWifiDisplayStatusLocked: result=WifiDisplayStatus{featureState=2, scanState=0, activeDisplayState=0, activeDisplay=null, displays=[], sessionInfo=WifiDisplaySessionInfo: C/O:Client,GId:,Pp:,SId:0,IP:}
D/PowerManagerService(  779): isWfdEnabled() mWfdStatus=WifiDisplayStatus{featureState=2, scanState=0, activeDisplayState=0, activeDisplay=null, displays=[], sessionInfo=WifiDisplaySessionInfo: C/O:Client,GId:,Pp:,SId:0,IP:}, return false
D/DisplayPowerController(  779): requestPowerState: policy=BRIGHT, useProximitySensor=false, screenBrightness=123, screenAutoBrightnessAdjustment=0.0, useAutoBrightness=false, blockScreenOn=false, lowPowerMode=false, dozeScreenBrightness=-1, dozeScreenState=UNKNOWN, waitForNegativeProximity=false
D/PowerManagerNotifier(  779): onWakeLockAcquired: flags=1, tag="*alarm*", packageName=android, ownerUid=1000, ownerPid=779, workSource=WorkSource{1000}
W/AlarmManager(  779): operation package = android CTS_Alarm = false
V/AlarmManager(  779): isAlarmNeedAlign : charging
D/ActivityThread(  779): BDC-Calling finishReceiver: IIntentReceiver=35f5f3a3
D/AlarmManager(  779): onSendFinished begin
D/PowerManagerNotifier(  779): onWakeLockReleased: flags=1, tag="*alarm*", packageName=android, ownerUid=1000, ownerPid=779, workSource=WorkSource{1000}
D/WifiDisplayAdapter(  779): getWifiDisplayStatusLocked: result=WifiDisplayStatus{featureState=2, scanState=0, activeDisplayState=0, activeDisplay=null, displays=[], sessionInfo=WifiDisplaySessionInfo: C/O:Client,GId:,Pp:,SId:0,IP:}
D/PowerManagerService(  779): isWfdEnabled() mWfdStatus=WifiDisplayStatus{featureState=2, scanState=0, activeDisplayState=0, activeDisplay=null, displays=[], sessionInfo=WifiDisplaySessionInfo: C/O:Client,GId:,Pp:,SId:0,IP:}, return false
D/DisplayPowerController(  779): requestPowerState: policy=BRIGHT, useProximitySensor=false, screenBrightness=123, screenAutoBrightnessAdjustment=0.0, useAutoBrightness=false, blockScreenOn=false, lowPowerMode=false, dozeScreenBrightness=-1, dozeScreenState=UNKNOWN, waitForNegativeProximity=false
D/TidaProvider(17044): TidaProvider()
D/ActivityThread(17014): SVC-Creating service: CreateServiceData{token=android.os.BinderProxy@61ebcba className=com.android.settings.wifi.MiuiWifiService packageName=com.android.settings intent=null}
D/WifiManager(17014): Enter init, sThreadRefCount:0
D/WifiService(  779): getWifiServiceMessenger, pid:17014, uid:1000
D/WifiManager(17014): Create WifiManager handlerthread
V/SettingsInterface(17044): invalidate [system]: current 4488 != cached 0
D/ActivityManager(  779): getContentProviderImpl: from caller=android.app.ApplicationThreadProxy@1d16357e (pid=17044, userId=0) to get content provider settings cpr=ContentProviderRecord{10e47ef4 u0 com.android.providers.settings/.SettingsProvider}
D/ActivityManager(  779): getContentProviderImpl: updateLruProcessLocked cpr.proc=ProcessRecord{2d221f8e 779:system/1000}
D/ActivityThread(17044): hoder:android.app.IActivityManager$ContentProviderHolder@3aaae8ac,provider,holder.Provider:android.content.ContentProviderProxy@2eb1a975
V/SettingsProvider(  779): call(system:anr_debugging_mechanism) for 0
D/SettingsProvider(  779): lookupValue table system cache contains Key anr_debugging_mechanism , value = Bundle[{value=1}]
D/WifiService(  779): New client listening to asynchronous messages
E/WifiTrafficPoller(  779): ADD_CLIENT: 26
D/ActivityThread(17014): SVC-Calling onStartCommand: com.android.settings.wifi.MiuiWifiService@2a73376b, flags=0, startId=9055
I/libthemeutils(17044): Theme： libthemeutil.so load success
W/ResourcesManager(17044): Asset path '/system/framework/protobuf.jar' does not exist or contains no resources.
W/ResourcesManager(17044): Asset path '/system/framework/android-support-v13.jar' does not exist or contains no resources.
W/ResourcesManager(17044): Asset path '/system/framework/zxing.jar' does not exist or contains no resources.
W/ResourcesManager(17044): Asset path '/system/framework/security-device-credential-sdk.jar' does not exist or contains no resources.
W/ResourcesManager(17044): Asset path '/system/framework/cloud-common.jar' does not exist or contains no resources.
D/miuisdk (17044): current sdk level is 9
W/SettingsInterface(17014): Setting mobile_data has moved from android.provider.Settings.Secure to android.provider.Settings.Global, returning global URI.
D/ActivityThread(17014): SVC-Creating service: CreateServiceData{token=android.os.BinderProxy@166bea86 className=com.android.settings.analytics.ObserverService packageName=com.android.settings intent=null}
D/ActivityThread(17014): SVC-Calling onStartCommand: com.android.settings.analytics.ObserverService@170bdf47, flags=0, startId=50
W/ContextImpl(17014): Calling a method in the system process without a qualified user: android.app.ContextImpl.startService:1817 android.content.ContextWrapper.startService:525 miui.core.SdkManager$1.run:189 android.os.Handler.handleCallback:815 android.os.Handler.dispatchMessage:104 
V/MI_STAT (17014): receive a broadcast:android.net.conn.CONNECTIVITY_CHANGE
D/ActivityThread( 1213): SVC-Calling onStartCommand: com.miui.internal.server.CoreService@1f3ddfd6, flags=0, startId=14522
V/MI_STAT (17014): sticky broadcast, skip it, android.net.conn.CONNECTIVITY_CHANGE
D/ActivityThread(17014): SVC-Creating service: CreateServiceData{token=android.os.BinderProxy@25ffe374 className=com.android.settings.cloud.ConnectivityChangeJobService packageName=com.android.settings intent=null}
D/PowerManagerService(  779): MTK-----android
D/PowerManagerService(  779): MTK-----*job*/com.android.settings/.cloud.ConnectivityChangeJobService
D/PowerManagerService(  779): wakelock list dump: mLocks.size=1:
D/PowerManagerService(  779): No.0: PARTIAL_WAKE_LOCK '*job*/com.android.settings/.cloud.ConnectivityChangeJobService'activated(flags=1, uid=1000, pid=779) total=1ms)
D/WifiDisplayAdapter(  779): getWifiDisplayStatusLocked: result=WifiDisplayStatus{featureState=2, scanState=0, activeDisplayState=0, activeDisplay=null, displays=[], sessionInfo=WifiDisplaySessionInfo: C/O:Client,GId:,Pp:,SId:0,IP:}
D/PowerManagerService(  779): isWfdEnabled() mWfdStatus=WifiDisplayStatus{featureState=2, scanState=0, activeDisplayState=0, activeDisplay=null, displays=[], sessionInfo=WifiDisplaySessionInfo: C/O:Client,GId:,Pp:,SId:0,IP:}, return false
D/DisplayPowerController(  779): requestPowerState: policy=BRIGHT, useProximitySensor=false, screenBrightness=123, screenAutoBrightnessAdjustment=0.0, useAutoBrightness=false, blockScreenOn=false, lowPowerMode=false, dozeScreenBrightness=-1, dozeScreenState=UNKNOWN, waitForNegativeProximity=false
D/PowerManagerNotifier(  779): onWakeLockAcquired: flags=1, tag="*job*/com.android.settings/.cloud.ConnectivityChangeJobService", packageName=android, ownerUid=1000, ownerPid=779, workSource=WorkSource{1000}
D/PowerManagerNotifier(  779): onWakeLockReleased: flags=1, tag="*job*/com.android.settings/.cloud.ConnectivityChangeJobService", packageName=android, ownerUid=1000, ownerPid=779, workSource=WorkSource{1000}
D/WifiDisplayAdapter(  779): getWifiDisplayStatusLocked: result=WifiDisplayStatus{featureState=2, scanState=0, activeDisplayState=0, activeDisplay=null, displays=[], sessionInfo=WifiDisplaySessionInfo: C/O:Client,GId:,Pp:,SId:0,IP:}
D/PowerManagerService(  779): isWfdEnabled() mWfdStatus=WifiDisplayStatus{featureState=2, scanState=0, activeDisplayState=0, activeDisplay=null, displays=[], sessionInfo=WifiDisplaySessionInfo: C/O:Client,GId:,Pp:,SId:0,IP:}, return false
D/DisplayPowerController(  779): requestPowerState: policy=BRIGHT, useProximitySensor=false, screenBrightness=123, screenAutoBrightnessAdjustment=0.0, useAutoBrightness=false, blockScreenOn=false, lowPowerMode=false, dozeScreenBrightness=-1, dozeScreenState=UNKNOWN, waitForNegativeProximity=false
D/ActivityThread(17014): SVC-Destroying service: com.android.settings.cloud.ConnectivityChangeJobService@4f9609d
W/AlarmManager(  779): operation package = android CTS_Alarm = false
V/AlarmManager(  779): isAlarmNeedAlign : charging
D/AlarmManager(  779): remove(operation) changed bounds; rebatching
D/AlarmManager(  779): rebatchAllAlarmsLocked begin oldBatches count = 48
V/AlarmManager(  779): isAlarmNeedAlign : charging
V/AlarmManager(  779): isAlarmNeedAlign : charging
V/AlarmManager(  779): isAlarmNeedAlign : charging
V/AlarmManager(  779): isAlarmNeedAlign : charging
V/AlarmManager(  779): isAlarmNeedAlign : charging
V/AlarmManager(  779): isAlarmNeedAlign : charging
V/AlarmManager(  779): isAlarmNeedAlign : charging
V/AlarmManager(  779): isAlarmNeedAlign : charging
V/AlarmManager(  779): isAlarmNeedAlign : charging
V/AlarmManager(  779): isAlarmNeedAlign : charging
V/AlarmManager(  779): isAlarmNeedAlign : charging
V/AlarmManager(  779): isAlarmNeedAlign : charging
V/AlarmManager(  779): isAlarmNeedAlign : charging
V/AlarmManager(  779): isAlarmNeedAlign : charging
V/AlarmManager(  779): isAlarmNeedAlign : charging
V/AlarmManager(  779): isAlarmNeedAlign : charging
V/AlarmManager(  779): isAlarmNeedAlign : charging
V/AlarmManager(  779): isAlarmNeedAlign : charging
V/AlarmManager(  779): isAlarmNeedAlign : charging
V/AlarmManager(  779): isAlarmNeedAlign : charging
V/AlarmManager(  779): isAlarmNeedAlign : charging
V/AlarmManager(  779): isAlarmNeedAlign : charging
V/AlarmManager(  779): isAlarmNeedAlign : charging
V/AlarmManager(  779): isAlarmNeedAlign : charging
V/AlarmManager(  779): isAlarmNeedAlign : charging
V/AlarmManager(  779): isAlarmNeedAlign : charging
V/AlarmManager(  779): isAlarmNeedAlign : charging
V/AlarmManager(  779): isAlarmNeedAlign : charging
V/AlarmManager(  779): isAlarmNeedAlign : charging
V/AlarmManager(  779): isAlarmNeedAlign : charging
V/AlarmManager(  779): isAlarmNeedAlign : charging
V/AlarmManager(  779): isAlarmNeedAlign : charging
V/AlarmManager(  779): isAlarmNeedAlign : charging
V/AlarmManager(  779): isAlarmNeedAlign : charging
V/AlarmManager(  779): isAlarmNeedAlign : charging
V/AlarmManager(  779): isAlarmNeedAlign : charging
V/AlarmManager(  779): isAlarmNeedAlign : charging
V/AlarmManager(  779): isAlarmNeedAlign : charging
V/AlarmManager(  779): isAlarmNeedAlign : charging
V/AlarmManager(  779): isAlarmNeedAlign : charging
V/AlarmManager(  779): isAlarmNeedAlign : charging
V/AlarmManager(  779): isAlarmNeedAlign : charging
V/AlarmManager(  779): isAlarmNeedAlign : charging
V/AlarmManager(  779): isAlarmNeedAlign : charging
V/AlarmManager(  779): isAlarmNeedAlign : charging
V/AlarmManager(  779): isAlarmNeedAlign : charging
V/AlarmManager(  779): isAlarmNeedAlign : charging
V/AlarmManager(  779): isAlarmNeedAlign : charging
V/AlarmManager(  779): isAlarmNeedAlign : charging
V/AlarmManager(  779): isAlarmNeedAlign : charging
V/AlarmManager(  779): isAlarmNeedAlign : charging
V/AlarmManager(  779): isAlarmNeedAlign : charging
V/AlarmManager(  779): isAlarmNeedAlign : charging
V/AlarmManager(  779): isAlarmNeedAlign : charging
V/AlarmManager(  779): isAlarmNeedAlign : charging
V/AlarmManager(  779): isAlarmNeedAlign : charging
V/AlarmManager(  779): isAlarmNeedAlign : charging
V/AlarmManager(  779): isAlarmNeedAlign : charging
V/AlarmManager(  779): isAlarmNeedAlign : charging
V/AlarmManager(  779): isAlarmNeedAlign : charging
V/AlarmManager(  779): isAlarmNeedAlign : charging
V/AlarmManager(  779): isAlarmNeedAlign : charging
V/AlarmManager(  779): isAlarmNeedAlign : charging
V/AlarmManager(  779): isAlarmNeedAlign : charging
V/AlarmManager(  779): isAlarmNeedAlign : charging
V/AlarmManager(  779): isAlarmNeedAlign : charging
V/AlarmManager(  779): isAlarmNeedAlign : charging
V/AlarmManager(  779): isAlarmNeedAlign : charging
V/AlarmManager(  779): isAlarmNeedAlign : charging
V/AlarmManager(  779): isAlarmNeedAlign : charging
V/AlarmManager(  779): isAlarmNeedAlign : charging
V/AlarmManager(  779): isAlarmNeedAlign : charging
V/AlarmManager(  779): isAlarmNeedAlign : charging
V/AlarmManager(  779): isAlarmNeedAlign : charging
V/AlarmManager(  779): isAlarmNeedAlign : charging
V/AlarmManager(  779): isAlarmNeedAlign : charging
V/AlarmManager(  779): isAlarmNeedAlign : charging
V/AlarmManager(  779): isAlarmNeedAlign : charging
V/AlarmManager(  779): isAlarmNeedAlign : charging
V/AlarmManager(  779): isAlarmNeedAlign : charging
V/AlarmManager(  779): isAlarmNeedAlign : charging
V/AlarmManager(  779): isAlarmNeedAlign : charging
V/AlarmManager(  779): isAlarmNeedAlign : charging
V/AlarmManager(  779): isAlarmNeedAlign : charging
V/AlarmManager(  779): isAlarmNeedAlign : charging
V/AlarmManager(  779): isAlarmNeedAlign : charging
V/AlarmManager(  779): isAlarmNeedAlign : charging
V/AlarmManager(  779): isAlarmNeedAlign : charging
V/AlarmManager(  779): isAlarmNeedAlign : charging
V/AlarmManager(  779): isAlarmNeedAlign : charging
V/AlarmManager(  779): isAlarmNeedAlign : charging
V/AlarmManager(  779): isAlarmNeedAlign : charging
D/AlarmManager(  779): rebatchAllAlarmsLocked end
W/AlarmManager(  779): operation package = android CTS_Alarm = false
V/AlarmManager(  779): isAlarmNeedAlign : charging
D/AlarmManager(  779): remove(operation) changed bounds; rebatching
D/AlarmManager(  779): rebatchAllAlarmsLocked begin oldBatches count = 48
V/AlarmManager(  779): isAlarmNeedAlign : charging
V/AlarmManager(  779): isAlarmNeedAlign : charging
V/AlarmManager(  779): isAlarmNeedAlign : charging
V/AlarmManager(  779): isAlarmNeedAlign : charging
V/AlarmManager(  779): isAlarmNeedAlign : charging
V/AlarmManager(  779): isAlarmNeedAlign : charging
V/AlarmManager(  779): isAlarmNeedAlign : charging
V/AlarmManager(  779): isAlarmNeedAlign : charging
V/AlarmManager(  779): isAlarmNeedAlign : charging
V/AlarmManager(  779): isAlarmNeedAlign : charging
V/AlarmManager(  779): isAlarmNeedAlign : charging
V/AlarmManager(  779): isAlarmNeedAlign : charging
V/AlarmManager(  779): isAlarmNeedAlign : charging
V/AlarmManager(  779): isAlarmNeedAlign : charging
V/AlarmManager(  779): isAlarmNeedAlign : charging
V/AlarmManager(  779): isAlarmNeedAlign : charging
V/AlarmManager(  779): isAlarmNeedAlign : charging
V/AlarmManager(  779): isAlarmNeedAlign : charging
V/AlarmManager(  779): isAlarmNeedAlign : charging
V/AlarmManager(  779): isAlarmNeedAlign : charging
V/AlarmManager(  779): isAlarmNeedAlign : charging
V/AlarmManager(  779): isAlarmNeedAlign : charging
V/AlarmManager(  779): isAlarmNeedAlign : charging
V/AlarmManager(  779): isAlarmNeedAlign : charging
V/AlarmManager(  779): isAlarmNeedAlign : charging
V/AlarmManager(  779): isAlarmNeedAlign : charging
V/AlarmManager(  779): isAlarmNeedAlign : charging
V/AlarmManager(  779): isAlarmNeedAlign : charging
V/AlarmManager(  779): isAlarmNeedAlign : charging
V/AlarmManager(  779): isAlarmNeedAlign : charging
V/AlarmManager(  779): isAlarmNeedAlign : charging
V/AlarmManager(  779): isAlarmNeedAlign : charging
V/AlarmManager(  779): isAlarmNeedAlign : charging
V/AlarmManager(  779): isAlarmNeedAlign : charging
V/AlarmManager(  779): isAlarmNeedAlign : charging
V/AlarmManager(  779): isAlarmNeedAlign : charging
V/AlarmManager(  779): isAlarmNeedAlign : charging
V/AlarmManager(  779): isAlarmNeedAlign : charging
V/AlarmManager(  779): isAlarmNeedAlign : charging
V/AlarmManager(  779): isAlarmNeedAlign : charging
V/AlarmManager(  779): isAlarmNeedAlign : charging
V/AlarmManager(  779): isAlarmNeedAlign : charging
V/AlarmManager(  779): isAlarmNeedAlign : charging
V/AlarmManager(  779): isAlarmNeedAlign : charging
V/AlarmManager(  779): isAlarmNeedAlign : charging
V/AlarmManager(  779): isAlarmNeedAlign : charging
V/AlarmManager(  779): isAlarmNeedAlign : charging
V/AlarmManager(  779): isAlarmNeedAlign : charging
V/AlarmManager(  779): isAlarmNeedAlign : charging
V/AlarmManager(  779): isAlarmNeedAlign : charging
V/AlarmManager(  779): isAlarmNeedAlign : charging
V/AlarmManager(  779): isAlarmNeedAlign : charging
V/AlarmManager(  779): isAlarmNeedAlign : charging
V/AlarmManager(  779): isAlarmNeedAlign : charging
V/AlarmManager(  779): isAlarmNeedAlign : charging
V/AlarmManager(  779): isAlarmNeedAlign : charging
V/AlarmManager(  779): isAlarmNeedAlign : charging
V/AlarmManager(  779): isAlarmNeedAlign : charging
V/AlarmManager(  779): isAlarmNeedAlign : charging
V/AlarmManager(  779): isAlarmNeedAlign : charging
V/AlarmManager(  779): isAlarmNeedAlign : charging
V/AlarmManager(  779): isAlarmNeedAlign : charging
V/AlarmManager(  779): isAlarmNeedAlign : charging
V/AlarmManager(  779): isAlarmNeedAlign : charging
V/AlarmManager(  779): isAlarmNeedAlign : charging
V/AlarmManager(  779): isAlarmNeedAlign : charging
V/AlarmManager(  779): isAlarmNeedAlign : charging
V/AlarmManager(  779): isAlarmNeedAlign : charging
V/AlarmManager(  779): isAlarmNeedAlign : charging
V/AlarmManager(  779): isAlarmNeedAlign : charging
V/AlarmManager(  779): isAlarmNeedAlign : charging
V/AlarmManager(  779): isAlarmNeedAlign : charging
V/AlarmManager(  779): isAlarmNeedAlign : charging
V/AlarmManager(  779): isAlarmNeedAlign : charging
V/AlarmManager(  779): isAlarmNeedAlign : charging
V/AlarmManager(  779): isAlarmNeedAlign : charging
V/AlarmManager(  779): isAlarmNeedAlign : charging
V/AlarmManager(  779): isAlarmNeedAlign : charging
V/AlarmManager(  779): isAlarmNeedAlign : charging
V/AlarmManager(  779): isAlarmNeedAlign : charging
V/AlarmManager(  779): isAlarmNeedAlign : charging
V/AlarmManager(  779): isAlarmNeedAlign : charging
V/AlarmManager(  779): isAlarmNeedAlign : charging
V/AlarmManager(  779): isAlarmNeedAlign : charging
V/AlarmManager(  779): isAlarmNeedAlign : charging
V/AlarmManager(  779): isAlarmNeedAlign : charging
V/AlarmManager(  779): isAlarmNeedAlign : charging
V/AlarmManager(  779): isAlarmNeedAlign : charging
V/AlarmManager(  779): isAlarmNeedAlign : charging
V/AlarmManager(  779): isAlarmNeedAlign : charging
V/AlarmManager(  779): isAlarmNeedAlign : charging
V/AlarmManager(  779): isAlarmNeedAlign : charging
D/AlarmManager(  779): rebatchAllAlarmsLocked end
W/AlarmManager(  779): operation package = android CTS_Alarm = false
V/AlarmManager(  779): isAlarmNeedAlign : charging
D/AlarmManager(  779): remove(operation) changed bounds; rebatching
D/AlarmManager(  779): rebatchAllAlarmsLocked begin oldBatches count = 49
V/AlarmManager(  779): isAlarmNeedAlign : charging
V/AlarmManager(  779): isAlarmNeedAlign : charging
V/AlarmManager(  779): isAlarmNeedAlign : charging
V/AlarmManager(  779): isAlarmNeedAlign : charging
V/AlarmManager(  779): isAlarmNeedAlign : charging
V/AlarmManager(  779): isAlarmNeedAlign : charging
V/AlarmManager(  779): isAlarmNeedAlign : charging
V/AlarmManager(  779): isAlarmNeedAlign : charging
V/AlarmManager(  779): isAlarmNeedAlign : charging
V/AlarmManager(  779): isAlarmNeedAlign : charging
V/AlarmManager(  779): isAlarmNeedAlign : charging
V/AlarmManager(  779): isAlarmNeedAlign : charging
V/AlarmManager(  779): isAlarmNeedAlign : charging
V/AlarmManager(  779): isAlarmNeedAlign : charging
V/AlarmManager(  779): isAlarmNeedAlign : charging
V/AlarmManager(  779): isAlarmNeedAlign : charging
V/AlarmManager(  779): isAlarmNeedAlign : charging
V/AlarmManager(  779): isAlarmNeedAlign : charging
V/AlarmManager(  779): isAlarmNeedAlign : charging
V/AlarmManager(  779): isAlarmNeedAlign : charging
V/AlarmManager(  779): isAlarmNeedAlign : charging
V/AlarmManager(  779): isAlarmNeedAlign : charging
V/AlarmManager(  779): isAlarmNeedAlign : charging
V/AlarmManager(  779): isAlarmNeedAlign : charging
V/AlarmManager(  779): isAlarmNeedAlign : charging
V/AlarmManager(  779): isAlarmNeedAlign : charging
V/AlarmManager(  779): isAlarmNeedAlign : charging
V/AlarmManager(  779): isAlarmNeedAlign : charging
V/AlarmManager(  779): isAlarmNeedAlign : charging
V/AlarmManager(  779): isAlarmNeedAlign : charging
V/AlarmManager(  779): isAlarmNeedAlign : charging
V/AlarmManager(  779): isAlarmNeedAlign : charging
V/AlarmManager(  779): isAlarmNeedAlign : charging
V/AlarmManager(  779): isAlarmNeedAlign : charging
V/AlarmManager(  779): isAlarmNeedAlign : charging
V/AlarmManager(  779): isAlarmNeedAlign : charging
V/AlarmManager(  779): isAlarmNeedAlign : charging
V/AlarmManager(  779): isAlarmNeedAlign : charging
V/AlarmManager(  779): isAlarmNeedAlign : charging
V/AlarmManager(  779): isAlarmNeedAlign : charging
V/AlarmManager(  779): isAlarmNeedAlign : charging
V/AlarmManager(  779): isAlarmNeedAlign : charging
V/AlarmManager(  779): isAlarmNeedAlign : charging
V/AlarmManager(  779): isAlarmNeedAlign : charging
V/AlarmManager(  779): isAlarmNeedAlign : charging
V/AlarmManager(  779): isAlarmNeedAlign : charging
V/AlarmManager(  779): isAlarmNeedAlign : charging
V/AlarmManager(  779): isAlarmNeedAlign : charging
V/AlarmManager(  779): isAlarmNeedAlign : charging
V/AlarmManager(  779): isAlarmNeedAlign : charging
V/AlarmManager(  779): isAlarmNeedAlign : charging
V/AlarmManager(  779): isAlarmNeedAlign : charging
V/AlarmManager(  779): isAlarmNeedAlign : charging
V/AlarmManager(  779): isAlarmNeedAlign : charging
V/AlarmManager(  779): isAlarmNeedAlign : charging
V/AlarmManager(  779): isAlarmNeedAlign : charging
V/AlarmManager(  779): isAlarmNeedAlign : charging
V/AlarmManager(  779): isAlarmNeedAlign : charging
V/AlarmManager(  779): isAlarmNeedAlign : charging
V/AlarmManager(  779): isAlarmNeedAlign : charging
V/AlarmManager(  779): isAlarmNeedAlign : charging
V/AlarmManager(  779): isAlarmNeedAlign : charging
V/AlarmManager(  779): isAlarmNeedAlign : charging
V/AlarmManager(  779): isAlarmNeedAlign : charging
V/AlarmManager(  779): isAlarmNeedAlign : charging
V/AlarmManager(  779): isAlarmNeedAlign : charging
V/AlarmManager(  779): isAlarmNeedAlign : charging
V/AlarmManager(  779): isAlarmNeedAlign : charging
V/AlarmManager(  779): isAlarmNeedAlign : charging
V/AlarmManager(  779): isAlarmNeedAlign : charging
V/AlarmManager(  779): isAlarmNeedAlign : charging
V/AlarmManager(  779): isAlarmNeedAlign : charging
V/AlarmManager(  779): isAlarmNeedAlign : charging
V/AlarmManager(  779): isAlarmNeedAlign : charging
V/AlarmManager(  779): isAlarmNeedAlign : charging
V/AlarmManager(  779): isAlarmNeedAlign : charging
V/AlarmManager(  779): isAlarmNeedAlign : charging
V/AlarmManager(  779): isAlarmNeedAlign : charging
V/AlarmManager(  779): isAlarmNeedAlign : charging
V/AlarmManager(  779): isAlarmNeedAlign : charging
V/AlarmManager(  779): isAlarmNeedAlign : charging
V/AlarmManager(  779): isAlarmNeedAlign : charging
V/AlarmManager(  779): isAlarmNeedAlign : charging
V/AlarmManager(  779): isAlarmNeedAlign : charging
V/AlarmManager(  779): isAlarmNeedAlign : charging
V/AlarmManager(  779): isAlarmNeedAlign : charging
V/AlarmManager(  779): isAlarmNeedAlign : charging
V/AlarmManager(  779): isAlarmNeedAlign : charging
V/AlarmManager(  779): isAlarmNeedAlign : charging
V/AlarmManager(  779): isAlarmNeedAlign : charging
V/AlarmManager(  779): isAlarmNeedAlign : charging
V/AlarmManager(  779): isAlarmNeedAlign : charging
D/AlarmManager(  779): rebatchAllAlarmsLocked end
D/AlarmManager(  779): set alarm to RTC 1295883920
W/AlarmManager(  779): operation package = android CTS_Alarm = false
V/AlarmManager(  779): isAlarmNeedAlign : charging
D/AlarmManager(  779): remove(operation) changed bounds; rebatching
D/AlarmManager(  779): rebatchAllAlarmsLocked begin oldBatches count = 48
V/AlarmManager(  779): isAlarmNeedAlign : charging
V/AlarmManager(  779): isAlarmNeedAlign : charging
V/AlarmManager(  779): isAlarmNeedAlign : charging
V/AlarmManager(  779): isAlarmNeedAlign : charging
V/AlarmManager(  779): isAlarmNeedAlign : charging
V/AlarmManager(  779): isAlarmNeedAlign : charging
V/AlarmManager(  779): isAlarmNeedAlign : charging
V/AlarmManager(  779): isAlarmNeedAlign : charging
V/AlarmManager(  779): isAlarmNeedAlign : charging
V/AlarmManager(  779): isAlarmNeedAlign : charging
V/AlarmManager(  779): isAlarmNeedAlign : charging
V/AlarmManager(  779): isAlarmNeedAlign : charging
V/AlarmManager(  779): isAlarmNeedAlign : charging
V/AlarmManager(  779): isAlarmNeedAlign : charging
V/AlarmManager(  779): isAlarmNeedAlign : charging
V/AlarmManager(  779): isAlarmNeedAlign : charging
V/AlarmManager(  779): isAlarmNeedAlign : charging
V/AlarmManager(  779): isAlarmNeedAlign : charging
V/AlarmManager(  779): isAlarmNeedAlign : charging
V/AlarmManager(  779): isAlarmNeedAlign : charging
V/AlarmManager(  779): isAlarmNeedAlign : charging
V/AlarmManager(  779): isAlarmNeedAlign : charging
V/AlarmManager(  779): isAlarmNeedAlign : charging
V/AlarmManager(  779): isAlarmNeedAlign : charging
V/AlarmManager(  779): isAlarmNeedAlign : charging
V/AlarmManager(  779): isAlarmNeedAlign : charging
V/AlarmManager(  779): isAlarmNeedAlign : charging
V/AlarmManager(  779): isAlarmNeedAlign : charging
V/AlarmManager(  779): isAlarmNeedAlign : charging
V/AlarmManager(  779): isAlarmNeedAlign : charging
V/AlarmManager(  779): isAlarmNeedAlign : charging
V/AlarmManager(  779): isAlarmNeedAlign : charging
V/AlarmManager(  779): isAlarmNeedAlign : charging
V/AlarmManager(  779): isAlarmNeedAlign : charging
V/AlarmManager(  779): isAlarmNeedAlign : charging
V/AlarmManager(  779): isAlarmNeedAlign : charging
V/AlarmManager(  779): isAlarmNeedAlign : charging
V/AlarmManager(  779): isAlarmNeedAlign : charging
V/AlarmManager(  779): isAlarmNeedAlign : charging
V/AlarmManager(  779): isAlarmNeedAlign : charging
V/AlarmManager(  779): isAlarmNeedAlign : charging
V/AlarmManager(  779): isAlarmNeedAlign : charging
V/AlarmManager(  779): isAlarmNeedAlign : charging
V/AlarmManager(  779): isAlarmNeedAlign : charging
V/AlarmManager(  779): isAlarmNeedAlign : charging
V/AlarmManager(  779): isAlarmNeedAlign : charging
V/AlarmManager(  779): isAlarmNeedAlign : charging
V/AlarmManager(  779): isAlarmNeedAlign : charging
V/AlarmManager(  779): isAlarmNeedAlign : charging
V/AlarmManager(  779): isAlarmNeedAlign : charging
V/AlarmManager(  779): isAlarmNeedAlign : charging
V/AlarmManager(  779): isAlarmNeedAlign : charging
V/AlarmManager(  779): isAlarmNeedAlign : charging
V/AlarmManager(  779): isAlarmNeedAlign : charging
W/AlarmManager(  779): operation package = android CTS_Alarm = false
V/AlarmManager(  779): isAlarmNeedAlign : charging
V/AlarmManager(  779): isAlarmNeedAlign : charging
V/AlarmManager(  779): isAlarmNeedAlign : charging
V/AlarmManager(  779): isAlarmNeedAlign : charging
V/AlarmManager(  779): isAlarmNeedAlign : charging
V/AlarmManager(  779): isAlarmNeedAlign : charging
V/AlarmManager(  779): isAlarmNeedAlign : charging
V/AlarmManager(  779): isAlarmNeedAlign : charging
V/AlarmManager(  779): isAlarmNeedAlign : charging
V/AlarmManager(  779): isAlarmNeedAlign : charging
V/AlarmManager(  779): isAlarmNeedAlign : charging
V/AlarmManager(  779): isAlarmNeedAlign : charging
V/AlarmManager(  779): isAlarmNeedAlign : charging
V/AlarmManager(  779): isAlarmNeedAlign : charging
V/AlarmManager(  779): isAlarmNeedAlign : charging
V/AlarmManager(  779): isAlarmNeedAlign : charging
V/AlarmManager(  779): isAlarmNeedAlign : charging
V/AlarmManager(  779): isAlarmNeedAlign : charging
V/AlarmManager(  779): isAlarmNeedAlign : charging
V/AlarmManager(  779): isAlarmNeedAlign : charging
V/AlarmManager(  779): isAlarmNeedAlign : charging
V/AlarmManager(  779): isAlarmNeedAlign : charging
V/AlarmManager(  779): isAlarmNeedAlign : charging
V/AlarmManager(  779): isAlarmNeedAlign : charging
V/AlarmManager(  779): isAlarmNeedAlign : charging
V/AlarmManager(  779): isAlarmNeedAlign : charging
V/AlarmManager(  779): isAlarmNeedAlign : charging
V/AlarmManager(  779): isAlarmNeedAlign : charging
V/AlarmManager(  779): isAlarmNeedAlign : charging
V/AlarmManager(  779): isAlarmNeedAlign : charging
V/AlarmManager(  779): isAlarmNeedAlign : charging
V/AlarmManager(  779): isAlarmNeedAlign : charging
V/AlarmManager(  779): isAlarmNeedAlign : charging
V/AlarmManager(  779): isAlarmNeedAlign : charging
V/AlarmManager(  779): isAlarmNeedAlign : charging
V/AlarmManager(  779): isAlarmNeedAlign : charging
V/AlarmManager(  779): isAlarmNeedAlign : charging
V/AlarmManager(  779): isAlarmNeedAlign : charging
V/AlarmManager(  779): isAlarmNeedAlign : charging
D/AlarmManager(  779): rebatchAllAlarmsLocked end
D/AlarmManager(  779): remove(operation) changed bounds; rebatching
D/AlarmManager(  779): rebatchAllAlarmsLocked begin oldBatches count = 48
V/AlarmManager(  779): isAlarmNeedAlign : charging
V/AlarmManager(  779): isAlarmNeedAlign : charging
V/AlarmManager(  779): isAlarmNeedAlign : charging
V/AlarmManager(  779): isAlarmNeedAlign : charging
V/AlarmManager(  779): isAlarmNeedAlign : charging
V/AlarmManager(  779): isAlarmNeedAlign : charging
V/AlarmManager(  779): isAlarmNeedAlign : charging
V/AlarmManager(  779): isAlarmNeedAlign : charging
V/AlarmManager(  779): isAlarmNeedAlign : charging
V/AlarmManager(  779): isAlarmNeedAlign : charging
V/AlarmManager(  779): isAlarmNeedAlign : charging
V/AlarmManager(  779): isAlarmNeedAlign : charging
V/AlarmManager(  779): isAlarmNeedAlign : charging
V/AlarmManager(  779): isAlarmNeedAlign : charging
V/AlarmManager(  779): isAlarmNeedAlign : charging
V/AlarmManager(  779): isAlarmNeedAlign : charging
V/AlarmManager(  779): isAlarmNeedAlign : charging
V/AlarmManager(  779): isAlarmNeedAlign : charging
V/AlarmManager(  779): isAlarmNeedAlign : charging
V/AlarmManager(  779): isAlarmNeedAlign : charging
V/AlarmManager(  779): isAlarmNeedAlign : charging
V/AlarmManager(  779): isAlarmNeedAlign : charging
V/AlarmManager(  779): isAlarmNeedAlign : charging
V/AlarmManager(  779): isAlarmNeedAlign : charging
V/AlarmManager(  779): isAlarmNeedAlign : charging
V/AlarmManager(  779): isAlarmNeedAlign : charging
V/AlarmManager(  779): isAlarmNeedAlign : charging
V/AlarmManager(  779): isAlarmNeedAlign : charging
V/AlarmManager(  779): isAlarmNeedAlign : charging
V/AlarmManager(  779): isAlarmNeedAlign : charging
V/AlarmManager(  779): isAlarmNeedAlign : charging
V/AlarmManager(  779): isAlarmNeedAlign : charging
V/AlarmManager(  779): isAlarmNeedAlign : charging
V/AlarmManager(  779): isAlarmNeedAlign : charging
V/AlarmManager(  779): isAlarmNeedAlign : charging
V/AlarmManager(  779): isAlarmNeedAlign : charging
V/AlarmManager(  779): isAlarmNeedAlign : charging
V/AlarmManager(  779): isAlarmNeedAlign : charging
V/AlarmManager(  779): isAlarmNeedAlign : charging
V/AlarmManager(  779): isAlarmNeedAlign : charging
V/AlarmManager(  779): isAlarmNeedAlign : charging
V/AlarmManager(  779): isAlarmNeedAlign : charging
V/AlarmManager(  779): isAlarmNeedAlign : charging
V/AlarmManager(  779): isAlarmNeedAlign : charging
V/AlarmManager(  779): isAlarmNeedAlign : charging
V/AlarmManager(  779): isAlarmNeedAlign : charging
V/AlarmManager(  779): isAlarmNeedAlign : charging
V/AlarmManager(  779): isAlarmNeedAlign : charging
V/AlarmManager(  779): isAlarmNeedAlign : charging
V/AlarmManager(  779): isAlarmNeedAlign : charging
V/AlarmManager(  779): isAlarmNeedAlign : charging
V/AlarmManager(  779): isAlarmNeedAlign : charging
V/AlarmManager(  779): isAlarmNeedAlign : charging
V/AlarmManager(  779): isAlarmNeedAlign : charging
V/AlarmManager(  779): isAlarmNeedAlign : charging
V/AlarmManager(  779): isAlarmNeedAlign : charging
V/AlarmManager(  779): isAlarmNeedAlign : charging
V/AlarmManager(  779): isAlarmNeedAlign : charging
V/AlarmManager(  779): isAlarmNeedAlign : charging
V/AlarmManager(  779): isAlarmNeedAlign : charging
V/AlarmManager(  779): isAlarmNeedAlign : charging
V/AlarmManager(  779): isAlarmNeedAlign : charging
V/AlarmManager(  779): isAlarmNeedAlign : charging
V/AlarmManager(  779): isAlarmNeedAlign : charging
V/AlarmManager(  779): isAlarmNeedAlign : charging
V/AlarmManager(  779): isAlarmNeedAlign : charging
V/AlarmManager(  779): isAlarmNeedAlign : charging
V/AlarmManager(  779): isAlarmNeedAlign : charging
V/AlarmManager(  779): isAlarmNeedAlign : charging
V/AlarmManager(  779): isAlarmNeedAlign : charging
V/AlarmManager(  779): isAlarmNeedAlign : charging
V/AlarmManager(  779): isAlarmNeedAlign : charging
V/AlarmManager(  779): isAlarmNeedAlign : charging
V/AlarmManager(  779): isAlarmNeedAlign : charging
V/AlarmManager(  779): isAlarmNeedAlign : charging
V/AlarmManager(  779): isAlarmNeedAlign : charging
V/AlarmManager(  779): isAlarmNeedAlign : charging
V/AlarmManager(  779): isAlarmNeedAlign : charging
V/AlarmManager(  779): isAlarmNeedAlign : charging
V/AlarmManager(  779): isAlarmNeedAlign : charging
V/AlarmManager(  779): isAlarmNeedAlign : charging
V/AlarmManager(  779): isAlarmNeedAlign : charging
V/AlarmManager(  779): isAlarmNeedAlign : charging
V/AlarmManager(  779): isAlarmNeedAlign : charging
V/AlarmManager(  779): isAlarmNeedAlign : charging
V/AlarmManager(  779): isAlarmNeedAlign : charging
V/AlarmManager(  779): isAlarmNeedAlign : charging
V/AlarmManager(  779): isAlarmNeedAlign : charging
V/AlarmManager(  779): isAlarmNeedAlign : charging
V/AlarmManager(  779): isAlarmNeedAlign : charging
V/AlarmManager(  779): isAlarmNeedAlign : charging
V/AlarmManager(  779): isAlarmNeedAlign : charging
D/AlarmManager(  779): set alarm to RTC 1295883741
D/AlarmManager(  779): rebatchAllAlarmsLocked end
D/AlarmManager(  779): set alarm to RTC 1295883920
W/AlarmManager(  779): operation package = android CTS_Alarm = false
V/AlarmManager(  779): isAlarmNeedAlign : charging
D/AlarmManager(  779): remove(operation) changed bounds; rebatching
D/AlarmManager(  779): rebatchAllAlarmsLocked begin oldBatches count = 48
V/AlarmManager(  779): isAlarmNeedAlign : charging
V/AlarmManager(  779): isAlarmNeedAlign : charging
V/AlarmManager(  779): isAlarmNeedAlign : charging
V/AlarmManager(  779): isAlarmNeedAlign : charging
V/AlarmManager(  779): isAlarmNeedAlign : charging
V/AlarmManager(  779): isAlarmNeedAlign : charging
V/AlarmManager(  779): isAlarmNeedAlign : charging
V/AlarmManager(  779): isAlarmNeedAlign : charging
V/AlarmManager(  779): isAlarmNeedAlign : charging
V/AlarmManager(  779): isAlarmNeedAlign : charging
V/AlarmManager(  779): isAlarmNeedAlign : charging
V/AlarmManager(  779): isAlarmNeedAlign : charging
V/AlarmManager(  779): isAlarmNeedAlign : charging
V/AlarmManager(  779): isAlarmNeedAlign : charging
V/AlarmManager(  779): isAlarmNeedAlign : charging
V/AlarmManager(  779): isAlarmNeedAlign : charging
V/AlarmManager(  779): isAlarmNeedAlign : charging
V/AlarmManager(  779): isAlarmNeedAlign : charging
V/AlarmManager(  779): isAlarmNeedAlign : charging
V/AlarmManager(  779): isAlarmNeedAlign : charging
V/AlarmManager(  779): isAlarmNeedAlign : charging
V/AlarmManager(  779): isAlarmNeedAlign : charging
V/AlarmManager(  779): isAlarmNeedAlign : charging
V/AlarmManager(  779): isAlarmNeedAlign : charging
V/AlarmManager(  779): isAlarmNeedAlign : charging
V/AlarmManager(  779): isAlarmNeedAlign : charging
V/AlarmManager(  779): isAlarmNeedAlign : charging
V/AlarmManager(  779): isAlarmNeedAlign : charging
V/AlarmManager(  779): isAlarmNeedAlign : charging
V/AlarmManager(  779): isAlarmNeedAlign : charging
V/AlarmManager(  779): isAlarmNeedAlign : charging
V/AlarmManager(  779): isAlarmNeedAlign : charging
V/AlarmManager(  779): isAlarmNeedAlign : charging
V/AlarmManager(  779): isAlarmNeedAlign : charging
V/AlarmManager(  779): isAlarmNeedAlign : charging
V/AlarmManager(  779): isAlarmNeedAlign : charging
V/AlarmManager(  779): isAlarmNeedAlign : charging
V/AlarmManager(  779): isAlarmNeedAlign : charging
V/AlarmManager(  779): isAlarmNeedAlign : charging
V/AlarmManager(  779): isAlarmNeedAlign : charging
V/AlarmManager(  779): isAlarmNeedAlign : charging
V/AlarmManager(  779): isAlarmNeedAlign : charging
V/AlarmManager(  779): isAlarmNeedAlign : charging
V/AlarmManager(  779): isAlarmNeedAlign : charging
V/AlarmManager(  779): isAlarmNeedAlign : charging
V/AlarmManager(  779): isAlarmNeedAlign : charging
V/AlarmManager(  779): isAlarmNeedAlign : charging
V/AlarmManager(  779): isAlarmNeedAlign : charging
V/AlarmManager(  779): isAlarmNeedAlign : charging
V/AlarmManager(  779): isAlarmNeedAlign : charging
V/AlarmManager(  779): isAlarmNeedAlign : charging
V/AlarmManager(  779): isAlarmNeedAlign : charging
V/AlarmManager(  779): isAlarmNeedAlign : charging
V/AlarmManager(  779): isAlarmNeedAlign : charging
V/AlarmManager(  779): isAlarmNeedAlign : charging
V/AlarmManager(  779): isAlarmNeedAlign : charging
V/AlarmManager(  779): isAlarmNeedAlign : charging
V/AlarmManager(  779): isAlarmNeedAlign : charging
V/AlarmManager(  779): isAlarmNeedAlign : charging
V/AlarmManager(  779): isAlarmNeedAlign : charging
V/AlarmManager(  779): isAlarmNeedAlign : charging
V/AlarmManager(  779): isAlarmNeedAlign : charging
V/AlarmManager(  779): isAlarmNeedAlign : charging
V/AlarmManager(  779): isAlarmNeedAlign : charging
V/AlarmManager(  779): isAlarmNeedAlign : charging
V/AlarmManager(  779): isAlarmNeedAlign : charging
V/AlarmManager(  779): isAlarmNeedAlign : charging
V/AlarmManager(  779): isAlarmNeedAlign : charging
V/AlarmManager(  779): isAlarmNeedAlign : charging
V/AlarmManager(  779): isAlarmNeedAlign : charging
V/AlarmManager(  779): isAlarmNeedAlign : charging
V/AlarmManager(  779): isAlarmNeedAlign : charging
V/AlarmManager(  779): isAlarmNeedAlign : charging
V/AlarmManager(  779): isAlarmNeedAlign : charging
V/AlarmManager(  779): isAlarmNeedAlign : charging
V/AlarmManager(  779): isAlarmNeedAlign : charging
V/AlarmManager(  779): isAlarmNeedAlign : charging
V/AlarmManager(  779): isAlarmNeedAlign : charging
V/AlarmManager(  779): isAlarmNeedAlign : charging
V/AlarmManager(  779): isAlarmNeedAlign : charging
V/AlarmManager(  779): isAlarmNeedAlign : charging
V/AlarmManager(  779): isAlarmNeedAlign : charging
V/AlarmManager(  779): isAlarmNeedAlign : charging
V/AlarmManager(  779): isAlarmNeedAlign : charging
V/AlarmManager(  779): isAlarmNeedAlign : charging
V/AlarmManager(  779): isAlarmNeedAlign : charging
V/AlarmManager(  779): isAlarmNeedAlign : charging
V/AlarmManager(  779): isAlarmNeedAlign : charging
V/AlarmManager(  779): isAlarmNeedAlign : charging
V/AlarmManager(  779): isAlarmNeedAlign : charging
V/AlarmManager(  779): isAlarmNeedAlign : charging
V/AlarmManager(  779): isAlarmNeedAlign : charging
D/AlarmManager(  779): rebatchAllAlarmsLocked end
W/AlarmManager(  779): operation package = android CTS_Alarm = false
V/AlarmManager(  779): isAlarmNeedAlign : charging
D/AlarmManager(  779): remove(operation) changed bounds; rebatching
D/AlarmManager(  779): rebatchAllAlarmsLocked begin oldBatches count = 49
V/AlarmManager(  779): isAlarmNeedAlign : charging
V/AlarmManager(  779): isAlarmNeedAlign : charging
V/AlarmManager(  779): isAlarmNeedAlign : charging
V/AlarmManager(  779): isAlarmNeedAlign : charging
V/AlarmManager(  779): isAlarmNeedAlign : charging
V/AlarmManager(  779): isAlarmNeedAlign : charging
V/AlarmManager(  779): isAlarmNeedAlign : charging
V/AlarmManager(  779): isAlarmNeedAlign : charging
V/AlarmManager(  779): isAlarmNeedAlign : charging
V/AlarmManager(  779): isAlarmNeedAlign : charging
V/AlarmManager(  779): isAlarmNeedAlign : charging
V/AlarmManager(  779): isAlarmNeedAlign : charging
V/AlarmManager(  779): isAlarmNeedAlign : charging
V/AlarmManager(  779): isAlarmNeedAlign : charging
V/AlarmManager(  779): isAlarmNeedAlign : charging
V/AlarmManager(  779): isAlarmNeedAlign : charging
V/AlarmManager(  779): isAlarmNeedAlign : charging
V/AlarmManager(  779): isAlarmNeedAlign : charging
V/AlarmManager(  779): isAlarmNeedAlign : charging
V/AlarmManager(  779): isAlarmNeedAlign : charging
V/AlarmManager(  779): isAlarmNeedAlign : charging
V/AlarmManager(  779): isAlarmNeedAlign : charging
V/AlarmManager(  779): isAlarmNeedAlign : charging
V/AlarmManager(  779): isAlarmNeedAlign : charging
V/AlarmManager(  779): isAlarmNeedAlign : charging
V/AlarmManager(  779): isAlarmNeedAlign : charging
V/AlarmManager(  779): isAlarmNeedAlign : charging
V/AlarmManager(  779): isAlarmNeedAlign : charging
V/AlarmManager(  779): isAlarmNeedAlign : charging
V/AlarmManager(  779): isAlarmNeedAlign : charging
V/AlarmManager(  779): isAlarmNeedAlign : charging
V/AlarmManager(  779): isAlarmNeedAlign : charging
V/AlarmManager(  779): isAlarmNeedAlign : charging
V/AlarmManager(  779): isAlarmNeedAlign : charging
V/AlarmManager(  779): isAlarmNeedAlign : charging
V/AlarmManager(  779): isAlarmNeedAlign : charging
V/AlarmManager(  779): isAlarmNeedAlign : charging
V/AlarmManager(  779): isAlarmNeedAlign : charging
V/AlarmManager(  779): isAlarmNeedAlign : charging
V/AlarmManager(  779): isAlarmNeedAlign : charging
V/AlarmManager(  779): isAlarmNeedAlign : charging
V/AlarmManager(  779): isAlarmNeedAlign : charging
V/AlarmManager(  779): isAlarmNeedAlign : charging
V/AlarmManager(  779): isAlarmNeedAlign : charging
