D/OMXCodec(  278): [OMX.MTK.AUDIO.DECODER.MP3] Calling fillBuffer on buffer 0xabfbda10
D/MtkOmxMp3Dec(  278): JB +InitMp3Decoder
D/OMXCodec(  278): [OMX.MTK.AUDIO.DECODER.MP3] Calling fillBuffer on buffer 0xabe3c748
D/OMXCodec(  278): [OMX.MTK.AUDIO.DECODER.MP3] Calling fillBuffer on buffer 0xabe3ca00
D/OMXCodec(  278): [OMX.MTK.AUDIO.DECODER.MP3] Calling fillBuffer on buffer 0xabe3cc50
D/OMXCodec(  278): [OMX.MTK.AUDIO.DECODER.MP3] Calling fillBuffer on buffer 0xabd928b8
D/OMXCodec(  278): [OMX.MTK.AUDIO.DECODER.MP3] Calling fillBuffer on buffer 0xabd92a30
D/OMXCodec(  278): [OMX.MTK.AUDIO.DECODER.MP3] Calling fillBuffer on buffer 0xabd92ba8
D/OMXCodec(  278): [OMX.MTK.AUDIO.DECODER.MP3] Calling fillBuffer on buffer 0xabe3cae8
D/OMXCodec(  278): [OMX.MTK.AUDIO.DECODER.MP3] Calling fillBuffer on buffer 0xabe4e108
D/OMXCodec(  278): [OMX.MTK.AUDIO.DECODER.MP3] Calling fillBuffer on buffer 0xabe4e268
D/OMXCodec(  278): [OMX.MTK.AUDIO.DECODER.MP3] Calling fillBuffer on buffer 0xabe4e3c8
D/OMXCodec(  278): [OMX.MTK.AUDIO.DECODER.MP3] Calling fillBuffer on buffer 0xabe4e528
D/OMXCodec(  278): [OMX.MTK.AUDIO.DECODER.MP3] Calling fillBuffer on buffer 0xabe4e6a0
D/OMXCodec(  278): [OMX.MTK.AUDIO.DECODER.MP3] Calling fillBuffer on buffer 0xabca8030
D/OMXCodec(  278): [OMX.MTK.AUDIO.DECODER.MP3] Calling fillBuffer on buffer 0xabca81a8
D/OMXCodec(  278): [OMX.MTK.AUDIO.DECODER.MP3] Calling fillBuffer on buffer 0xabd92c90
E/OMXCodec(  278): [OMX.MTK.AUDIO.DECODER.MP3] +waitForBufferFilled_l: 17/0
D/MtkOmxMp3Dec(  278): isFirst = true
I/BufferQueueProducer( 9491): [unnamed-9491-0](this:0xabfb8cf8,id:0,api:2,p:9491,c:9491) queueBuffer: slot 1 is dropped, handle=0xac516ee0
E/OMXCodec(  278): [OMX.MTK.AUDIO.DECODER.MP3] -waitForBufferFilled_l
I/AudioCache(  278): [open] open(44100, 2, 0x0, 1, 4)
I/AwesomePlayer(  278): AudioPlayer mLatencyUs 0
D/OMXCodec(  278): [OMX.MTK.AUDIO.DECODER.MP3] Calling fillBuffer on buffer 0xabfbd6a8
E/OMXCodec(  278): [OMX.MTK.AUDIO.DECODER.MP3] +waitForBufferFilled_l: 18/0
E/OMXCodec(  278): [OMX.MTK.AUDIO.DECODER.MP3] -waitForBufferFilled_l
D/OMXCodec(  278): [OMX.MTK.AUDIO.DECODER.MP3] Calling fillBuffer on buffer 0xabfbd898
E/OMXCodec(  278): [OMX.MTK.AUDIO.DECODER.MP3] +waitForBufferFilled_l: 19/0
D/MtkOmxMp3Dec(  278): MP3 EOS received, TS=522448
I/AudioCache(  278): [notify] notify(0xabb1f6a8, 6, 0, 0)
D/OMXCodec(  278): OMXCodec::on_message EOS received!!!!
E/OMXCodec(  278): [OMX.MTK.AUDIO.DECODER.MP3] -waitForBufferFilled_l
E/OMXCodec(  278): [OMX.MTK.AUDIO.DECODER.MP3] No more output data in fillOutputBuffer, mFilledBuffers size=0
E/OMXCodec(  278): [OMX.MTK.AUDIO.DECODER.MP3] read() final return
D/AudioPolicyManager(  278): s 0 c 0 avaDev 100003 ba2dpo 0 ba2dpsp 0 dev 2
D/AudioPlayer(  278): postEOSDelayUs =624 ms
I/AwesomePlayer(  278): AudioCache needn't delay post EOS!!!
D/WifiService(  779): New client listening to asynchronous messages
E/WifiTrafficPoller(  779): ADD_CLIENT: 27
D/ProgressBar( 9491): setMax, old = 100, new = 100, backtrace = android.widget.ProgressBar.<init>:302 android.widget.ProgressBar.<init>:264 com.sina.weibo.card.view.CardOperationBigButtonView.a:461 com.sina.weibo.card.view.CardOperationBigButtonView.g:697 com.sina.weibo.card.view.CardOperationBigButtonView.<init>:434 , this = android.widget.ProgressBar{715969d V.ED.... ........ 0,0-0,0}
D/ProgressBar( 9491): setProgress, old = 0, new = 0, max = 100, backtrace = android.widget.ProgressBar.setProgress:1337 android.widget.ProgressBar.<init>:304 android.widget.ProgressBar.<init>:264 com.sina.weibo.card.view.CardOperationBigButtonView.a:461 com.sina.weibo.card.view.CardOperationBigButtonView.g:697 , this = android.widget.ProgressBar{715969d V.ED.... ........ 0,0-0,0}
D/ProgressBar( 9491): setSecondaryProgress, old = 0, new = 0, max = 100, backtrace = android.widget.ProgressBar.<init>:306 android.widget.ProgressBar.<init>:264 com.sina.weibo.card.view.CardOperationBigButtonView.a:461 com.sina.weibo.card.view.CardOperationBigButtonView.g:697 com.sina.weibo.card.view.CardOperationBigButtonView.<init>:434 , this = android.widget.ProgressBar{715969d V.ED.... ........ 0,0-0,0}
D/ProgressBar( 9491): setMax, old = 100, new = 100, backtrace = android.widget.ProgressBar.<init>:302 android.widget.ProgressBar.<init>:264 android.widget.ProgressBar.<init>:260 java.lang.reflect.Constructor.newInstance:-2 java.lang.reflect.Constructor.newInstance:288 , this = android.widget.ProgressBar{1ed0109 G.ED.... ......I. 0,0-0,0 #7f1102e1 app:id/pbLoading}
D/ProgressBar( 9491): setProgress, old = 0, new = 0, max = 100, backtrace = android.widget.ProgressBar.setProgress:1337 android.widget.ProgressBar.<init>:304 android.widget.ProgressBar.<init>:264 android.widget.ProgressBar.<init>:260 java.lang.reflect.Constructor.newInstance:-2 , this = android.widget.ProgressBar{1ed0109 G.ED.... ......I. 0,0-0,0 #7f1102e1 app:id/pbLoading}
D/SQLiteDatabase( 9491): beginTransaction()
D/ProgressBar( 9491): setSecondaryProgress, old = 0, new = 0, max = 100, backtrace = android.widget.ProgressBar.<init>:306 android.widget.ProgressBar.<init>:264 android.widget.ProgressBar.<init>:260 java.lang.reflect.Constructor.newInstance:-2 java.lang.reflect.Constructor.newInstance:288 , this = android.widget.ProgressBar{1ed0109 G.ED.... ......I. 0,0-0,0 #7f1102e1 app:id/pbLoading}
V/AudioTrackShared(  278): mAvailToClient=1024 stepCount=1024 minimum=1536
D/AudioTrack( 9491): write userSize 256
D/AudioTrack( 9491): write userSize 256
D/AudioTrack( 9491): write userSize 256
D/AudioTrack( 9491): write userSize 256
D/AudioTrack( 9491): write userSize 256
D/AudioTrack( 9491): write userSize 256
D/AudioTrack( 9491): write userSize 256
D/AudioTrack( 9491): write userSize 256
D/AudioTrack( 9491): write userSize 256
D/AudioTrack( 9491): write userSize 256
D/AudioTrack( 9491): write userSize 256
D/AudioTrack( 9491): write userSize 256
D/AudioTrack( 9491): write userSize 256
D/AudioTrack( 9491): write userSize 256
D/AudioTrack( 9491): write userSize 256
D/AudioTrack( 9491): write userSize 256
D/AudioTrack( 9491): write userSize 256
D/AudioTrack( 9491): write userSize 256
D/AudioTrack( 9491): write userSize 256
D/AudioTrack( 9491): write userSize 256
D/AudioTrack( 9491): write userSize 256
D/AudioTrack( 9491): write userSize 256
D/AudioTrack( 9491): write userSize 256
D/AudioTrack( 9491): write userSize 256
D/AudioTrack( 9491): write userSize 256
D/AudioTrack( 9491): write userSize 256
D/AudioTrack( 9491): write userSize 256
D/AudioTrack( 9491): write userSize 256
D/AudioTrack( 9491): write userSize 256
D/AudioTrack( 9491): write userSize 256
D/AudioTrack( 9491): write userSize 256
D/AudioTrack( 9491): write userSize 256
I/System.out( 9491): [socket][/192.168.0.107:49739] connected
D/ProgressBar( 9491): setMax, old = 100, new = 100, backtrace = android.widget.ProgressBar.<init>:302 android.widget.ProgressBar.<init>:264 com.sina.weibo.card.view.CardOperationBigButtonView.a:461 com.sina.weibo.card.view.CardOperationBigButtonView.g:697 com.sina.weibo.card.view.CardOperationBigButtonView.<init>:434 , this = android.widget.ProgressBar{6637107 V.ED.... ........ 0,0-0,0}
D/ProgressBar( 9491): setProgress, old = 0, new = 0, max = 100, backtrace = android.widget.ProgressBar.setProgress:1337 android.widget.ProgressBar.<init>:304 android.widget.ProgressBar.<init>:264 com.sina.weibo.card.view.CardOperationBigButtonView.a:461 com.sina.weibo.card.view.CardOperationBigButtonView.g:697 , this = android.widget.ProgressBar{6637107 V.ED.... ........ 0,0-0,0}
I/AwesomePlayer(  278): [onStreamDone]line:1073 onStreamDone:mStreamDoneStatus =-1011,video EOS=0,audio EOS=256
I/AudioCache(  278): [notify] notify(0xabb1f6a8, 2, 0, 0)
I/AwesomePlayer(  278): [pause_l]line:1589 pause_l :at_eos=1
I/AudioCache(  278): [notify] notify(0xabb1f6a8, 7, 0, 0)
I/AwesomePlayer(  278): stop extractor in reset
D/ProgressBar( 9491): setSecondaryProgress, old = 0, new = 0, max = 100, backtrace = android.widget.ProgressBar.<init>:306 android.widget.ProgressBar.<init>:264 com.sina.weibo.card.view.CardOperationBigButtonView.a:461 com.sina.weibo.card.view.CardOperationBigButtonView.g:697 com.sina.weibo.card.view.CardOperationBigButtonView.<init>:434 , this = android.widget.ProgressBar{6637107 V.ED.... ........ 0,0-0,0}
I/System.out( 9491): [OkHttp] sendRequest>>
I/AwesomePlayer(  278): [reset_l]line:697 reset_l
I/AudioCache(  278): [notify] notify(0xabb1f6a8, 8, 0, 0)
I/AwesomePlayer(  278): [reset_l]line:752 reset cancelPlayEvents
D/OMXCodec(  278): [OMX.MTK.AUDIO.DECODER.MP3] stop mState=4
I/System.out( 9491): [OkHttp] sendRequest<<
D/MtkOmxAudioDecBase(  278): SendCommand cmd=OMX_CommandStateSet
D/MtkOmxAudioDecBase(  278): set MTK_OMX_IDLE_PENDING
D/MtkOmxAudioDecBase(  278): # Got general command (OMX_CommandStateSet)
D/MtkOmxAudioDecBase(  278): Request [OMX_StateExecuting]-> [OMX_StateIdle]
D/MtkOmxAudioDecBase(  278): FlushInputPort -> mNumPendingInput(0)
D/MtkOmxAudioDecBase(  278): -FlushInputPort
D/MtkOmxAudioDecBase(  278): mFillThisBufQ[0]=3
D/MtkOmxAudioDecBase(  278): pBuffHead(0xABE3C748)
D/MtkOmxAudioDecBase(  278): mFillThisBufQ[1]=4
D/MtkOmxAudioDecBase(  278): pBuffHead(0xABE3CA00)
D/MtkOmxAudioDecBase(  278): mFillThisBufQ[2]=5
D/MtkOmxAudioDecBase(  278): pBuffHead(0xABE3CC50)
D/MtkOmxAudioDecBase(  278): mFillThisBufQ[3]=6
D/MtkOmxAudioDecBase(  278): pBuffHead(0xABD928B8)
D/MtkOmxAudioDecBase(  278): mFillThisBufQ[4]=7
D/MtkOmxAudioDecBase(  278): pBuffHead(0xABD92A30)
D/MtkOmxAudioDecBase(  278): mFillThisBufQ[5]=8
D/MtkOmxAudioDecBase(  278): pBuffHead(0xABD92BA8)
D/MtkOmxAudioDecBase(  278): mFillThisBufQ[6]=9
D/MtkOmxAudioDecBase(  278): pBuffHead(0xABE3CAE8)
D/MtkOmxAudioDecBase(  278): mFillThisBufQ[7]=10
D/MtkOmxAudioDecBase(  278): pBuffHead(0xABE4E108)
D/MtkOmxAudioDecBase(  278): mFillThisBufQ[8]=11
D/MtkOmxAudioDecBase(  278): pBuffHead(0xABE4E268)
D/MtkOmxAudioDecBase(  278): mFillThisBufQ[9]=12
D/MtkOmxAudioDecBase(  278): pBuffHead(0xABE4E3C8)
D/MtkOmxAudioDecBase(  278): mFillThisBufQ[10]=13
D/MtkOmxAudioDecBase(  278): pBuffHead(0xABE4E528)
D/MtkOmxAudioDecBase(  278): mFillThisBufQ[11]=14
D/MtkOmxAudioDecBase(  278): pBuffHead(0xABE4E6A0)
D/MtkOmxAudioDecBase(  278): mFillThisBufQ[12]=15
D/MtkOmxAudioDecBase(  278): pBuffHead(0xABCA8030)
D/MtkOmxAudioDecBase(  278): mFillThisBufQ[13]=16
D/MtkOmxAudioDecBase(  278): pBuffHead(0xABCA81A8)
D/MtkOmxAudioDecBase(  278): mFillThisBufQ[14]=17
D/MtkOmxAudioDecBase(  278): pBuffHead(0xABD92C90)
D/MtkOmxAudioDecBase(  278): mFillThisBufQ[15]=0
D/MtkOmxAudioDecBase(  278): pBuffHead(0xABFBD6A8)
D/MtkOmxAudioDecBase(  278): mFillThisBufQ[16]=1
D/MtkOmxAudioDecBase(  278): pBuffHead(0xABFBD898)
D/MtkOmxAudioDecBase(  278): FlushOutputPort -> mNumPendingOutput(0)
D/MtkOmxAudioDecBase(  278): -FlushOutputPort -> mNumPendingOutput(0)
V/SettingsInterface( 9912): invalidate [secure]: current 1189 != cached 0
D/MtkOmxAudioDecBase(  278): SendCommand cmd=OMX_CommandStateSet
D/MtkOmxAudioDecBase(  278): set MTK_OMX_LOADED_PENDING
D/OMXCodec(  278): [OMX.MTK.AUDIO.DECODER.MP3] freeing buffer 0xabd98748 on port 0
D/MtkOmxAudioDecBase(  278): # Got general command (OMX_CommandStateSet)
D/MtkOmxAudioDecBase(  278): Request [OMX_StateIdle]-> [OMX_StateLoaded]
D/MtkOmxAudioDecBase(  278): FreeBuffer input (0xABD98748)
D/MtkOmxAudioDecBase(  278): wait on mInPortFreeDoneSem(0), mOutPortFreeDoneSem(0)
D/OMXCodec(  278): [OMX.MTK.AUDIO.DECODER.MP3] freeing buffer 0xabd98650 on port 0
D/MtkOmxAudioDecBase(  278): FreeBuffer input (0xABD98650)
D/OMXCodec(  278): [OMX.MTK.AUDIO.DECODER.MP3] freeing buffer 0xabe3fc60 on port 0
D/MtkOmxAudioDecBase(  278): FreeBuffer input (0xABE3FC60)
D/OMXCodec(  278): [OMX.MTK.AUDIO.DECODER.MP3] freeing buffer 0xabe3e458 on port 0
D/MtkOmxAudioDecBase(  278): FreeBuffer input (0xABE3E458)
D/OMXCodec(  278): [OMX.MTK.AUDIO.DECODER.MP3] freeing buffer 0xabe3e360 on port 0
D/MtkOmxAudioDecBase(  278): FreeBuffer input (0xABE3E360)
D/OMXCodec(  278): [OMX.MTK.AUDIO.DECODER.MP3] freeing buffer 0xabd98b30 on port 0
D/MtkOmxAudioDecBase(  278): FreeBuffer input (0xABD98B30)
D/OMXCodec(  278): [OMX.MTK.AUDIO.DECODER.MP3] freeing buffer 0xabd98a38 on port 0
D/MtkOmxAudioDecBase(  278): FreeBuffer input (0xABD98A38)
D/OMXCodec(  278): [OMX.MTK.AUDIO.DECODER.MP3] freeing buffer 0xabd98940 on port 0
D/MtkOmxAudioDecBase(  278): FreeBuffer input (0xABD98940)
D/OMXCodec(  278): [OMX.MTK.AUDIO.DECODER.MP3] freeing buffer 0xabd98848 on port 0
D/MtkOmxAudioDecBase(  278): FreeBuffer input (0xABD98848)
D/OMXCodec(  278): [OMX.MTK.AUDIO.DECODER.MP3] freeing buffer 0xabe3f878 on port 0
D/MtkOmxAudioDecBase(  278): FreeBuffer input (0xABE3F878)
D/OMXCodec(  278): [OMX.MTK.AUDIO.DECODER.MP3] freeing buffer 0xabe3f7b0 on port 0
D/MtkOmxAudioDecBase(  278): FreeBuffer input (0xABE3F7B0)
D/OMXCodec(  278): [OMX.MTK.AUDIO.DECODER.MP3] freeing buffer 0xabe3fbf8 on port 0
D/MtkOmxAudioDecBase(  278): FreeBuffer input (0xABE3FBF8)
D/OMXCodec(  278): [OMX.MTK.AUDIO.DECODER.MP3] freeing buffer 0xabe3fb00 on port 0
D/MtkOmxAudioDecBase(  278): FreeBuffer input (0xABE3FB00)
D/OMXCodec(  278): [OMX.MTK.AUDIO.DECODER.MP3] freeing buffer 0xabe3fa08 on port 0
D/MtkOmxAudioDecBase(  278): FreeBuffer input (0xABE3FA08)
D/OMXCodec(  278): [OMX.MTK.AUDIO.DECODER.MP3] freeing buffer 0xabe3f940 on port 0
D/MtkOmxAudioDecBase(  278): FreeBuffer input (0xABE3F940)
D/OMXCodec(  278): [OMX.MTK.AUDIO.DECODER.MP3] freeing buffer 0xabd2a950 on port 0
D/MtkOmxAudioDecBase(  278): FreeBuffer input (0xABD2A950)
D/OMXCodec(  278): [OMX.MTK.AUDIO.DECODER.MP3] freeing buffer 0xabd2a858 on port 0
D/MtkOmxAudioDecBase(  278): FreeBuffer input (0xABD2A858)
D/OMXCodec(  278): [OMX.MTK.AUDIO.DECODER.MP3] freeing buffer 0xabd2a760 on port 0
D/MtkOmxAudioDecBase(  278): FreeBuffer input (0xABD2A760)
D/OMXCodec(  278): [OMX.MTK.AUDIO.DECODER.MP3] freeing buffer 0xabcad778 on port 0
D/MtkOmxAudioDecBase(  278): FreeBuffer input (0xABCAD778)
D/OMXCodec(  278): [OMX.MTK.AUDIO.DECODER.MP3] freeing buffer 0xabcad6d8 on port 0
D/MtkOmxAudioDecBase(  278): FreeBuffer input (0xABCAD6D8)
D/MtkOmxAudioDecBase(  278): FreeBuffer all input buffers have been freed!!! signal mInPortFreeDoneSem(1)
D/OMXCodec(  278): [OMX.MTK.AUDIO.DECODER.MP3] freeBuffersOnPort onlyThoseWeOwn 0,  buffers->isEmpty() 1
D/OMXCodec(  278): [OMX.MTK.AUDIO.DECODER.MP3] freeing buffer 0xabd92c90 on port 1
D/MtkOmxAudioDecBase(  278): FreeBuffer output (0xABD92C90)
D/OMXCodec(  278): [OMX.MTK.AUDIO.DECODER.MP3] freeing buffer 0xabca81a8 on port 1
D/MtkOmxAudioDecBase(  278): FreeBuffer output (0xABCA81A8)
D/OMXCodec(  278): [OMX.MTK.AUDIO.DECODER.MP3] freeing buffer 0xabca8030 on port 1
D/MtkOmxAudioDecBase(  278): FreeBuffer output (0xABCA8030)
D/OMXCodec(  278): [OMX.MTK.AUDIO.DECODER.MP3] freeing buffer 0xabe4e6a0 on port 1
D/MtkOmxAudioDecBase(  278): FreeBuffer output (0xABE4E6A0)
D/OMXCodec(  278): [OMX.MTK.AUDIO.DECODER.MP3] freeing buffer 0xabe4e528 on port 1
D/MtkOmxAudioDecBase(  278): FreeBuffer output (0xABE4E528)
D/OMXCodec(  278): [OMX.MTK.AUDIO.DECODER.MP3] freeing buffer 0xabe4e3c8 on port 1
D/MtkOmxAudioDecBase(  278): FreeBuffer output (0xABE4E3C8)
D/OMXCodec(  278): [OMX.MTK.AUDIO.DECODER.MP3] freeing buffer 0xabe4e268 on port 1
D/MtkOmxAudioDecBase(  278): FreeBuffer output (0xABE4E268)
D/OMXCodec(  278): [OMX.MTK.AUDIO.DECODER.MP3] freeing buffer 0xabe4e108 on port 1
D/MtkOmxAudioDecBase(  278): FreeBuffer output (0xABE4E108)
D/OMXCodec(  278): [OMX.MTK.AUDIO.DECODER.MP3] freeing buffer 0xabe3cae8 on port 1
D/MtkOmxAudioDecBase(  278): FreeBuffer output (0xABE3CAE8)
D/OMXCodec(  278): [OMX.MTK.AUDIO.DECODER.MP3] freeing buffer 0xabd92ba8 on port 1
D/MtkOmxAudioDecBase(  278): FreeBuffer output (0xABD92BA8)
D/OMXCodec(  278): [OMX.MTK.AUDIO.DECODER.MP3] freeing buffer 0xabd92a30 on port 1
D/MtkOmxAudioDecBase(  278): FreeBuffer output (0xABD92A30)
D/OMXCodec(  278): [OMX.MTK.AUDIO.DECODER.MP3] freeing buffer 0xabd928b8 on port 1
D/MtkOmxAudioDecBase(  278): FreeBuffer output (0xABD928B8)
D/OMXCodec(  278): [OMX.MTK.AUDIO.DECODER.MP3] freeing buffer 0xabe3cc50 on port 1
D/MtkOmxAudioDecBase(  278): FreeBuffer output (0xABE3CC50)
D/OMXCodec(  278): [OMX.MTK.AUDIO.DECODER.MP3] freeing buffer 0xabe3ca00 on port 1
D/MtkOmxAudioDecBase(  278): FreeBuffer output (0xABE3CA00)
D/OMXCodec(  278): [OMX.MTK.AUDIO.DECODER.MP3] freeing buffer 0xabe3c748 on port 1
D/MtkOmxAudioDecBase(  278): FreeBuffer output (0xABE3C748)
D/OMXCodec(  278): [OMX.MTK.AUDIO.DECODER.MP3] freeing buffer 0xabfbda10 on port 1
D/MtkOmxAudioDecBase(  278): FreeBuffer output (0xABFBDA10)
D/OMXCodec(  278): [OMX.MTK.AUDIO.DECODER.MP3] freeing buffer 0xabfbd898 on port 1
D/MtkOmxAudioDecBase(  278): FreeBuffer output (0xABFBD898)
D/OMXCodec(  278): [OMX.MTK.AUDIO.DECODER.MP3] freeing buffer 0xabfbd6a8 on port 1
D/MtkOmxAudioDecBase(  278): FreeBuffer output (0xABFBD6A8)
D/MtkOmxAudioDecBase(  278): FreeBuffer all output buffers have been freed!!! signal mOutPortFreeDoneSem(1)
D/OMXCodec(  278): [OMX.MTK.AUDIO.DECODER.MP3] freeBuffersOnPort onlyThoseWeOwn 0,  buffers->isEmpty() 1
D/TableOfContentThread(  278): stopTOCThread 0xabf98970
D/TableOfContentThread(  278): stopTOCThread pthread_join
D/OMXCodec(  278): [OMX.MTK.AUDIO.DECODER.MP3] stopped in state 1
V/SettingsProvider(  779): call(secure:android_id) for 0
D/TableOfContentThread(  278): ~TableOfContentThread 0xabf98970!
D/TableOfContentThread(  278): stopTOCThread 0xabf98970
D/SettingsProvider(  779): lookupValue table secure cache contains Key android_id , value = Bundle[{value=74e85e0f6e5f9f47}]
D/MtkOmxAudioDecBase(  278): GetState (mState=OMX_StateLoaded)
D/MtkOmxCore(  278): Mtk_OMX_FreeHandle
D/MtkOmxAudioDecBase(  278): +ComponentDeInit
D/MtkOmxAudioDecBase(  278): MtkOmxAudioDecodeThread terminated pOmxAudioDec=0xABCB8FE0
D/MtkOmxAudioDecBase(  278): MtkOmxAudioCommandThread terminated
D/MtkOmxAudioDecBase(  278): -ComponentDeInit
D/MtkOmxMp3Dec(  278): JB ~MtkOmxMp3Dec this= 0xabcb8fe0
D/MtkOmxAudioDecBase(  278): ~MtkOmxAudioDecBase this= 0xABCB8FE0
D/MtkOmxCore(  278): free_inst_handle dlclose(0x0xf3ae83c4), free(0x0xabcb8fe4)
D/OMXCodec(  278): !@@!>> destroy tid (15415) OMXCodec mOMXLivesLocally=1, mIsVideoDecoder(0), mIsVideoEncoder(0), mime(audio/mpeg)
D/FileSourceProxy(  278): Fd: 27 unregister!
D/FileSourceProxy(  278): Fd: 27, File Cache hit rate: 0.00
I/AwesomePlayer(  278): [reset_l]line:851 reset_l done
I/AwesomePlayer(  278): set flag for stopped
I/AwesomePlayer(  278): [reset_l]line:697 reset_l
I/AwesomePlayer(  278): [reset_l]line:752 reset cancelPlayEvents
I/AwesomePlayer(  278): [reset_l]line:851 reset_l done
I/BufferQueueProducer( 9491): [unnamed-9491-0](this:0xabfb8cf8,id:0,api:2,p:9491,c:9491) queueBuffer: slot 2 is dropped, handle=0xabf9cf00
I/AwesomePlayer(  278): set flag for stopped
I/AwesomePlayer(  278): [reset_l]line:697 reset_l
I/AwesomePlayer(  278): [reset_l]line:752 reset cancelPlayEvents
I/AwesomePlayer(  278): [reset_l]line:851 reset_l done
V/SoundPool( 9491): close(78)
V/SoundPool( 9491): pointer = 0xd1edb000, size = 110248, sampleRate = 44100, numChannels = 2
V/SoundPool-JNI( 9491): callback: (1, 1, 0, 0xabd4e960, 0x40099e)
D/SQLiteDatabase( 9491): endTransaction()
D/ActivityThread( 3356): BDC-Calling onReceive: intent=Intent { act=android.net.wifi.SCAN_RESULTS flg=0x4000010 cmp=com.android.settings/.MiuiSettingsReceiver (has extras) }, receiver=com.android.settings.MiuiSettingsReceiver@25c84559
D/ActivityThread( 1213): SVC-Calling onStartCommand: com.miui.internal.server.CoreService@1f3ddfd6, flags=0, startId=13634
D/ColorDrawable( 9491): setColor color = -1291845632, ColorDrawable = android.graphics.drawable.ColorDrawable@3c99f45c
D/ProgressBar( 9491): setMax, old = 100, new = 100, backtrace = android.widget.ProgressBar.<init>:302 android.widget.ProgressBar.<init>:264 com.sina.weibo.card.view.CardOperationHorizontalButtonView.f:270 com.sina.weibo.card.view.CardOperationHorizontalButtonView.<init>:236 com.sina.weibo.card.view.CardOperationHorizontalButtonView.<init>:240 , this = android.widget.ProgressBar{3abfe653 V.ED.... ........ 0,0-0,0}
D/ProgressBar( 9491): setProgress, old = 0, new = 0, max = 100, backtrace = android.widget.ProgressBar.setProgress:1337 android.widget.ProgressBar.<init>:304 android.widget.ProgressBar.<init>:264 com.sina.weibo.card.view.CardOperationHorizontalButtonView.f:270 com.sina.weibo.card.view.CardOperationHorizontalButtonView.<init>:236 , this = android.widget.ProgressBar{3abfe653 V.ED.... ........ 0,0-0,0}
D/ProgressBar( 9491): setSecondaryProgress, old = 0, new = 0, max = 100, backtrace = android.widget.ProgressBar.<init>:306 android.widget.ProgressBar.<init>:264 com.sina.weibo.card.view.CardOperationHorizontalButtonView.f:270 com.sina.weibo.card.view.CardOperationHorizontalButtonView.<init>:236 com.sina.weibo.card.view.CardOperationHorizontalButtonView.<init>:240 , this = android.widget.ProgressBar{3abfe653 V.ED.... ........ 0,0-0,0}
V/AudioTrackShared(  278): mAvailToClient=1024 stepCount=1024 minimum=1536
D/AudioTrack( 9491): write userSize 256
D/AudioTrack( 9491): write userSize 256
D/AudioTrack( 9491): write userSize 256
D/AudioTrack( 9491): write userSize 256
D/AudioTrack( 9491): write userSize 256
D/AudioTrack( 9491): write userSize 256
D/AudioTrack( 9491): write userSize 256
D/AudioTrack( 9491): write userSize 256
D/AudioTrack( 9491): write userSize 256
D/AudioTrack( 9491): write userSize 256
D/AudioTrack( 9491): write userSize 256
D/AudioTrack( 9491): write userSize 256
D/AudioTrack( 9491): write userSize 256
D/AudioTrack( 9491): write userSize 256
D/AudioTrack( 9491): write userSize 256
D/AudioTrack( 9491): write userSize 256
D/AudioTrack( 9491): write userSize 256
D/AudioTrack( 9491): write userSize 256
D/AudioTrack( 9491): write userSize 256
D/AudioTrack( 9491): write userSize 256
D/AudioTrack( 9491): write userSize 256
D/AudioTrack( 9491): write userSize 256
D/AudioTrack( 9491): write userSize 256
D/AudioTrack( 9491): write userSize 256
D/AudioTrack( 9491): write userSize 256
D/AudioTrack( 9491): write userSize 256
D/AudioTrack( 9491): write userSize 256
D/AudioTrack( 9491): write userSize 256
D/AudioTrack( 9491): write userSize 256
D/AudioTrack( 9491): write userSize 256
D/AudioTrack( 9491): write userSize 256
D/AudioTrack( 9491): write userSize 256
D/ActivityThread(18757): BDC-Calling onReceive: intent=Intent { act=com.tencent.mm.plugin.openapi.Intent.ACTION_HANDLE_APP_REGISTER flg=0x10 cmp=com.tencent.mm/.plugin.base.stub.WXEntryActivity$EntryReceiver (has extras) }, receiver=com.tencent.mm.plugin.base.stub.WXEntryActivity$EntryReceiver@45a0572
D/SQLiteDatabase( 9491): beginTransaction()
I/BufferQueueProducer( 9491): [unnamed-9491-0](this:0xabfb8cf8,id:0,api:2,p:9491,c:9491) queueBuffer: slot 1 is dropped, handle=0xac516ee0
W/ActivityManager(  779): getTasks: caller 10203 does not hold REAL_GET_TASKS; limiting output
I/GLConsumer( 9491): [unnamed-9491-0] detachFromContext
I/System.out( 9491): *** url=http://sdkapp.mobile.sina.cn/interface/sdk/actionad.php
D/libc-netbsd( 9491): [getaddrinfo]: hostname=sdkapp.mobile.sina.cn; servname=(null); cache_mode=(null), netid=0; mark=0
D/libc-netbsd( 9491): [getaddrinfo]: ai_addrlen=0; ai_canonname=(null); ai_flags=4; ai_family=0
D/libc-netbsd( 9491): [getaddrinfo]: hostname=sdkapp.mobile.sina.cn; servname=(null); cache_mode=(null), netid=0; mark=0
D/libc-netbsd( 9491): [getaddrinfo]: ai_addrlen=0; ai_canonname=(null); ai_flags=1024; ai_family=0
D/FrameworkListener(  274): dispatchCommand data = (getaddrinfo sdkapp.mobile.sina.cn ^ 1024 0 1 0 0)
D/libc-netbsd(  274): [getaddrinfo]: hostname=sdkapp.mobile.sina.cn; servname=(null); cache_mode=local, netid=390; mark=917894
D/libc-netbsd(  274): [getaddrinfo]: ai_addrlen=0; ai_canonname=(null); ai_flags=1024; ai_family=0
D/libc-netbsd(  274): default dns: query_ipv6=0, query_ipv4=1
D/libc-netbsd(  274): res_queryN name = sdkapp.mobile.sina.cn, class = 1, type = 1
D/libc-netbsd(  274): res_queryN name = sdkapp.mobile.sina.cn succeed
D/SocketClient(  274): SocketClient sendData done: 222
D/SocketClient(  274): SocketClient sendData done: 
D/SocketClient(  274): SocketClient sendData done: 
D/SocketClient(  274): SocketClient sendData done: 
D/SocketClient(  274): SocketClient sendData done: 
D/SocketClient(  274): SocketClient sendData done: 
D/SocketClient(  274): SocketClient sendData done: 
D/libc-netbsd( 9491): getaddrinfo: sdkapp.mobile.sina.cn get result from proxy >>
I/System.out( 9491): propertyValue:true
V/ActivityManager(  779): Broadcast: Intent { act=ACTION_VIDEO_SAVE_LOG flg=0x10 } ordered=false userid=0 callerApp=ProcessRecord{7f0a8b0 9491:com.sina.weibo/u0a203}
I/System.out( 9491): [CDS]rx timeout:60000
I/System.out( 9491): [socket][36] connection sdkapp.mobile.sina.cn/123.125.29.147:80;LocalPort=43675(30000)
I/System.out( 9491): [CDS]connect[sdkapp.mobile.sina.cn/123.125.29.147:80] tm:30
D/SocketClient(  274): SocketClient sendData done: 
D/SQLiteDatabase( 9491): endTransaction()
D/Posix   ( 9491): [Posix_connect Debug]Process com.sina.weibo :80 
D/PerfServiceManager(  779): [PerfService] MESSAGE_TIMER_SCN_SW_FRAME_UPDATE 
I/libPerfService(  779): 7: set: 3
I/libPerfService(  779): 7: set freq: 1183000
D/WeiboMediaCacheInfo( 9491): urlName: http://gslb.miaopai.com/stream/oFj6uqw6FWvq5FqejgLf-w__.mp4?yx=&refer=weibo_app&Expires=1488467101&ssig=lNX2QfQs5M&KID=unistore,videocacheKey: 2017607e97502c49029435faeea0e3323a0b847_L3N0cmVhbS9vRmo2dXF3NkZXdnE1RnFlamdMZi13X18ubXA0_mp4_sdcacheName: /storage/emulated/0/sina/weibo/.weibo_video_cache/2017607e97502c49029435faeea0e3323a0b847_L3N0cmVhbS9vRmo2dXF3NkZXdnE1RnFlamdMZi13X18ubXA0_mp4_sd.mp4wz23931062cz:1146880cd6271
V/AudioTrackShared(  278): mAvailToClient=1024 stepCount=1024 minimum=1536
E/BroadcastQueue(  779): Process ProcessRecord{20e92d1a 0:com.youyouza.pedmeter/u0a215} has been restarted , so skip the broadcast BroadcastRecord{1cba25c0 u0 com.youyouza.updateUI.pedemeter}
I/BufferQueueProducer( 9491): [unnamed-9491-0](this:0xabfb8cf8,id:0,api:2,p:9491,c:9491) queueBuffer: slot 2 is dropped, handle=0xabf9cf00
V/AudioTrackShared(  278): mAvailToClient=1984 stepCount=1024 minimum=1536
D/ActivityThread( 9912): SVC-Creating service: CreateServiceData{token=android.os.BinderProxy@52ec5 className=com.xiaomi.mipush.sdk.PushMessageHandler packageName=com.miui.virtualsim intent=null}
D/ActivityThread( 9912): SVC-Calling onStartCommand: com.xiaomi.mipush.sdk.PushMessageHandler@7d3201a, flags=0, startId=1
D/AudioTrack( 9491): write userSize 256
D/AudioTrack( 9491): write userSize 256
D/AudioTrack( 9491): write userSize 256
D/AudioTrack( 9491): write userSize 256
D/AudioTrack( 9491): write userSize 256
D/AudioTrack( 9491): write userSize 256
D/AudioTrack( 9491): write userSize 256
D/AudioTrack( 9491): write userSize 256
D/AudioTrack( 9491): write userSize 256
D/AudioTrack( 9491): write userSize 256
D/AudioTrack( 9491): write userSize 256
D/AudioTrack( 9491): write userSize 256
D/AudioTrack( 9491): write userSize 256
D/AudioTrack( 9491): write userSize 256
D/AudioTrack( 9491): write userSize 256
D/AudioTrack( 9491): write userSize 256
D/AudioTrack( 9491): write userSize 256
D/AudioTrack( 9491): write userSize 256
D/AudioTrack( 9491): write userSize 256
D/AudioTrack( 9491): write userSize 256
D/AudioTrack( 9491): write userSize 256
D/AudioTrack( 9491): write userSize 256
D/AudioTrack( 9491): write userSize 256
D/AudioTrack( 9491): write userSize 256
D/AudioTrack( 9491): write userSize 256
D/AudioTrack( 9491): write userSize 256
D/AudioTrack( 9491): write userSize 256
D/AudioTrack( 9491): write userSize 256
D/AudioTrack( 9491): write userSize 256
D/AudioTrack( 9491): write userSize 256
D/AudioTrack( 9491): write userSize 256
D/AudioTrack( 9491): write userSize 256
D/AudioTrack( 9491): write userSize 256
D/AudioTrack( 9491): write userSize 256
D/AudioTrack( 9491): write userSize 256
D/AudioTrack( 9491): write userSize 256
D/AudioTrack( 9491): write userSize 256
D/AudioTrack( 9491): write userSize 256
D/AudioTrack( 9491): write userSize 256
D/AudioTrack( 9491): write userSize 256
D/AudioTrack( 9491): write userSize 256
D/AudioTrack( 9491): write userSize 256
D/AudioTrack( 9491): write userSize 256
D/AudioTrack( 9491): write userSize 256
D/AudioTrack( 9491): write userSize 256
D/AudioTrack( 9491): write userSize 256
D/AudioTrack( 9491): write userSize 256
D/AudioTrack( 9491): write userSize 256
I/sdcard  (  318): [fuse_debug] fuse.free_size (update with statfs) = 1403248640
I/System.out( 9491): [socket][/192.168.0.107:43675] connected
I/System.out( 9491): [OkHttp] sendRequest>>
I/System.out( 9491): [OkHttp] sendRequest<<
I/System.out( 9491): Close in OkHttp:0
I/System.out( 9491): [CDS]close[49739]
I/System.out( 9491): *** url=http://api.weibo.cn/2/remind/unread_count?remind_version=302&networktype=wifi&with_comment_attitude=1&ext_all=1&moduleID=700&wb_version=3322&c=android&i=5a9e285&s=63f5fa0a&ua=Xiaomi-Redmi%20Note%202__weibo__7.1.0__android__android5.0.2&wm=3333_1001&aid=01AipeGvJdBM_cCk_hfQhOdsOqs4Du4KiluWVUOUP0gr4mC1o.&idc=&v_f=2&from=1071095010&gsid=_2A251s6eFDeRxGeVN61IS9i7LzTuIHXVU_U2HrDV6PUJbkdANLVL6kWpIiKVEg_Aqs2BAQFfcVWFTRC-vWA..&lang=zh_CN&skin=default&oldwm=3333_1001&sflag=1&with_settings=1&unread_message=1&with_common_cmt=1&with_page_group=1
D/libc-netbsd( 9491): [getaddrinfo]: hostname=api.weibo.cn; servname=(null); cache_mode=(null), netid=0; mark=0
D/libc-netbsd( 9491): [getaddrinfo]: ai_addrlen=0; ai_canonname=(null); ai_flags=4; ai_family=0
I/System.out( 9491): [CDS]rx timeout:60000
I/System.out( 9491): [socket][37] connection api.weibo.cn/121.194.0.143:80;LocalPort=56130(30000)
I/System.out( 9491): [CDS]connect[api.weibo.cn/121.194.0.143:80] tm:30
D/SocketClient(  274): SocketClient sendData done: 
D/ActivityThread( 1285): SVC-Calling onStartCommand: com.xiaomi.push.service.XMPushService@278ef241, flags=0, startId=21616
V/ActivityManager(  779): Broadcast: Intent { act=com.sina.weibo.video.debug.ACTION_PLAYER_LOG_SAVED flg=0x10 (has extras) } ordered=false userid=0 callerApp=ProcessRecord{7f0a8b0 9491:com.sina.weibo/u0a203}
D/Posix   ( 9491): [Posix_connect Debug]Process com.sina.weibo :80 
V/ActivityManager(  779): Broadcast: Intent { act=com.sina.weibo.video.debug.ACTION_PLAYER_LOG_SAVED flg=0x10 (has extras) } ordered=false userid=0 callerApp=ProcessRecord{7f0a8b0 9491:com.sina.weibo/u0a203}
I/System.out( 9491): Close in OkHttp:0
I/System.out( 9491): [CDS]close[52263]
I/System.out( 9491): *** url=http://api.weibo.cn/2/live/push?networktype=wifi&moduleID=700&wb_version=3322&weibolive_feed_banner=1&c=android&i=5a9e285&s=63f5fa0a&ua=Xiaomi-Redmi%20Note%202__weibo__7.1.0__android__android5.0.2&wm=3333_1001&aid=01AipeGvJdBM_cCk_hfQhOdsOqs4Du4KiluWVUOUP0gr4mC1o.&v_f=2&from=1071095010&gsid=_2A251s6eFDeRxGeVN61IS9i7LzTuIHXVU_U2HrDV6PUJbkdANLVL6kWpIiKVEg_Aqs2BAQFfcVWFTRC-vWA..&lang=zh_CN&skin=default&oldwm=3333_1001&sflag=1
I/BufferQueueProducer( 9491): [unnamed-9491-0](this:0xabfb8cf8,id:0,api:2,p:9491,c:9491) queueBuffer: slot 1 is dropped, handle=0xac516ee0
D/libc-netbsd( 9491): [getaddrinfo]: hostname=api.weibo.cn; servname=(null); cache_mode=(null), netid=0; mark=0
D/libc-netbsd( 9491): [getaddrinfo]: ai_addrlen=0; ai_canonname=(null); ai_flags=4; ai_family=0
I/art     ( 9491): Background sticky concurrent mark sweep GC freed 78095(5MB) AllocSpace objects, 10(190KB) LOS objects, 7% free, 52MB/56MB, paused 27.577ms total 87.836ms
I/System.out( 9491): [CDS]rx timeout:60000
I/System.out( 9491): [socket][38] connection api.weibo.cn/121.194.0.143:80;LocalPort=58286(30000)
I/System.out( 9491): [CDS]connect[api.weibo.cn/121.194.0.143:80] tm:30
D/SocketClient(  274): SocketClient sendData done: 
D/Posix   ( 9491): [Posix_connect Debug]Process com.sina.weibo :80 
I/System.out( 9491): *** url=http://us.sinaimg.cn/0013vhcbjx079c374Imr01040100qC4f0k01.mp4?label=inch_5_5_mp4_hd&Expires=1488467140&ssig=R1RlW58jWa&KID=unistore,video
D/libc-netbsd( 9491): [getaddrinfo]: hostname=us.sinaimg.cn; servname=(null); cache_mode=(null), netid=0; mark=0
D/libc-netbsd( 9491): [getaddrinfo]: ai_addrlen=0; ai_canonname=(null); ai_flags=4; ai_family=0
I/System.out( 9491): [CDS]rx timeout:0
I/System.out( 9491): [socket][39] connection us.sinaimg.cn/222.192.186.38:80;LocalPort=53756(0)
I/System.out( 9491): [CDS]connect[us.sinaimg.cn/222.192.186.38:80] tm:90
D/SocketClient(  274): SocketClient sendData done: 
D/Posix   ( 9491): [Posix_connect Debug]Process com.sina.weibo :80 
D/ActivityThread( 9912): SVC-Creating service: CreateServiceData{token=android.os.BinderProxy@16c8c74b className=com.xiaomi.mipush.sdk.MessageHandleService packageName=com.miui.virtualsim intent=null}
I/System.out( 9491): [socket][/192.168.0.107:53756] connected
I/System.out( 9491): [OkHttp] sendRequest>>
I/System.out( 9491): [OkHttp] sendRequest<<
D/WeiboMediaCacheInfo( 9491): urlName: http://gslb.miaopai.com/stream/oFj6uqw6FWvq5FqejgLf-w__.mp4?yx=&refer=weibo_app&Expires=1488467101&ssig=lNX2QfQs5M&KID=unistore,videocacheKey: 2017607e97502c49029435faeea0e3323a0b847_L3N0cmVhbS9vRmo2dXF3NkZXdnE1RnFlamdMZi13X18ubXA0_mp4_sdcacheName: /storage/emulated/0/sina/weibo/.weibo_video_cache/2017607e97502c49029435faeea0e3323a0b847_L3N0cmVhbS9vRmo2dXF3NkZXdnE1RnFlamdMZi13X18ubXA0_mp4_sd.mp4wz23931062cz:1179648cd6511
V/AudioTrackShared(  278): mAvailToClient=1024 stepCount=1024 minimum=1536
D/AudioTrack( 9491): write userSize 256
D/AudioTrack( 9491): write userSize 256
D/AudioTrack( 9491): write userSize 256
D/AudioTrack( 9491): write userSize 256
D/AudioTrack( 9491): write userSize 256
D/AudioTrack( 9491): write userSize 256
D/AudioTrack( 9491): write userSize 256
D/AudioTrack( 9491): write userSize 256
D/AudioTrack( 9491): write userSize 256
D/AudioTrack( 9491): write userSize 256
D/AudioTrack( 9491): write userSize 256
D/AudioTrack( 9491): write userSize 256
D/AudioTrack( 9491): write userSize 256
D/AudioTrack( 9491): write userSize 256
D/AudioTrack( 9491): write userSize 256
D/AudioTrack( 9491): write userSize 256
D/AudioTrack( 9491): write userSize 256
D/AudioTrack( 9491): write userSize 256
D/AudioTrack( 9491): write userSize 256
D/AudioTrack( 9491): write userSize 256
D/AudioTrack( 9491): write userSize 256
D/AudioTrack( 9491): write userSize 256
D/AudioTrack( 9491): write userSize 256
D/AudioTrack( 9491): write userSize 256
D/AudioTrack( 9491): write userSize 256
D/AudioTrack( 9491): write userSize 256
D/AudioTrack( 9491): write userSize 256
D/AudioTrack( 9491): write userSize 256
D/AudioTrack( 9491): write userSize 256
D/AudioTrack( 9491): write userSize 256
D/AudioTrack( 9491): write userSize 256
D/AudioTrack( 9491): write userSize 256
D/ColorDrawable( 9491): setColor color = 16777216, ColorDrawable = android.graphics.drawable.ColorDrawable@33be9f41
I/System.out( 9491): [socket][/192.168.0.107:56130] connected
I/System.out( 9491): [OkHttp] sendRequest>>
I/System.out( 9491): [OkHttp] sendRequest<<
D/StatusBar.NetworkController(29805): onSignalStrengthsChanged received on slotId :0signalStrength=SignalStrength: 23 67 -120 -160 -7 0 -1 99 -74 -8 2147483647 2147483647 gsm|lte 1 1 1 level=5 cdmdlevel=0 evdolevel=0
V/ActivityManager(  779): Broadcast sticky: Intent { act=android.intent.action.SIG_STR flg=0x20000010 (has extras) } ordered=false userid=-1 callerApp=ProcessRecord{2d221f8e 779:system/1000}
D/ColorDrawable( 9491): setColor color = 16777216, ColorDrawable = android.graphics.drawable.ColorDrawable@1dbbc82a
I/System.out( 9491): [socket][/192.168.0.107:58286] connected
I/System.out( 9491): [OkHttp] sendRequest>>
I/System.out( 9491): [OkHttp] sendRequest<<
W/ActivityManager(  779): getRunningAppProcesses: caller 10203 does not hold REAL_GET_TASKS; limiting output
D/ActivityThread( 9912): SVC-Calling onStartCommand: com.xiaomi.mipush.sdk.MessageHandleService@f37e528, flags=0, startId=1
D/ActivityThread( 9912): SVC-Destroying service: com.xiaomi.mipush.sdk.PushMessageHandler@7d3201a
I/BufferQueueProducer( 9491): [unnamed-9491-0](this:0xabfb8cf8,id:0,api:2,p:9491,c:9491) queueBuffer: slot 2 is dropped, handle=0xabf9cf00
W/ActivityManager(  779): getRunningAppProcesses: caller 10203 does not hold REAL_GET_TASKS; limiting output
D/ActivityThread( 9912): SVC-Destroying service: com.xiaomi.mipush.sdk.MessageHandleService@f37e528
D/skia    ( 9491): jpeg_decoder mode 0, colorType 4, w 180, h 180, sample 1, bsLength 0!!
D/skia    ( 9491): jpeg_decoder mode 1, colorType 4, w 180, h 180, sample 1, bsLength 0!!
D/skia    ( 9491): jpeg_decoder finish successfully, L:1822!!!
I/System.out( 9491): *** url=http://api.weibo.cn/2/client/throw_batch?networktype=wifi&isgzip=1&moduleID=700&wb_version=3322&c=android&i=5a9e285&s=63f5fa0a&ua=Xiaomi-Redmi%20Note%202__weibo__7.1.0__android__android5.0.2&wm=3333_1001&aid=01AipeGvJdBM_cCk_hfQhOdsOqs4Du4KiluWVUOUP0gr4mC1o.&v_f=2&from=1071095010&gsid=_2A251s6eFDeRxGeVN61IS9i7LzTuIHXVU_U2HrDV6PUJbkdANLVL6kWpIiKVEg_Aqs2BAQFfcVWFTRC-vWA..&lang=zh_CN&skin=default&oldwm=3333_1001&sflag=1
D/libc-netbsd( 9491): [getaddrinfo]: hostname=api.weibo.cn; servname=(null); cache_mode=(null), netid=0; mark=0
D/libc-netbsd( 9491): [getaddrinfo]: ai_addrlen=0; ai_canonname=(null); ai_flags=4; ai_family=0
I/System.out( 9491): [CDS]rx timeout:60000
I/System.out( 9491): [socket][40] connection api.weibo.cn/121.194.0.143:80;LocalPort=57905(30000)
I/System.out( 9491): [CDS]connect[api.weibo.cn/121.194.0.143:80] tm:30
D/SocketClient(  274): SocketClient sendData done: 
D/Posix   ( 9491): [Posix_connect Debug]Process com.sina.weibo :80 
W/ActivityManager(  779): getRunningAppProcesses: caller 10029 does not hold REAL_GET_TASKS; limiting output
I/System.out( 9491): *** url=http://ww3.sinaimg.cn/orj480/638cfb82jw1fd7qvvgqi8j20nq0dcmxl.jpg
D/libc-netbsd( 9491): [getaddrinfo]: hostname=ww3.sinaimg.cn; servname=(null); cache_mode=(null), netid=0; mark=0
D/libc-netbsd( 9491): [getaddrinfo]: ai_addrlen=0; ai_canonname=(null); ai_flags=4; ai_family=0
D/libc-netbsd( 9491): [getaddrinfo]: hostname=ww3.sinaimg.cn; servname=(null); cache_mode=(null), netid=0; mark=0
D/libc-netbsd( 9491): [getaddrinfo]: ai_addrlen=0; ai_canonname=(null); ai_flags=1024; ai_family=0
D/FrameworkListener(  274): dispatchCommand data = (getaddrinfo ww3.sinaimg.cn ^ 1024 0 1 0 0)
D/libc-netbsd(  274): [getaddrinfo]: hostname=ww3.sinaimg.cn; servname=(null); cache_mode=local, netid=390; mark=917894
D/libc-netbsd(  274): [getaddrinfo]: ai_addrlen=0; ai_canonname=(null); ai_flags=1024; ai_family=0
D/libc-netbsd(  274): default dns: query_ipv6=0, query_ipv4=1
D/libc-netbsd(  274): res_queryN name = ww3.sinaimg.cn, class = 1, type = 1
D/libc-netbsd(  274): netid=390, dns0:192.168.1.1
D/libc-netbsd(  274): netid=390, dns1:192.168.0.1
D/libc-netbsd(  274): netid=390, dns2:8.8.8.8
V/AudioTrackShared(  278): mAvailToClient=1024 stepCount=1024 minimum=1536
D/AudioTrack( 9491): write userSize 256
D/AudioTrack( 9491): write userSize 256
D/AudioTrack( 9491): write userSize 256
D/AudioTrack( 9491): write userSize 256
D/AudioTrack( 9491): write userSize 256
D/AudioTrack( 9491): write userSize 256
D/AudioTrack( 9491): write userSize 256
D/AudioTrack( 9491): write userSize 256
D/AudioTrack( 9491): write userSize 256
D/AudioTrack( 9491): write userSize 256
D/AudioTrack( 9491): write userSize 256
D/AudioTrack( 9491): write userSize 256
D/AudioTrack( 9491): write userSize 256
D/AudioTrack( 9491): write userSize 256
D/AudioTrack( 9491): write userSize 256
D/AudioTrack( 9491): write userSize 256
D/AudioTrack( 9491): write userSize 256
D/AudioTrack( 9491): write userSize 256
D/AudioTrack( 9491): write userSize 256
D/AudioTrack( 9491): write userSize 256
D/AudioTrack( 9491): write userSize 256
D/AudioTrack( 9491): write userSize 256
D/AudioTrack( 9491): write userSize 256
D/AudioTrack( 9491): write userSize 256
D/AudioTrack( 9491): write userSize 256
D/AudioTrack( 9491): write userSize 256
D/AudioTrack( 9491): write userSize 256
D/AudioTrack( 9491): write userSize 256
D/AudioTrack( 9491): write userSize 256
D/AudioTrack( 9491): write userSize 256
D/AudioTrack( 9491): write userSize 256
D/AudioTrack( 9491): write userSize 256
I/ActivityManager(  779): Killing 9637:com.kdanmobile.android.pdfreader.google.pad/u0a29 (adj 9): kill background
D/ActivityManager(  779): SVC-handleAppDiedLocked: app = ProcessRecord{3cc4975e 9637:com.kdanmobile.android.pdfreader.google.pad/u0a29}, app.pid = 9637
D/ActivityManager(  779): cleanUpApplicationRecord -- 9637
V/ActivityManager(  779): cleanUpApplicationRecordLocked:restart=false
D/ActivityManager(  779): SVC-mBroadcastQueues: com.android.server.am.BroadcastQueue@3de45b7e
D/ActivityManager(  779): SVC-mBroadcastQueues: com.android.server.am.BroadcastQueue@2f8f88df
D/PowerKeeperPolicy(  779): killSensorsByUid uid = 10029 pid = 9637
I/BufferQueueProducer( 9491): [unnamed-9491-0](this:0xabfb8cf8,id:0,api:2,p:9491,c:9491) queueBuffer: slot 1 is dropped, handle=0xac516ee0
D/libc-netbsd(  274): res_queryN name = ww3.sinaimg.cn succeed
D/SocketClient(  274): SocketClient sendData done: 222
D/SocketClient(  274): SocketClient sendData done: 
D/SocketClient(  274): SocketClient sendData done: 
D/SocketClient(  274): SocketClient sendData done: 
D/SocketClient(  274): SocketClient sendData done: 
D/SocketClient(  274): SocketClient sendData done: 
D/SocketClient(  274): SocketClient sendData done: 
D/SocketClient(  274): SocketClient sendData done: 
D/SocketClient(  274): SocketClient sendData done: 
D/SocketClient(  274): SocketClient sendData done: 
D/SocketClient(  274): SocketClient sendData done: 
D/SocketClient(  274): SocketClient sendData done: 
D/libc-netbsd( 9491): getaddrinfo: ww3.sinaimg.cn get result from proxy >>
I/System.out( 9491): propertyValue:true
I/System.out( 9491): [CDS]rx timeout:60000
I/System.out( 9491): [socket][41] connection ww3.sinaimg.cn/222.192.186.38:80;LocalPort=53038(30000)
I/System.out( 9491): [CDS]connect[ww3.sinaimg.cn/222.192.186.38:80] tm:30
D/SocketClient(  274): SocketClient sendData done: 
D/Posix   ( 9491): [Posix_connect Debug]Process com.sina.weibo :80 
I/System.out( 9491): [socket][/192.168.0.107:53038] connected
I/System.out( 9491): [OkHttp] sendRequest>>
I/System.out( 9491): [OkHttp] sendRequest<<
I/System.out( 9491): Close in OkHttp:0
I/System.out( 9491): [CDS]close[58286]
I/System.out( 9491): Close in OkHttp:0
I/System.out( 9491): [CDS]close[58103]
I/System.out( 9491): [socket][/192.168.0.107:57905] connected
I/System.out( 9491): *** url=http://ww4.sinaimg.cn/orj480/006Blo3Tjw1fd8qwcmci4j31hc0u00zs.jpg
D/libc-netbsd( 9491): [getaddrinfo]: hostname=ww4.sinaimg.cn; servname=(null); cache_mode=(null), netid=0; mark=0
D/libc-netbsd( 9491): [getaddrinfo]: ai_addrlen=0; ai_canonname=(null); ai_flags=4; ai_family=0
D/libc-netbsd( 9491): [getaddrinfo]: hostname=ww4.sinaimg.cn; servname=(null); cache_mode=(null), netid=0; mark=0
D/libc-netbsd( 9491): [getaddrinfo]: ai_addrlen=0; ai_canonname=(null); ai_flags=1024; ai_family=0
D/FrameworkListener(  274): dispatchCommand data = (getaddrinfo ww4.sinaimg.cn ^ 1024 0 1 0 0)
D/libc-netbsd(  274): [getaddrinfo]: hostname=ww4.sinaimg.cn; servname=(null); cache_mode=local, netid=390; mark=917894
D/libc-netbsd(  274): [getaddrinfo]: ai_addrlen=0; ai_canonname=(null); ai_flags=1024; ai_family=0
D/libc-netbsd(  274): default dns: query_ipv6=0, query_ipv4=1
D/libc-netbsd(  274): res_queryN name = ww4.sinaimg.cn, class = 1, type = 1
D/libc-netbsd(  274): netid=390, dns0:192.168.1.1
D/libc-netbsd(  274): netid=390, dns1:192.168.0.1
D/libc-netbsd(  274): netid=390, dns2:8.8.8.8
D/ListView( 9491): mSelectorRect.setEmpty in layoutChildren this=android.widget.ListView{1b10c815 VFED.VCL .F....ID 0,186-1080,1784 #7f11052c app:id/lvUser}
D/ProgressBar( 9491): setProgress, old = 4, new = 0, max = 1000, backtrace = android.widget.ProgressBar.setProgress:1337 com.sina.weibo.video.feed2.VideoPlayerProgressbar.setProgress:92 com.sina.weibo.video.b.i.a:1301 com.sina.weibo.video.b.i.a:1248 com.sina.weibo.video.b.i.c:1225 , this = android.widget.ProgressBar{2f391635 V.ED.... ........ 0,66-1005,75 #7f110154 app:id/progressbar}
W/View    ( 9491): requestLayout() improperly called by com.sina.weibo.card.view.SmallPageVideoView{3f1e55c9 V.E..... ......ID 3,0-1008,565} during layout: running second layout pass
W/View    ( 9491): requestLayout() improperly called by android.widget.FrameLayout{121a2fef V.E...C. ......ID 0,0-1005,565 #7f110348 app:id/card_video_layout} during layout: running second layout pass
W/View    ( 9491): requestLayout() improperly called by android.widget.ImageView{35dbd14f V.ED.... ......ID 0,0-1005,565 #7f110f54 app:id/video_cover_view} during layout: running second layout pass
V/AudioTrackShared(  278): mAvailToClient=1024 stepCount=1024 minimum=1536
D/AudioTrack( 9491): write userSize 256
D/AudioTrack( 9491): write userSize 256
D/AudioTrack( 9491): write userSize 256
D/AudioTrack( 9491): write userSize 256
D/AudioTrack( 9491): write userSize 256
D/AudioTrack( 9491): write userSize 256
D/AudioTrack( 9491): write userSize 256
D/AudioTrack( 9491): write userSize 256
D/AudioTrack( 9491): write userSize 256
D/AudioTrack( 9491): write userSize 256
D/AudioTrack( 9491): write userSize 256
D/AudioTrack( 9491): write userSize 256
D/AudioTrack( 9491): write userSize 256
D/AudioTrack( 9491): write userSize 256
D/AudioTrack( 9491): write userSize 256
D/AudioTrack( 9491): write userSize 256
D/AudioTrack( 9491): write userSize 256
D/AudioTrack( 9491): write userSize 256
D/AudioTrack( 9491): write userSize 256
D/AudioTrack( 9491): write userSize 256
D/AudioTrack( 9491): write userSize 256
D/AudioTrack( 9491): write userSize 256
D/AudioTrack( 9491): write userSize 256
D/AudioTrack( 9491): write userSize 256
D/AudioTrack( 9491): write userSize 256
D/AudioTrack( 9491): write userSize 256
D/AudioTrack( 9491): write userSize 256
D/AudioTrack( 9491): write userSize 256
D/AudioTrack( 9491): write userSize 256
D/AudioTrack( 9491): write userSize 256
D/AudioTrack( 9491): write userSize 256
D/AudioTrack( 9491): write userSize 256
D/ListView( 9491): mSelectorRect.setEmpty in layoutChildren this=android.widget.ListView{1b10c815 VFED.VCL .F....ID 0,186-1080,1784 #7f11052c app:id/lvUser}
D/ColorDrawable( 9491): Color = -16777216, canvas = android.view.GLES20RecordingCanvas@23874ab2, mTintMode = SRC_IN, mTint = null, ColorDrawable = android.graphics.drawable.ColorDrawable@29f9d294
D/ColorDrawable( 9491): Color = -855310, canvas = android.view.GLES20RecordingCanvas@c5b7a93, mTintMode = SRC_IN, mTint = null, ColorDrawable = android.graphics.drawable.ColorDrawable@144ef382
D/ColorDrawable( 9491): Color = -855310, canvas = android.view.GLES20RecordingCanvas@3d352fdf, mTintMode = SRC_IN, mTint = null, ColorDrawable = android.graphics.drawable.ColorDrawable@3c8ce9bd
D/ColorDrawable( 9491): Color = 16777216, canvas = android.view.GLES20RecordingCanvas@1b3f4a55, mTintMode = SRC_IN, mTint = null, ColorDrawable = android.graphics.drawable.ColorDrawable@1dbbc82a
I/BufferQueueProducer( 9491): [unnamed-9491-0](this:0xabfb8cf8,id:0,api:2,p:9491,c:9491) queueBuffer: slot 2 is dropped, handle=0xabf9cf00
D/libc-netbsd(  274): res_queryN name = ww4.sinaimg.cn succeed
D/SocketClient(  274): SocketClient sendData done: 222
D/SocketClient(  274): SocketClient sendData done: 
D/SocketClient(  274): SocketClient sendData done: 
D/SocketClient(  274): SocketClient sendData done: 
D/SocketClient(  274): SocketClient sendData done: 
D/SocketClient(  274): SocketClient sendData done: 
D/SocketClient(  274): SocketClient sendData done: 
D/SocketClient(  274): SocketClient sendData done: 
D/SocketClient(  274): SocketClient sendData done: 
D/SocketClient(  274): SocketClient sendData done: 
D/SocketClient(  274): SocketClient sendData done: 
D/SocketClient(  274): SocketClient sendData done: 
D/libc-netbsd( 9491): getaddrinfo: ww4.sinaimg.cn get result from proxy >>
I/System.out( 9491): propertyValue:true
I/System.out( 9491): [CDS]rx timeout:60000
I/System.out( 9491): [socket][42] connection ww4.sinaimg.cn/222.192.186.37:80;LocalPort=44027(30000)
I/System.out( 9491): [CDS]connect[ww4.sinaimg.cn/222.192.186.37:80] tm:30
D/SocketClient(  274): SocketClient sendData done: 
D/Posix   ( 9491): [Posix_connect Debug]Process com.sina.weibo :80 
D/ColorDrawable( 9491): Color = 867085998, canvas = android.view.GLES20RecordingCanvas@3556bc6a, mTintMode = SRC_IN, mTint = null, ColorDrawable = android.graphics.drawable.ColorDrawable@752b55b
D/ColorDrawable( 9491): Color = -16777216, canvas = android.view.GLES20RecordingCanvas@3556bc6a, mTintMode = SRC_IN, mTint = null, ColorDrawable = android.graphics.drawable.ColorDrawable@1bbdb917
I/BufferQueue( 9491): [unnamed-9491-1](this:0xac827558,id:1,api:0,p:-1,c:-1) BufferQueue core=(9491:com.sina.weibo)
I/BufferQueueConsumer( 9491): [unnamed-9491-1](this:0xac827558,id:1,api:0,p:-1,c:9491) connect(C): consumer=(9491:com.sina.weibo) controlledByApp=true
I/BufferQueueConsumer( 9491): [unnamed-9491-1](this:0xac827558,id:1,api:0,p:-1,c:9491) setConsumerName: unnamed-9491-1
I/BufferQueueConsumer( 9491): [unnamed-9491-1](this:0xac827558,id:1,api:0,p:-1,c:9491) setDefaultBufferSize: width=1005 height=565
I/System.out( 9491): [OkHttp] sendRequest>>
I/System.out( 9491): [OkHttp] sendRequest<<
V/ActivityManager(  779): Broadcast: Intent { act=com.sina.weibo.video.debug.ACTION_PLAYER_LOG_START flg=0x10 } ordered=false userid=0 callerApp=ProcessRecord{7f0a8b0 9491:com.sina.weibo/u0a203}
I/System.out( 9491): [socket][/192.168.0.107:44027] connected
I/System.out( 9491): [OkHttp] sendRequest>>
I/System.out( 9491): [OkHttp] sendRequest<<
I/BufferQueueProducer( 9491): [unnamed-9491-0](this:0xabfb8cf8,id:0,api:2,p:9491,c:9491) queueBuffer: slot 1 is dropped, handle=0xac516ee0
I/BufferQueueProducer( 9491): [unnamed-9491-0](this:0xabfb8cf8,id:0,api:2,p:-1,c:9491) disconnect(P): api 2
I/BufferQueueConsumer( 9491): [unnamed-9491-0](this:0xabfb8cf8,id:0,api:2,p:-1,c:9491) getReleasedBuffers: returning mask 0xfffffffffffffffb
D/GraphicBuffer(  256): free, handle(0x55a2156d50) (w:640 h:360 s:640 f:0x2 u:0x000133)
