E/WifiStateMachine(  779): Readl[crc=0 timeout=0] Writel[crc=0 timeout=0] ReadSb[crc=0 timeout=0] writeSb[crc=0 timeout=0]
V/ActivityManager(  779): Broadcast sticky: Intent { act=android.net.wifi.RSSI_CHANGED flg=0x4000010 (has extras) } ordered=false userid=-1 callerApp=ProcessRecord{2d221f8e 779:system/1000}
D/WifiStateMachine(  779): mLastSignalLevel:3, newSignalLevel:4
E/WifiConfigStore(  779): updateConfiguration freq=2412 BSSID=24:69:68:bb:b9:ec RSSI=-55 "TP-LINK_B9EC"-WPA_PSK
V/ActivityManager(  779): Broadcast sticky: Intent { act=android.net.wifi.RSSI_CHANGED flg=0x4000010 (has extras) } ordered=false userid=-1 callerApp=ProcessRecord{2d221f8e 779:system/1000}
D/WifiWatchdogStateMachine(  779): RSSI current: 3 new: -54, 4
D/WifiWatchdogStateMachine(  779): RSSI current: 4 new: -54, 4
V/AudioTrackShared(  278): mAvailToClient=1024 stepCount=1024 minimum=1536
D/AudioTrack( 9491): write userSize 256
D/AudioTrack( 9491): write userSize 256
D/AudioTrack( 9491): write userSize 256
D/AudioTrack( 9491): write userSize 256
D/AudioTrack( 9491): write userSize 256
D/AudioTrack( 9491): write userSize 256
D/AudioTrack( 9491): write userSize 256
D/AudioTrack( 9491): write userSize 256
D/AudioTrack( 9491): write userSize 256
D/AudioTrack( 9491): write userSize 256
D/AudioTrack( 9491): write userSize 256
D/AudioTrack( 9491): write userSize 256
D/AudioTrack( 9491): write userSize 256
D/AudioTrack( 9491): write userSize 256
D/AudioTrack( 9491): write userSize 256
D/AudioTrack( 9491): write userSize 256
D/AudioTrack( 9491): write userSize 256
D/AudioTrack( 9491): write userSize 256
D/AudioTrack( 9491): write userSize 256
D/AudioTrack( 9491): write userSize 256
D/AudioTrack( 9491): write userSize 256
D/AudioTrack( 9491): write userSize 256
D/AudioTrack( 9491): write userSize 256
D/AudioTrack( 9491): write userSize 256
D/AudioTrack( 9491): write userSize 256
D/AudioTrack( 9491): write userSize 256
D/AudioTrack( 9491): write userSize 256
D/AudioTrack( 9491): write userSize 256
D/AudioTrack( 9491): write userSize 256
D/AudioTrack( 9491): write userSize 256
D/AudioTrack( 9491): write userSize 256
D/AudioTrack( 9491): write userSize 256
D/StatusBar.NetworkController(29805): slot=-10;action=android.net.wifi.RSSI_CHANGED
D/StatusBar.NetworkController(29805): updateNetworkName chosenNetType=13;mNetworkName[0]= 4G
D/ColorDrawable( 9491): Color = -855310, canvas = android.view.GLES20RecordingCanvas@6a30907, mTintMode = SRC_IN, mTint = null, ColorDrawable = android.graphics.drawable.ColorDrawable@144ef382
D/StatusBar.NetworkController(29805): slot=-10;action=android.net.wifi.RSSI_CHANGED
D/StatusBar.NetworkController(29805): updateNetworkName chosenNetType=13;mNetworkName[0]= 4G
D/ColorDrawable( 9491): Color = -855310, canvas = android.view.GLES20RecordingCanvas@6a30907, mTintMode = SRC_IN, mTint = null, ColorDrawable = android.graphics.drawable.ColorDrawable@144ef382
D/ColorDrawable( 9491): Color = -855310, canvas = android.view.GLES20RecordingCanvas@6a30907, mTintMode = SRC_IN, mTint = null, ColorDrawable = android.graphics.drawable.ColorDrawable@144ef382
V/AudioTrackShared(  278): mAvailToClient=1024 stepCount=1024 minimum=1536
D/AudioTrack( 9491): write userSize 256
D/AudioTrack( 9491): write userSize 256
D/AudioTrack( 9491): write userSize 256
D/AudioTrack( 9491): write userSize 256
D/AudioTrack( 9491): write userSize 256
D/AudioTrack( 9491): write userSize 256
D/AudioTrack( 9491): write userSize 256
D/AudioTrack( 9491): write userSize 256
D/AudioTrack( 9491): write userSize 256
D/AudioTrack( 9491): write userSize 256
D/AudioTrack( 9491): write userSize 256
D/AudioTrack( 9491): write userSize 256
D/AudioTrack( 9491): write userSize 256
D/AudioTrack( 9491): write userSize 256
D/AudioTrack( 9491): write userSize 256
D/AudioTrack( 9491): write userSize 256
D/AudioTrack( 9491): write userSize 256
D/AudioTrack( 9491): write userSize 256
D/AudioTrack( 9491): write userSize 256
D/AudioTrack( 9491): write userSize 256
D/AudioTrack( 9491): write userSize 256
D/AudioTrack( 9491): write userSize 256
D/AudioTrack( 9491): write userSize 256
D/AudioTrack( 9491): write userSize 256
D/AudioTrack( 9491): write userSize 256
D/AudioTrack( 9491): write userSize 256
D/AudioTrack( 9491): write userSize 256
D/AudioTrack( 9491): write userSize 256
D/AudioTrack( 9491): write userSize 256
D/AudioTrack( 9491): write userSize 256
D/AudioTrack( 9491): write userSize 256
D/AudioTrack( 9491): write userSize 256
D/ColorDrawable( 9491): Color = -855310, canvas = android.view.GLES20RecordingCanvas@6a30907, mTintMode = SRC_IN, mTint = null, ColorDrawable = android.graphics.drawable.ColorDrawable@144ef382
D/ColorDrawable( 9491): Color = -855310, canvas = android.view.GLES20RecordingCanvas@6a30907, mTintMode = SRC_IN, mTint = null, ColorDrawable = android.graphics.drawable.ColorDrawable@144ef382
D/ColorDrawable( 9491): Color = -855310, canvas = android.view.GLES20RecordingCanvas@6a30907, mTintMode = SRC_IN, mTint = null, ColorDrawable = android.graphics.drawable.ColorDrawable@144ef382
V/AudioTrackShared(  278): mAvailToClient=1024 stepCount=1024 minimum=1536
D/AudioTrack( 9491): write userSize 256
D/AudioTrack( 9491): write userSize 256
D/AudioTrack( 9491): write userSize 256
D/AudioTrack( 9491): write userSize 256
D/AudioTrack( 9491): write userSize 256
D/AudioTrack( 9491): write userSize 256
D/AudioTrack( 9491): write userSize 256
D/AudioTrack( 9491): write userSize 256
D/AudioTrack( 9491): write userSize 256
D/AudioTrack( 9491): write userSize 256
D/AudioTrack( 9491): write userSize 256
D/AudioTrack( 9491): write userSize 256
D/AudioTrack( 9491): write userSize 256
D/AudioTrack( 9491): write userSize 256
D/AudioTrack( 9491): write userSize 256
D/AudioTrack( 9491): write userSize 256
D/AudioTrack( 9491): write userSize 256
D/AudioTrack( 9491): write userSize 256
D/AudioTrack( 9491): write userSize 256
D/AudioTrack( 9491): write userSize 256
D/AudioTrack( 9491): write userSize 256
D/AudioTrack( 9491): write userSize 256
D/AudioTrack( 9491): write userSize 256
D/AudioTrack( 9491): write userSize 256
D/AudioTrack( 9491): write userSize 256
D/AudioTrack( 9491): write userSize 256
D/AudioTrack( 9491): write userSize 256
D/AudioTrack( 9491): write userSize 256
D/AudioTrack( 9491): write userSize 256
D/AudioTrack( 9491): write userSize 256
D/AudioTrack( 9491): write userSize 256
D/AudioTrack( 9491): write userSize 256
D/AALService(  290): enableAALEvent: 1 -> 0
D/ColorDrawable( 9491): Color = -855310, canvas = android.view.GLES20RecordingCanvas@6a30907, mTintMode = SRC_IN, mTint = null, ColorDrawable = android.graphics.drawable.ColorDrawable@144ef382
D/ColorDrawable( 9491): Color = -855310, canvas = android.view.GLES20RecordingCanvas@6a30907, mTintMode = SRC_IN, mTint = null, ColorDrawable = android.graphics.drawable.ColorDrawable@144ef382
V/AudioTrackShared(  278): mAvailToClient=1024 stepCount=1024 minimum=1536
D/AudioTrack( 9491): write userSize 256
D/AudioTrack( 9491): write userSize 256
D/AudioTrack( 9491): write userSize 256
D/AudioTrack( 9491): write userSize 256
D/AudioTrack( 9491): write userSize 256
D/AudioTrack( 9491): write userSize 256
D/AudioTrack( 9491): write userSize 256
D/AudioTrack( 9491): write userSize 256
D/AudioTrack( 9491): write userSize 256
D/AudioTrack( 9491): write userSize 256
D/AudioTrack( 9491): write userSize 256
D/AudioTrack( 9491): write userSize 256
D/AudioTrack( 9491): write userSize 256
D/AudioTrack( 9491): write userSize 256
D/AudioTrack( 9491): write userSize 256
D/AudioTrack( 9491): write userSize 256
D/AudioTrack( 9491): write userSize 256
D/AudioTrack( 9491): write userSize 256
D/AudioTrack( 9491): write userSize 256
D/AudioTrack( 9491): write userSize 256
D/AudioTrack( 9491): write userSize 256
D/AudioTrack( 9491): write userSize 256
D/AudioTrack( 9491): write userSize 256
D/AudioTrack( 9491): write userSize 256
D/AudioTrack( 9491): write userSize 256
D/AudioTrack( 9491): write userSize 256
D/AudioTrack( 9491): write userSize 256
D/AudioTrack( 9491): write userSize 256
D/AudioTrack( 9491): write userSize 256
D/AudioTrack( 9491): write userSize 256
D/AudioTrack( 9491): write userSize 256
D/AudioTrack( 9491): write userSize 256
D/ColorDrawable( 9491): Color = -855310, canvas = android.view.GLES20RecordingCanvas@6a30907, mTintMode = SRC_IN, mTint = null, ColorDrawable = android.graphics.drawable.ColorDrawable@144ef382
D/PerfServiceManager(  779): [PerfService] MESSAGE_TIMER_SCN_APP_TOUCH 
I/libPerfService(  779): 5: set: 2
I/libPerfService(  779): 5: set freq: 1000000
D/ColorDrawable( 9491): Color = -855310, canvas = android.view.GLES20RecordingCanvas@6a30907, mTintMode = SRC_IN, mTint = null, ColorDrawable = android.graphics.drawable.ColorDrawable@144ef382
D/ColorDrawable( 9491): Color = -855310, canvas = android.view.GLES20RecordingCanvas@6a30907, mTintMode = SRC_IN, mTint = null, ColorDrawable = android.graphics.drawable.ColorDrawable@144ef382
D/AALService(  290): enableAALEvent: 0 -> 1
V/AudioTrackShared(  278): mAvailToClient=1024 stepCount=1024 minimum=1536
D/AudioTrack( 9491): write userSize 256
D/AudioTrack( 9491): write userSize 256
D/AudioTrack( 9491): write userSize 256
D/AudioTrack( 9491): write userSize 256
D/AudioTrack( 9491): write userSize 256
D/AudioTrack( 9491): write userSize 256
D/AudioTrack( 9491): write userSize 256
D/AudioTrack( 9491): write userSize 256
D/AudioTrack( 9491): write userSize 256
D/AudioTrack( 9491): write userSize 256
D/AudioTrack( 9491): write userSize 256
D/AudioTrack( 9491): write userSize 256
D/AudioTrack( 9491): write userSize 256
D/AudioTrack( 9491): write userSize 256
D/AudioTrack( 9491): write userSize 256
D/AudioTrack( 9491): write userSize 256
D/AudioTrack( 9491): write userSize 256
D/AudioTrack( 9491): write userSize 256
D/AudioTrack( 9491): write userSize 256
D/AudioTrack( 9491): write userSize 256
D/AudioTrack( 9491): write userSize 256
D/AudioTrack( 9491): write userSize 256
D/AudioTrack( 9491): write userSize 256
D/AudioTrack( 9491): write userSize 256
D/AudioTrack( 9491): write userSize 256
D/AudioTrack( 9491): write userSize 256
D/AudioTrack( 9491): write userSize 256
D/AudioTrack( 9491): write userSize 256
D/AudioTrack( 9491): write userSize 256
D/AudioTrack( 9491): write userSize 256
D/AudioTrack( 9491): write userSize 256
D/AudioTrack( 9491): write userSize 256
D/ColorDrawable( 9491): Color = -855310, canvas = android.view.GLES20RecordingCanvas@6a30907, mTintMode = SRC_IN, mTint = null, ColorDrawable = android.graphics.drawable.ColorDrawable@144ef382
D/ColorDrawable( 9491): Color = -855310, canvas = android.view.GLES20RecordingCanvas@6a30907, mTintMode = SRC_IN, mTint = null, ColorDrawable = android.graphics.drawable.ColorDrawable@144ef382
D/ColorDrawable( 9491): Color = -855310, canvas = android.view.GLES20RecordingCanvas@6a30907, mTintMode = SRC_IN, mTint = null, ColorDrawable = android.graphics.drawable.ColorDrawable@144ef382
V/AudioTrackShared(  278): mAvailToClient=1024 stepCount=1024 minimum=1536
D/AudioTrack( 9491): write userSize 256
D/AudioTrack( 9491): write userSize 256
D/AudioTrack( 9491): write userSize 256
D/AudioTrack( 9491): write userSize 256
D/AudioTrack( 9491): write userSize 256
D/AudioTrack( 9491): write userSize 256
D/AudioTrack( 9491): write userSize 256
D/AudioTrack( 9491): write userSize 256
D/AudioTrack( 9491): write userSize 256
D/AudioTrack( 9491): write userSize 256
D/AudioTrack( 9491): write userSize 256
D/AudioTrack( 9491): write userSize 256
D/AudioTrack( 9491): write userSize 256
D/AudioTrack( 9491): write userSize 256
D/AudioTrack( 9491): write userSize 256
D/AudioTrack( 9491): write userSize 256
D/AudioTrack( 9491): write userSize 256
D/AudioTrack( 9491): write userSize 256
D/AudioTrack( 9491): write userSize 256
D/AudioTrack( 9491): write userSize 256
D/AudioTrack( 9491): write userSize 256
D/AudioTrack( 9491): write userSize 256
D/AudioTrack( 9491): write userSize 256
D/AudioTrack( 9491): write userSize 256
D/AudioTrack( 9491): write userSize 256
D/AudioTrack( 9491): write userSize 256
D/AudioTrack( 9491): write userSize 256
D/AudioTrack( 9491): write userSize 256
D/AudioTrack( 9491): write userSize 256
D/AudioTrack( 9491): write userSize 256
D/AudioTrack( 9491): write userSize 256
D/AudioTrack( 9491): write userSize 256
D/ColorDrawable( 9491): Color = -855310, canvas = android.view.GLES20RecordingCanvas@6a30907, mTintMode = SRC_IN, mTint = null, ColorDrawable = android.graphics.drawable.ColorDrawable@144ef382
D/ColorDrawable( 9491): Color = -855310, canvas = android.view.GLES20RecordingCanvas@6a30907, mTintMode = SRC_IN, mTint = null, ColorDrawable = android.graphics.drawable.ColorDrawable@144ef382
D/PerfServiceManager(  779): [PerfService] notifyFrameUpdate - bDuringTouchBoost:true 
D/PerfServiceManager(  779): [PerfService] MESSAGE_BOOST_ENABLE_TIMEOUT_MS [SCN_SW_FRAME_UPDATE] bDuringTouchBoost:true 
V/AudioTrackShared(  278): mAvailToClient=1024 stepCount=1024 minimum=1536
D/AudioTrack( 9491): write userSize 256
D/AudioTrack( 9491): write userSize 256
D/AudioTrack( 9491): write userSize 256
D/AudioTrack( 9491): write userSize 256
D/AudioTrack( 9491): write userSize 256
D/AudioTrack( 9491): write userSize 256
D/AudioTrack( 9491): write userSize 256
D/AudioTrack( 9491): write userSize 256
D/AudioTrack( 9491): write userSize 256
D/AudioTrack( 9491): write userSize 256
D/AudioTrack( 9491): write userSize 256
D/AudioTrack( 9491): write userSize 256
D/AudioTrack( 9491): write userSize 256
D/AudioTrack( 9491): write userSize 256
D/AudioTrack( 9491): write userSize 256
D/AudioTrack( 9491): write userSize 256
D/AudioTrack( 9491): write userSize 256
D/AudioTrack( 9491): write userSize 256
D/AudioTrack( 9491): write userSize 256
D/AudioTrack( 9491): write userSize 256
D/AudioTrack( 9491): write userSize 256
D/AudioTrack( 9491): write userSize 256
D/AudioTrack( 9491): write userSize 256
D/AudioTrack( 9491): write userSize 256
D/AudioTrack( 9491): write userSize 256
D/AudioTrack( 9491): write userSize 256
D/AudioTrack( 9491): write userSize 256
D/AudioTrack( 9491): write userSize 256
D/AudioTrack( 9491): write userSize 256
D/AudioTrack( 9491): write userSize 256
D/AudioTrack( 9491): write userSize 256
D/AudioTrack( 9491): write userSize 256
I/BufferQueueProducer( 9491): [unnamed-9491-1](this:0xac827558,id:1,api:2,p:9491,c:9491) queueBuffer: fps=24.99 dur=1000.32 max=41.05 min=38.79
V/AudioTrackShared(  278): mAvailToClient=1024 stepCount=1024 minimum=1536
D/AudioTrack( 9491): write userSize 256
D/AudioTrack( 9491): write userSize 256
D/AudioTrack( 9491): write userSize 256
D/AudioTrack( 9491): write userSize 256
D/AudioTrack( 9491): write userSize 256
D/AudioTrack( 9491): write userSize 256
D/AudioTrack( 9491): write userSize 256
D/AudioTrack( 9491): write userSize 256
D/AudioTrack( 9491): write userSize 256
D/AudioTrack( 9491): write userSize 256
D/AudioTrack( 9491): write userSize 256
D/AudioTrack( 9491): write userSize 256
D/AudioTrack( 9491): write userSize 256
D/AudioTrack( 9491): write userSize 256
D/AudioTrack( 9491): write userSize 256
D/AudioTrack( 9491): write userSize 256
D/AudioTrack( 9491): write userSize 256
D/AudioTrack( 9491): write userSize 256
D/AudioTrack( 9491): write userSize 256
D/AudioTrack( 9491): write userSize 256
D/AudioTrack( 9491): write userSize 256
D/AudioTrack( 9491): write userSize 256
D/AudioTrack( 9491): write userSize 256
D/AudioTrack( 9491): write userSize 256
D/AudioTrack( 9491): write userSize 256
D/AudioTrack( 9491): write userSize 256
D/AudioTrack( 9491): write userSize 256
D/AudioTrack( 9491): write userSize 256
D/AudioTrack( 9491): write userSize 256
D/AudioTrack( 9491): write userSize 256
D/AudioTrack( 9491): write userSize 256
D/AudioTrack( 9491): write userSize 256
D/ProgressBar( 9491): setProgress, old = 16, new = 33, max = 1000, backtrace = android.widget.AbsSeekBar.setProgress:753 android.widget.ProgressBar.setProgress:1337 com.sina.weibo.video.view.MediaControlView.f:297 com.sina.weibo.video.view.MediaControlView.d:29 com.sina.weibo.video.view.MediaControlView$3.handleMessage:276 , this = android.widget.SeekBar{722e302 VFED.... ......I. 0,0-0,0 #7f1103d9 app:id/mediacontroller_seekbar}
D/ProgressBar( 9491): setProgress, old = 16, new = 33, max = 1000, backtrace = android.widget.ProgressBar.setProgress:1337 com.sina.weibo.video.feed2.VideoPlayerProgressbar.setProgress:92 com.sina.weibo.video.b.i$8.a:316 com.sina.weibo.video.view.MediaControlView.f:299 com.sina.weibo.video.view.MediaControlView.d:29 , this = android.widget.ProgressBar{2f391635 V.ED.... ........ 0,66-1005,75 #7f110154 app:id/progressbar}
V/AudioTrackShared(  278): mAvailToClient=1024 stepCount=1024 minimum=1536
D/AudioTrack( 9491): write userSize 256
D/AudioTrack( 9491): write userSize 256
D/AudioTrack( 9491): write userSize 256
D/AudioTrack( 9491): write userSize 256
D/AudioTrack( 9491): write userSize 256
D/AudioTrack( 9491): write userSize 256
D/AudioTrack( 9491): write userSize 256
D/AudioTrack( 9491): write userSize 256
D/AudioTrack( 9491): write userSize 256
D/AudioTrack( 9491): write userSize 256
D/AudioTrack( 9491): write userSize 256
D/AudioTrack( 9491): write userSize 256
D/AudioTrack( 9491): write userSize 256
D/AudioTrack( 9491): write userSize 256
D/AudioTrack( 9491): write userSize 256
D/AudioTrack( 9491): write userSize 256
D/AudioTrack( 9491): write userSize 256
D/AudioTrack( 9491): write userSize 256
D/AudioTrack( 9491): write userSize 256
D/AudioTrack( 9491): write userSize 256
D/AudioTrack( 9491): write userSize 256
D/AudioTrack( 9491): write userSize 256
D/AudioTrack( 9491): write userSize 256
D/AudioTrack( 9491): write userSize 256
D/AudioTrack( 9491): write userSize 256
D/AudioTrack( 9491): write userSize 256
D/AudioTrack( 9491): write userSize 256
D/AudioTrack( 9491): write userSize 256
D/AudioTrack( 9491): write userSize 256
D/AudioTrack( 9491): write userSize 256
D/AudioTrack( 9491): write userSize 256
D/AudioTrack( 9491): write userSize 256
D/ProgressBar( 9491): setProgress, old = 33, new = 34, max = 1000, backtrace = android.widget.AbsSeekBar.setProgress:753 android.widget.ProgressBar.setProgress:1337 com.sina.weibo.video.view.MediaControlView.f:297 com.sina.weibo.video.view.MediaControlView.d:29 com.sina.weibo.video.view.MediaControlView$3.handleMessage:276 , this = android.widget.SeekBar{722e302 VFED.... ......I. 0,0-0,0 #7f1103d9 app:id/mediacontroller_seekbar}
D/ProgressBar( 9491): setProgress, old = 33, new = 34, max = 1000, backtrace = android.widget.ProgressBar.setProgress:1337 com.sina.weibo.video.feed2.VideoPlayerProgressbar.setProgress:92 com.sina.weibo.video.b.i$8.a:316 com.sina.weibo.video.view.MediaControlView.f:299 com.sina.weibo.video.view.MediaControlView.d:29 , this = android.widget.ProgressBar{2f391635 V.ED.... ........ 0,66-1005,75 #7f110154 app:id/progressbar}
W/ADB_SERVICES( 9297): create_local_service_socket() name=shell:export ANDROID_LOG_TAGS=""""; exec logcat -d
W/ADB_SERVICES( 9297): service_to_fd() name=shell:export ANDROID_LOG_TAGS=""""; exec logcat -d
W/ADB_SERVICES( 9297): read_meminfo() mem_free=71264
W/ADB_SERVICES( 9297): create_subproc ret_fd=50 pid=10082
W/ADB_SERVICES( 9297): LS(71698): bound to 'shell:export ANDROID_LOG_TAGS=""""; exec logcat -d' via 50
W/ADB_SERVICES(10082): adb: unable to update oom_score_adj
V/AudioTrackShared(  278): mAvailToClient=1024 stepCount=1024 minimum=1536
D/AudioTrack( 9491): write userSize 256
D/AudioTrack( 9491): write userSize 256
D/AudioTrack( 9491): write userSize 256
D/AudioTrack( 9491): write userSize 256
D/AudioTrack( 9491): write userSize 256
D/AudioTrack( 9491): write userSize 256
D/AudioTrack( 9491): write userSize 256
D/AudioTrack( 9491): write userSize 256
D/AudioTrack( 9491): write userSize 256
D/AudioTrack( 9491): write userSize 256
D/AudioTrack( 9491): write userSize 256
D/AudioTrack( 9491): write userSize 256
D/AudioTrack( 9491): write userSize 256
D/AudioTrack( 9491): write userSize 256
D/AudioTrack( 9491): write userSize 256
D/AudioTrack( 9491): write userSize 256
D/AudioTrack( 9491): write userSize 256
D/AudioTrack( 9491): write userSize 256
D/AudioTrack( 9491): write userSize 256
D/AudioTrack( 9491): write userSize 256
D/AudioTrack( 9491): write userSize 256
D/AudioTrack( 9491): write userSize 256
D/AudioTrack( 9491): write userSize 256
D/AudioTrack( 9491): write userSize 256
D/AudioTrack( 9491): write userSize 256
D/AudioTrack( 9491): write userSize 256
D/AudioTrack( 9491): write userSize 256
D/AudioTrack( 9491): write userSize 256
D/AudioTrack( 9491): write userSize 256
D/AudioTrack( 9491): write userSize 256
D/AudioTrack( 9491): write userSize 256
D/AudioTrack( 9491): write userSize 256
D/ActivityManager(  779): getContentProviderImpl: from caller=android.app.ApplicationThreadProxy@15a1fe84 (pid=32367, userId=0) to get content provider com.sina.weibo.userlog cpr=ContentProviderRecord{1f683c97 u0 com.sina.weibo/.log.UserLogProvider}
D/ActivityThread(32367): hoder:android.app.IActivityManager$ContentProviderHolder@18058f38,provider,holder.Provider:android.content.ContentProviderProxy@29513b11
I/SurfaceFlinger(  256): [Built-in Screen (type:0)] fps:43.896652,dur:1002.35,max:50.55,min:8.83
I/memtrack_graphic(  779): graphic_memtrack_get_memory match 4:      ion_mm_heap 9491  8355840   3 ffffffc029e9a880 ffffffc0056a8200.
I/memtrack_graphic(  779):  : 9491 9491 8355840 3 2785280
I/memtrack_graphic(  779): graphic_memtrack_get_memory match 4:      ion_mm_heap 9491  1507328   1 ffffffc03cc9b740 ffffffc006eeb600.
I/memtrack_graphic(  779):  : 9491 9491 1507328 1 4292608
I/memtrack_graphic(  779): graphic_memtrack_get_memory match 4:      ion_mm_heap 9491  8355840   2 ffffffc01eabb680 ffffffc0164fa800.
I/memtrack_graphic(  779):  : 9491 9491 8355840 2 8470528
I/memtrack_graphic(  779): graphic_memtrack_get_memory match 4:      ion_mm_heap 9491  1507328   1 ffffffc0381c2a00 ffffffc029c09f00.
I/memtrack_graphic(  779):  : 9491 9491 1507328 1 9977856
I/memtrack_graphic(  779): graphic_memtrack_get_memory match 4:      ion_mm_heap 9491  8355840   3 ffffffc026d0de00 ffffffc03d076000.
I/memtrack_graphic(  779):  : 9491 9491 8355840 3 12763136
I/memtrack_graphic(  779): graphic_memtrack_get_memory match 4:      ion_mm_heap 9491  1507328   2 ffffffc01fe489c0 ffffffc060e61000.
I/memtrack_graphic(  779):  : 9491 9491 1507328 2 13516800
V/AudioTrackShared(  278): mAvailToClient=1024 stepCount=1024 minimum=1536
D/AudioTrack( 9491): write userSize 256
D/AudioTrack( 9491): write userSize 256
D/AudioTrack( 9491): write userSize 256
D/AudioTrack( 9491): write userSize 256
D/AudioTrack( 9491): write userSize 256
D/AudioTrack( 9491): write userSize 256
D/AudioTrack( 9491): write userSize 256
D/AudioTrack( 9491): write userSize 256
D/AudioTrack( 9491): write userSize 256
D/AudioTrack( 9491): write userSize 256
D/AudioTrack( 9491): write userSize 256
D/AudioTrack( 9491): write userSize 256
D/AudioTrack( 9491): write userSize 256
D/AudioTrack( 9491): write userSize 256
D/AudioTrack( 9491): write userSize 256
D/AudioTrack( 9491): write userSize 256
D/AudioTrack( 9491): write userSize 256
D/AudioTrack( 9491): write userSize 256
D/AudioTrack( 9491): write userSize 256
D/AudioTrack( 9491): write userSize 256
D/AudioTrack( 9491): write userSize 256
D/AudioTrack( 9491): write userSize 256
D/AudioTrack( 9491): write userSize 256
D/AudioTrack( 9491): write userSize 256
D/AudioTrack( 9491): write userSize 256
D/AudioTrack( 9491): write userSize 256
D/AudioTrack( 9491): write userSize 256
D/AudioTrack( 9491): write userSize 256
D/AudioTrack( 9491): write userSize 256
D/AudioTrack( 9491): write userSize 256
D/AudioTrack( 9491): write userSize 256
D/AudioTrack( 9491): write userSize 256
V/ActivityManager(  779): Broadcast: Intent { act=com.sina.push.msg.broadcast.1004 flg=0x10 pkg=com.sina.weibo (has extras) } ordered=false userid=0 callerApp=ProcessRecord{2aaf8c53 32367:com.sina.weibo:remote/u0a203}
D/ActivityThread( 9491): BDC-Calling onReceive: intent=Intent { act=com.sina.push.msg.broadcast.1004 flg=0x10 pkg=com.sina.weibo cmp=com.sina.weibo/.push.SDKMsgReceiver (has extras) }, receiver=com.sina.weibo.push.SDKMsgReceiver@356d5d4a
V/ActivityManager(  779): Broadcast: Intent { act=com.sina.weibo.action.NEW_PUSH_WESYNC_MSG_COMING flg=0x10 pkg=com.sina.weibo (has extras) } ordered=false userid=0 callerApp=ProcessRecord{7f0a8b0 9491:com.sina.weibo/u0a203}
W/ActivityManager(  779): getRunningAppProcesses: caller 10203 does not hold REAL_GET_TASKS; limiting output
D/ActivityThread( 9491): BDC-Calling onReceive: intent=Intent { act=com.sina.weibo.action.NEW_PUSH_WESYNC_MSG_COMING flg=0x10 pkg=com.sina.weibo cmp=com.sina.weibo/.bundlemanager.WBBroadcastDeliver (has extras) }, receiver=com.sina.weibo.bundlemanager.WBBroadcastDeliver@33974bb
V/AudioTrackShared(  278): mAvailToClient=1024 stepCount=1024 minimum=1536
D/AudioTrack( 9491): write userSize 256
D/AudioTrack( 9491): write userSize 256
D/AudioTrack( 9491): write userSize 256
D/AudioTrack( 9491): write userSize 256
D/AudioTrack( 9491): write userSize 256
D/AudioTrack( 9491): write userSize 256
D/AudioTrack( 9491): write userSize 256
D/AudioTrack( 9491): write userSize 256
D/AudioTrack( 9491): write userSize 256
D/AudioTrack( 9491): write userSize 256
D/AudioTrack( 9491): write userSize 256
D/AudioTrack( 9491): write userSize 256
D/AudioTrack( 9491): write userSize 256
D/AudioTrack( 9491): write userSize 256
D/AudioTrack( 9491): write userSize 256
D/AudioTrack( 9491): write userSize 256
D/AudioTrack( 9491): write userSize 256
D/AudioTrack( 9491): write userSize 256
D/AudioTrack( 9491): write userSize 256
D/AudioTrack( 9491): write userSize 256
D/AudioTrack( 9491): write userSize 256
D/AudioTrack( 9491): write userSize 256
D/AudioTrack( 9491): write userSize 256
D/AudioTrack( 9491): write userSize 256
D/AudioTrack( 9491): write userSize 256
D/AudioTrack( 9491): write userSize 256
D/AudioTrack( 9491): write userSize 256
D/AudioTrack( 9491): write userSize 256
D/AudioTrack( 9491): write userSize 256
D/AudioTrack( 9491): write userSize 256
D/AudioTrack( 9491): write userSize 256
D/AudioTrack( 9491): write userSize 256
D/ActivityThread( 9491): SVC-Calling onStartCommand: com.sina.weibo.weiyou.refactor.service.DMService@15b6c38e, flags=0, startId=3
D/SQLiteDatabase( 9491): beginTransaction()
I/thermal_repeater(  298): oh, queryMdThermalInfo (0)Bad file number
D/SQLiteDatabase( 9491): endTransaction()
V/AudioTrackShared(  278): mAvailToClient=1024 stepCount=1024 minimum=1536
D/AudioTrack( 9491): write userSize 256
D/AudioTrack( 9491): write userSize 256
D/AudioTrack( 9491): write userSize 256
D/AudioTrack( 9491): write userSize 256
D/AudioTrack( 9491): write userSize 256
D/AudioTrack( 9491): write userSize 256
D/AudioTrack( 9491): write userSize 256
D/AudioTrack( 9491): write userSize 256
D/AudioTrack( 9491): write userSize 256
D/AudioTrack( 9491): write userSize 256
D/AudioTrack( 9491): write userSize 256
D/AudioTrack( 9491): write userSize 256
D/AudioTrack( 9491): write userSize 256
D/AudioTrack( 9491): write userSize 256
D/AudioTrack( 9491): write userSize 256
D/AudioTrack( 9491): write userSize 256
D/AudioTrack( 9491): write userSize 256
D/AudioTrack( 9491): write userSize 256
D/AudioTrack( 9491): write userSize 256
D/AudioTrack( 9491): write userSize 256
D/AudioTrack( 9491): write userSize 256
D/AudioTrack( 9491): write userSize 256
D/AudioTrack( 9491): write userSize 256
D/AudioTrack( 9491): write userSize 256
D/AudioTrack( 9491): write userSize 256
D/AudioTrack( 9491): write userSize 256
D/AudioTrack( 9491): write userSize 256
D/AudioTrack( 9491): write userSize 256
D/AudioTrack( 9491): write userSize 256
D/AudioTrack( 9491): write userSize 256
D/AudioTrack( 9491): write userSize 256
D/AudioTrack( 9491): write userSize 256
D/ActivityThread( 9491): SVC-Calling onStartCommand: com.sina.weibo.weiyou.refactor.service.DMService@15b6c38e, flags=0, startId=4
I/thermal_repeater(  298): [recvMdThermalInfo] ret=26, strLen=127,  3, 30, -127, -1, 32767, 2
D/ActivityThread(32367): SVC-Calling onStartCommand: com.sina.push.service.SinaPushService@167ec6bf, flags=0, startId=14
D/ActivityManager(  779): getContentProviderImpl: from caller=android.app.ApplicationThreadProxy@2f9dc66d (pid=32367, userId=0) to get content provider com.sina.weibo.userlog cpr=ContentProviderRecord{1f683c97 u0 com.sina.weibo/.log.UserLogProvider}
D/ActivityThread(32367): hoder:android.app.IActivityManager$ContentProviderHolder@17bb8476,provider,holder.Provider:android.content.ContentProviderProxy@26778a77
V/AudioTrackShared(  278): mAvailToClient=1024 stepCount=1024 minimum=1536
D/AudioTrack( 9491): write userSize 256
D/AudioTrack( 9491): write userSize 256
D/AudioTrack( 9491): write userSize 256
D/AudioTrack( 9491): write userSize 256
D/AudioTrack( 9491): write userSize 256
D/AudioTrack( 9491): write userSize 256
D/AudioTrack( 9491): write userSize 256
D/AudioTrack( 9491): write userSize 256
D/AudioTrack( 9491): write userSize 256
D/AudioTrack( 9491): write userSize 256
D/AudioTrack( 9491): write userSize 256
D/AudioTrack( 9491): write userSize 256
D/AudioTrack( 9491): write userSize 256
D/AudioTrack( 9491): write userSize 256
D/AudioTrack( 9491): write userSize 256
D/AudioTrack( 9491): write userSize 256
D/AudioTrack( 9491): write userSize 256
D/AudioTrack( 9491): write userSize 256
D/AudioTrack( 9491): write userSize 256
D/AudioTrack( 9491): write userSize 256
D/AudioTrack( 9491): write userSize 256
D/AudioTrack( 9491): write userSize 256
D/AudioTrack( 9491): write userSize 256
D/AudioTrack( 9491): write userSize 256
D/AudioTrack( 9491): write userSize 256
D/AudioTrack( 9491): write userSize 256
D/AudioTrack( 9491): write userSize 256
D/AudioTrack( 9491): write userSize 256
D/AudioTrack( 9491): write userSize 256
D/AudioTrack( 9491): write userSize 256
D/AudioTrack( 9491): write userSize 256
D/AudioTrack( 9491): write userSize 256
V/AudioTrackShared(  278): mAvailToClient=1024 stepCount=1024 minimum=1536
D/AudioTrack( 9491): write userSize 256
D/AudioTrack( 9491): write userSize 256
D/AudioTrack( 9491): write userSize 256
D/AudioTrack( 9491): write userSize 256
D/AudioTrack( 9491): write userSize 256
D/AudioTrack( 9491): write userSize 256
D/AudioTrack( 9491): write userSize 256
D/AudioTrack( 9491): write userSize 256
D/AudioTrack( 9491): write userSize 256
D/AudioTrack( 9491): write userSize 256
D/AudioTrack( 9491): write userSize 256
D/AudioTrack( 9491): write userSize 256
D/AudioTrack( 9491): write userSize 256
D/AudioTrack( 9491): write userSize 256
D/AudioTrack( 9491): write userSize 256
D/AudioTrack( 9491): write userSize 256
D/AudioTrack( 9491): write userSize 256
D/AudioTrack( 9491): write userSize 256
D/AudioTrack( 9491): write userSize 256
D/AudioTrack( 9491): write userSize 256
D/AudioTrack( 9491): write userSize 256
D/AudioTrack( 9491): write userSize 256
D/AudioTrack( 9491): write userSize 256
D/AudioTrack( 9491): write userSize 256
D/AudioTrack( 9491): write userSize 256
D/AudioTrack( 9491): write userSize 256
D/AudioTrack( 9491): write userSize 256
D/AudioTrack( 9491): write userSize 256
D/AudioTrack( 9491): write userSize 256
D/AudioTrack( 9491): write userSize 256
D/AudioTrack( 9491): write userSize 256
D/AudioTrack( 9491): write userSize 256
D/ActivityManager(  779): getContentProviderImpl: from caller=android.app.ApplicationThreadProxy@3df0e2a2 (pid=32367, userId=0) to get content provider com.sina.weibo.userlog cpr=ContentProviderRecord{1f683c97 u0 com.sina.weibo/.log.UserLogProvider}
D/ActivityThread(32367): hoder:android.app.IActivityManager$ContentProviderHolder@117d774d,provider,holder.Provider:android.content.ContentProviderProxy@3f537202
V/ActivityManager(  779): Broadcast: Intent { act=com.sina.push.msg.broadcast.1004 flg=0x10 pkg=com.sina.weibo (has extras) } ordered=false userid=0 callerApp=ProcessRecord{2aaf8c53 32367:com.sina.weibo:remote/u0a203}
D/ActivityThread( 9491): BDC-Calling onReceive: intent=Intent { act=com.sina.push.msg.broadcast.1004 flg=0x10 pkg=com.sina.weibo cmp=com.sina.weibo/.push.SDKMsgReceiver (has extras) }, receiver=com.sina.weibo.push.SDKMsgReceiver@1fac0416
V/ActivityManager(  779): Broadcast: Intent { act=com.sina.weibo.action.NEW_PUSH_WESYNC_MSG_COMING flg=0x10 pkg=com.sina.weibo (has extras) } ordered=false userid=0 callerApp=ProcessRecord{7f0a8b0 9491:com.sina.weibo/u0a203}
W/ActivityManager(  779): getRunningAppProcesses: caller 10203 does not hold REAL_GET_TASKS; limiting output
D/ActivityThread( 9491): BDC-Calling onReceive: intent=Intent { act=com.sina.weibo.action.NEW_PUSH_WESYNC_MSG_COMING flg=0x10 pkg=com.sina.weibo cmp=com.sina.weibo/.bundlemanager.WBBroadcastDeliver (has extras) }, receiver=com.sina.weibo.bundlemanager.WBBroadcastDeliver@2480a197
D/ActivityThread( 9491): SVC-Calling onStartCommand: com.sina.weibo.weiyou.refactor.service.DMService@15b6c38e, flags=0, startId=5
D/SQLiteDatabase( 9491): beginTransaction()
D/ActivityThread( 9491): SVC-Calling onStartCommand: com.sina.weibo.weiyou.refactor.service.DMService@15b6c38e, flags=0, startId=6
D/SQLiteDatabase( 9491): endTransaction()
V/AudioTrackShared(  278): mAvailToClient=1024 stepCount=1024 minimum=1536
D/AudioTrack( 9491): write userSize 256
D/AudioTrack( 9491): write userSize 256
D/AudioTrack( 9491): write userSize 256
D/AudioTrack( 9491): write userSize 256
D/AudioTrack( 9491): write userSize 256
D/AudioTrack( 9491): write userSize 256
D/AudioTrack( 9491): write userSize 256
D/AudioTrack( 9491): write userSize 256
D/AudioTrack( 9491): write userSize 256
D/AudioTrack( 9491): write userSize 256
D/AudioTrack( 9491): write userSize 256
D/AudioTrack( 9491): write userSize 256
D/AudioTrack( 9491): write userSize 256
D/AudioTrack( 9491): write userSize 256
D/AudioTrack( 9491): write userSize 256
D/AudioTrack( 9491): write userSize 256
D/AudioTrack( 9491): write userSize 256
D/AudioTrack( 9491): write userSize 256
D/AudioTrack( 9491): write userSize 256
D/AudioTrack( 9491): write userSize 256
D/AudioTrack( 9491): write userSize 256
D/AudioTrack( 9491): write userSize 256
D/AudioTrack( 9491): write userSize 256
D/AudioTrack( 9491): write userSize 256
D/AudioTrack( 9491): write userSize 256
D/AudioTrack( 9491): write userSize 256
D/AudioTrack( 9491): write userSize 256
D/AudioTrack( 9491): write userSize 256
D/AudioTrack( 9491): write userSize 256
D/AudioTrack( 9491): write userSize 256
D/AudioTrack( 9491): write userSize 256
D/AudioTrack( 9491): write userSize 256
D/PerfServiceManager(  779): [PerfService] notifyFrameUpdate - bDuringTouchBoost:true 
D/PerfServiceManager(  779): [PerfService] MESSAGE_BOOST_ENABLE_TIMEOUT_MS [SCN_SW_FRAME_UPDATE] bDuringTouchBoost:true 
V/AudioTrackShared(  278): mAvailToClient=1024 stepCount=1024 minimum=1536
D/AudioTrack( 9491): write userSize 256
D/AudioTrack( 9491): write userSize 256
D/AudioTrack( 9491): write userSize 256
D/AudioTrack( 9491): write userSize 256
D/AudioTrack( 9491): write userSize 256
D/AudioTrack( 9491): write userSize 256
D/AudioTrack( 9491): write userSize 256
D/AudioTrack( 9491): write userSize 256
D/AudioTrack( 9491): write userSize 256
D/AudioTrack( 9491): write userSize 256
D/AudioTrack( 9491): write userSize 256
D/AudioTrack( 9491): write userSize 256
D/AudioTrack( 9491): write userSize 256
D/AudioTrack( 9491): write userSize 256
D/AudioTrack( 9491): write userSize 256
D/AudioTrack( 9491): write userSize 256
D/AudioTrack( 9491): write userSize 256
D/AudioTrack( 9491): write userSize 256
D/AudioTrack( 9491): write userSize 256
D/AudioTrack( 9491): write userSize 256
D/AudioTrack( 9491): write userSize 256
D/AudioTrack( 9491): write userSize 256
D/AudioTrack( 9491): write userSize 256
D/AudioTrack( 9491): write userSize 256
D/AudioTrack( 9491): write userSize 256
D/AudioTrack( 9491): write userSize 256
D/AudioTrack( 9491): write userSize 256
D/AudioTrack( 9491): write userSize 256
D/AudioTrack( 9491): write userSize 256
D/AudioTrack( 9491): write userSize 256
D/AudioTrack( 9491): write userSize 256
D/AudioTrack( 9491): write userSize 256
I/BufferQueueProducer(  256): [com.sina.weibo/com.sina.weibo.MainTabActivity](this:0x55a2292be0,id:24065,api:1,p:9491,c:256) queueBuffer: fps=41.93 dur=1001.76 max=51.54 min=6.68
V/AudioTrackShared(  278): mAvailToClient=1024 stepCount=1024 minimum=1536
D/AudioTrack( 9491): write userSize 256
D/AudioTrack( 9491): write userSize 256
D/AudioTrack( 9491): write userSize 256
D/AudioTrack( 9491): write userSize 256
D/AudioTrack( 9491): write userSize 256
D/AudioTrack( 9491): write userSize 256
D/AudioTrack( 9491): write userSize 256
D/AudioTrack( 9491): write userSize 256
D/AudioTrack( 9491): write userSize 256
D/AudioTrack( 9491): write userSize 256
D/AudioTrack( 9491): write userSize 256
D/AudioTrack( 9491): write userSize 256
D/AudioTrack( 9491): write userSize 256
D/AudioTrack( 9491): write userSize 256
D/AudioTrack( 9491): write userSize 256
D/AudioTrack( 9491): write userSize 256
D/AudioTrack( 9491): write userSize 256
D/AudioTrack( 9491): write userSize 256
D/AudioTrack( 9491): write userSize 256
D/AudioTrack( 9491): write userSize 256
D/AudioTrack( 9491): write userSize 256
D/AudioTrack( 9491): write userSize 256
D/AudioTrack( 9491): write userSize 256
D/AudioTrack( 9491): write userSize 256
D/AudioTrack( 9491): write userSize 256
D/AudioTrack( 9491): write userSize 256
D/AudioTrack( 9491): write userSize 256
D/AudioTrack( 9491): write userSize 256
D/AudioTrack( 9491): write userSize 256
D/AudioTrack( 9491): write userSize 256
D/AudioTrack( 9491): write userSize 256
D/AudioTrack( 9491): write userSize 256
E/WifiTrafficPoller(  779): TRAFFIC_STATS_POLL true Token 6709 num clients 26
E/WifiTrafficPoller(  779):  packet count Tx=6256325 Rx=10823768
