W/ADB_SERVICES( 9297): LS(76576): bound to 'shell:cat /proc/11013/stat' via 56
W/ADB_SERVICES( 9297): create_local_service_socket() name=shell:cat /proc/net/xt_qtaguid/stats | grep 10215
W/ADB_SERVICES( 9297): service_to_fd() name=shell:cat /proc/net/xt_qtaguid/stats | grep 10215
W/ADB_SERVICES( 9297): read_meminfo() mem_free=51684
W/ADB_SERVICES( 9297): create_subproc ret_fd=57 pid=18100
W/ADB_SERVICES( 9297): LS(76577): bound to 'shell:cat /proc/net/xt_qtaguid/stats | grep 10215' via 57
W/ADB_SERVICES(18099): adb: unable to update oom_score_adj
D/ADB_SERVICES( 9297):  closing because is_eof=1 r=1 s->fde.force_eof=0
W/ADB_SERVICES( 9297): entered. LS(76575) fd=53
W/ADB_SERVICES(18100): adb: unable to update oom_score_adj
D/ADB_SERVICES( 9297):  closing because is_eof=1 r=-1 s->fde.force_eof=0
W/ADB_SERVICES( 9297): entered. LS(76576) fd=56
D/ADB_SERVICES( 9297):  closing because is_eof=1 r=-1 s->fde.force_eof=0
W/ADB_SERVICES( 9297): entered. LS(76577) fd=57
W/ADB_SERVICES( 9297): create_local_service_socket() name=shell:cat /proc/stat
W/ADB_SERVICES( 9297): service_to_fd() name=shell:cat /proc/stat
W/ADB_SERVICES( 9297): read_meminfo() mem_free=51868
W/ADB_SERVICES( 9297): create_subproc ret_fd=53 pid=18103
W/ADB_SERVICES( 9297): LS(76578): bound to 'shell:cat /proc/stat' via 53
W/ADB_SERVICES(18103): adb: unable to update oom_score_adj
D/ADB_SERVICES( 9297):  closing because is_eof=1 r=-1 s->fde.force_eof=0
W/ADB_SERVICES( 9297): entered. LS(76578) fd=53
W/ADB_SERVICES( 9297): create_local_service_socket() name=shell:getprop
W/ADB_SERVICES( 9297): service_to_fd() name=shell:getprop
W/ADB_SERVICES( 9297): read_meminfo() mem_free=51948
W/ADB_SERVICES( 9297): create_subproc ret_fd=53 pid=18104
W/ADB_SERVICES( 9297): LS(76579): bound to 'shell:getprop' via 53
W/ADB_SERVICES(18104): adb: unable to update oom_score_adj
D/ADB_SERVICES( 9297):  closing because is_eof=1 r=1 s->fde.force_eof=0
W/ADB_SERVICES( 9297): entered. LS(76579) fd=53
I/ANRManager(  779): CPU update time < 2.5sec
V/ActivityManager(  779): Broadcast: Intent { act=com.youyouza.updateUI.pedemeter flg=0x10 (has extras) } ordered=true userid=0 callerApp=ProcessRecord{1b21d208 11013:com.youyouza.pedmeter/u0a215}
D/ActivityThread(11013): BDC-Calling finishReceiver: IIntentReceiver=10e26c26
W/ADB_SERVICES( 9297): create_local_service_socket() name=shell:getprop
W/ADB_SERVICES( 9297): service_to_fd() name=shell:getprop
W/ADB_SERVICES( 9297): read_meminfo() mem_free=51948
W/ADB_SERVICES( 9297): create_subproc ret_fd=53 pid=18105
W/ADB_SERVICES( 9297): LS(76580): bound to 'shell:getprop' via 53
W/ADB_SERVICES(18105): adb: unable to update oom_score_adj
W/ADB_SERVICES( 9297): create_local_service_socket() name=shell:cat /proc/net/xt_qtaguid/stats | grep 10215
W/ADB_SERVICES( 9297): service_to_fd() name=shell:cat /proc/net/xt_qtaguid/stats | grep 10215
W/ADB_SERVICES( 9297): read_meminfo() mem_free=51684
W/ADB_SERVICES( 9297): create_subproc ret_fd=56 pid=18106
W/ADB_SERVICES( 9297): LS(76581): bound to 'shell:cat /proc/net/xt_qtaguid/stats | grep 10215' via 56
W/ADB_SERVICES(18106): adb: unable to update oom_score_adj
W/ADB_SERVICES( 9297): create_local_service_socket() name=shell:cat /proc/11013/stat
W/ADB_SERVICES( 9297): service_to_fd() name=shell:cat /proc/11013/stat
I/thermal_repeater(  298): oh, queryMdThermalInfo (0)Bad file number
W/ADB_SERVICES( 9297): read_meminfo() mem_free=51544
W/ADB_SERVICES( 9297): create_subproc ret_fd=57 pid=18107
W/ADB_SERVICES( 9297): LS(76582): bound to 'shell:cat /proc/11013/stat' via 57
D/ADB_SERVICES( 9297):  closing because is_eof=1 r=1 s->fde.force_eof=0
W/ADB_SERVICES( 9297): entered. LS(76580) fd=53
W/ADB_SERVICES(18107): adb: unable to update oom_score_adj
I/thermal_repeater(  298): [recvMdThermalInfo] ret=26, strLen=127,  3, 20, -127, -1, 32767, 2
D/ADB_SERVICES( 9297):  closing because is_eof=1 r=-1 s->fde.force_eof=0
W/ADB_SERVICES( 9297): entered. LS(76582) fd=57
W/ADB_SERVICES( 9297): create_local_service_socket() name=shell:cat /proc/stat
W/ADB_SERVICES( 9297): service_to_fd() name=shell:cat /proc/stat
W/ADB_SERVICES( 9297): read_meminfo() mem_free=51264
W/ADB_SERVICES( 9297): create_subproc ret_fd=53 pid=18110
W/ADB_SERVICES( 9297): LS(76583): bound to 'shell:cat /proc/stat' via 53
W/ADB_SERVICES(18110): adb: unable to update oom_score_adj
D/ADB_SERVICES( 9297):  closing because is_eof=1 r=-1 s->fde.force_eof=0
W/ADB_SERVICES( 9297): entered. LS(76581) fd=56
D/ADB_SERVICES( 9297):  closing because is_eof=1 r=-1 s->fde.force_eof=0
W/ADB_SERVICES( 9297): entered. LS(76583) fd=53
W/ADB_SERVICES( 9297): create_local_service_socket() name=shell:getprop
W/ADB_SERVICES( 9297): service_to_fd() name=shell:getprop
W/ADB_SERVICES( 9297): read_meminfo() mem_free=51948
W/ADB_SERVICES( 9297): create_subproc ret_fd=53 pid=18111
W/ADB_SERVICES( 9297): LS(76584): bound to 'shell:getprop' via 53
W/ADB_SERVICES(18111): adb: unable to update oom_score_adj
D/ADB_SERVICES( 9297):  closing because is_eof=1 r=1 s->fde.force_eof=0
W/ADB_SERVICES( 9297): entered. LS(76584) fd=53
W/ADB_SERVICES( 9297): create_local_service_socket() name=shell:getprop
W/ADB_SERVICES( 9297): service_to_fd() name=shell:getprop
W/ADB_SERVICES( 9297): read_meminfo() mem_free=51824
W/ADB_SERVICES( 9297): create_subproc ret_fd=53 pid=18112
W/ADB_SERVICES( 9297): LS(76585): bound to 'shell:getprop' via 53
W/ADB_SERVICES(18112): adb: unable to update oom_score_adj
W/ADB_SERVICES( 9297): create_local_service_socket() name=shell:cat /proc/11013/stat
W/ADB_SERVICES( 9297): service_to_fd() name=shell:cat /proc/11013/stat
W/ADB_SERVICES( 9297): read_meminfo() mem_free=51436
W/ADB_SERVICES( 9297): create_subproc ret_fd=56 pid=18113
W/ADB_SERVICES( 9297): LS(76586): bound to 'shell:cat /proc/11013/stat' via 56
D/ADB_SERVICES( 9297):  closing because is_eof=1 r=1 s->fde.force_eof=0
W/ADB_SERVICES( 9297): entered. LS(76585) fd=53
W/ADB_SERVICES(18113): adb: unable to update oom_score_adj
W/ADB_SERVICES( 9297): create_local_service_socket() name=shell:cat /proc/net/xt_qtaguid/stats | grep 10215
W/ADB_SERVICES( 9297): service_to_fd() name=shell:cat /proc/net/xt_qtaguid/stats | grep 10215
W/ADB_SERVICES( 9297): read_meminfo() mem_free=51788
W/ADB_SERVICES( 9297): create_subproc ret_fd=53 pid=18114
W/ADB_SERVICES( 9297): LS(76587): bound to 'shell:cat /proc/net/xt_qtaguid/stats | grep 10215' via 53
D/ADB_SERVICES( 9297):  closing because is_eof=1 r=-1 s->fde.force_eof=0
W/ADB_SERVICES( 9297): entered. LS(76586) fd=56
W/ADB_SERVICES(18114): adb: unable to update oom_score_adj
W/ADB_SERVICES( 9297): create_local_service_socket() name=shell:cat /proc/stat
W/ADB_SERVICES( 9297): service_to_fd() name=shell:cat /proc/stat
W/ADB_SERVICES( 9297): read_meminfo() mem_free=51496
W/ADB_SERVICES( 9297): create_subproc ret_fd=56 pid=18117
W/ADB_SERVICES( 9297): LS(76588): bound to 'shell:cat /proc/stat' via 56
W/ADB_SERVICES(18117): adb: unable to update oom_score_adj
D/ADB_SERVICES( 9297):  closing because is_eof=1 r=-1 s->fde.force_eof=0
W/ADB_SERVICES( 9297): entered. LS(76588) fd=56
D/ADB_SERVICES( 9297):  closing because is_eof=1 r=-1 s->fde.force_eof=0
W/ADB_SERVICES( 9297): entered. LS(76587) fd=53
W/ADB_SERVICES( 9297): create_local_service_socket() name=shell:getprop
W/ADB_SERVICES( 9297): service_to_fd() name=shell:getprop
W/ADB_SERVICES( 9297): read_meminfo() mem_free=51824
W/ADB_SERVICES( 9297): create_subproc ret_fd=53 pid=18118
W/ADB_SERVICES( 9297): LS(76589): bound to 'shell:getprop' via 53
W/ADB_SERVICES(18118): adb: unable to update oom_score_adj
I/ANRManager(  779): CPU update time < 2.5sec
D/ADB_SERVICES( 9297):  closing because is_eof=1 r=-1 s->fde.force_eof=0
W/ADB_SERVICES( 9297): entered. LS(76589) fd=53
V/ActivityManager(  779): Broadcast: Intent { act=com.youyouza.updateUI.pedemeter flg=0x10 (has extras) } ordered=true userid=0 callerApp=ProcessRecord{1b21d208 11013:com.youyouza.pedmeter/u0a215}
D/ActivityThread(11013): BDC-Calling finishReceiver: IIntentReceiver=10e26c26
W/ADB_SERVICES( 9297): create_local_service_socket() name=shell:getprop
W/ADB_SERVICES( 9297): service_to_fd() name=shell:getprop
W/ADB_SERVICES( 9297): read_meminfo() mem_free=51824
W/ADB_SERVICES( 9297): create_subproc ret_fd=53 pid=18119
W/ADB_SERVICES( 9297): LS(76590): bound to 'shell:getprop' via 53
W/ADB_SERVICES(18119): adb: unable to update oom_score_adj
W/ADB_SERVICES( 9297): create_local_service_socket() name=shell:cat /proc/11013/stat
W/ADB_SERVICES( 9297): service_to_fd() name=shell:cat /proc/11013/stat
W/ADB_SERVICES( 9297): read_meminfo() mem_free=51560
W/ADB_SERVICES( 9297): create_subproc ret_fd=56 pid=18120
W/ADB_SERVICES( 9297): LS(76591): bound to 'shell:cat /proc/11013/stat' via 56
W/ADB_SERVICES( 9297): create_local_service_socket() name=shell:cat /proc/net/xt_qtaguid/stats | grep 10215
W/ADB_SERVICES( 9297): service_to_fd() name=shell:cat /proc/net/xt_qtaguid/stats | grep 10215
W/ADB_SERVICES( 9297): read_meminfo() mem_free=51420
W/ADB_SERVICES( 9297): create_subproc ret_fd=57 pid=18121
W/ADB_SERVICES( 9297): LS(76592): bound to 'shell:cat /proc/net/xt_qtaguid/stats | grep 10215' via 57
W/ADB_SERVICES(18120): adb: unable to update oom_score_adj
D/ADB_SERVICES( 9297):  closing because is_eof=1 r=1 s->fde.force_eof=0
W/ADB_SERVICES( 9297): entered. LS(76590) fd=53
W/ADB_SERVICES(18121): adb: unable to update oom_score_adj
D/ADB_SERVICES( 9297):  closing because is_eof=1 r=1 s->fde.force_eof=0
W/ADB_SERVICES( 9297): entered. LS(76591) fd=56
D/ADB_SERVICES( 9297):  closing because is_eof=1 r=-1 s->fde.force_eof=0
W/ADB_SERVICES( 9297): entered. LS(76592) fd=57
W/ADB_SERVICES( 9297): create_local_service_socket() name=shell:cat /proc/stat
W/ADB_SERVICES( 9297): service_to_fd() name=shell:cat /proc/stat
W/ADB_SERVICES( 9297): read_meminfo() mem_free=51880
W/ADB_SERVICES( 9297): create_subproc ret_fd=53 pid=18124
W/ADB_SERVICES( 9297): LS(76593): bound to 'shell:cat /proc/stat' via 53
W/ADB_SERVICES(18124): adb: unable to update oom_score_adj
D/ADB_SERVICES( 9297):  closing because is_eof=1 r=-1 s->fde.force_eof=0
W/ADB_SERVICES( 9297): entered. LS(76593) fd=53
W/ADB_SERVICES( 9297): create_local_service_socket() name=shell:getprop
W/ADB_SERVICES( 9297): service_to_fd() name=shell:getprop
W/ADB_SERVICES( 9297): read_meminfo() mem_free=51824
W/ADB_SERVICES( 9297): create_subproc ret_fd=53 pid=18125
W/ADB_SERVICES( 9297): LS(76594): bound to 'shell:getprop' via 53
W/ADB_SERVICES(18125): adb: unable to update oom_score_adj
D/ADB_SERVICES( 9297):  closing because is_eof=1 r=1 s->fde.force_eof=0
W/ADB_SERVICES( 9297): entered. LS(76594) fd=53
W/ADB_SERVICES( 9297): create_local_service_socket() name=shell:getprop
W/ADB_SERVICES( 9297): service_to_fd() name=shell:getprop
W/ADB_SERVICES( 9297): read_meminfo() mem_free=51824
W/ADB_SERVICES( 9297): create_subproc ret_fd=53 pid=18126
W/ADB_SERVICES( 9297): LS(76595): bound to 'shell:getprop' via 53
W/ADB_SERVICES(18126): adb: unable to update oom_score_adj
W/ADB_SERVICES( 9297): create_local_service_socket() name=shell:cat /proc/net/xt_qtaguid/stats | grep 10215
W/ADB_SERVICES( 9297): service_to_fd() name=shell:cat /proc/net/xt_qtaguid/stats | grep 10215
W/ADB_SERVICES( 9297): read_meminfo() mem_free=51560
W/ADB_SERVICES( 9297): create_subproc ret_fd=56 pid=18127
W/ADB_SERVICES( 9297): LS(76596): bound to 'shell:cat /proc/net/xt_qtaguid/stats | grep 10215' via 56
W/ADB_SERVICES(18127): adb: unable to update oom_score_adj
W/ADB_SERVICES( 9297): create_local_service_socket() name=shell:cat /proc/11013/stat
W/ADB_SERVICES( 9297): service_to_fd() name=shell:cat /proc/11013/stat
W/ADB_SERVICES( 9297): read_meminfo() mem_free=51420
W/ADB_SERVICES( 9297): create_subproc ret_fd=57 pid=18128
W/ADB_SERVICES( 9297): LS(76597): bound to 'shell:cat /proc/11013/stat' via 57
D/ADB_SERVICES( 9297):  closing because is_eof=1 r=1 s->fde.force_eof=0
W/ADB_SERVICES( 9297): entered. LS(76595) fd=53
W/ADB_SERVICES(18128): adb: unable to update oom_score_adj
D/ADB_SERVICES( 9297):  closing because is_eof=1 r=-1 s->fde.force_eof=0
W/ADB_SERVICES( 9297): entered. LS(76597) fd=57
D/ADB_SERVICES( 9297):  closing because is_eof=1 r=-1 s->fde.force_eof=0
W/ADB_SERVICES( 9297): entered. LS(76596) fd=56
W/ADB_SERVICES( 9297): create_local_service_socket() name=shell:cat /proc/stat
W/ADB_SERVICES( 9297): service_to_fd() name=shell:cat /proc/stat
W/ADB_SERVICES( 9297): read_meminfo() mem_free=51776
W/ADB_SERVICES( 9297): create_subproc ret_fd=53 pid=18131
W/ADB_SERVICES( 9297): LS(76598): bound to 'shell:cat /proc/stat' via 53
W/ADB_SERVICES(18131): adb: unable to update oom_score_adj
D/ADB_SERVICES( 9297):  closing because is_eof=1 r=-1 s->fde.force_eof=0
W/ADB_SERVICES( 9297): entered. LS(76598) fd=53
V/ActivityManager(  779): Broadcast: Intent { act=com.youyouza.updateUI.pedemeter flg=0x10 (has extras) } ordered=true userid=0 callerApp=ProcessRecord{1b21d208 11013:com.youyouza.pedmeter/u0a215}
D/ActivityThread(11013): BDC-Calling finishReceiver: IIntentReceiver=10e26c26
I/ANRManager(  779): updateProcessStats
W/ADB_SERVICES( 9297): create_local_service_socket() name=shell:getprop
W/ADB_SERVICES( 9297): service_to_fd() name=shell:getprop
W/ADB_SERVICES( 9297): read_meminfo() mem_free=51824
W/ADB_SERVICES( 9297): create_subproc ret_fd=53 pid=18132
W/ADB_SERVICES( 9297): LS(76599): bound to 'shell:getprop' via 53
W/ADB_SERVICES(18132): adb: unable to update oom_score_adj
D/ADB_SERVICES( 9297):  closing because is_eof=1 r=1 s->fde.force_eof=0
W/ADB_SERVICES( 9297): entered. LS(76599) fd=53
D/UTAnalytics:CommitTask(12495): pid:12495 check&commit event:65133,
D/UTAnalytics:CommitTask(12495): pid:12495 next:65133,
W/ADB_SERVICES( 9297): create_local_service_socket() name=shell:getprop
W/ADB_SERVICES( 9297): service_to_fd() name=shell:getprop
W/ADB_SERVICES( 9297): read_meminfo() mem_free=51700
W/ADB_SERVICES( 9297): create_subproc ret_fd=53 pid=18133
W/ADB_SERVICES( 9297): LS(76600): bound to 'shell:getprop' via 53
W/ADB_SERVICES(18133): adb: unable to update oom_score_adj
W/ADB_SERVICES( 9297): create_local_service_socket() name=shell:cat /proc/net/xt_qtaguid/stats | grep 10215
W/ADB_SERVICES( 9297): service_to_fd() name=shell:cat /proc/net/xt_qtaguid/stats | grep 10215
W/ADB_SERVICES( 9297): read_meminfo() mem_free=51312
W/ADB_SERVICES( 9297): create_subproc ret_fd=56 pid=18134
W/ADB_SERVICES( 9297): LS(76601): bound to 'shell:cat /proc/net/xt_qtaguid/stats | grep 10215' via 56
W/ADB_SERVICES( 9297): create_local_service_socket() name=shell:cat /proc/11013/stat
W/ADB_SERVICES( 9297): service_to_fd() name=shell:cat /proc/11013/stat
W/ADB_SERVICES( 9297): read_meminfo() mem_free=51312
W/ADB_SERVICES( 9297): create_subproc ret_fd=57 pid=18135
W/ADB_SERVICES( 9297): LS(76602): bound to 'shell:cat /proc/11013/stat' via 57
D/ADB_SERVICES( 9297):  closing because is_eof=1 r=1 s->fde.force_eof=0
W/ADB_SERVICES( 9297): entered. LS(76600) fd=53
W/ADB_SERVICES(18134): adb: unable to update oom_score_adj
W/ADB_SERVICES(18135): adb: unable to update oom_score_adj
D/ADB_SERVICES( 9297):  closing because is_eof=1 r=-1 s->fde.force_eof=0
W/ADB_SERVICES( 9297): entered. LS(76602) fd=57
D/ADB_SERVICES( 9297):  closing because is_eof=1 r=-1 s->fde.force_eof=0
W/ADB_SERVICES( 9297): entered. LS(76601) fd=56
W/ADB_SERVICES( 9297): create_local_service_socket() name=shell:cat /proc/stat
W/ADB_SERVICES( 9297): service_to_fd() name=shell:cat /proc/stat
W/ADB_SERVICES( 9297): read_meminfo() mem_free=51896
W/ADB_SERVICES( 9297): create_subproc ret_fd=53 pid=18138
W/ADB_SERVICES( 9297): LS(76603): bound to 'shell:cat /proc/stat' via 53
W/ADB_SERVICES(18138): adb: unable to update oom_score_adj
D/ADB_SERVICES( 9297):  closing because is_eof=1 r=-1 s->fde.force_eof=0
W/ADB_SERVICES( 9297): entered. LS(76603) fd=53
I/service (11013): :0.10400000214576721  0.08900000154972076  9.86299991607666  9.863949733511944  9.844806128167917  2017-03-03 09:08:50
W/ADB_SERVICES( 9297): create_local_service_socket() name=shell:getprop
W/ADB_SERVICES( 9297): service_to_fd() name=shell:getprop
W/ADB_SERVICES( 9297): read_meminfo() mem_free=51824
W/ADB_SERVICES( 9297): create_subproc ret_fd=53 pid=18139
W/ADB_SERVICES( 9297): LS(76604): bound to 'shell:getprop' via 53
W/ADB_SERVICES(18139): adb: unable to update oom_score_adj
D/ADB_SERVICES( 9297):  closing because is_eof=1 r=1 s->fde.force_eof=0
W/ADB_SERVICES( 9297): entered. LS(76604) fd=53
W/ADB_SERVICES( 9297): create_local_service_socket() name=shell:getprop
W/ADB_SERVICES( 9297): service_to_fd() name=shell:getprop
W/ADB_SERVICES( 9297): read_meminfo() mem_free=51664
W/ADB_SERVICES( 9297): create_subproc ret_fd=53 pid=18140
W/ADB_SERVICES( 9297): LS(76605): bound to 'shell:getprop' via 53
I/ANRManager(  779): CPU update time < 2.5sec
W/ADB_SERVICES(18140): adb: unable to update oom_score_adj
V/ActivityManager(  779): Broadcast: Intent { act=com.youyouza.updateUI.pedemeter flg=0x10 (has extras) } ordered=true userid=0 callerApp=ProcessRecord{1b21d208 11013:com.youyouza.pedmeter/u0a215}
W/ADB_SERVICES( 9297): create_local_service_socket() name=shell:cat /proc/net/xt_qtaguid/stats | grep 10215
W/ADB_SERVICES( 9297): service_to_fd() name=shell:cat /proc/net/xt_qtaguid/stats | grep 10215
W/ADB_SERVICES( 9297): read_meminfo() mem_free=51312
W/ADB_SERVICES( 9297): create_subproc ret_fd=56 pid=18141
W/ADB_SERVICES( 9297): LS(76606): bound to 'shell:cat /proc/net/xt_qtaguid/stats | grep 10215' via 56
W/ADB_SERVICES(18141): adb: unable to update oom_score_adj
W/ADB_SERVICES( 9297): create_local_service_socket() name=shell:cat /proc/11013/stat
W/ADB_SERVICES( 9297): service_to_fd() name=shell:cat /proc/11013/stat
W/ADB_SERVICES( 9297): read_meminfo() mem_free=51312
W/ADB_SERVICES( 9297): create_subproc ret_fd=57 pid=18142
W/ADB_SERVICES( 9297): LS(76607): bound to 'shell:cat /proc/11013/stat' via 57
D/ADB_SERVICES( 9297):  closing because is_eof=1 r=1 s->fde.force_eof=0
W/ADB_SERVICES( 9297): entered. LS(76605) fd=53
W/ADB_SERVICES(18142): adb: unable to update oom_score_adj
D/ADB_SERVICES( 9297):  closing because is_eof=1 r=-1 s->fde.force_eof=0
W/ADB_SERVICES( 9297): entered. LS(76607) fd=57
D/ADB_SERVICES( 9297):  closing because is_eof=1 r=-1 s->fde.force_eof=0
W/ADB_SERVICES( 9297): entered. LS(76606) fd=56
W/ADB_SERVICES( 9297): create_local_service_socket() name=shell:cat /proc/stat
W/ADB_SERVICES( 9297): service_to_fd() name=shell:cat /proc/stat
W/ADB_SERVICES( 9297): read_meminfo() mem_free=51872
W/ADB_SERVICES( 9297): create_subproc ret_fd=53 pid=18145
W/ADB_SERVICES( 9297): LS(76608): bound to 'shell:cat /proc/stat' via 53
W/ADB_SERVICES(18145): adb: unable to update oom_score_adj
D/ADB_SERVICES( 9297):  closing because is_eof=1 r=-1 s->fde.force_eof=0
W/ADB_SERVICES( 9297): entered. LS(76608) fd=53
D/ActivityThread(11013): BDC-Calling finishReceiver: IIntentReceiver=10e26c26
W/ADB_SERVICES( 9297): create_local_service_socket() name=shell:getprop
W/ADB_SERVICES( 9297): service_to_fd() name=shell:getprop
W/ADB_SERVICES( 9297): read_meminfo() mem_free=51932
W/ADB_SERVICES( 9297): create_subproc ret_fd=53 pid=18146
W/ADB_SERVICES( 9297): LS(76609): bound to 'shell:getprop' via 53
W/ADB_SERVICES(18146): adb: unable to update oom_score_adj
D/ADB_SERVICES( 9297):  closing because is_eof=1 r=1 s->fde.force_eof=0
W/ADB_SERVICES( 9297): entered. LS(76609) fd=53
W/ADB_SERVICES( 9297): create_local_service_socket() name=shell:getprop
W/ADB_SERVICES( 9297): service_to_fd() name=shell:getprop
W/ADB_SERVICES( 9297): read_meminfo() mem_free=51824
W/ADB_SERVICES( 9297): create_subproc ret_fd=53 pid=18147
W/ADB_SERVICES( 9297): LS(76610): bound to 'shell:getprop' via 53
W/ADB_SERVICES(18147): adb: unable to update oom_score_adj
W/ADB_SERVICES( 9297): create_local_service_socket() name=shell:cat /proc/net/xt_qtaguid/stats | grep 10215
W/ADB_SERVICES( 9297): service_to_fd() name=shell:cat /proc/net/xt_qtaguid/stats | grep 10215
W/ADB_SERVICES( 9297): read_meminfo() mem_free=51436
W/ADB_SERVICES( 9297): create_subproc ret_fd=56 pid=18148
W/ADB_SERVICES( 9297): LS(76611): bound to 'shell:cat /proc/net/xt_qtaguid/stats | grep 10215' via 56
W/ADB_SERVICES( 9297): create_local_service_socket() name=shell:cat /proc/11013/stat
W/ADB_SERVICES( 9297): service_to_fd() name=shell:cat /proc/11013/stat
W/ADB_SERVICES( 9297): read_meminfo() mem_free=51656
W/ADB_SERVICES(18148): adb: unable to update oom_score_adj
W/ADB_SERVICES( 9297): create_subproc ret_fd=57 pid=18149
W/ADB_SERVICES( 9297): LS(76612): bound to 'shell:cat /proc/11013/stat' via 57
D/ADB_SERVICES( 9297):  closing because is_eof=1 r=1 s->fde.force_eof=0
W/ADB_SERVICES( 9297): entered. LS(76610) fd=53
W/ADB_SERVICES(18149): adb: unable to update oom_score_adj
D/ADB_SERVICES( 9297):  closing because is_eof=1 r=1 s->fde.force_eof=0
W/ADB_SERVICES( 9297): entered. LS(76612) fd=57
D/ADB_SERVICES( 9297):  closing because is_eof=1 r=-1 s->fde.force_eof=0
W/ADB_SERVICES( 9297): entered. LS(76611) fd=56
W/ADB_SERVICES( 9297): create_local_service_socket() name=shell:cat /proc/stat
W/ADB_SERVICES( 9297): service_to_fd() name=shell:cat /proc/stat
W/ADB_SERVICES( 9297): read_meminfo() mem_free=51756
W/ADB_SERVICES( 9297): create_subproc ret_fd=53 pid=18152
W/ADB_SERVICES( 9297): LS(76613): bound to 'shell:cat /proc/stat' via 53
W/ADB_SERVICES(18152): adb: unable to update oom_score_adj
D/ADB_SERVICES( 9297):  closing because is_eof=1 r=-1 s->fde.force_eof=0
W/ADB_SERVICES( 9297): entered. LS(76613) fd=53
W/ADB_SERVICES( 9297): create_local_service_socket() name=shell:getprop
W/ADB_SERVICES( 9297): service_to_fd() name=shell:getprop
W/ADB_SERVICES( 9297): read_meminfo() mem_free=51792
W/ADB_SERVICES( 9297): create_subproc ret_fd=53 pid=18153
W/ADB_SERVICES( 9297): LS(76614): bound to 'shell:getprop' via 53
W/ADB_SERVICES(18153): adb: unable to update oom_score_adj
D/ADB_SERVICES( 9297):  closing because is_eof=1 r=1 s->fde.force_eof=0
W/ADB_SERVICES( 9297): entered. LS(76614) fd=53
V/ActivityManager(  779): Broadcast: Intent { act=com.youyouza.updateUI.pedemeter flg=0x10 (has extras) } ordered=true userid=0 callerApp=ProcessRecord{1b21d208 11013:com.youyouza.pedmeter/u0a215}
D/ActivityThread(11013): BDC-Calling finishReceiver: IIntentReceiver=10e26c26
I/ANRManager(  779): CPU update time < 2.5sec
W/ADB_SERVICES( 9297): create_local_service_socket() name=shell:getprop
W/ADB_SERVICES( 9297): service_to_fd() name=shell:getprop
W/ADB_SERVICES( 9297): read_meminfo() mem_free=52808
W/ADB_SERVICES( 9297): create_subproc ret_fd=53 pid=18154
W/ADB_SERVICES( 9297): LS(76615): bound to 'shell:getprop' via 53
W/ADB_SERVICES(18154): adb: unable to update oom_score_adj
W/ADB_SERVICES( 9297): create_local_service_socket() name=shell:cat /proc/net/xt_qtaguid/stats | grep 10215
W/ADB_SERVICES( 9297): service_to_fd() name=shell:cat /proc/net/xt_qtaguid/stats | grep 10215
W/ADB_SERVICES( 9297): read_meminfo() mem_free=52676
W/ADB_SERVICES( 9297): create_subproc ret_fd=56 pid=18155
W/ADB_SERVICES( 9297): LS(76616): bound to 'shell:cat /proc/net/xt_qtaguid/stats | grep 10215' via 56
W/ADB_SERVICES(18155): adb: unable to update oom_score_adj
W/ADB_SERVICES( 9297): create_local_service_socket() name=shell:cat /proc/11013/stat
W/ADB_SERVICES( 9297): service_to_fd() name=shell:cat /proc/11013/stat
W/ADB_SERVICES( 9297): read_meminfo() mem_free=52536
W/ADB_SERVICES( 9297): create_subproc ret_fd=57 pid=18156
W/ADB_SERVICES( 9297): LS(76617): bound to 'shell:cat /proc/11013/stat' via 57
D/ADB_SERVICES( 9297):  closing because is_eof=1 r=1 s->fde.force_eof=0
W/ADB_SERVICES( 9297): entered. LS(76615) fd=53
W/ADB_SERVICES(18156): adb: unable to update oom_score_adj
D/ADB_SERVICES( 9297):  closing because is_eof=1 r=-1 s->fde.force_eof=0
W/ADB_SERVICES( 9297): entered. LS(76617) fd=57
D/ADB_SERVICES( 9297):  closing because is_eof=1 r=-1 s->fde.force_eof=0
W/ADB_SERVICES( 9297): entered. LS(76616) fd=56
W/ADB_SERVICES( 9297): create_local_service_socket() name=shell:cat /proc/stat
W/ADB_SERVICES( 9297): service_to_fd() name=shell:cat /proc/stat
W/ADB_SERVICES( 9297): read_meminfo() mem_free=52732
W/ADB_SERVICES( 9297): create_subproc ret_fd=53 pid=18159
W/ADB_SERVICES( 9297): LS(76618): bound to 'shell:cat /proc/stat' via 53
W/ADB_SERVICES(18159): adb: unable to update oom_score_adj
D/ADB_SERVICES( 9297):  closing because is_eof=1 r=-1 s->fde.force_eof=0
W/ADB_SERVICES( 9297): entered. LS(76618) fd=53
W/ADB_SERVICES( 9297): create_local_service_socket() name=shell:getprop
W/ADB_SERVICES( 9297): service_to_fd() name=shell:getprop
W/ADB_SERVICES( 9297): read_meminfo() mem_free=52784
W/ADB_SERVICES( 9297): create_subproc ret_fd=53 pid=18161
W/ADB_SERVICES( 9297): LS(76619): bound to 'shell:getprop' via 53
W/ADB_SERVICES(18161): adb: unable to update oom_score_adj
D/ADB_SERVICES( 9297):  closing because is_eof=1 r=1 s->fde.force_eof=0
W/ADB_SERVICES( 9297): entered. LS(76619) fd=53
W/ADB_SERVICES( 9297): create_local_service_socket() name=shell:getprop
W/ADB_SERVICES( 9297): service_to_fd() name=shell:getprop
W/ADB_SERVICES( 9297): read_meminfo() mem_free=52816
W/ADB_SERVICES( 9297): create_subproc ret_fd=53 pid=18162
W/ADB_SERVICES( 9297): LS(76620): bound to 'shell:getprop' via 53
W/ADB_SERVICES(18162): adb: unable to update oom_score_adj
W/ADB_SERVICES( 9297): create_local_service_socket() name=shell:cat /proc/net/xt_qtaguid/stats | grep 10215
W/ADB_SERVICES( 9297): service_to_fd() name=shell:cat /proc/net/xt_qtaguid/stats | grep 10215
W/ADB_SERVICES( 9297): read_meminfo() mem_free=52816
W/ADB_SERVICES( 9297): create_subproc ret_fd=56 pid=18163
W/ADB_SERVICES( 9297): LS(76621): bound to 'shell:cat /proc/net/xt_qtaguid/stats | grep 10215' via 56
D/ADB_SERVICES( 9297):  closing because is_eof=1 r=1 s->fde.force_eof=0
W/ADB_SERVICES( 9297): entered. LS(76620) fd=53
W/ADB_SERVICES( 9297): create_local_service_socket() name=shell:cat /proc/11013/stat
W/ADB_SERVICES( 9297): service_to_fd() name=shell:cat /proc/11013/stat
W/ADB_SERVICES( 9297): read_meminfo() mem_free=52660
W/ADB_SERVICES( 9297): create_subproc ret_fd=53 pid=18164
W/ADB_SERVICES(18163): adb: unable to update oom_score_adj
W/ADB_SERVICES( 9297): LS(76622): bound to 'shell:cat /proc/11013/stat' via 53
W/ADB_SERVICES(18164): adb: unable to update oom_score_adj
D/ADB_SERVICES( 9297):  closing because is_eof=1 r=-1 s->fde.force_eof=0
W/ADB_SERVICES( 9297): entered. LS(76622) fd=53
W/ADB_SERVICES( 9297): create_local_service_socket() name=shell:cat /proc/stat
W/ADB_SERVICES( 9297): service_to_fd() name=shell:cat /proc/stat
W/ADB_SERVICES( 9297): read_meminfo() mem_free=52504
W/ADB_SERVICES( 9297): create_subproc ret_fd=53 pid=18167
W/ADB_SERVICES( 9297): LS(76623): bound to 'shell:cat /proc/stat' via 53
D/ADB_SERVICES( 9297):  closing because is_eof=1 r=-1 s->fde.force_eof=0
W/ADB_SERVICES( 9297): entered. LS(76621) fd=56
W/ADB_SERVICES(18167): adb: unable to update oom_score_adj
D/ADB_SERVICES( 9297):  closing because is_eof=1 r=-1 s->fde.force_eof=0
W/ADB_SERVICES( 9297): entered. LS(76623) fd=53
V/ActivityManager(  779): Broadcast: Intent { act=com.youyouza.updateUI.pedemeter flg=0x10 (has extras) } ordered=true userid=0 callerApp=ProcessRecord{1b21d208 11013:com.youyouza.pedmeter/u0a215}
D/ActivityThread(11013): BDC-Calling finishReceiver: IIntentReceiver=10e26c26
W/ADB_SERVICES( 9297): create_local_service_socket() name=shell:getprop
W/ADB_SERVICES( 9297): service_to_fd() name=shell:getprop
W/ADB_SERVICES( 9297): read_meminfo() mem_free=52816
W/ADB_SERVICES( 9297): create_subproc ret_fd=53 pid=18168
W/ADB_SERVICES( 9297): LS(76624): bound to 'shell:getprop' via 53
W/ADB_SERVICES(18168): adb: unable to update oom_score_adj
D/ADB_SERVICES( 9297):  closing because is_eof=1 r=1 s->fde.force_eof=0
W/ADB_SERVICES( 9297): entered. LS(76624) fd=53
W/ProcessCpuTracker(  779): Skipping unknown process pid 18168
I/ANRManager(  779): updateProcessStats
I/thermal_repeater(  298): oh, queryMdThermalInfo (0)Bad file number
I/thermal_repeater(  298): [recvMdThermalInfo] ret=26, strLen=127,  3, 20, -127, -1, 32767, 2
W/ADB_SERVICES( 9297): create_local_service_socket() name=shell:getprop
W/ADB_SERVICES( 9297): service_to_fd() name=shell:getprop
W/ADB_SERVICES( 9297): read_meminfo() mem_free=52816
W/ADB_SERVICES( 9297): create_subproc ret_fd=53 pid=18169
W/ADB_SERVICES( 9297): LS(76625): bound to 'shell:getprop' via 53
W/ADB_SERVICES(18169): adb: unable to update oom_score_adj
W/ADB_SERVICES( 9297): create_local_service_socket() name=shell:cat /proc/net/xt_qtaguid/stats | grep 10215
W/ADB_SERVICES( 9297): service_to_fd() name=shell:cat /proc/net/xt_qtaguid/stats | grep 10215
W/ADB_SERVICES( 9297): read_meminfo() mem_free=52816
W/ADB_SERVICES( 9297): create_subproc ret_fd=56 pid=18170
W/ADB_SERVICES( 9297): LS(76626): bound to 'shell:cat /proc/net/xt_qtaguid/stats | grep 10215' via 56
W/ADB_SERVICES(18170): adb: unable to update oom_score_adj
W/ADB_SERVICES( 9297): create_local_service_socket() name=shell:cat /proc/11013/stat
W/ADB_SERVICES( 9297): service_to_fd() name=shell:cat /proc/11013/stat
W/ADB_SERVICES( 9297): read_meminfo() mem_free=52816
W/ADB_SERVICES( 9297): create_subproc ret_fd=57 pid=18171
W/ADB_SERVICES( 9297): LS(76627): bound to 'shell:cat /proc/11013/stat' via 57
D/ADB_SERVICES( 9297):  closing because is_eof=1 r=-1 s->fde.force_eof=0
W/ADB_SERVICES( 9297): entered. LS(76625) fd=53
W/ADB_SERVICES(18171): adb: unable to update oom_score_adj
D/ADB_SERVICES( 9297):  closing because is_eof=1 r=-1 s->fde.force_eof=0
W/ADB_SERVICES( 9297): entered. LS(76627) fd=57
D/ADB_SERVICES( 9297):  closing because is_eof=1 r=-1 s->fde.force_eof=0
W/ADB_SERVICES( 9297): entered. LS(76626) fd=56
W/ADB_SERVICES( 9297): create_local_service_socket() name=shell:cat /proc/stat
W/ADB_SERVICES( 9297): service_to_fd() name=shell:cat /proc/stat
W/ADB_SERVICES( 9297): read_meminfo() mem_free=52616
W/ADB_SERVICES( 9297): create_subproc ret_fd=53 pid=18174
W/ADB_SERVICES( 9297): LS(76628): bound to 'shell:cat /proc/stat' via 53
W/ADB_SERVICES(18174): adb: unable to update oom_score_adj
D/ADB_SERVICES( 9297):  closing because is_eof=1 r=-1 s->fde.force_eof=0
W/ADB_SERVICES( 9297): entered. LS(76628) fd=53
W/ADB_SERVICES( 9297): create_local_service_socket() name=shell:getprop
W/ADB_SERVICES( 9297): service_to_fd() name=shell:getprop
W/ADB_SERVICES( 9297): read_meminfo() mem_free=52692
W/ADB_SERVICES( 9297): create_subproc ret_fd=53 pid=18175
W/ADB_SERVICES( 9297): LS(76629): bound to 'shell:getprop' via 53
W/ADB_SERVICES(18175): adb: unable to update oom_score_adj
D/ADB_SERVICES( 9297):  closing because is_eof=1 r=1 s->fde.force_eof=0
W/ADB_SERVICES( 9297): entered. LS(76629) fd=53
W/ADB_SERVICES( 9297): create_local_service_socket() name=shell:getprop
W/ADB_SERVICES( 9297): service_to_fd() name=shell:getprop
W/ADB_SERVICES( 9297): read_meminfo() mem_free=52692
W/ADB_SERVICES( 9297): create_subproc ret_fd=53 pid=18176
W/ADB_SERVICES( 9297): LS(76630): bound to 'shell:getprop' via 53
W/ADB_SERVICES(18176): adb: unable to update oom_score_adj
W/ADB_SERVICES( 9297): create_local_service_socket() name=shell:cat /proc/net/xt_qtaguid/stats | grep 10215
W/ADB_SERVICES( 9297): service_to_fd() name=shell:cat /proc/net/xt_qtaguid/stats | grep 10215
W/ADB_SERVICES( 9297): read_meminfo() mem_free=52692
W/ADB_SERVICES( 9297): create_subproc ret_fd=56 pid=18177
W/ADB_SERVICES( 9297): LS(76631): bound to 'shell:cat /proc/net/xt_qtaguid/stats | grep 10215' via 56
W/ADB_SERVICES( 9297): create_local_service_socket() name=shell:cat /proc/11013/stat
W/ADB_SERVICES( 9297): service_to_fd() name=shell:cat /proc/11013/stat
W/ADB_SERVICES( 9297): read_meminfo() mem_free=52692
W/ADB_SERVICES( 9297): create_subproc ret_fd=57 pid=18178
W/ADB_SERVICES(18177): adb: unable to update oom_score_adj
W/ADB_SERVICES( 9297): LS(76632): bound to 'shell:cat /proc/11013/stat' via 57
D/ADB_SERVICES( 9297):  closing because is_eof=1 r=1 s->fde.force_eof=0
W/ADB_SERVICES( 9297): entered. LS(76630) fd=53
W/ADB_SERVICES(18178): adb: unable to update oom_score_adj
D/ADB_SERVICES( 9297):  closing because is_eof=1 r=1 s->fde.force_eof=0
W/ADB_SERVICES( 9297): entered. LS(76632) fd=57
D/ADB_SERVICES( 9297):  closing because is_eof=1 r=-1 s->fde.force_eof=0
W/ADB_SERVICES( 9297): entered. LS(76631) fd=56
W/ADB_SERVICES( 9297): create_local_service_socket() name=shell:cat /proc/stat
W/ADB_SERVICES( 9297): service_to_fd() name=shell:cat /proc/stat
W/ADB_SERVICES( 9297): read_meminfo() mem_free=52644
W/ADB_SERVICES( 9297): create_subproc ret_fd=53 pid=18181
W/ADB_SERVICES( 9297): LS(76633): bound to 'shell:cat /proc/stat' via 53
W/ADB_SERVICES(18181): adb: unable to update oom_score_adj
I/ANRManager(  779): CPU update time < 2.5sec
D/ADB_SERVICES( 9297):  closing because is_eof=1 r=-1 s->fde.force_eof=0
W/ADB_SERVICES( 9297): entered. LS(76633) fd=53
V/ActivityManager(  779): Broadcast: Intent { act=com.youyouza.updateUI.pedemeter flg=0x10 (has extras) } ordered=true userid=0 callerApp=ProcessRecord{1b21d208 11013:com.youyouza.pedmeter/u0a215}
D/ActivityThread(11013): BDC-Calling finishReceiver: IIntentReceiver=10e26c26
W/ADB_SERVICES( 9297): create_local_service_socket() name=shell:getprop
W/ADB_SERVICES( 9297): service_to_fd() name=shell:getprop
W/ADB_SERVICES( 9297): read_meminfo() mem_free=52692
W/ADB_SERVICES( 9297): create_subproc ret_fd=53 pid=18182
W/ADB_SERVICES( 9297): LS(76634): bound to 'shell:getprop' via 53
W/ADB_SERVICES(18182): adb: unable to update oom_score_adj
D/ADB_SERVICES( 9297):  closing because is_eof=1 r=1 s->fde.force_eof=0
W/ADB_SERVICES( 9297): entered. LS(76634) fd=53
W/ADB_SERVICES( 9297): create_local_service_socket() name=shell:getprop
W/ADB_SERVICES( 9297): service_to_fd() name=shell:getprop
W/ADB_SERVICES( 9297): read_meminfo() mem_free=52692
W/ADB_SERVICES( 9297): create_subproc ret_fd=53 pid=18183
W/ADB_SERVICES( 9297): LS(76635): bound to 'shell:getprop' via 53
W/ADB_SERVICES(18183): adb: unable to update oom_score_adj
W/ADB_SERVICES( 9297): create_local_service_socket() name=shell:cat /proc/net/xt_qtaguid/stats | grep 10215
W/ADB_SERVICES( 9297): service_to_fd() name=shell:cat /proc/net/xt_qtaguid/stats | grep 10215
W/ADB_SERVICES( 9297): read_meminfo() mem_free=52692
W/ADB_SERVICES( 9297): create_subproc ret_fd=56 pid=18184
W/ADB_SERVICES( 9297): LS(76636): bound to 'shell:cat /proc/net/xt_qtaguid/stats | grep 10215' via 56
W/ADB_SERVICES(18184): adb: unable to update oom_score_adj
W/ADB_SERVICES( 9297): create_local_service_socket() name=shell:cat /proc/11013/stat
W/ADB_SERVICES( 9297): service_to_fd() name=shell:cat /proc/11013/stat
W/ADB_SERVICES( 9297): read_meminfo() mem_free=52692
W/ADB_SERVICES( 9297): create_subproc ret_fd=57 pid=18185
W/ADB_SERVICES( 9297): LS(76637): bound to 'shell:cat /proc/11013/stat' via 57
D/ADB_SERVICES( 9297):  closing because is_eof=1 r=1 s->fde.force_eof=0
W/ADB_SERVICES( 9297): entered. LS(76635) fd=53
W/ADB_SERVICES(18185): adb: unable to update oom_score_adj
D/ADB_SERVICES( 9297):  closing because is_eof=1 r=-1 s->fde.force_eof=0
W/ADB_SERVICES( 9297): entered. LS(76637) fd=57
D/ADB_SERVICES( 9297):  closing because is_eof=1 r=-1 s->fde.force_eof=0
W/ADB_SERVICES( 9297): entered. LS(76636) fd=56
W/ADB_SERVICES( 9297): create_local_service_socket() name=shell:cat /proc/stat
W/ADB_SERVICES( 9297): service_to_fd() name=shell:cat /proc/stat
W/ADB_SERVICES( 9297): read_meminfo() mem_free=52616
W/ADB_SERVICES( 9297): create_subproc ret_fd=53 pid=18188
W/ADB_SERVICES( 9297): LS(76638): bound to 'shell:cat /proc/stat' via 53
W/ADB_SERVICES(18188): adb: unable to update oom_score_adj
D/ADB_SERVICES( 9297):  closing because is_eof=1 r=-1 s->fde.force_eof=0
W/ADB_SERVICES( 9297): entered. LS(76638) fd=53
W/art     (11013): Suspending all threads took: 42.068ms
W/ADB_SERVICES( 9297): create_local_service_socket() name=shell:getprop
W/ADB_SERVICES( 9297): service_to_fd() name=shell:getprop
W/ADB_SERVICES( 9297): read_meminfo() mem_free=52692
W/ADB_SERVICES( 9297): create_subproc ret_fd=53 pid=18189
W/ADB_SERVICES( 9297): LS(76639): bound to 'shell:getprop' via 53
W/ADB_SERVICES(18189): adb: unable to update oom_score_adj
D/ADB_SERVICES( 9297):  closing because is_eof=1 r=1 s->fde.force_eof=0
W/ADB_SERVICES( 9297): entered. LS(76639) fd=53
V/ActivityManager(  779): Broadcast: Intent { act=com.youyouza.updateUI.pedemeter flg=0x10 (has extras) } ordered=true userid=0 callerApp=ProcessRecord{1b21d208 11013:com.youyouza.pedmeter/u0a215}
I/ANRManager(  779): CPU update time < 2.5sec
D/ActivityThread(11013): BDC-Calling finishReceiver: IIntentReceiver=10e26c26
W/ADB_SERVICES( 9297): create_local_service_socket() name=shell:getprop
W/ADB_SERVICES( 9297): service_to_fd() name=shell:getprop
W/ADB_SERVICES( 9297): read_meminfo() mem_free=52692
W/ADB_SERVICES( 9297): create_subproc ret_fd=53 pid=18190
W/ADB_SERVICES( 9297): LS(76640): bound to 'shell:getprop' via 53
W/ADB_SERVICES(18190): adb: unable to update oom_score_adj
W/ADB_SERVICES( 9297): create_local_service_socket() name=shell:cat /proc/net/xt_qtaguid/stats | grep 10215
W/ADB_SERVICES( 9297): service_to_fd() name=shell:cat /proc/net/xt_qtaguid/stats | grep 10215
W/ADB_SERVICES( 9297): read_meminfo() mem_free=52692
W/ADB_SERVICES( 9297): create_subproc ret_fd=56 pid=18191
W/ADB_SERVICES( 9297): LS(76641): bound to 'shell:cat /proc/net/xt_qtaguid/stats | grep 10215' via 56
D/ADB_SERVICES( 9297):  closing because is_eof=1 r=1 s->fde.force_eof=0
W/ADB_SERVICES( 9297): entered. LS(76640) fd=53
W/ADB_SERVICES(18191): adb: unable to update oom_score_adj
W/ADB_SERVICES( 9297): create_local_service_socket() name=shell:cat /proc/11013/stat
W/ADB_SERVICES( 9297): service_to_fd() name=shell:cat /proc/11013/stat
W/ADB_SERVICES( 9297): read_meminfo() mem_free=52692
W/ADB_SERVICES( 9297): create_subproc ret_fd=53 pid=18192
W/ADB_SERVICES( 9297): LS(76642): bound to 'shell:cat /proc/11013/stat' via 53
W/ADB_SERVICES(18192): adb: unable to update oom_score_adj
D/ADB_SERVICES( 9297):  closing because is_eof=1 r=-1 s->fde.force_eof=0
W/ADB_SERVICES( 9297): entered. LS(76642) fd=53
D/ADB_SERVICES( 9297):  closing because is_eof=1 r=-1 s->fde.force_eof=0
W/ADB_SERVICES( 9297): entered. LS(76641) fd=56
W/ADB_SERVICES( 9297): create_local_service_socket() name=shell:cat /proc/stat
W/ADB_SERVICES( 9297): service_to_fd() name=shell:cat /proc/stat
W/ADB_SERVICES( 9297): read_meminfo() mem_free=52616
W/ADB_SERVICES( 9297): create_subproc ret_fd=53 pid=18195
W/ADB_SERVICES( 9297): LS(76643): bound to 'shell:cat /proc/stat' via 53
W/ADB_SERVICES(18195): adb: unable to update oom_score_adj
D/ADB_SERVICES( 9297):  closing because is_eof=1 r=1 s->fde.force_eof=0
W/ADB_SERVICES( 9297): entered. LS(76643) fd=53
W/ADB_SERVICES( 9297): create_local_service_socket() name=shell:getprop
W/ADB_SERVICES( 9297): service_to_fd() name=shell:getprop
W/ADB_SERVICES( 9297): read_meminfo() mem_free=52660
W/ADB_SERVICES( 9297): create_subproc ret_fd=53 pid=18196
W/ADB_SERVICES( 9297): LS(76644): bound to 'shell:getprop' via 53
W/ADB_SERVICES(18196): adb: unable to update oom_score_adj
D/ADB_SERVICES( 9297):  closing because is_eof=1 r=1 s->fde.force_eof=0
W/ADB_SERVICES( 9297): entered. LS(76644) fd=53
W/ADB_SERVICES( 9297): create_local_service_socket() name=shell:getprop
W/ADB_SERVICES( 9297): service_to_fd() name=shell:getprop
W/ADB_SERVICES( 9297): read_meminfo() mem_free=52692
W/ADB_SERVICES( 9297): create_subproc ret_fd=53 pid=18197
W/ADB_SERVICES( 9297): LS(76645): bound to 'shell:getprop' via 53
W/ADB_SERVICES(18197): adb: unable to update oom_score_adj
W/ADB_SERVICES( 9297): create_local_service_socket() name=shell:cat /proc/net/xt_qtaguid/stats | grep 10215
W/ADB_SERVICES( 9297): service_to_fd() name=shell:cat /proc/net/xt_qtaguid/stats | grep 10215
W/ADB_SERVICES( 9297): read_meminfo() mem_free=52692
W/ADB_SERVICES( 9297): create_subproc ret_fd=56 pid=18198
W/ADB_SERVICES( 9297): LS(76646): bound to 'shell:cat /proc/net/xt_qtaguid/stats | grep 10215' via 56
W/ADB_SERVICES( 9297): create_local_service_socket() name=shell:cat /proc/11013/stat
W/ADB_SERVICES( 9297): service_to_fd() name=shell:cat /proc/11013/stat
W/ADB_SERVICES( 9297): read_meminfo() mem_free=52692
W/ADB_SERVICES( 9297): create_subproc ret_fd=57 pid=18199
W/ADB_SERVICES(18198): adb: unable to update oom_score_adj
W/ADB_SERVICES( 9297): LS(76647): bound to 'shell:cat /proc/11013/stat' via 57
D/ADB_SERVICES( 9297):  closing because is_eof=1 r=1 s->fde.force_eof=0
W/ADB_SERVICES( 9297): entered. LS(76645) fd=53
W/ADB_SERVICES(18199): adb: unable to update oom_score_adj
D/ADB_SERVICES( 9297):  closing because is_eof=1 r=1 s->fde.force_eof=0
W/ADB_SERVICES( 9297): entered. LS(76647) fd=57
D/ADB_SERVICES( 9297):  closing because is_eof=1 r=-1 s->fde.force_eof=0
W/ADB_SERVICES( 9297): entered. LS(76646) fd=56
W/ADB_SERVICES( 9297): create_local_service_socket() name=shell:cat /proc/stat
W/ADB_SERVICES( 9297): service_to_fd() name=shell:cat /proc/stat
W/ADB_SERVICES( 9297): read_meminfo() mem_free=52608
W/ADB_SERVICES( 9297): create_subproc ret_fd=53 pid=18202
W/ADB_SERVICES( 9297): LS(76648): bound to 'shell:cat /proc/stat' via 53
W/ADB_SERVICES(18202): adb: unable to update oom_score_adj
D/ADB_SERVICES( 9297):  closing because is_eof=1 r=-1 s->fde.force_eof=0
W/ADB_SERVICES( 9297): entered. LS(76648) fd=53
W/ADB_SERVICES( 9297): create_local_service_socket() name=shell:getprop
W/ADB_SERVICES( 9297): service_to_fd() name=shell:getprop
W/ADB_SERVICES( 9297): read_meminfo() mem_free=52660
W/ADB_SERVICES( 9297): create_subproc ret_fd=53 pid=18203
W/ADB_SERVICES( 9297): LS(76649): bound to 'shell:getprop' via 53
W/ADB_SERVICES(18203): adb: unable to update oom_score_adj
D/ADB_SERVICES( 9297):  closing because is_eof=1 r=1 s->fde.force_eof=0
W/ADB_SERVICES( 9297): entered. LS(76649) fd=53
V/ActivityManager(  779): Broadcast: Intent { act=com.youyouza.updateUI.pedemeter flg=0x10 (has extras) } ordered=true userid=0 callerApp=ProcessRecord{1b21d208 11013:com.youyouza.pedmeter/u0a215}
I/ANRManager(  779): updateProcessStats
D/ActivityThread(11013): BDC-Calling finishReceiver: IIntentReceiver=10e26c26
W/ADB_SERVICES( 9297): create_local_service_socket() name=shell:getprop
W/ADB_SERVICES( 9297): service_to_fd() name=shell:getprop
W/ADB_SERVICES( 9297): read_meminfo() mem_free=52660
W/ADB_SERVICES( 9297): create_subproc ret_fd=53 pid=18204
W/ADB_SERVICES( 9297): LS(76650): bound to 'shell:getprop' via 53
W/ADB_SERVICES(18204): adb: unable to update oom_score_adj
W/ADB_SERVICES( 9297): create_local_service_socket() name=shell:cat /proc/net/xt_qtaguid/stats | grep 10215
W/ADB_SERVICES( 9297): service_to_fd() name=shell:cat /proc/net/xt_qtaguid/stats | grep 10215
W/ADB_SERVICES( 9297): read_meminfo() mem_free=52660
W/ADB_SERVICES( 9297): create_subproc ret_fd=56 pid=18205
W/ADB_SERVICES( 9297): LS(76651): bound to 'shell:cat /proc/net/xt_qtaguid/stats | grep 10215' via 56
W/ADB_SERVICES(18205): adb: unable to update oom_score_adj
W/ADB_SERVICES( 9297): create_local_service_socket() name=shell:cat /proc/11013/stat
W/ADB_SERVICES( 9297): service_to_fd() name=shell:cat /proc/11013/stat
W/ADB_SERVICES( 9297): read_meminfo() mem_free=52660
W/ADB_SERVICES( 9297): create_subproc ret_fd=57 pid=18206
W/ADB_SERVICES( 9297): LS(76652): bound to 'shell:cat /proc/11013/stat' via 57
D/ADB_SERVICES( 9297):  closing because is_eof=1 r=1 s->fde.force_eof=0
W/ADB_SERVICES( 9297): entered. LS(76650) fd=53
W/ADB_SERVICES(18206): adb: unable to update oom_score_adj
D/ADB_SERVICES( 9297):  closing because is_eof=1 r=-1 s->fde.force_eof=0
W/ADB_SERVICES( 9297): entered. LS(76652) fd=57
W/ADB_SERVICES( 9297): create_local_service_socket() name=shell:cat /proc/stat
W/ADB_SERVICES( 9297): service_to_fd() name=shell:cat /proc/stat
W/ADB_SERVICES( 9297): read_meminfo() mem_free=52396
W/ADB_SERVICES( 9297): create_subproc ret_fd=53 pid=18209
W/ADB_SERVICES( 9297): LS(76653): bound to 'shell:cat /proc/stat' via 53
D/ADB_SERVICES( 9297):  closing because is_eof=1 r=-1 s->fde.force_eof=0
W/ADB_SERVICES( 9297): entered. LS(76651) fd=56
W/ADB_SERVICES(18209): adb: unable to update oom_score_adj
D/ADB_SERVICES( 9297):  closing because is_eof=1 r=-1 s->fde.force_eof=0
W/ADB_SERVICES( 9297): entered. LS(76653) fd=53
W/ADB_SERVICES( 9297): create_local_service_socket() name=shell:getprop
W/ADB_SERVICES( 9297): service_to_fd() name=shell:getprop
W/ADB_SERVICES( 9297): read_meminfo() mem_free=52692
W/ADB_SERVICES( 9297): create_subproc ret_fd=53 pid=18210
W/ADB_SERVICES( 9297): LS(76654): bound to 'shell:getprop' via 53
W/ADB_SERVICES(18210): adb: unable to update oom_score_adj
D/ADB_SERVICES( 9297):  closing because is_eof=1 r=1 s->fde.force_eof=0
W/ADB_SERVICES( 9297): entered. LS(76654) fd=53
W/ADB_SERVICES( 9297): create_local_service_socket() name=shell:getprop
W/ADB_SERVICES( 9297): service_to_fd() name=shell:getprop
W/ADB_SERVICES( 9297): read_meminfo() mem_free=52692
W/ADB_SERVICES( 9297): create_subproc ret_fd=53 pid=18211
W/ADB_SERVICES( 9297): LS(76655): bound to 'shell:getprop' via 53
W/ADB_SERVICES(18211): adb: unable to update oom_score_adj
W/ADB_SERVICES( 9297): create_local_service_socket() name=shell:cat /proc/net/xt_qtaguid/stats | grep 10215
W/ADB_SERVICES( 9297): service_to_fd() name=shell:cat /proc/net/xt_qtaguid/stats | grep 10215
W/ADB_SERVICES( 9297): read_meminfo() mem_free=52692
W/ADB_SERVICES( 9297): create_subproc ret_fd=56 pid=18212
W/ADB_SERVICES( 9297): LS(76656): bound to 'shell:cat /proc/net/xt_qtaguid/stats | grep 10215' via 56
W/ADB_SERVICES( 9297): create_local_service_socket() name=shell:cat /proc/11013/stat
W/ADB_SERVICES( 9297): service_to_fd() name=shell:cat /proc/11013/stat
W/ADB_SERVICES( 9297): read_meminfo() mem_free=52692
W/ADB_SERVICES(18212): adb: unable to update oom_score_adj
W/ADB_SERVICES( 9297): create_subproc ret_fd=57 pid=18213
W/ADB_SERVICES( 9297): LS(76657): bound to 'shell:cat /proc/11013/stat' via 57
D/ADB_SERVICES( 9297):  closing because is_eof=1 r=1 s->fde.force_eof=0
W/ADB_SERVICES( 9297): entered. LS(76655) fd=53
W/ADB_SERVICES(18213): adb: unable to update oom_score_adj
D/ADB_SERVICES( 9297):  closing because is_eof=1 r=-1 s->fde.force_eof=0
W/ADB_SERVICES( 9297): entered. LS(76657) fd=57
D/ADB_SERVICES( 9297):  closing because is_eof=1 r=-1 s->fde.force_eof=0
W/ADB_SERVICES( 9297): entered. LS(76656) fd=56
W/ADB_SERVICES( 9297): create_local_service_socket() name=shell:cat /proc/stat
W/ADB_SERVICES( 9297): service_to_fd() name=shell:cat /proc/stat
W/ADB_SERVICES( 9297): read_meminfo() mem_free=52512
W/ADB_SERVICES( 9297): create_subproc ret_fd=53 pid=18216
W/ADB_SERVICES( 9297): LS(76658): bound to 'shell:cat /proc/stat' via 53
W/ADB_SERVICES(18216): adb: unable to update oom_score_adj
D/ADB_SERVICES( 9297):  closing because is_eof=1 r=-1 s->fde.force_eof=0
W/ADB_SERVICES( 9297): entered. LS(76658) fd=53
V/ActivityManager(  779): Broadcast: Intent { act=com.youyouza.updateUI.pedemeter flg=0x10 (has extras) } ordered=true userid=0 callerApp=ProcessRecord{1b21d208 11013:com.youyouza.pedmeter/u0a215}
I/ANRManager(  779): CPU update time < 2.5sec
D/ActivityThread(11013): BDC-Calling finishReceiver: IIntentReceiver=10e26c26
W/ADB_SERVICES( 9297): create_local_service_socket() name=shell:getprop
W/ADB_SERVICES( 9297): service_to_fd() name=shell:getprop
W/ADB_SERVICES( 9297): read_meminfo() mem_free=50708
W/ADB_SERVICES( 9297): create_subproc ret_fd=53 pid=18217
W/ADB_SERVICES( 9297): LS(76659): bound to 'shell:getprop' via 53
W/ADB_SERVICES(18217): adb: unable to update oom_score_adj
D/ADB_SERVICES( 9297):  closing because is_eof=1 r=-1 s->fde.force_eof=0
W/ADB_SERVICES( 9297): entered. LS(76659) fd=53
W/ADB_SERVICES( 9297): create_local_service_socket() name=shell:getprop
W/ADB_SERVICES( 9297): service_to_fd() name=shell:getprop
W/ADB_SERVICES( 9297): read_meminfo() mem_free=61460
W/ADB_SERVICES( 9297): create_subproc ret_fd=53 pid=18218
W/ADB_SERVICES( 9297): LS(76660): bound to 'shell:getprop' via 53
W/ADB_SERVICES(18218): adb: unable to update oom_score_adj
W/ADB_SERVICES( 9297): create_local_service_socket() name=shell:cat /proc/net/xt_qtaguid/stats | grep 10215
W/ADB_SERVICES( 9297): service_to_fd() name=shell:cat /proc/net/xt_qtaguid/stats | grep 10215
W/ADB_SERVICES( 9297): read_meminfo() mem_free=61232
W/ADB_SERVICES( 9297): create_subproc ret_fd=56 pid=18219
W/ADB_SERVICES( 9297): LS(76661): bound to 'shell:cat /proc/net/xt_qtaguid/stats | grep 10215' via 56
W/ADB_SERVICES(18219): adb: unable to update oom_score_adj
W/ADB_SERVICES( 9297): create_local_service_socket() name=shell:cat /proc/11013/stat
W/ADB_SERVICES( 9297): service_to_fd() name=shell:cat /proc/11013/stat
W/ADB_SERVICES( 9297): read_meminfo() mem_free=61232
W/ADB_SERVICES( 9297): create_subproc ret_fd=57 pid=18220
W/ADB_SERVICES( 9297): LS(76662): bound to 'shell:cat /proc/11013/stat' via 57
D/ADB_SERVICES( 9297):  closing because is_eof=1 r=1 s->fde.force_eof=0
W/ADB_SERVICES( 9297): entered. LS(76660) fd=53
W/ADB_SERVICES(18220): adb: unable to update oom_score_adj
D/ADB_SERVICES( 9297):  closing because is_eof=1 r=-1 s->fde.force_eof=0
W/ADB_SERVICES( 9297): entered. LS(76662) fd=57
D/ADB_SERVICES( 9297):  closing because is_eof=1 r=-1 s->fde.force_eof=0
W/ADB_SERVICES( 9297): entered. LS(76661) fd=56
W/ADB_SERVICES( 9297): create_local_service_socket() name=shell:cat /proc/stat
W/ADB_SERVICES( 9297): service_to_fd() name=shell:cat /proc/stat
W/ADB_SERVICES( 9297): read_meminfo() mem_free=61184
W/ADB_SERVICES( 9297): create_subproc ret_fd=53 pid=18223
W/ADB_SERVICES( 9297): LS(76663): bound to 'shell:cat /proc/stat' via 53
W/ADB_SERVICES(18223): adb: unable to update oom_score_adj
D/ADB_SERVICES( 9297):  closing because is_eof=1 r=-1 s->fde.force_eof=0
W/ADB_SERVICES( 9297): entered. LS(76663) fd=53
W/ADB_SERVICES( 9297): create_local_service_socket() name=shell:getprop
W/ADB_SERVICES( 9297): service_to_fd() name=shell:getprop
W/ADB_SERVICES( 9297): read_meminfo() mem_free=61248
W/ADB_SERVICES( 9297): create_subproc ret_fd=53 pid=18224
W/ADB_SERVICES( 9297): LS(76664): bound to 'shell:getprop' via 53
W/ADB_SERVICES(18224): adb: unable to update oom_score_adj
