--------- beginning of system
D/PowerManagerService(  779): MTK-----com.youyouza.pedmeter
D/PowerManagerService(  779): MTK-----in the PedometerService
D/PowerManagerService(  779): MTK-----android
D/PowerManagerService(  779): MTK-----WindowManager
D/PowerManagerService(  779): MTK-----android
D/PowerManagerService(  779): MTK-----*alarm*
D/PowerManagerService(  779): wakelock list dump: mLocks.size=3:
D/PowerManagerService(  779): No.0: PARTIAL_WAKE_LOCK 'in the PedometerService'activated(flags=1, uid=10215, pid=910) total=397063ms)
D/PowerManagerService(  779): No.1: SCREEN_BRIGHT_WAKE_LOCK 'WindowManager'activated(flags=536870922, uid=1000, pid=779) total=335ms)
D/PowerManagerService(  779): No.2: PARTIAL_WAKE_LOCK '*alarm*'activated(flags=1, uid=1000, pid=779) total=0ms)
D/WifiDisplayAdapter(  779): getWifiDisplayStatusLocked: result=WifiDisplayStatus{featureState=2, scanState=0, activeDisplayState=0, activeDisplay=null, displays=[], sessionInfo=WifiDisplaySessionInfo: C/O:Client,GId:,Pp:,SId:0,IP:}
D/PowerManagerService(  779): isWfdEnabled() mWfdStatus=WifiDisplayStatus{featureState=2, scanState=0, activeDisplayState=0, activeDisplay=null, displays=[], sessionInfo=WifiDisplaySessionInfo: C/O:Client,GId:,Pp:,SId:0,IP:}, return false
D/DisplayPowerController(  779): requestPowerState: policy=BRIGHT, useProximitySensor=false, screenBrightness=132, screenAutoBrightnessAdjustment=0.0, useAutoBrightness=false, blockScreenOn=false, lowPowerMode=false, dozeScreenBrightness=-1, dozeScreenState=UNKNOWN, waitForNegativeProximity=false
D/PowerManagerNotifier(  779): onWakeLockAcquired: flags=1, tag="*alarm*", packageName=android, ownerUid=1000, ownerPid=779, workSource=WorkSource{10096}
D/AlarmManager(  779): onSendFinished begin
D/PowerManagerNotifier(  779): onWakeLockReleased: flags=1, tag="*alarm*", packageName=android, ownerUid=1000, ownerPid=779, workSource=WorkSource{10096}
D/PowerManagerService(  779): MTK-----com.youyouza.pedmeter
D/PowerManagerService(  779): MTK-----in the PedometerService
D/PowerManagerService(  779): MTK-----android
D/PowerManagerService(  779): MTK-----WindowManager
D/PowerManagerService(  779): wakelock list dump: mLocks.size=2:
D/PowerManagerService(  779): No.0: PARTIAL_WAKE_LOCK 'in the PedometerService'activated(flags=1, uid=10215, pid=910) total=397066ms)
D/PowerManagerService(  779): No.1: SCREEN_BRIGHT_WAKE_LOCK 'WindowManager'activated(flags=536870922, uid=1000, pid=779) total=338ms)
D/WifiDisplayAdapter(  779): getWifiDisplayStatusLocked: result=WifiDisplayStatus{featureState=2, scanState=0, activeDisplayState=0, activeDisplay=null, displays=[], sessionInfo=WifiDisplaySessionInfo: C/O:Client,GId:,Pp:,SId:0,IP:}
D/PowerManagerService(  779): isWfdEnabled() mWfdStatus=WifiDisplayStatus{featureState=2, scanState=0, activeDisplayState=0, activeDisplay=null, displays=[], sessionInfo=WifiDisplaySessionInfo: C/O:Client,GId:,Pp:,SId:0,IP:}, return false
D/DisplayPowerController(  779): requestPowerState: policy=BRIGHT, useProximitySensor=false, screenBrightness=132, screenAutoBrightnessAdjustment=0.0, useAutoBrightness=false, blockScreenOn=false, lowPowerMode=false, dozeScreenBrightness=-1, dozeScreenState=UNKNOWN, waitForNegativeProximity=false
D/ActivityManager(  779): ACT-IDLE_NOW_MSG from windowsVisible() for idle: ActivityRecord{1b830920 u0 com.miui.home/.launcher.Launcher t3127}
V/NetworkStats(  779): setKernelCounterSet uid=10194 set=0
V/ActivityThread(18757): Finishing stop of ActivityRecord{1eaef3ff token=android.os.BinderProxy@150fc5cc {com.tencent.mm/com.tencent.mm.ui.LauncherUI}}: show=false win=com.android.internal.policy.impl.MiuiPhoneWindow@3bd7d3d8
V/ActivityManager(  779): Broadcast sticky: Intent { act=android.intent.action.SIG_STR flg=0x20000010 (has extras) } ordered=false userid=-1 callerApp=ProcessRecord{2d221f8e 779:system/1000}
V/ActivityManager(  779): Broadcast: Intent { act=com.youyouza.updateUI.pedemeter flg=0x10 (has extras) } ordered=true userid=0 callerApp=ProcessRecord{20e92d1a 910:com.youyouza.pedmeter/u0a215}
D/ActivityThread(  910): BDC-Calling finishReceiver: IIntentReceiver=2384fef1
W/AlarmManager(  779): operation package = com.tencent.mm CTS_Alarm = false
V/AlarmManager(  779): isAlarmNeedAlign : charging
W/AlarmManager(  779): operation package = com.tencent.mm CTS_Alarm = false
V/AlarmManager(  779): isAlarmNeedAlign : charging
W/ActivityManager(  779): getRunningAppProcesses: caller 10194 does not hold REAL_GET_TASKS; limiting output
D/AlarmManager(  779): remove(operation) changed bounds; rebatching
D/AlarmManager(  779): rebatchAllAlarmsLocked begin oldBatches count = 54
V/AlarmManager(  779): isAlarmNeedAlign : charging
V/AlarmManager(  779): isAlarmNeedAlign : charging
V/AlarmManager(  779): isAlarmNeedAlign : charging
V/AlarmManager(  779): isAlarmNeedAlign : charging
V/AlarmManager(  779): isAlarmNeedAlign : charging
V/AlarmManager(  779): isAlarmNeedAlign : charging
V/AlarmManager(  779): isAlarmNeedAlign : charging
V/AlarmManager(  779): isAlarmNeedAlign : charging
V/AlarmManager(  779): isAlarmNeedAlign : charging
V/AlarmManager(  779): isAlarmNeedAlign : charging
V/AlarmManager(  779): isAlarmNeedAlign : charging
V/AlarmManager(  779): isAlarmNeedAlign : charging
V/AlarmManager(  779): isAlarmNeedAlign : charging
V/AlarmManager(  779): isAlarmNeedAlign : charging
V/AlarmManager(  779): isAlarmNeedAlign : charging
V/AlarmManager(  779): isAlarmNeedAlign : charging
V/AlarmManager(  779): isAlarmNeedAlign : charging
V/AlarmManager(  779): isAlarmNeedAlign : charging
V/AlarmManager(  779): isAlarmNeedAlign : charging
V/AlarmManager(  779): isAlarmNeedAlign : charging
V/AlarmManager(  779): isAlarmNeedAlign : charging
V/AlarmManager(  779): isAlarmNeedAlign : charging
V/AlarmManager(  779): isAlarmNeedAlign : charging
V/AlarmManager(  779): isAlarmNeedAlign : charging
V/AlarmManager(  779): isAlarmNeedAlign : charging
V/AlarmManager(  779): isAlarmNeedAlign : charging
V/AlarmManager(  779): isAlarmNeedAlign : charging
V/AlarmManager(  779): isAlarmNeedAlign : charging
V/AlarmManager(  779): isAlarmNeedAlign : charging
V/AlarmManager(  779): isAlarmNeedAlign : charging
V/AlarmManager(  779): isAlarmNeedAlign : charging
V/AlarmManager(  779): isAlarmNeedAlign : charging
V/AlarmManager(  779): isAlarmNeedAlign : charging
V/AlarmManager(  779): isAlarmNeedAlign : charging
V/AlarmManager(  779): isAlarmNeedAlign : charging
V/AlarmManager(  779): isAlarmNeedAlign : charging
V/AlarmManager(  779): isAlarmNeedAlign : charging
V/AlarmManager(  779): isAlarmNeedAlign : charging
V/AlarmManager(  779): isAlarmNeedAlign : charging
V/AlarmManager(  779): isAlarmNeedAlign : charging
V/AlarmManager(  779): isAlarmNeedAlign : charging
V/AlarmManager(  779): isAlarmNeedAlign : charging
V/AlarmManager(  779): isAlarmNeedAlign : charging
V/AlarmManager(  779): isAlarmNeedAlign : charging
V/AlarmManager(  779): isAlarmNeedAlign : charging
V/AlarmManager(  779): isAlarmNeedAlign : charging
V/AlarmManager(  779): isAlarmNeedAlign : charging
V/AlarmManager(  779): isAlarmNeedAlign : charging
V/AlarmManager(  779): isAlarmNeedAlign : charging
V/AlarmManager(  779): isAlarmNeedAlign : charging
V/AlarmManager(  779): isAlarmNeedAlign : charging
V/AlarmManager(  779): isAlarmNeedAlign : charging
V/AlarmManager(  779): isAlarmNeedAlign : charging
V/AlarmManager(  779): isAlarmNeedAlign : charging
V/AlarmManager(  779): isAlarmNeedAlign : charging
V/AlarmManager(  779): isAlarmNeedAlign : charging
V/AlarmManager(  779): isAlarmNeedAlign : charging
V/AlarmManager(  779): isAlarmNeedAlign : charging
V/AlarmManager(  779): isAlarmNeedAlign : charging
V/AlarmManager(  779): isAlarmNeedAlign : charging
V/AlarmManager(  779): isAlarmNeedAlign : charging
V/AlarmManager(  779): isAlarmNeedAlign : charging
V/AlarmManager(  779): isAlarmNeedAlign : charging
V/AlarmManager(  779): isAlarmNeedAlign : charging
V/AlarmManager(  779): isAlarmNeedAlign : charging
V/AlarmManager(  779): isAlarmNeedAlign : charging
V/AlarmManager(  779): isAlarmNeedAlign : charging
V/AlarmManager(  779): isAlarmNeedAlign : charging
V/AlarmManager(  779): isAlarmNeedAlign : charging
V/AlarmManager(  779): isAlarmNeedAlign : charging
V/AlarmManager(  779): isAlarmNeedAlign : charging
V/AlarmManager(  779): isAlarmNeedAlign : charging
V/AlarmManager(  779): isAlarmNeedAlign : charging
V/AlarmManager(  779): isAlarmNeedAlign : charging
V/AlarmManager(  779): isAlarmNeedAlign : charging
V/AlarmManager(  779): isAlarmNeedAlign : charging
V/AlarmManager(  779): isAlarmNeedAlign : charging
V/AlarmManager(  779): isAlarmNeedAlign : charging
V/AlarmManager(  779): isAlarmNeedAlign : charging
V/AlarmManager(  779): isAlarmNeedAlign : charging
V/AlarmManager(  779): isAlarmNeedAlign : charging
V/AlarmManager(  779): isAlarmNeedAlign : charging
V/AlarmManager(  779): isAlarmNeedAlign : charging
D/AlarmManager(  779): rebatchAllAlarmsLocked end
W/AlarmManager(  779): operation package = com.tencent.mm CTS_Alarm = false
V/AlarmManager(  779): isAlarmNeedAlign : charging
D/PowerManagerNotifier(  779): onUserActivity: event=2, uid=1000
D/WifiDisplayAdapter(  779): getWifiDisplayStatusLocked: result=WifiDisplayStatus{featureState=2, scanState=0, activeDisplayState=0, activeDisplay=null, displays=[], sessionInfo=WifiDisplaySessionInfo: C/O:Client,GId:,Pp:,SId:0,IP:}
D/PowerManagerService(  779): isWfdEnabled() mWfdStatus=WifiDisplayStatus{featureState=2, scanState=0, activeDisplayState=0, activeDisplay=null, displays=[], sessionInfo=WifiDisplaySessionInfo: C/O:Client,GId:,Pp:,SId:0,IP:}, return false
D/DisplayPowerController(  779): requestPowerState: policy=BRIGHT, useProximitySensor=false, screenBrightness=132, screenAutoBrightnessAdjustment=0.0, useAutoBrightness=false, blockScreenOn=false, lowPowerMode=false, dozeScreenBrightness=-1, dozeScreenState=UNKNOWN, waitForNegativeProximity=false
W/ActivityManager(  779): Activity stop timeout for ActivityRecord{55049f4 u0 com.sina.weibo/.MainTabActivity t4302}
I/ActivityManager(  779): START u0 {act=android.intent.action.MAIN cat=[android.intent.category.LAUNCHER] flg=0x10200000 cmp=com.tencent.mobileqq/.activity.SplashActivity bnds=[748,743][940,935] (has extras)} from uid 10017 on display 0
D/PowerManagerService(  779): MTK-----com.youyouza.pedmeter
D/PowerManagerService(  779): MTK-----in the PedometerService
D/PowerManagerService(  779): MTK-----android
D/PowerManagerService(  779): MTK-----WindowManager
D/PowerManagerService(  779): MTK-----android
D/PowerManagerService(  779): MTK-----ActivityManager-Launch
D/PowerManagerService(  779): wakelock list dump: mLocks.size=3:
D/PowerManagerService(  779): No.0: PARTIAL_WAKE_LOCK 'in the PedometerService'activated(flags=1, uid=10215, pid=910) total=397928ms)
D/PowerManagerService(  779): No.1: SCREEN_BRIGHT_WAKE_LOCK 'WindowManager'activated(flags=536870922, uid=1000, pid=779) total=1200ms)
D/PowerManagerService(  779): No.2: PARTIAL_WAKE_LOCK 'ActivityManager-Launch'activated(flags=1, uid=1000, pid=779) total=0ms)
D/WifiDisplayAdapter(  779): getWifiDisplayStatusLocked: result=WifiDisplayStatus{featureState=2, scanState=0, activeDisplayState=0, activeDisplay=null, displays=[], sessionInfo=WifiDisplaySessionInfo: C/O:Client,GId:,Pp:,SId:0,IP:}
D/PowerManagerService(  779): isWfdEnabled() mWfdStatus=WifiDisplayStatus{featureState=2, scanState=0, activeDisplayState=0, activeDisplay=null, displays=[], sessionInfo=WifiDisplaySessionInfo: C/O:Client,GId:,Pp:,SId:0,IP:}, return false
D/DisplayPowerController(  779): requestPowerState: policy=BRIGHT, useProximitySensor=false, screenBrightness=132, screenAutoBrightnessAdjustment=0.0, useAutoBrightness=false, blockScreenOn=false, lowPowerMode=false, dozeScreenBrightness=-1, dozeScreenState=UNKNOWN, waitForNegativeProximity=false
D/PowerManagerNotifier(  779): onWakeLockAcquired: flags=1, tag="ActivityManager-Launch", packageName=android, ownerUid=1000, ownerPid=779, workSource=null
D/ActivityThread( 4018): ACT-AM_ON_PAUSE_CALLED ActivityRecord{3f9d28e3 token=android.os.BinderProxy@3af1c2e0 {com.miui.home/com.miui.home.launcher.Launcher}}
V/WindowManager(  779): Changing focus from Window{201d12ad u0 com.miui.home/com.miui.home.launcher.Launcher} to null Callers=com.android.server.wm.WindowManagerService.setFocusedApp:4466 com.android.server.am.ActivityManagerService.setFocusedActivityLocked:2747 com.android.server.am.ActivityStack.completeResumeLocked:1186 com.android.server.am.ActivityStack.resumeTopActivityInnerLocked:2114 
I/WindowManager(  779): Losing focus: Window{201d12ad u0 com.miui.home/com.miui.home.launcher.Launcher}
V/NetworkStats(  779): setKernelCounterSet uid=10139 set=1
V/ActivityThread(27568): Performing resume of ActivityRecord{25ffe374 token=android.os.BinderProxy@4f9609d {com.tencent.mobileqq/com.tencent.mobileqq.activity.SplashActivity}}
D/ActivityThread(27568): ACT-AM_ON_RESUME_CALLED ActivityRecord{25ffe374 token=android.os.BinderProxy@4f9609d {com.tencent.mobileqq/com.tencent.mobileqq.activity.SplashActivity}}
V/ActivityThread(27568): Resume ActivityRecord{25ffe374 token=android.os.BinderProxy@4f9609d {com.tencent.mobileqq/com.tencent.mobileqq.activity.SplashActivity}} started activity: false, hideForNow: false, finished: false
V/ActivityThread(27568): Resuming ActivityRecord{25ffe374 token=android.os.BinderProxy@4f9609d {com.tencent.mobileqq/com.tencent.mobileqq.activity.SplashActivity}} with isForward=true
V/ActivityThread(27568): Scheduling idle handler for ActivityRecord{25ffe374 token=android.os.BinderProxy@4f9609d {com.tencent.mobileqq/com.tencent.mobileqq.activity.SplashActivity}}
V/WindowManager(  779): Changing focus from null to Window{32249998 u0 com.tencent.mobileqq/com.tencent.mobileqq.activity.SplashActivity} Callers=com.android.server.wm.WindowManagerService.relayoutWindow:3608 com.android.server.wm.Session.relayout:202 android.view.IWindowSession$Stub.onTransact:237 com.android.server.wm.Session.onTransact:136 
I/WindowManager(  779): Gaining focus: Window{32249998 u0 com.tencent.mobileqq/com.tencent.mobileqq.activity.SplashActivity}
V/ActivityManager(  779): Broadcast: Intent { act=com.tencent.intent.QZONE_PRE_DOWNLOAD_CANCEL flg=0x10 } ordered=false userid=0 callerApp=ProcessRecord{23f1e5f1 27568:com.tencent.mobileqq/u0a139}
V/InputMethodManagerService(  779): windowGainedFocus: android.os.BinderProxy@6bd430a controlFlags=#105 softInputMode=#120 windowFlags=#45010100
D/DisplayManagerService(  779): Display listener for pid 8188 died.
I/libprocessgroup(  779): Killing pid 8261 in uid 10203 as part of process group 8188
I/libprocessgroup(  779): Killing pid 8261 in uid 10203 as part of process group 8188
D/WifiService(  779): Client connection lost with reason: 4
I/libprocessgroup(  779): Killing pid 8261 in uid 10203 as part of process group 8188
I/libprocessgroup(  779): Killing pid 8261 in uid 10203 as part of process group 8188
I/libprocessgroup(  779): Killing pid 8261 in uid 10203 as part of process group 8188
I/libprocessgroup(  779): Killing pid 8261 in uid 10203 as part of process group 8188
I/libprocessgroup(  779): Killing pid 8261 in uid 10203 as part of process group 8188
I/libprocessgroup(  779): Killing pid 8261 in uid 10203 as part of process group 8188
I/libprocessgroup(  779): Killing pid 8261 in uid 10203 as part of process group 8188
I/WindowState(  779): WIN DEATH: Window{1bb9f314 u0 com.sina.weibo/com.sina.weibo.MainTabActivity}
I/libprocessgroup(  779): Killing pid 8261 in uid 10203 as part of process group 8188
I/ActivityManager(  779): Process com.sina.weibo (pid 8188) has died
D/ActivityManager(  779): SVC-handleAppDiedLocked: app = ProcessRecord{16a9a2ea 8188:com.sina.weibo/u0a203}, app.pid = 8188
D/ActivityManager(  779): cleanUpApplicationRecord -- 8188
V/ActivityManager(  779): cleanUpApplicationRecordLocked:restart=false
D/ActivityManager(  779): SVC-mBroadcastQueues: com.android.server.am.BroadcastQueue@3de45b7e
D/ActivityManager(  779): SVC-mBroadcastQueues: com.android.server.am.BroadcastQueue@2f8f88df
D/ActivityThread(32549): SVC-Destroying service: com.sina.weibo.business.ImageUtilService@3aa7505b
W/ActivityManager(  779): Force removing ActivityRecord{55049f4 u0 com.sina.weibo/.MainTabActivity t4302}: app died, no saved state
D/PowerManagerNotifier(  779): onWakeLockReleased: flags=1, tag="ActivityManager-Launch", packageName=android, ownerUid=1000, ownerPid=779, workSource=null
D/PowerManagerService(  779): MTK-----com.youyouza.pedmeter
D/PowerManagerService(  779): MTK-----in the PedometerService
D/PowerManagerService(  779): MTK-----android
D/PowerManagerService(  779): MTK-----WindowManager
D/PowerManagerService(  779): wakelock list dump: mLocks.size=2:
D/PowerManagerService(  779): No.0: PARTIAL_WAKE_LOCK 'in the PedometerService'activated(flags=1, uid=10215, pid=910) total=398414ms)
D/PowerManagerService(  779): No.1: SCREEN_BRIGHT_WAKE_LOCK 'WindowManager'activated(flags=536870922, uid=1000, pid=779) total=1686ms)
D/WifiDisplayAdapter(  779): getWifiDisplayStatusLocked: result=WifiDisplayStatus{featureState=2, scanState=0, activeDisplayState=0, activeDisplay=null, displays=[], sessionInfo=WifiDisplaySessionInfo: C/O:Client,GId:,Pp:,SId:0,IP:}
D/PowerManagerService(  779): isWfdEnabled() mWfdStatus=WifiDisplayStatus{featureState=2, scanState=0, activeDisplayState=0, activeDisplay=null, displays=[], sessionInfo=WifiDisplaySessionInfo: C/O:Client,GId:,Pp:,SId:0,IP:}, return false
D/DisplayPowerController(  779): requestPowerState: policy=BRIGHT, useProximitySensor=false, screenBrightness=132, screenAutoBrightnessAdjustment=0.0, useAutoBrightness=false, blockScreenOn=false, lowPowerMode=false, dozeScreenBrightness=-1, dozeScreenState=UNKNOWN, waitForNegativeProximity=false
V/ActivityManager(  779): Broadcast: Intent { act=com.tencent.qq.syncQQMessage flg=0x10 } ordered=false userid=0 callerApp=ProcessRecord{23f1e5f1 27568:com.tencent.mobileqq/u0a139}
V/ActivityManager(  779): Broadcast: Intent { act=com.tencent.qq.syncQQMessage flg=0x10 } ordered=false userid=0 callerApp=ProcessRecord{23f1e5f1 27568:com.tencent.mobileqq/u0a139}
V/ActivityManager(  779): Broadcast: Intent { act=com.tencent.redpoint.broadcast.push.av flg=0x10 } ordered=false userid=0 callerApp=ProcessRecord{23f1e5f1 27568:com.tencent.mobileqq/u0a139}
V/ActivityManager(  779): Broadcast: Intent { act=com.tencent.qq.syncQzoneVipInfoAction flg=0x10 (has extras) } ordered=false userid=0 callerApp=ProcessRecord{23f1e5f1 27568:com.tencent.mobileqq/u0a139}
V/ActivityManager(  779): Broadcast: Intent { act=com.tencent.qq.syncQQMessage flg=0x10 } ordered=false userid=0 callerApp=ProcessRecord{23f1e5f1 27568:com.tencent.mobileqq/u0a139}
V/ActivityManager(  779): Broadcast: Intent { act=com.tencent.process.starting flg=0x10 (has extras) } ordered=false userid=0 callerApp=ProcessRecord{23f1e5f1 27568:com.tencent.mobileqq/u0a139}
V/ActivityManager(  779): Broadcast: Intent { act=com.tencent.plugin.state.change flg=0x10 (has extras) } ordered=false userid=0 callerApp=ProcessRecord{23f1e5f1 27568:com.tencent.mobileqq/u0a139}
W/ActivityManager(  779): getRunningAppProcesses: caller 10139 does not hold REAL_GET_TASKS; limiting output
D/ActivityManager(  779): ACT-IDLE_NOW_MSG from windowsVisible() for idle: ActivityRecord{3bcb4eca u0 com.tencent.mobileqq/.activity.SplashActivity t4102}
V/NetworkStats(  779): setKernelCounterSet uid=10017 set=0
V/ActivityThread( 4018): Finishing stop of ActivityRecord{3f9d28e3 token=android.os.BinderProxy@3af1c2e0 {com.miui.home/com.miui.home.launcher.Launcher}}: show=false win=com.android.internal.policy.impl.MiuiPhoneWindow@9d7c24e
V/ActivityManager(  779): Broadcast: Intent { act=com.youyouza.updateUI.pedemeter flg=0x10 (has extras) } ordered=true userid=0 callerApp=ProcessRecord{20e92d1a 910:com.youyouza.pedmeter/u0a215}
D/ActivityThread(  910): BDC-Calling finishReceiver: IIntentReceiver=2384fef1
V/ActivityManager(  779): Broadcast sticky: Intent { act=android.net.wifi.RSSI_CHANGED flg=0x4000010 (has extras) } ordered=false userid=-1 callerApp=ProcessRecord{2d221f8e 779:system/1000}
V/ActivityManager(  779): Broadcast: Intent { act=com.tencent.qq.syncQQMessage flg=0x10 } ordered=false userid=0 callerApp=ProcessRecord{23f1e5f1 27568:com.tencent.mobileqq/u0a139}
V/ActivityManager(  779): Broadcast: Intent { act=com.youyouza.updateUI.pedemeter flg=0x10 (has extras) } ordered=true userid=0 callerApp=ProcessRecord{20e92d1a 910:com.youyouza.pedmeter/u0a215}
D/ActivityThread(  910): BDC-Calling finishReceiver: IIntentReceiver=2384fef1
W/ActivityManager(  779): getRunningAppProcesses: caller 10194 does not hold REAL_GET_TASKS; limiting output
V/ActivityManager(  779): Broadcast: Intent { act=com.tencent.mm.plugin.report.service.KVCommCrossProcessReceiver flg=0x10 cmp=com.tencent.mm/.plugin.report.service.KVCommCrossProcessReceiver (has extras) } ordered=false userid=0 callerApp=ProcessRecord{29807c69 19040:com.tencent.mm:push/u0a194}
D/ActivityThread(18757): BDC-Calling onReceive: intent=Intent { act=com.tencent.mm.plugin.report.service.KVCommCrossProcessReceiver flg=0x10 cmp=com.tencent.mm/.plugin.report.service.KVCommCrossProcessReceiver (has extras) }, receiver=com.tencent.mm.plugin.report.service.KVCommCrossProcessReceiver@95dbf30
I/thermal_repeater(  298): oh, queryMdThermalInfo (0)Bad file number
I/thermal_repeater(  298): [recvMdThermalInfo] ret=26, strLen=127,  3, 29, -127, -1, 32767, 2
V/ActivityManager(  779): Broadcast: Intent { act=com.youyouza.updateUI.pedemeter flg=0x10 (has extras) } ordered=true userid=0 callerApp=ProcessRecord{20e92d1a 910:com.youyouza.pedmeter/u0a215}
D/ActivityThread(  910): BDC-Calling finishReceiver: IIntentReceiver=2384fef1
D/AlarmManager(  779): set alarm to RTC 1213120993
V/ActivityManager(  779): Broadcast: Intent { act=com.google.firebase.INSTANCE_ID_EVENT flg=0x114 cmp=com.kdanmobile.android.pdfreader.google.pad/com.google.firebase.iid.FirebaseInstanceIdInternalReceiver (has extras) } ordered=true userid=0 callerApp=null
D/PowerManagerService(  779): MTK-----com.youyouza.pedmeter
D/PowerManagerService(  779): MTK-----in the PedometerService
D/PowerManagerService(  779): MTK-----android
D/PowerManagerService(  779): MTK-----WindowManager
D/PowerManagerService(  779): MTK-----android
D/PowerManagerService(  779): MTK-----*alarm*
D/PowerManagerService(  779): wakelock list dump: mLocks.size=3:
D/PowerManagerService(  779): No.0: PARTIAL_WAKE_LOCK 'in the PedometerService'activated(flags=1, uid=10215, pid=910) total=400943ms)
D/PowerManagerService(  779): No.1: SCREEN_BRIGHT_WAKE_LOCK 'WindowManager'activated(flags=536870922, uid=1000, pid=779) total=4215ms)
D/PowerManagerService(  779): No.2: PARTIAL_WAKE_LOCK '*alarm*'activated(flags=1, uid=1000, pid=779) total=0ms)
D/WifiDisplayAdapter(  779): getWifiDisplayStatusLocked: result=WifiDisplayStatus{featureState=2, scanState=0, activeDisplayState=0, activeDisplay=null, displays=[], sessionInfo=WifiDisplaySessionInfo: C/O:Client,GId:,Pp:,SId:0,IP:}
D/PowerManagerService(  779): isWfdEnabled() mWfdStatus=WifiDisplayStatus{featureState=2, scanState=0, activeDisplayState=0, activeDisplay=null, displays=[], sessionInfo=WifiDisplaySessionInfo: C/O:Client,GId:,Pp:,SId:0,IP:}, return false
D/DisplayPowerController(  779): requestPowerState: policy=BRIGHT, useProximitySensor=false, screenBrightness=132, screenAutoBrightnessAdjustment=0.0, useAutoBrightness=false, blockScreenOn=false, lowPowerMode=false, dozeScreenBrightness=-1, dozeScreenState=UNKNOWN, waitForNegativeProximity=false
D/PowerManagerNotifier(  779): onWakeLockAcquired: flags=1, tag="*alarm*", packageName=android, ownerUid=1000, ownerPid=779, workSource=WorkSource{10029}
I/ActivityManager(  779): Start proc com.kdanmobile.android.pdfreader.google.pad for broadcast com.kdanmobile.android.pdfreader.google.pad/com.google.firebase.iid.FirebaseInstanceIdInternalReceiver: pid=9301 uid=10029 gids={50029, 9997, 1028, 1015, 3003, 3002} abi=armeabi-v7a
D/ActivityManager(  779): getContentProviderImpl: from caller=android.app.ApplicationThreadProxy@16dd0853 (pid=9301, userId=0) to get content provider settings cpr=ContentProviderRecord{10e47ef4 u0 com.android.providers.settings/.SettingsProvider}
D/ActivityManager(  779): getContentProviderImpl: updateLruProcessLocked cpr.proc=ProcessRecord{2d221f8e 779:system/1000}
D/ActivityThread( 9301): hoder:android.app.IActivityManager$ContentProviderHolder@3aaae8ac,provider,holder.Provider:android.content.ContentProviderProxy@2eb1a975
V/SettingsProvider(  779): call(system:anr_debugging_mechanism) for 0
D/ActivityThread( 9301): installProvider: context.getPackageName()=com.kdanmobile.android.pdfreader.google.pad
V/ActivityManager(  779): Broadcast: Intent { act=com.google.firebase.INSTANCE_ID_EVENT flg=0x10 cmp=com.kdanmobile.android.pdfreader.google.pad/com.google.firebase.iid.FirebaseInstanceIdInternalReceiver (has extras) } ordered=false userid=0 callerApp=ProcessRecord{17d80590 9301:com.kdanmobile.android.pdfreader.google.pad/u0a29}
D/ActivityManager(  779): publishContentProviders: from caller=android.app.ApplicationThreadProxy@160c6e89 (pid=9301)
W/ActivityManager(  779): getRunningAppProcesses: caller 10029 does not hold REAL_GET_TASKS; limiting output
V/SettingsProvider(  779): call(secure:android_id) for 0
D/WifiService(  779): getWifiServiceMessenger, pid:9301, uid:10029
D/WifiService(  779): New client listening to asynchronous messages
V/SettingsProvider(  779): call(system:6c709c11d2d46a7b) for 0
W/ActivityManager(  779): getRunningAppProcesses: caller 10029 does not hold REAL_GET_TASKS; limiting output
W/ActivityManager(  779): getRunningAppProcesses: caller 10029 does not hold REAL_GET_TASKS; limiting output
V/SettingsProvider(  779): call(system:dd7893586a493dc3) for 0
W/ActivityManager(  779): getRunningAppProcesses: caller 10029 does not hold REAL_GET_TASKS; limiting output
V/SettingsProvider(  779): call(system:mqBRboGZkQPcAkyk) for 0
V/ActivityManager(  779): Broadcast: Intent { act=com.youyouza.updateUI.pedemeter flg=0x10 (has extras) } ordered=true userid=0 callerApp=ProcessRecord{20e92d1a 910:com.youyouza.pedmeter/u0a215}
V/SettingsProvider(  779): call(system:font_scale) for 0
V/SettingsProvider(  779): call(system:ui_mode_scale) for 0
D/FrameworkListener(  274): dispatchCommand data = (getaddrinfo adash.m.taobao.com ^ 1024 0 1 0 0)
D/SocketClient(  274): SocketClient sendData done: 222
D/SocketClient(  274): SocketClient sendData done: 
D/SocketClient(  274): SocketClient sendData done: 
D/SocketClient(  274): SocketClient sendData done: 
D/SocketClient(  274): SocketClient sendData done: 
D/SocketClient(  274): SocketClient sendData done: 
D/SocketClient(  274): SocketClient sendData done: 
D/SocketClient(  274): SocketClient sendData done: 
D/ActivityThread( 9301): BDC-Calling onReceive: intent=Intent { act=com.google.firebase.INSTANCE_ID_EVENT flg=0x114 cmp=com.kdanmobile.android.pdfreader.google.pad/com.google.firebase.iid.FirebaseInstanceIdInternalReceiver (has extras) }, receiver=com.google.firebase.iid.FirebaseInstanceIdInternalReceiver@1a5a8d27
D/PowerManagerService(  779): MTK-----com.youyouza.pedmeter
D/PowerManagerService(  779): MTK-----in the PedometerService
D/PowerManagerService(  779): MTK-----android
D/PowerManagerService(  779): MTK-----WindowManager
D/PowerManagerService(  779): MTK-----android
D/PowerManagerService(  779): MTK-----*alarm*
D/PowerManagerService(  779): MTK-----com.kdanmobile.android.pdfreader.google.pad
D/PowerManagerService(  779): MTK-----wake:com.kdanmobile.android.pdfreader.google.pad/com.google.firebase.iid.FirebaseInstanceIdService
D/PowerManagerService(  779): wakelock list dump: mLocks.size=4:
D/PowerManagerService(  779): No.0: PARTIAL_WAKE_LOCK 'in the PedometerService'activated(flags=1, uid=10215, pid=910) total=401671ms)
D/PowerManagerService(  779): No.1: SCREEN_BRIGHT_WAKE_LOCK 'WindowManager'activated(flags=536870922, uid=1000, pid=779) total=4943ms)
D/PowerManagerService(  779): No.2: PARTIAL_WAKE_LOCK '*alarm*'activated(flags=1, uid=1000, pid=779) total=728ms)
D/PowerManagerService(  779): No.3: PARTIAL_WAKE_LOCK 'wake:com.kdanmobile.android.pdfreader.google.pad/com.google.firebase.iid.FirebaseInstanceIdService'activated(flags=1, uid=10029, pid=9301) total=0ms)
D/WifiDisplayAdapter(  779): getWifiDisplayStatusLocked: result=WifiDisplayStatus{featureState=2, scanState=0, activeDisplayState=0, activeDisplay=null, displays=[], sessionInfo=WifiDisplaySessionInfo: C/O:Client,GId:,Pp:,SId:0,IP:}
D/PowerManagerService(  779): isWfdEnabled() mWfdStatus=WifiDisplayStatus{featureState=2, scanState=0, activeDisplayState=0, activeDisplay=null, displays=[], sessionInfo=WifiDisplaySessionInfo: C/O:Client,GId:,Pp:,SId:0,IP:}, return false
D/DisplayPowerController(  779): requestPowerState: policy=BRIGHT, useProximitySensor=false, screenBrightness=132, screenAutoBrightnessAdjustment=0.0, useAutoBrightness=false, blockScreenOn=false, lowPowerMode=false, dozeScreenBrightness=-1, dozeScreenState=UNKNOWN, waitForNegativeProximity=false
D/PowerManagerNotifier(  779): onWakeLockAcquired: flags=1, tag="wake:com.kdanmobile.android.pdfreader.google.pad/com.google.firebase.iid.FirebaseInstanceIdService", packageName=com.kdanmobile.android.pdfreader.google.pad, ownerUid=10029, ownerPid=9301, workSource=null
D/ActivityThread( 9301): SVC-Creating service: CreateServiceData{token=android.os.BinderProxy@3c97717d className=com.google.android.gms.measurement.AppMeasurementService packageName=com.kdanmobile.android.pdfreader.google.pad intent=null}
D/ActivityThread( 9301): SVC-Creating service: CreateServiceData{token=android.os.BinderProxy@34bd9872 className=com.xiaomi.mipush.sdk.PushMessageHandler packageName=com.kdanmobile.android.pdfreader.google.pad intent=null}
D/AlarmManager(  779): onSendFinished begin
D/PowerManagerNotifier(  779): onWakeLockReleased: flags=1, tag="*alarm*", packageName=android, ownerUid=1000, ownerPid=779, workSource=WorkSource{10029}
D/PowerManagerService(  779): MTK-----com.youyouza.pedmeter
D/PowerManagerService(  779): MTK-----in the PedometerService
D/PowerManagerService(  779): MTK-----android
D/PowerManagerService(  779): MTK-----WindowManager
D/PowerManagerService(  779): MTK-----com.kdanmobile.android.pdfreader.google.pad
D/PowerManagerService(  779): MTK-----wake:com.kdanmobile.android.pdfreader.google.pad/com.google.firebase.iid.FirebaseInstanceIdService
D/PowerManagerService(  779): wakelock list dump: mLocks.size=3:
D/PowerManagerService(  779): No.0: PARTIAL_WAKE_LOCK 'in the PedometerService'activated(flags=1, uid=10215, pid=910) total=401690ms)
D/PowerManagerService(  779): No.1: SCREEN_BRIGHT_WAKE_LOCK 'WindowManager'activated(flags=536870922, uid=1000, pid=779) total=4962ms)
D/PowerManagerService(  779): No.2: PARTIAL_WAKE_LOCK 'wake:com.kdanmobile.android.pdfreader.google.pad/com.google.firebase.iid.FirebaseInstanceIdService'activated(flags=1, uid=10029, pid=9301) total=19ms)
D/WifiDisplayAdapter(  779): getWifiDisplayStatusLocked: result=WifiDisplayStatus{featureState=2, scanState=0, activeDisplayState=0, activeDisplay=null, displays=[], sessionInfo=WifiDisplaySessionInfo: C/O:Client,GId:,Pp:,SId:0,IP:}
D/PowerManagerService(  779): isWfdEnabled() mWfdStatus=WifiDisplayStatus{featureState=2, scanState=0, activeDisplayState=0, activeDisplay=null, displays=[], sessionInfo=WifiDisplaySessionInfo: C/O:Client,GId:,Pp:,SId:0,IP:}, return false
D/DisplayPowerController(  779): requestPowerState: policy=BRIGHT, useProximitySensor=false, screenBrightness=132, screenAutoBrightnessAdjustment=0.0, useAutoBrightness=false, blockScreenOn=false, lowPowerMode=false, dozeScreenBrightness=-1, dozeScreenState=UNKNOWN, waitForNegativeProximity=false
D/ActivityThread( 9301): SVC-Creating service: CreateServiceData{token=android.os.BinderProxy@3448c9be className=com.google.firebase.iid.FirebaseInstanceIdService packageName=com.kdanmobile.android.pdfreader.google.pad intent=null}
D/ActivityThread( 9301): SVC-Creating service: CreateServiceData{token=android.os.BinderProxy@14685335 className=com.xiaomi.mipush.sdk.MessageHandleService packageName=com.kdanmobile.android.pdfreader.google.pad intent=null}
D/ActivityThread( 9301): BDC-Calling onReceive: intent=Intent { act=com.google.firebase.INSTANCE_ID_EVENT flg=0x10 cmp=com.kdanmobile.android.pdfreader.google.pad/com.google.firebase.iid.FirebaseInstanceIdInternalReceiver (has extras) }, receiver=com.google.firebase.iid.FirebaseInstanceIdInternalReceiver@2bd7edb1
W/AlarmManager(  779): operation package = com.kdanmobile.android.pdfreader.google.pad CTS_Alarm = false
V/AlarmManager(  779): isAlarmNeedAlign : charging
D/PowerManagerService(  779): MTK-----com.youyouza.pedmeter
D/PowerManagerService(  779): MTK-----in the PedometerService
D/PowerManagerService(  779): MTK-----android
D/PowerManagerService(  779): MTK-----WindowManager
D/PowerManagerService(  779): MTK-----com.kdanmobile.android.pdfreader.google.pad
D/PowerManagerService(  779): MTK-----wake:com.kdanmobile.android.pdfreader.google.pad/com.google.firebase.iid.FirebaseInstanceIdService
D/PowerManagerService(  779): MTK-----com.kdanmobile.android.pdfreader.google.pad
D/PowerManagerService(  779): MTK-----wake:com.kdanmobile.android.pdfreader.google.pad/com.google.firebase.iid.FirebaseInstanceIdService
D/PowerManagerService(  779): wakelock list dump: mLocks.size=4:
D/PowerManagerService(  779): No.0: PARTIAL_WAKE_LOCK 'in the PedometerService'activated(flags=1, uid=10215, pid=910) total=401733ms)
D/PowerManagerService(  779): No.1: SCREEN_BRIGHT_WAKE_LOCK 'WindowManager'activated(flags=536870922, uid=1000, pid=779) total=5005ms)
D/PowerManagerService(  779): No.2: PARTIAL_WAKE_LOCK 'wake:com.kdanmobile.android.pdfreader.google.pad/com.google.firebase.iid.FirebaseInstanceIdService'activated(flags=1, uid=10029, pid=9301) total=62ms)
D/PowerManagerService(  779): No.3: PARTIAL_WAKE_LOCK 'wake:com.kdanmobile.android.pdfreader.google.pad/com.google.firebase.iid.FirebaseInstanceIdService'activated(flags=1, uid=10029, pid=9301) total=0ms)
D/WifiDisplayAdapter(  779): getWifiDisplayStatusLocked: result=WifiDisplayStatus{featureState=2, scanState=0, activeDisplayState=0, activeDisplay=null, displays=[], sessionInfo=WifiDisplaySessionInfo: C/O:Client,GId:,Pp:,SId:0,IP:}
D/PowerManagerService(  779): isWfdEnabled() mWfdStatus=WifiDisplayStatus{featureState=2, scanState=0, activeDisplayState=0, activeDisplay=null, displays=[], sessionInfo=WifiDisplaySessionInfo: C/O:Client,GId:,Pp:,SId:0,IP:}, return false
D/DisplayPowerController(  779): requestPowerState: policy=BRIGHT, useProximitySensor=false, screenBrightness=132, screenAutoBrightnessAdjustment=0.0, useAutoBrightness=false, blockScreenOn=false, lowPowerMode=false, dozeScreenBrightness=-1, dozeScreenState=UNKNOWN, waitForNegativeProximity=false
D/PowerManagerNotifier(  779): onWakeLockAcquired: flags=1, tag="wake:com.kdanmobile.android.pdfreader.google.pad/com.google.firebase.iid.FirebaseInstanceIdService", packageName=com.kdanmobile.android.pdfreader.google.pad, ownerUid=10029, ownerPid=9301, workSource=null
D/ActivityThread( 9301): SVC-Destroying service: com.xiaomi.mipush.sdk.PushMessageHandler@1caea879
D/ActivityThread( 9301): SVC-Destroying service: com.google.firebase.iid.FirebaseInstanceIdService@3769fa1f
D/ActivityThread(  910): BDC-Calling finishReceiver: IIntentReceiver=2384fef1
D/ActivityThread( 9301): SVC-Creating service: CreateServiceData{token=android.os.BinderProxy@3c9a6a70 className=com.google.firebase.iid.FirebaseInstanceIdService packageName=com.kdanmobile.android.pdfreader.google.pad intent=null}
D/ActivityThread( 9301): SVC-Destroying service: com.xiaomi.mipush.sdk.MessageHandleService@12c2e858
W/AlarmManager(  779): operation package = com.kdanmobile.android.pdfreader.google.pad CTS_Alarm = false
V/AlarmManager(  779): isAlarmNeedAlign : charging
D/AlarmManager(  779): set alarm to RTC 1213121806
D/ActivityThread( 9301): SVC-Destroying service: com.google.firebase.iid.FirebaseInstanceIdService@1ccda1e9
V/ActivityManager(  779): Broadcast sticky: Intent { act=android.net.wifi.RSSI_CHANGED flg=0x4000010 (has extras) } ordered=false userid=-1 callerApp=ProcessRecord{2d221f8e 779:system/1000}
W/ActivityManager(  779): getRunningAppProcesses: caller 10194 does not hold REAL_GET_TASKS; limiting output
W/ActivityManager(  779): getTasks: caller 10139 does not hold REAL_GET_TASKS; limiting output
W/ActivityManager(  779): getTasks: caller 10139 does not hold REAL_GET_TASKS; limiting output
W/ActivityManager(  779): getTasks: caller 10139 does not hold REAL_GET_TASKS; limiting output
D/PowerManagerNotifier(  779): onUserActivity: event=2, uid=1000
D/WifiDisplayAdapter(  779): getWifiDisplayStatusLocked: result=WifiDisplayStatus{featureState=2, scanState=0, activeDisplayState=0, activeDisplay=null, displays=[], sessionInfo=WifiDisplaySessionInfo: C/O:Client,GId:,Pp:,SId:0,IP:}
D/PowerManagerService(  779): isWfdEnabled() mWfdStatus=WifiDisplayStatus{featureState=2, scanState=0, activeDisplayState=0, activeDisplay=null, displays=[], sessionInfo=WifiDisplaySessionInfo: C/O:Client,GId:,Pp:,SId:0,IP:}, return false
D/DisplayPowerController(  779): requestPowerState: policy=BRIGHT, useProximitySensor=false, screenBrightness=132, screenAutoBrightnessAdjustment=0.0, useAutoBrightness=false, blockScreenOn=false, lowPowerMode=false, dozeScreenBrightness=-1, dozeScreenState=UNKNOWN, waitForNegativeProximity=false
V/ActivityManager(  779): Broadcast sticky: Intent { act=android.intent.action.BATTERY_CHANGED flg=0x60000010 (has extras) } ordered=false userid=-1 callerApp=null
D/UsbDeviceManager(  779): onReceive - BATTERY_CHANGED - mPlugType: 2, mSettingUsbCharging: false, mConnected: true, mSettingUsbBicr: false
D/WifiService(  779): onReceive, action:android.intent.action.BATTERY_CHANGED
D/WifiController(  779): DeviceActiveState{ when=0 what=155652 arg1=2 target=com.android.internal.util.StateMachine$SmHandler }
D/WifiController(  779): StaEnabledState{ when=0 what=155652 arg1=2 target=com.android.internal.util.StateMachine$SmHandler }
D/WifiController(  779): DefaultState{ when=0 what=155652 arg1=2 target=com.android.internal.util.StateMachine$SmHandler }
D/WifiController(  779): battery changed pluggedType: 2
V/ActivityManager(  779): Broadcast: Intent { act=com.youyouza.updateUI.pedemeter flg=0x10 (has extras) } ordered=true userid=0 callerApp=ProcessRecord{20e92d1a 910:com.youyouza.pedmeter/u0a215}
D/ActivityThread(  910): BDC-Calling finishReceiver: IIntentReceiver=2384fef1
V/ActivityManager(  779): Broadcast sticky: Intent { act=android.intent.action.SIG_STR flg=0x20000010 (has extras) } ordered=false userid=-1 callerApp=ProcessRecord{2d221f8e 779:system/1000}
D/PowerManagerNotifier(  779): onUserActivity: event=2, uid=1000
D/WifiDisplayAdapter(  779): getWifiDisplayStatusLocked: result=WifiDisplayStatus{featureState=2, scanState=0, activeDisplayState=0, activeDisplay=null, displays=[], sessionInfo=WifiDisplaySessionInfo: C/O:Client,GId:,Pp:,SId:0,IP:}
D/PowerManagerService(  779): isWfdEnabled() mWfdStatus=WifiDisplayStatus{featureState=2, scanState=0, activeDisplayState=0, activeDisplay=null, displays=[], sessionInfo=WifiDisplaySessionInfo: C/O:Client,GId:,Pp:,SId:0,IP:}, return false
D/DisplayPowerController(  779): requestPowerState: policy=BRIGHT, useProximitySensor=false, screenBrightness=132, screenAutoBrightnessAdjustment=0.0, useAutoBrightness=false, blockScreenOn=false, lowPowerMode=false, dozeScreenBrightness=-1, dozeScreenState=UNKNOWN, waitForNegativeProximity=false
V/ActivityManager(  779): Broadcast: Intent { act=com.tencent.qq.syncQQMessage flg=0x10 } ordered=false userid=0 callerApp=ProcessRecord{23f1e5f1 27568:com.tencent.mobileqq/u0a139}
V/ActivityManager(  779): Broadcast: Intent { act=com.youyouza.updateUI.pedemeter flg=0x10 (has extras) } ordered=true userid=0 callerApp=ProcessRecord{20e92d1a 910:com.youyouza.pedmeter/u0a215}
D/ActivityThread(  910): BDC-Calling finishReceiver: IIntentReceiver=2384fef1
W/Watchdog(  779): SWT Watchdog after wait current time:927058506
W/Watchdog(  779): **Get SF Time **1
W/Watchdog(  779): SWT Watchdog before synchronized:927058507
W/Watchdog(  779): SWT Watchdog after synchronized:927058507
W/Watchdog(  779): SWT Watchdog before wait timeout:30000
W/Watchdog(  779): SWT Watchdog before wait current time:927058507
W/Watchdog(  779): SWT Watchdog before wait start:927058507
W/Watchdog(  779): SWT Watchdog before wait CHECK_INTERVAL:30000
V/ActivityManager(  779): Broadcast: Intent { act=com.youyouza.updateUI.pedemeter flg=0x10 (has extras) } ordered=true userid=0 callerApp=ProcessRecord{20e92d1a 910:com.youyouza.pedmeter/u0a215}
D/ActivityThread(  910): BDC-Calling finishReceiver: IIntentReceiver=2384fef1
D/PowerManagerNotifier(  779): onWakeLockReleased: flags=536870922, tag="WindowManager", packageName=android, ownerUid=1000, ownerPid=779, workSource=WorkSource{10029}
D/PowerManagerServiceInjector(  779): screen wakeLock:[SCREEN_BRIGHT_WAKE_LOCK        'WindowManager' ON_AFTER_RELEASE DISABLED (uid=1000, pid=779, ws=WorkSource{10029})] disabled
D/PowerManagerService(  779): MTK-----com.youyouza.pedmeter
D/PowerManagerService(  779): MTK-----in the PedometerService
D/PowerManagerService(  779): MTK-----android
D/PowerManagerService(  779): MTK-----WindowManager
D/PowerManagerService(  779): MTK-----com.kdanmobile.android.pdfreader.google.pad
D/PowerManagerService(  779): MTK-----wake:com.kdanmobile.android.pdfreader.google.pad/com.google.firebase.iid.FirebaseInstanceIdService
D/PowerManagerService(  779): MTK-----com.kdanmobile.android.pdfreader.google.pad
D/PowerManagerService(  779): MTK-----wake:com.kdanmobile.android.pdfreader.google.pad/com.google.firebase.iid.FirebaseInstanceIdService
D/PowerManagerService(  779): wakelock list dump: mLocks.size=4:
D/PowerManagerService(  779): No.0: PARTIAL_WAKE_LOCK 'in the PedometerService'activated(flags=1, uid=10215, pid=910) total=404690ms)
D/PowerManagerService(  779): No.1: SCREEN_BRIGHT_WAKE_LOCK 'WindowManager'activated(flags=536870922, uid=1000, pid=779) total=7962ms)
D/PowerManagerService(  779): No.2: PARTIAL_WAKE_LOCK 'wake:com.kdanmobile.android.pdfreader.google.pad/com.google.firebase.iid.FirebaseInstanceIdService'activated(flags=1, uid=10029, pid=9301) total=3019ms)
D/PowerManagerService(  779): No.3: PARTIAL_WAKE_LOCK 'wake:com.kdanmobile.android.pdfreader.google.pad/com.google.firebase.iid.FirebaseInstanceIdService'activated(flags=1, uid=10029, pid=9301) total=2957ms)
D/WifiDisplayAdapter(  779): getWifiDisplayStatusLocked: result=WifiDisplayStatus{featureState=2, scanState=0, activeDisplayState=0, activeDisplay=null, displays=[], sessionInfo=WifiDisplaySessionInfo: C/O:Client,GId:,Pp:,SId:0,IP:}
D/PowerManagerService(  779): isWfdEnabled() mWfdStatus=WifiDisplayStatus{featureState=2, scanState=0, activeDisplayState=0, activeDisplay=null, displays=[], sessionInfo=WifiDisplaySessionInfo: C/O:Client,GId:,Pp:,SId:0,IP:}, return false
D/DisplayPowerController(  779): requestPowerState: policy=BRIGHT, useProximitySensor=false, screenBrightness=132, screenAutoBrightnessAdjustment=0.0, useAutoBrightness=false, blockScreenOn=false, lowPowerMode=false, dozeScreenBrightness=-1, dozeScreenState=UNKNOWN, waitForNegativeProximity=false
V/ActivityManager(  779): Broadcast sticky: Intent { act=android.net.wifi.RSSI_CHANGED flg=0x4000010 (has extras) } ordered=false userid=-1 callerApp=ProcessRecord{2d221f8e 779:system/1000}
I/thermal_repeater(  298): oh, queryMdThermalInfo (0)Bad file number
I/thermal_repeater(  298): [recvMdThermalInfo] ret=26, strLen=127,  3, 29, -127, -1, 32767, 2
V/ActivityManager(  779): Broadcast: Intent { act=com.youyouza.updateUI.pedemeter flg=0x10 (has extras) } ordered=true userid=0 callerApp=ProcessRecord{20e92d1a 910:com.youyouza.pedmeter/u0a215}
D/ActivityThread(  910): BDC-Calling finishReceiver: IIntentReceiver=2384fef1
V/ActivityManager(  779): Broadcast: Intent { act=com.youyouza.updateUI.pedemeter flg=0x10 (has extras) } ordered=true userid=0 callerApp=ProcessRecord{20e92d1a 910:com.youyouza.pedmeter/u0a215}
D/ActivityThread(  910): BDC-Calling finishReceiver: IIntentReceiver=2384fef1
W/ActivityManager(  779): getRunningAppProcesses: caller 10029 does not hold REAL_GET_TASKS; limiting output
I/ActivityManager(  779): Killing 9301:com.kdanmobile.android.pdfreader.google.pad/u0a29 (adj 9): kill background
D/ActivityManager(  779): SVC-handleAppDiedLocked: app = ProcessRecord{17d80590 9301:com.kdanmobile.android.pdfreader.google.pad/u0a29}, app.pid = 9301
D/ActivityManager(  779): cleanUpApplicationRecord -- 9301
V/ActivityManager(  779): cleanUpApplicationRecordLocked:restart=false
D/ActivityManager(  779): SVC-mBroadcastQueues: com.android.server.am.BroadcastQueue@3de45b7e
D/ActivityManager(  779): SVC-mBroadcastQueues: com.android.server.am.BroadcastQueue@2f8f88df
D/DisplayManagerService(  779): Display listener for pid 9301 died.
D/PowerManagerNotifier(  779): onWakeLockReleased: flags=1, tag="wake:com.kdanmobile.android.pdfreader.google.pad/com.google.firebase.iid.FirebaseInstanceIdService", packageName=com.kdanmobile.android.pdfreader.google.pad, ownerUid=10029, ownerPid=9301, workSource=null
D/PowerManagerService(  779): MTK-----com.youyouza.pedmeter
D/WifiService(  779): Client connection lost with reason: 4
D/PowerManagerService(  779): MTK-----in the PedometerService
D/PowerManagerService(  779): MTK-----android
D/PowerManagerService(  779): MTK-----WindowManager
D/PowerManagerService(  779): MTK-----com.kdanmobile.android.pdfreader.google.pad
D/PowerManagerService(  779): MTK-----wake:com.kdanmobile.android.pdfreader.google.pad/com.google.firebase.iid.FirebaseInstanceIdService
D/PowerManagerService(  779): wakelock list dump: mLocks.size=3:
D/PowerManagerService(  779): No.0: PARTIAL_WAKE_LOCK 'in the PedometerService'activated(flags=1, uid=10215, pid=910) total=406765ms)
D/PowerManagerService(  779): No.1: SCREEN_BRIGHT_WAKE_LOCK 'WindowManager'activated(flags=536870922, uid=1000, pid=779) total=10037ms)
D/PowerManagerService(  779): No.2: PARTIAL_WAKE_LOCK 'wake:com.kdanmobile.android.pdfreader.google.pad/com.google.firebase.iid.FirebaseInstanceIdService'activated(flags=1, uid=10029, pid=9301) total=5032ms)
D/WifiDisplayAdapter(  779): getWifiDisplayStatusLocked: result=WifiDisplayStatus{featureState=2, scanState=0, activeDisplayState=0, activeDisplay=null, displays=[], sessionInfo=WifiDisplaySessionInfo: C/O:Client,GId:,Pp:,SId:0,IP:}
D/PowerManagerService(  779): isWfdEnabled() mWfdStatus=WifiDisplayStatus{featureState=2, scanState=0, activeDisplayState=0, activeDisplay=null, displays=[], sessionInfo=WifiDisplaySessionInfo: C/O:Client,GId:,Pp:,SId:0,IP:}, return false
D/DisplayPowerController(  779): requestPowerState: policy=BRIGHT, useProximitySensor=false, screenBrightness=132, screenAutoBrightnessAdjustment=0.0, useAutoBrightness=false, blockScreenOn=false, lowPowerMode=false, dozeScreenBrightness=-1, dozeScreenState=UNKNOWN, waitForNegativeProximity=false
D/PowerManagerNotifier(  779): onWakeLockReleased: flags=1, tag="wake:com.kdanmobile.android.pdfreader.google.pad/com.google.firebase.iid.FirebaseInstanceIdService", packageName=com.kdanmobile.android.pdfreader.google.pad, ownerUid=10029, ownerPid=9301, workSource=null
D/PowerManagerService(  779): MTK-----com.youyouza.pedmeter
D/PowerManagerService(  779): MTK-----in the PedometerService
D/PowerManagerService(  779): MTK-----android
D/PowerManagerService(  779): MTK-----WindowManager
D/PowerManagerService(  779): wakelock list dump: mLocks.size=2:
D/PowerManagerService(  779): No.0: PARTIAL_WAKE_LOCK 'in the PedometerService'activated(flags=1, uid=10215, pid=910) total=406766ms)
D/PowerManagerService(  779): No.1: SCREEN_BRIGHT_WAKE_LOCK 'WindowManager'activated(flags=536870922, uid=1000, pid=779) total=10038ms)
D/WifiDisplayAdapter(  779): getWifiDisplayStatusLocked: result=WifiDisplayStatus{featureState=2, scanState=0, activeDisplayState=0, activeDisplay=null, displays=[], sessionInfo=WifiDisplaySessionInfo: C/O:Client,GId:,Pp:,SId:0,IP:}
D/PowerManagerService(  779): isWfdEnabled() mWfdStatus=WifiDisplayStatus{featureState=2, scanState=0, activeDisplayState=0, activeDisplay=null, displays=[], sessionInfo=WifiDisplaySessionInfo: C/O:Client,GId:,Pp:,SId:0,IP:}, return false
D/DisplayPowerController(  779): requestPowerState: policy=BRIGHT, useProximitySensor=false, screenBrightness=132, screenAutoBrightnessAdjustment=0.0, useAutoBrightness=false, blockScreenOn=false, lowPowerMode=false, dozeScreenBrightness=-1, dozeScreenState=UNKNOWN, waitForNegativeProximity=false
W/ActivityManager(  779): getTasks: caller 10139 does not hold REAL_GET_TASKS; limiting output
V/ActivityManager(  779): Broadcast: Intent { act=com.youyouza.updateUI.pedemeter flg=0x10 (has extras) } ordered=true userid=0 callerApp=ProcessRecord{20e92d1a 910:com.youyouza.pedmeter/u0a215}
D/ActivityThread(  910): BDC-Calling finishReceiver: IIntentReceiver=2384fef1
V/ActivityManager(  779): Broadcast sticky: Intent { act=android.intent.action.SIG_STR flg=0x20000010 (has extras) } ordered=false userid=-1 callerApp=ProcessRecord{2d221f8e 779:system/1000}
V/ActivityManager(  779): Broadcast sticky: Intent { act=android.net.wifi.RSSI_CHANGED flg=0x4000010 (has extras) } ordered=false userid=-1 callerApp=ProcessRecord{2d221f8e 779:system/1000}
D/BaseMiuiPhoneWindowManager(  779): keyCode:3 down:true 927062822 927062822 policyFlags=22000002 deviceId:6 isScreenOn:true
D/WindowManager(  779): keyguardActive=false
V/SettingsProvider(  779):    access setting for user 0
V/SettingsProvider(  779): call(system:haptic_feedback_enabled) for 0
V/SettingsProvider(  779):    access setting for user 0
V/SettingsProvider(  779): call(system:handy_mode_enter_direct) for 0
D/PowerManagerNotifier(  779): onUserActivity: event=1, uid=1000
