--------- beginning of system
D/SocketClient(  274): SocketClient sendData done: 222
D/SocketClient(  274): SocketClient sendData done: 
D/SocketClient(  274): SocketClient sendData done: 
D/SocketClient(  274): SocketClient sendData done: 
D/SocketClient(  274): SocketClient sendData done: 
D/SocketClient(  274): SocketClient sendData done: 
D/SocketClient(  274): SocketClient sendData done: 
D/SocketClient(  274): SocketClient sendData done: 222
D/SocketClient(  274): SocketClient sendData done: 
D/SocketClient(  274): SocketClient sendData done: 
D/SocketClient(  274): SocketClient sendData done: 
D/SocketClient(  274): SocketClient sendData done: 
D/SocketClient(  274): SocketClient sendData done: 
D/SocketClient(  274): SocketClient sendData done: 
D/SocketClient(  274): SocketClient sendData done: 
D/ActivityThread(15209): installProvider: context.getPackageName()=com.miui.cloudservice
D/ActivityThread(15209): installProvider: context.getPackageName()=com.miui.cloudservice
D/ActivityThread(15209): installProvider: context.getPackageName()=com.miui.cloudservice
D/ActivityThread(15209): installProvider: context.getPackageName()=com.miui.cloudservice
D/ActivityManager(  779): publishContentProviders: from caller=android.app.ApplicationThreadProxy@2f86b602 (pid=15209)
D/ActivityThread( 3397): hoder:android.app.IActivityManager$ContentProviderHolder@26288d9a,provider,holder.Provider:android.content.ContentProviderProxy@398566cb
D/SocketClient(  274): SocketClient sendData done: 
V/ActivityManager(  779): Broadcast: Intent { act=com.youyouza.updateUI.pedemeter flg=0x10 (has extras) } ordered=true userid=0 callerApp=ProcessRecord{1b21d208 11013:com.youyouza.pedmeter/u0a215}
I/ANRManager(  779): CPU update time < 2.5sec
D/ActivityThread(11013): BDC-Calling finishReceiver: IIntentReceiver=10e26c26
W/ActivityManager(  779): getRunningAppProcesses: caller 10036 does not hold REAL_GET_TASKS; limiting output
W/ActivityManager(  779): getRunningAppProcesses: caller 10036 does not hold REAL_GET_TASKS; limiting output
W/ActivityManager(  779): getRunningAppProcesses: caller 10036 does not hold REAL_GET_TASKS; limiting output
D/ActivityThread(15209): SVC-Creating service: CreateServiceData{token=android.os.BinderProxy@13c32429 className=com.miui.cloudservice.push.MicloudPushService packageName=com.miui.cloudservice intent=null}
D/ActivityThread(15209): SVC-Creating service: CreateServiceData{token=android.os.BinderProxy@168fd4dc className=com.miui.cloudservice.finddevice.FindDeviceGuideService packageName=com.miui.cloudservice intent=null}
W/ActivityManager(  779): getRunningAppProcesses: caller 10036 does not hold REAL_GET_TASKS; limiting output
D/ActivityThread( 1969): SVC-Creating service: CreateServiceData{token=android.os.BinderProxy@3205315d className=com.xiaomi.finddevice.v2.FindDeviceStatusManagerService packageName=com.xiaomi.finddevice intent=null}
D/ActivityThread(15209): SVC-Destroying service: com.miui.cloudservice.finddevice.FindDeviceGuideService@2c40d9e5
D/ActivityThread(15209): SVC-Creating service: CreateServiceData{token=android.os.BinderProxy@1e9a10d3 className=com.xiaomi.mipush.sdk.PushMessageHandler packageName=com.miui.cloudservice intent=null}
D/ActivityThread(15209): SVC-Destroying service: com.miui.cloudservice.push.MicloudPushService@698954f
D/ActivityThread(15209): SVC-Creating service: CreateServiceData{token=android.os.BinderProxy@52ec5 className=com.xiaomi.mipush.sdk.MessageHandleService packageName=com.miui.cloudservice intent=null}
D/ActivityThread(15209): SVC-Destroying service: com.xiaomi.mipush.sdk.PushMessageHandler@32cef13c
D/ActivityThread(15209): SVC-Destroying service: com.xiaomi.mipush.sdk.MessageHandleService@7d3201a
D/DisplayManagerService(  779): Display listener for pid 15166 died.
I/ActivityManager(  779): Process com.miui.gallery (pid 15166) has died
D/ActivityManager(  779): SVC-handleAppDiedLocked: app = ProcessRecord{24e49cb9 15166:com.miui.gallery/u0a16}, app.pid = 15166
D/ActivityManager(  779): cleanUpApplicationRecord -- 15166
V/ActivityManager(  779): cleanUpApplicationRecordLocked:restart=false
D/ActivityManager(  779): SVC-mBroadcastQueues: com.android.server.am.BroadcastQueue@3de45b7e
D/ActivityManager(  779): SVC-mBroadcastQueues: com.android.server.am.BroadcastQueue@2f8f88df
V/ActivityManager(  779): Broadcast: Intent { act=toast_bar_boradcast_name flg=0x10 (has extras) } ordered=false userid=0 callerApp=ProcessRecord{2d6d72cd 10306:com.android.email/u0a40}
I/ANRManager(  779): CPU update time < 2.5sec
V/ActivityManager(  779): Broadcast: Intent { act=com.youyouza.updateUI.pedemeter flg=0x10 (has extras) } ordered=true userid=0 callerApp=ProcessRecord{1b21d208 11013:com.youyouza.pedmeter/u0a215}
D/ActivityThread(11013): BDC-Calling finishReceiver: IIntentReceiver=10e26c26
D/PowerManagerService(  779): MTK-----com.youyouza.pedmeter
D/PowerManagerService(  779): MTK-----in the PedometerService
D/PowerManagerService(  779): MTK-----android
D/PowerManagerService(  779): MTK-----*sync*/com.android.email.provider/com.android.email/nanjing201314520@163.com
D/PowerManagerService(  779): MTK-----android
D/PowerManagerService(  779): MTK-----*sync*/com.android.email.provider/com.android.exchange/youyouza@163.com
D/PowerManagerService(  779): MTK-----android
D/PowerManagerService(  779): MTK-----SyncLoopWakeLock
D/PowerManagerService(  779): wakelock list dump: mLocks.size=4:
D/PowerManagerService(  779): No.0: PARTIAL_WAKE_LOCK 'in the PedometerService'activated(flags=1, uid=10215, pid=11013) total=196044ms)
D/PowerManagerService(  779): No.1: PARTIAL_WAKE_LOCK '*sync*/com.android.email.provider/com.android.email/nanjing201314520@163.com'activated(flags=1, uid=1000, pid=779) total=2117ms)
D/PowerManagerService(  779): No.2: PARTIAL_WAKE_LOCK '*sync*/com.android.email.provider/com.android.exchange/youyouza@163.com'activated(flags=1, uid=1000, pid=779) total=2048ms)
D/PowerManagerService(  779): No.3: PARTIAL_WAKE_LOCK 'SyncLoopWakeLock'activated(flags=1, uid=1000, pid=779) total=2ms)
D/WifiDisplayAdapter(  779): getWifiDisplayStatusLocked: result=WifiDisplayStatus{featureState=2, scanState=0, activeDisplayState=0, activeDisplay=null, displays=[], sessionInfo=WifiDisplaySessionInfo: C/O:Client,GId:,Pp:,SId:0,IP:}
D/PowerManagerService(  779): isWfdEnabled() mWfdStatus=WifiDisplayStatus{featureState=2, scanState=0, activeDisplayState=0, activeDisplay=null, displays=[], sessionInfo=WifiDisplaySessionInfo: C/O:Client,GId:,Pp:,SId:0,IP:}, return false
D/DisplayPowerController(  779): requestPowerState: policy=OFF, useProximitySensor=false, screenBrightness=62, screenAutoBrightnessAdjustment=0.0, useAutoBrightness=false, blockScreenOn=false, lowPowerMode=false, dozeScreenBrightness=-1, dozeScreenState=UNKNOWN, waitForNegativeProximity=false
D/PowerManagerNotifier(  779): onWakeLockAcquired: flags=1, tag="SyncLoopWakeLock", packageName=android, ownerUid=1000, ownerPid=779, workSource=null
D/ActivityThread(10306): SVC-Destroying service: com.kingsoft.email.service.LegacyImapSyncAdapterService@368f0264
D/PowerManagerNotifier(  779): onWakeLockReleased: flags=1, tag="*sync*/com.android.email.provider/com.android.email/nanjing201314520@163.com", packageName=android, ownerUid=1000, ownerPid=779, workSource=WorkSource{10040}
D/PowerManagerService(  779): MTK-----com.youyouza.pedmeter
D/PowerManagerService(  779): MTK-----in the PedometerService
D/PowerManagerService(  779): MTK-----android
D/PowerManagerService(  779): MTK-----*sync*/com.android.email.provider/com.android.exchange/youyouza@163.com
D/PowerManagerService(  779): MTK-----android
D/PowerManagerService(  779): MTK-----SyncLoopWakeLock
D/PowerManagerService(  779): wakelock list dump: mLocks.size=3:
D/PowerManagerService(  779): No.0: PARTIAL_WAKE_LOCK 'in the PedometerService'activated(flags=1, uid=10215, pid=11013) total=196052ms)
D/PowerManagerService(  779): No.1: PARTIAL_WAKE_LOCK '*sync*/com.android.email.provider/com.android.exchange/youyouza@163.com'activated(flags=1, uid=1000, pid=779) total=2055ms)
D/PowerManagerService(  779): No.2: PARTIAL_WAKE_LOCK 'SyncLoopWakeLock'activated(flags=1, uid=1000, pid=779) total=9ms)
D/WifiDisplayAdapter(  779): getWifiDisplayStatusLocked: result=WifiDisplayStatus{featureState=2, scanState=0, activeDisplayState=0, activeDisplay=null, displays=[], sessionInfo=WifiDisplaySessionInfo: C/O:Client,GId:,Pp:,SId:0,IP:}
D/PowerManagerService(  779): isWfdEnabled() mWfdStatus=WifiDisplayStatus{featureState=2, scanState=0, activeDisplayState=0, activeDisplay=null, displays=[], sessionInfo=WifiDisplaySessionInfo: C/O:Client,GId:,Pp:,SId:0,IP:}, return false
D/DisplayPowerController(  779): requestPowerState: policy=OFF, useProximitySensor=false, screenBrightness=62, screenAutoBrightnessAdjustment=0.0, useAutoBrightness=false, blockScreenOn=false, lowPowerMode=false, dozeScreenBrightness=-1, dozeScreenState=UNKNOWN, waitForNegativeProximity=false
D/PowerManagerService(  779): MTK-----com.youyouza.pedmeter
D/PowerManagerService(  779): MTK-----in the PedometerService
D/PowerManagerService(  779): MTK-----android
D/PowerManagerService(  779): MTK-----*sync*/com.android.email.provider/com.android.exchange/youyouza@163.com
D/PowerManagerService(  779): MTK-----android
D/PowerManagerService(  779): MTK-----SyncLoopWakeLock
D/PowerManagerService(  779): MTK-----android
D/PowerManagerService(  779): MTK-----*sync*/com.android.email.provider/com.android.email/15950515050@163.com
D/PowerManagerService(  779): wakelock list dump: mLocks.size=4:
D/PowerManagerService(  779): No.0: PARTIAL_WAKE_LOCK 'in the PedometerService'activated(flags=1, uid=10215, pid=11013) total=196085ms)
D/PowerManagerService(  779): No.1: PARTIAL_WAKE_LOCK '*sync*/com.android.email.provider/com.android.exchange/youyouza@163.com'activated(flags=1, uid=1000, pid=779) total=2088ms)
D/PowerManagerService(  779): No.2: PARTIAL_WAKE_LOCK 'SyncLoopWakeLock'activated(flags=1, uid=1000, pid=779) total=42ms)
D/PowerManagerService(  779): No.3: PARTIAL_WAKE_LOCK '*sync*/com.android.email.provider/com.android.email/15950515050@163.com'activated(flags=1, uid=1000, pid=779) total=1ms)
D/WifiDisplayAdapter(  779): getWifiDisplayStatusLocked: result=WifiDisplayStatus{featureState=2, scanState=0, activeDisplayState=0, activeDisplay=null, displays=[], sessionInfo=WifiDisplaySessionInfo: C/O:Client,GId:,Pp:,SId:0,IP:}
D/PowerManagerService(  779): isWfdEnabled() mWfdStatus=WifiDisplayStatus{featureState=2, scanState=0, activeDisplayState=0, activeDisplay=null, displays=[], sessionInfo=WifiDisplaySessionInfo: C/O:Client,GId:,Pp:,SId:0,IP:}, return false
D/DisplayPowerController(  779): requestPowerState: policy=OFF, useProximitySensor=false, screenBrightness=62, screenAutoBrightnessAdjustment=0.0, useAutoBrightness=false, blockScreenOn=false, lowPowerMode=false, dozeScreenBrightness=-1, dozeScreenState=UNKNOWN, waitForNegativeProximity=false
D/PowerManagerNotifier(  779): onWakeLockAcquired: flags=1, tag="*sync*/com.android.email.provider/com.android.email/15950515050@163.com", packageName=android, ownerUid=1000, ownerPid=779, workSource=WorkSource{10040}
D/ActivityManager(  779): getContentProviderImpl: from caller=android.app.ApplicationThreadProxy@1af9a85f (pid=3397, userId=0) to get content provider com.miui.gallery.cloud.provider cpr=null
I/ActivityManager(  779): Start proc com.miui.gallery for content provider com.miui.gallery/.provider.GalleryProvider: pid=15247 uid=10016 gids={50016, 9997, 3003, 1028, 1015, 1023, 1035} abi=arm64-v8a
D/ActivityThread(10306): SVC-Creating service: CreateServiceData{token=android.os.BinderProxy@af6accd className=com.kingsoft.email.service.LegacyImapSyncAdapterService packageName=com.android.email intent=null}
D/PowerManagerNotifier(  779): onWakeLockReleased: flags=1, tag="SyncLoopWakeLock", packageName=android, ownerUid=1000, ownerPid=779, workSource=null
D/PowerManagerService(  779): MTK-----com.youyouza.pedmeter
D/PowerManagerService(  779): MTK-----in the PedometerService
D/PowerManagerService(  779): MTK-----android
D/PowerManagerService(  779): MTK-----*sync*/com.android.email.provider/com.android.exchange/youyouza@163.com
D/PowerManagerService(  779): MTK-----android
D/PowerManagerService(  779): MTK-----*sync*/com.android.email.provider/com.android.email/15950515050@163.com
D/PowerManagerService(  779): wakelock list dump: mLocks.size=3:
D/PowerManagerService(  779): No.0: PARTIAL_WAKE_LOCK 'in the PedometerService'activated(flags=1, uid=10215, pid=11013) total=196149ms)
D/PowerManagerService(  779): No.1: PARTIAL_WAKE_LOCK '*sync*/com.android.email.provider/com.android.exchange/youyouza@163.com'activated(flags=1, uid=1000, pid=779) total=2152ms)
D/PowerManagerService(  779): No.2: PARTIAL_WAKE_LOCK '*sync*/com.android.email.provider/com.android.email/15950515050@163.com'activated(flags=1, uid=1000, pid=779) total=65ms)
D/WifiDisplayAdapter(  779): getWifiDisplayStatusLocked: result=WifiDisplayStatus{featureState=2, scanState=0, activeDisplayState=0, activeDisplay=null, displays=[], sessionInfo=WifiDisplaySessionInfo: C/O:Client,GId:,Pp:,SId:0,IP:}
D/PowerManagerService(  779): isWfdEnabled() mWfdStatus=WifiDisplayStatus{featureState=2, scanState=0, activeDisplayState=0, activeDisplay=null, displays=[], sessionInfo=WifiDisplaySessionInfo: C/O:Client,GId:,Pp:,SId:0,IP:}, return false
D/DisplayPowerController(  779): requestPowerState: policy=OFF, useProximitySensor=false, screenBrightness=62, screenAutoBrightnessAdjustment=0.0, useAutoBrightness=false, blockScreenOn=false, lowPowerMode=false, dozeScreenBrightness=-1, dozeScreenState=UNKNOWN, waitForNegativeProximity=false
D/PowerManagerService(  779): MTK-----com.youyouza.pedmeter
D/PowerManagerService(  779): MTK-----in the PedometerService
D/PowerManagerService(  779): MTK-----android
D/PowerManagerService(  779): MTK-----*sync*/com.android.email.provider/com.android.exchange/youyouza@163.com
D/PowerManagerService(  779): MTK-----android
D/PowerManagerService(  779): MTK-----*sync*/com.android.email.provider/com.android.email/15950515050@163.com
D/PowerManagerService(  779): MTK-----android
D/PowerManagerService(  779): MTK-----SyncLoopWakeLock
D/PowerManagerService(  779): wakelock list dump: mLocks.size=4:
D/PowerManagerService(  779): No.0: PARTIAL_WAKE_LOCK 'in the PedometerService'activated(flags=1, uid=10215, pid=11013) total=196152ms)
D/PowerManagerService(  779): No.1: PARTIAL_WAKE_LOCK '*sync*/com.android.email.provider/com.android.exchange/youyouza@163.com'activated(flags=1, uid=1000, pid=779) total=2156ms)
D/PowerManagerService(  779): No.2: PARTIAL_WAKE_LOCK '*sync*/com.android.email.provider/com.android.email/15950515050@163.com'activated(flags=1, uid=1000, pid=779) total=69ms)
D/PowerManagerService(  779): No.3: PARTIAL_WAKE_LOCK 'SyncLoopWakeLock'activated(flags=1, uid=1000, pid=779) total=1ms)
D/WifiDisplayAdapter(  779): getWifiDisplayStatusLocked: result=WifiDisplayStatus{featureState=2, scanState=0, activeDisplayState=0, activeDisplay=null, displays=[], sessionInfo=WifiDisplaySessionInfo: C/O:Client,GId:,Pp:,SId:0,IP:}
D/PowerManagerService(  779): isWfdEnabled() mWfdStatus=WifiDisplayStatus{featureState=2, scanState=0, activeDisplayState=0, activeDisplay=null, displays=[], sessionInfo=WifiDisplaySessionInfo: C/O:Client,GId:,Pp:,SId:0,IP:}, return false
D/DisplayPowerController(  779): requestPowerState: policy=OFF, useProximitySensor=false, screenBrightness=62, screenAutoBrightnessAdjustment=0.0, useAutoBrightness=false, blockScreenOn=false, lowPowerMode=false, dozeScreenBrightness=-1, dozeScreenState=UNKNOWN, waitForNegativeProximity=false
D/PowerManagerNotifier(  779): onWakeLockAcquired: flags=1, tag="SyncLoopWakeLock", packageName=android, ownerUid=1000, ownerPid=779, workSource=null
D/PowerManagerNotifier(  779): onWakeLockReleased: flags=1, tag="SyncLoopWakeLock", packageName=android, ownerUid=1000, ownerPid=779, workSource=null
D/PowerManagerService(  779): MTK-----com.youyouza.pedmeter
D/PowerManagerService(  779): MTK-----in the PedometerService
D/PowerManagerService(  779): MTK-----android
D/PowerManagerService(  779): MTK-----*sync*/com.android.email.provider/com.android.exchange/youyouza@163.com
D/PowerManagerService(  779): MTK-----android
D/PowerManagerService(  779): MTK-----*sync*/com.android.email.provider/com.android.email/15950515050@163.com
D/PowerManagerService(  779): wakelock list dump: mLocks.size=3:
D/PowerManagerService(  779): No.0: PARTIAL_WAKE_LOCK 'in the PedometerService'activated(flags=1, uid=10215, pid=11013) total=196160ms)
D/PowerManagerService(  779): No.1: PARTIAL_WAKE_LOCK '*sync*/com.android.email.provider/com.android.exchange/youyouza@163.com'activated(flags=1, uid=1000, pid=779) total=2164ms)
D/PowerManagerService(  779): No.2: PARTIAL_WAKE_LOCK '*sync*/com.android.email.provider/com.android.email/15950515050@163.com'activated(flags=1, uid=1000, pid=779) total=77ms)
D/WifiDisplayAdapter(  779): getWifiDisplayStatusLocked: result=WifiDisplayStatus{featureState=2, scanState=0, activeDisplayState=0, activeDisplay=null, displays=[], sessionInfo=WifiDisplaySessionInfo: C/O:Client,GId:,Pp:,SId:0,IP:}
D/PowerManagerService(  779): isWfdEnabled() mWfdStatus=WifiDisplayStatus{featureState=2, scanState=0, activeDisplayState=0, activeDisplay=null, displays=[], sessionInfo=WifiDisplaySessionInfo: C/O:Client,GId:,Pp:,SId:0,IP:}, return false
D/DisplayPowerController(  779): requestPowerState: policy=OFF, useProximitySensor=false, screenBrightness=62, screenAutoBrightnessAdjustment=0.0, useAutoBrightness=false, blockScreenOn=false, lowPowerMode=false, dozeScreenBrightness=-1, dozeScreenState=UNKNOWN, waitForNegativeProximity=false
D/ActivityManager(  779): getContentProviderImpl: from caller=android.app.ApplicationThreadProxy@b416d98 (pid=15247, userId=0) to get content provider settings cpr=ContentProviderRecord{10e47ef4 u0 com.android.providers.settings/.SettingsProvider}
D/ActivityThread(15247): hoder:android.app.IActivityManager$ContentProviderHolder@3aaae8ac,provider,holder.Provider:android.content.ContentProviderProxy@2eb1a975
V/SettingsProvider(  779): call(system:anr_debugging_mechanism) for 0
W/ResourcesManager(15247): Asset path '/system/framework/android-support-v13.jar' does not exist or contains no resources.
W/ResourcesManager(15247): Asset path '/system/framework/android-support-v7-recyclerview.jar' does not exist or contains no resources.
W/ResourcesManager(15247): Asset path '/system/framework/cloud-common.jar' does not exist or contains no resources.
W/Watchdog(  779): SWT Watchdog after wait current time:964950782
W/Watchdog(  779): **Get SF Time **1
W/Watchdog(  779): SWT Watchdog before synchronized:964950782
W/Watchdog(  779): SWT Watchdog after synchronized:964950782
W/Watchdog(  779): SWT Watchdog before wait timeout:30000
W/Watchdog(  779): SWT Watchdog before wait current time:964950782
W/Watchdog(  779): SWT Watchdog before wait start:964950782
W/Watchdog(  779): SWT Watchdog before wait CHECK_INTERVAL:30000
D/ActivityThread(15247): installProvider: context.getPackageName()=com.miui.gallery
D/ActivityThread(15247): installProvider: context.getPackageName()=com.miui.gallery
D/ActivityManager(  779): publishContentProviders: from caller=android.app.ApplicationThreadProxy@15d029f1 (pid=15247)
D/ActivityThread( 3397): hoder:android.app.IActivityManager$ContentProviderHolder@ddf5dc1,provider,holder.Provider:android.content.ContentProviderProxy@3af1e966
D/ActivityManager(  779): getContentProviderImpl: from caller=android.app.ApplicationThreadProxy@17cf79d6 (pid=3397, userId=0) to get content provider com.miui.gallery.cloud.provider cpr=ContentProviderRecord{2bfa4457 u0 com.miui.gallery/.provider.GalleryProvider}
D/ActivityThread( 3397): hoder:android.app.IActivityManager$ContentProviderHolder@6082d54,provider,holder.Provider:android.content.ContentProviderProxy@324314fd
W/ActivityManager(  779): getRunningAppProcesses: caller 10016 does not hold REAL_GET_TASKS; limiting output
W/ActivityManager(  779): getRunningAppProcesses: caller 10016 does not hold REAL_GET_TASKS; limiting output
D/ActivityManager(  779): getContentProviderImpl: from caller=android.app.ApplicationThreadProxy@164fbe5 (pid=3397, userId=0) to get content provider com.miui.micloud cpr=ContentProviderRecord{14dd36ba u0 com.miui.cloudservice/.provider.MiCloudProvider}
D/ActivityThread( 3397): hoder:android.app.IActivityManager$ContentProviderHolder@fa335f2,provider,holder.Provider:android.content.ContentProviderProxy@e19e443
V/ActivityManager(  779): Broadcast: Intent { act=toast_bar_boradcast_name flg=0x10 (has extras) } ordered=false userid=0 callerApp=ProcessRecord{2d6d72cd 10306:com.android.email/u0a40}
V/ActivityManager(  779): Broadcast: Intent { act=com.youyouza.updateUI.pedemeter flg=0x10 (has extras) } ordered=true userid=0 callerApp=ProcessRecord{1b21d208 11013:com.youyouza.pedmeter/u0a215}
D/ActivityThread(11013): BDC-Calling finishReceiver: IIntentReceiver=10e26c26
I/ANRManager(  779): CPU update time < 2.5sec
D/FrameworkListener(  274): dispatchCommand data = (getaddrinfo imap.163.com ^ 1024 0 1 0 0)
D/SocketClient(  274): SocketClient sendData done: 222
D/SocketClient(  274): SocketClient sendData done: 
D/SocketClient(  274): SocketClient sendData done: 
D/SocketClient(  274): SocketClient sendData done: 
D/SocketClient(  274): SocketClient sendData done: 
D/SocketClient(  274): SocketClient sendData done: 
D/SocketClient(  274): SocketClient sendData done: 
D/SocketClient(  274): SocketClient sendData done: 
D/ActivityManager(  779): getContentProviderImpl: from caller=android.app.ApplicationThreadProxy@16b9296b (pid=10306, userId=0) to get content provider com.android.calendar cpr=null
I/ActivityManager(  779): Start proc com.android.providers.calendar for content provider com.android.providers.calendar/.CalendarProvider2: pid=15286 uid=10005 gids={50005, 9997, 3003, 1028, 1015, 2001} abi=arm64-v8a
D/DisplayManagerService(  779): Display listener for pid 15247 died.
I/ActivityManager(  779): Process com.miui.gallery (pid 15247) has died
D/ActivityManager(  779): SVC-handleAppDiedLocked: app = ProcessRecord{b376cc8 15247:com.miui.gallery/u0a16}, app.pid = 15247
D/ActivityManager(  779): cleanUpApplicationRecord -- 15247
V/ActivityManager(  779): cleanUpApplicationRecordLocked:restart=false
D/ActivityManager(  779): SVC-mBroadcastQueues: com.android.server.am.BroadcastQueue@3de45b7e
D/ActivityManager(  779): SVC-mBroadcastQueues: com.android.server.am.BroadcastQueue@2f8f88df
D/ActivityManager(  779): getContentProviderImpl: from caller=android.app.ApplicationThreadProxy@146e7161 (pid=15286, userId=0) to get content provider settings cpr=ContentProviderRecord{10e47ef4 u0 com.android.providers.settings/.SettingsProvider}
D/ActivityManager(  779): getContentProviderImpl: updateLruProcessLocked cpr.proc=ProcessRecord{2d221f8e 779:system/1000}
D/ActivityThread(15286): hoder:android.app.IActivityManager$ContentProviderHolder@3aaae8ac,provider,holder.Provider:android.content.ContentProviderProxy@2eb1a975
V/SettingsProvider(  779): call(system:anr_debugging_mechanism) for 0
W/ResourcesManager(15286): Asset path '/system/framework/android.test.runner.jar' does not exist or contains no resources.
W/ResourcesManager(15286): Asset path '/system/framework/cloud-common.jar' does not exist or contains no resources.
D/SocketClient(  274): SocketClient sendData done: 
D/ActivityThread(15286): installProvider: context.getPackageName()=com.android.providers.calendar
D/ActivityManager(  779): publishContentProviders: from caller=android.app.ApplicationThreadProxy@27ad0ce0 (pid=15286)
D/ActivityThread(10306): hoder:android.app.IActivityManager$ContentProviderHolder@73c3982,provider,holder.Provider:android.content.ContentProviderProxy@2ab64893
D/ActivityManager(  779): getContentProviderImpl: from caller=android.app.ApplicationThreadProxy@1f86170c (pid=10306, userId=0) to get content provider com.android.calendar cpr=ContentProviderRecord{2665a855 u0 com.android.providers.calendar/.CalendarProvider2}
D/ActivityManager(  779): getContentProviderImpl: updateLruProcessLocked cpr.proc=ProcessRecord{1950c26a 15286:com.android.providers.calendar/u0a5}
D/ActivityThread(10306): hoder:android.app.IActivityManager$ContentProviderHolder@134e48c9,provider,holder.Provider:android.content.ContentProviderProxy@26f86bce
D/AlarmManager(  779): set alarm to RTC 1252806942
V/ActivityManager(  779): Broadcast: Intent { act=com.youyouza.updateUI.pedemeter flg=0x10 (has extras) } ordered=true userid=0 callerApp=ProcessRecord{1b21d208 11013:com.youyouza.pedmeter/u0a215}
D/ActivityThread(11013): BDC-Calling finishReceiver: IIntentReceiver=10e26c26
I/ANRManager(  779): updateProcessStats
D/ActivityManager(  779): getContentProviderImpl: from caller=android.app.ApplicationThreadProxy@2a9b435b (pid=10306, userId=0) to get content provider com.android.calendar cpr=ContentProviderRecord{2665a855 u0 com.android.providers.calendar/.CalendarProvider2}
D/ActivityManager(  779): getContentProviderImpl: updateLruProcessLocked cpr.proc=ProcessRecord{1950c26a 15286:com.android.providers.calendar/u0a5}
D/ActivityThread(10306): hoder:android.app.IActivityManager$ContentProviderHolder@37f2daef,provider,holder.Provider:android.content.ContentProviderProxy@14f639fc
D/ActivityManager(  779): getContentProviderImpl: from caller=android.app.ApplicationThreadProxy@260397f8 (pid=10306, userId=0) to get content provider com.android.calendar cpr=ContentProviderRecord{2665a855 u0 com.android.providers.calendar/.CalendarProvider2}
D/ActivityManager(  779): getContentProviderImpl: updateLruProcessLocked cpr.proc=ProcessRecord{1950c26a 15286:com.android.providers.calendar/u0a5}
D/ActivityThread(10306): hoder:android.app.IActivityManager$ContentProviderHolder@769a885,provider,holder.Provider:android.content.ContentProviderProxy@353376da
D/ActivityManager(  779): getContentProviderImpl: from caller=android.app.ApplicationThreadProxy@9a574d1 (pid=10306, userId=0) to get content provider com.android.calendar cpr=ContentProviderRecord{2665a855 u0 com.android.providers.calendar/.CalendarProvider2}
D/ActivityManager(  779): getContentProviderImpl: updateLruProcessLocked cpr.proc=ProcessRecord{1950c26a 15286:com.android.providers.calendar/u0a5}
D/ActivityThread(10306): hoder:android.app.IActivityManager$ContentProviderHolder@1bbc370b,provider,holder.Provider:android.content.ContentProviderProxy@56af9e8
V/ActivityManager(  779): Broadcast: Intent { act=toast_bar_boradcast_name flg=0x10 (has extras) } ordered=false userid=0 callerApp=ProcessRecord{2d6d72cd 10306:com.android.email/u0a40}
W/ActivityManager(  779): Activity stop timeout for ActivityRecord{ee480cd u0 com.sina.weibo/.MainTabActivity t4325}
D/PowerManagerService(  779): MTK-----com.youyouza.pedmeter
D/PowerManagerService(  779): MTK-----in the PedometerService
D/PowerManagerService(  779): MTK-----android
D/PowerManagerService(  779): MTK-----*sync*/com.android.email.provider/com.android.exchange/youyouza@163.com
D/PowerManagerService(  779): MTK-----android
D/PowerManagerService(  779): MTK-----*sync*/com.android.email.provider/com.android.email/15950515050@163.com
D/PowerManagerService(  779): MTK-----android
D/PowerManagerService(  779): MTK-----SyncLoopWakeLock
D/PowerManagerService(  779): wakelock list dump: mLocks.size=4:
D/PowerManagerService(  779): No.0: PARTIAL_WAKE_LOCK 'in the PedometerService'activated(flags=1, uid=10215, pid=11013) total=198328ms)
D/PowerManagerService(  779): No.1: PARTIAL_WAKE_LOCK '*sync*/com.android.email.provider/com.android.exchange/youyouza@163.com'activated(flags=1, uid=1000, pid=779) total=4332ms)
D/PowerManagerService(  779): No.2: PARTIAL_WAKE_LOCK '*sync*/com.android.email.provider/com.android.email/15950515050@163.com'activated(flags=1, uid=1000, pid=779) total=2245ms)
D/PowerManagerService(  779): No.3: PARTIAL_WAKE_LOCK 'SyncLoopWakeLock'activated(flags=1, uid=1000, pid=779) total=2ms)
D/WifiDisplayAdapter(  779): getWifiDisplayStatusLocked: result=WifiDisplayStatus{featureState=2, scanState=0, activeDisplayState=0, activeDisplay=null, displays=[], sessionInfo=WifiDisplaySessionInfo: C/O:Client,GId:,Pp:,SId:0,IP:}
D/PowerManagerService(  779): isWfdEnabled() mWfdStatus=WifiDisplayStatus{featureState=2, scanState=0, activeDisplayState=0, activeDisplay=null, displays=[], sessionInfo=WifiDisplaySessionInfo: C/O:Client,GId:,Pp:,SId:0,IP:}, return false
D/DisplayPowerController(  779): requestPowerState: policy=OFF, useProximitySensor=false, screenBrightness=62, screenAutoBrightnessAdjustment=0.0, useAutoBrightness=false, blockScreenOn=false, lowPowerMode=false, dozeScreenBrightness=-1, dozeScreenState=UNKNOWN, waitForNegativeProximity=false
D/PowerManagerNotifier(  779): onWakeLockAcquired: flags=1, tag="SyncLoopWakeLock", packageName=android, ownerUid=1000, ownerPid=779, workSource=null
D/ActivityThread(10306): SVC-Destroying service: com.kingsoft.email.service.LegacyImapSyncAdapterService@18214801
D/PowerManagerNotifier(  779): onWakeLockReleased: flags=1, tag="*sync*/com.android.email.provider/com.android.email/15950515050@163.com", packageName=android, ownerUid=1000, ownerPid=779, workSource=WorkSource{10040}
D/PowerManagerService(  779): MTK-----com.youyouza.pedmeter
D/PowerManagerService(  779): MTK-----in the PedometerService
D/PowerManagerService(  779): MTK-----android
D/PowerManagerService(  779): MTK-----*sync*/com.android.email.provider/com.android.exchange/youyouza@163.com
D/PowerManagerService(  779): MTK-----android
D/PowerManagerService(  779): MTK-----SyncLoopWakeLock
D/PowerManagerService(  779): wakelock list dump: mLocks.size=3:
D/PowerManagerService(  779): No.0: PARTIAL_WAKE_LOCK 'in the PedometerService'activated(flags=1, uid=10215, pid=11013) total=198334ms)
D/PowerManagerService(  779): No.1: PARTIAL_WAKE_LOCK '*sync*/com.android.email.provider/com.android.exchange/youyouza@163.com'activated(flags=1, uid=1000, pid=779) total=4337ms)
D/PowerManagerService(  779): No.2: PARTIAL_WAKE_LOCK 'SyncLoopWakeLock'activated(flags=1, uid=1000, pid=779) total=7ms)
D/WifiDisplayAdapter(  779): getWifiDisplayStatusLocked: result=WifiDisplayStatus{featureState=2, scanState=0, activeDisplayState=0, activeDisplay=null, displays=[], sessionInfo=WifiDisplaySessionInfo: C/O:Client,GId:,Pp:,SId:0,IP:}
D/PowerManagerService(  779): isWfdEnabled() mWfdStatus=WifiDisplayStatus{featureState=2, scanState=0, activeDisplayState=0, activeDisplay=null, displays=[], sessionInfo=WifiDisplaySessionInfo: C/O:Client,GId:,Pp:,SId:0,IP:}, return false
D/DisplayPowerController(  779): requestPowerState: policy=OFF, useProximitySensor=false, screenBrightness=62, screenAutoBrightnessAdjustment=0.0, useAutoBrightness=false, blockScreenOn=false, lowPowerMode=false, dozeScreenBrightness=-1, dozeScreenState=UNKNOWN, waitForNegativeProximity=false
D/PowerManagerService(  779): MTK-----com.youyouza.pedmeter
D/PowerManagerService(  779): MTK-----in the PedometerService
D/PowerManagerService(  779): MTK-----android
D/PowerManagerService(  779): MTK-----*sync*/com.android.email.provider/com.android.exchange/youyouza@163.com
D/PowerManagerService(  779): MTK-----android
D/PowerManagerService(  779): MTK-----SyncLoopWakeLock
D/PowerManagerService(  779): MTK-----android
D/PowerManagerService(  779): MTK-----*sync*/com.android.email.provider/com.android.email/zhuan66yong@163.com
D/PowerManagerService(  779): wakelock list dump: mLocks.size=4:
D/PowerManagerService(  779): No.0: PARTIAL_WAKE_LOCK 'in the PedometerService'activated(flags=1, uid=10215, pid=11013) total=198363ms)
D/PowerManagerService(  779): No.1: PARTIAL_WAKE_LOCK '*sync*/com.android.email.provider/com.android.exchange/youyouza@163.com'activated(flags=1, uid=1000, pid=779) total=4366ms)
D/PowerManagerService(  779): No.2: PARTIAL_WAKE_LOCK 'SyncLoopWakeLock'activated(flags=1, uid=1000, pid=779) total=36ms)
D/PowerManagerService(  779): No.3: PARTIAL_WAKE_LOCK '*sync*/com.android.email.provider/com.android.email/zhuan66yong@163.com'activated(flags=1, uid=1000, pid=779) total=2ms)
D/WifiDisplayAdapter(  779): getWifiDisplayStatusLocked: result=WifiDisplayStatus{featureState=2, scanState=0, activeDisplayState=0, activeDisplay=null, displays=[], sessionInfo=WifiDisplaySessionInfo: C/O:Client,GId:,Pp:,SId:0,IP:}
D/PowerManagerService(  779): isWfdEnabled() mWfdStatus=WifiDisplayStatus{featureState=2, scanState=0, activeDisplayState=0, activeDisplay=null, displays=[], sessionInfo=WifiDisplaySessionInfo: C/O:Client,GId:,Pp:,SId:0,IP:}, return false
D/DisplayPowerController(  779): requestPowerState: policy=OFF, useProximitySensor=false, screenBrightness=62, screenAutoBrightnessAdjustment=0.0, useAutoBrightness=false, blockScreenOn=false, lowPowerMode=false, dozeScreenBrightness=-1, dozeScreenState=UNKNOWN, waitForNegativeProximity=false
D/PowerManagerNotifier(  779): onWakeLockAcquired: flags=1, tag="*sync*/com.android.email.provider/com.android.email/zhuan66yong@163.com", packageName=android, ownerUid=1000, ownerPid=779, workSource=WorkSource{10040}
D/ActivityThread(10306): SVC-Creating service: CreateServiceData{token=android.os.BinderProxy@1be226a6 className=com.kingsoft.email.service.LegacyImapSyncAdapterService packageName=com.android.email intent=null}
D/PowerManagerNotifier(  779): onWakeLockReleased: flags=1, tag="SyncLoopWakeLock", packageName=android, ownerUid=1000, ownerPid=779, workSource=null
D/PowerManagerService(  779): MTK-----com.youyouza.pedmeter
D/ActivityManager(  779): getContentProviderImpl: from caller=android.app.ApplicationThreadProxy@356334c2 (pid=3397, userId=0) to get content provider com.miui.gallery.cloud.provider cpr=null
D/PowerManagerService(  779): MTK-----in the PedometerService
D/PowerManagerService(  779): MTK-----android
D/PowerManagerService(  779): MTK-----*sync*/com.android.email.provider/com.android.exchange/youyouza@163.com
D/PowerManagerService(  779): MTK-----android
D/PowerManagerService(  779): MTK-----*sync*/com.android.email.provider/com.android.email/zhuan66yong@163.com
D/PowerManagerService(  779): wakelock list dump: mLocks.size=3:
D/PowerManagerService(  779): No.0: PARTIAL_WAKE_LOCK 'in the PedometerService'activated(flags=1, uid=10215, pid=11013) total=198381ms)
D/PowerManagerService(  779): No.1: PARTIAL_WAKE_LOCK '*sync*/com.android.email.provider/com.android.exchange/youyouza@163.com'activated(flags=1, uid=1000, pid=779) total=4384ms)
D/PowerManagerService(  779): No.2: PARTIAL_WAKE_LOCK '*sync*/com.android.email.provider/com.android.email/zhuan66yong@163.com'activated(flags=1, uid=1000, pid=779) total=20ms)
D/WifiDisplayAdapter(  779): getWifiDisplayStatusLocked: result=WifiDisplayStatus{featureState=2, scanState=0, activeDisplayState=0, activeDisplay=null, displays=[], sessionInfo=WifiDisplaySessionInfo: C/O:Client,GId:,Pp:,SId:0,IP:}
D/PowerManagerService(  779): isWfdEnabled() mWfdStatus=WifiDisplayStatus{featureState=2, scanState=0, activeDisplayState=0, activeDisplay=null, displays=[], sessionInfo=WifiDisplaySessionInfo: C/O:Client,GId:,Pp:,SId:0,IP:}, return false
D/DisplayPowerController(  779): requestPowerState: policy=OFF, useProximitySensor=false, screenBrightness=62, screenAutoBrightnessAdjustment=0.0, useAutoBrightness=false, blockScreenOn=false, lowPowerMode=false, dozeScreenBrightness=-1, dozeScreenState=UNKNOWN, waitForNegativeProximity=false
D/PowerManagerService(  779): MTK-----com.youyouza.pedmeter
D/PowerManagerService(  779): MTK-----in the PedometerService
D/PowerManagerService(  779): MTK-----android
D/PowerManagerService(  779): MTK-----*sync*/com.android.email.provider/com.android.exchange/youyouza@163.com
D/PowerManagerService(  779): MTK-----android
D/PowerManagerService(  779): MTK-----*sync*/com.android.email.provider/com.android.email/zhuan66yong@163.com
D/PowerManagerService(  779): MTK-----android
D/PowerManagerService(  779): MTK-----SyncLoopWakeLock
D/PowerManagerService(  779): wakelock list dump: mLocks.size=4:
D/PowerManagerService(  779): No.0: PARTIAL_WAKE_LOCK 'in the PedometerService'activated(flags=1, uid=10215, pid=11013) total=198384ms)
D/PowerManagerService(  779): No.1: PARTIAL_WAKE_LOCK '*sync*/com.android.email.provider/com.android.exchange/youyouza@163.com'activated(flags=1, uid=1000, pid=779) total=4387ms)
D/PowerManagerService(  779): No.2: PARTIAL_WAKE_LOCK '*sync*/com.android.email.provider/com.android.email/zhuan66yong@163.com'activated(flags=1, uid=1000, pid=779) total=23ms)
D/PowerManagerService(  779): No.3: PARTIAL_WAKE_LOCK 'SyncLoopWakeLock'activated(flags=1, uid=1000, pid=779) total=2ms)
D/WifiDisplayAdapter(  779): getWifiDisplayStatusLocked: result=WifiDisplayStatus{featureState=2, scanState=0, activeDisplayState=0, activeDisplay=null, displays=[], sessionInfo=WifiDisplaySessionInfo: C/O:Client,GId:,Pp:,SId:0,IP:}
D/PowerManagerService(  779): isWfdEnabled() mWfdStatus=WifiDisplayStatus{featureState=2, scanState=0, activeDisplayState=0, activeDisplay=null, displays=[], sessionInfo=WifiDisplaySessionInfo: C/O:Client,GId:,Pp:,SId:0,IP:}, return false
D/DisplayPowerController(  779): requestPowerState: policy=OFF, useProximitySensor=false, screenBrightness=62, screenAutoBrightnessAdjustment=0.0, useAutoBrightness=false, blockScreenOn=false, lowPowerMode=false, dozeScreenBrightness=-1, dozeScreenState=UNKNOWN, waitForNegativeProximity=false
D/PowerManagerNotifier(  779): onWakeLockAcquired: flags=1, tag="SyncLoopWakeLock", packageName=android, ownerUid=1000, ownerPid=779, workSource=null
D/PowerManagerNotifier(  779): onWakeLockReleased: flags=1, tag="SyncLoopWakeLock", packageName=android, ownerUid=1000, ownerPid=779, workSource=null
D/PowerManagerService(  779): MTK-----com.youyouza.pedmeter
D/PowerManagerService(  779): MTK-----in the PedometerService
D/PowerManagerService(  779): MTK-----android
D/PowerManagerService(  779): MTK-----*sync*/com.android.email.provider/com.android.exchange/youyouza@163.com
D/PowerManagerService(  779): MTK-----android
D/PowerManagerService(  779): MTK-----*sync*/com.android.email.provider/com.android.email/zhuan66yong@163.com
D/PowerManagerService(  779): wakelock list dump: mLocks.size=3:
D/PowerManagerService(  779): No.0: PARTIAL_WAKE_LOCK 'in the PedometerService'activated(flags=1, uid=10215, pid=11013) total=198392ms)
D/PowerManagerService(  779): No.1: PARTIAL_WAKE_LOCK '*sync*/com.android.email.provider/com.android.exchange/youyouza@163.com'activated(flags=1, uid=1000, pid=779) total=4395ms)
D/PowerManagerService(  779): No.2: PARTIAL_WAKE_LOCK '*sync*/com.android.email.provider/com.android.email/zhuan66yong@163.com'activated(flags=1, uid=1000, pid=779) total=31ms)
D/WifiDisplayAdapter(  779): getWifiDisplayStatusLocked: result=WifiDisplayStatus{featureState=2, scanState=0, activeDisplayState=0, activeDisplay=null, displays=[], sessionInfo=WifiDisplaySessionInfo: C/O:Client,GId:,Pp:,SId:0,IP:}
D/PowerManagerService(  779): isWfdEnabled() mWfdStatus=WifiDisplayStatus{featureState=2, scanState=0, activeDisplayState=0, activeDisplay=null, displays=[], sessionInfo=WifiDisplaySessionInfo: C/O:Client,GId:,Pp:,SId:0,IP:}, return false
D/DisplayPowerController(  779): requestPowerState: policy=OFF, useProximitySensor=false, screenBrightness=62, screenAutoBrightnessAdjustment=0.0, useAutoBrightness=false, blockScreenOn=false, lowPowerMode=false, dozeScreenBrightness=-1, dozeScreenState=UNKNOWN, waitForNegativeProximity=false
I/ActivityManager(  779): Start proc com.miui.gallery for content provider com.miui.gallery/.provider.GalleryProvider: pid=15310 uid=10016 gids={50016, 9997, 3003, 1028, 1015, 1023, 1035} abi=arm64-v8a
D/ActivityManager(  779): getContentProviderImpl: from caller=android.app.ApplicationThreadProxy@55cc2d3 (pid=10306, userId=0) to get content provider com.android.contacts cpr=ContentProviderRecord{3aaf09c5 u0 com.android.providers.contacts/.ContactsProvider2}
D/ActivityManager(  779): getContentProviderImpl: updateLruProcessLocked cpr.proc=ProcessRecord{17f37e71 15405:android.process.acore/u0a7}
D/ActivityThread(10306): hoder:android.app.IActivityManager$ContentProviderHolder@117538e7,provider,holder.Provider:android.content.ContentProviderProxy@fe9cc94
D/ActivityManager(  779): getContentProviderImpl: from caller=android.app.ApplicationThreadProxy@e0d6e10 (pid=10306, userId=0) to get content provider com.android.contacts cpr=ContentProviderRecord{3aaf09c5 u0 com.android.providers.contacts/.ContactsProvider2}
D/ActivityManager(  779): getContentProviderImpl: updateLruProcessLocked cpr.proc=ProcessRecord{17f37e71 15405:android.process.acore/u0a7}
D/ActivityThread(10306): hoder:android.app.IActivityManager$ContentProviderHolder@1d7a0732,provider,holder.Provider:android.content.ContentProviderProxy@3dd27c83
D/ActivityManager(  779): getContentProviderImpl: from caller=android.app.ApplicationThreadProxy@3a0ed09 (pid=15310, userId=0) to get content provider settings cpr=ContentProviderRecord{10e47ef4 u0 com.android.providers.settings/.SettingsProvider}
D/ActivityThread(15310): hoder:android.app.IActivityManager$ContentProviderHolder@3aaae8ac,provider,holder.Provider:android.content.ContentProviderProxy@2eb1a975
V/SettingsProvider(  779): call(system:anr_debugging_mechanism) for 0
D/DisplayManagerService(  779): Display listener for pid 15209 died.
D/DisplayManagerService(  779): Display listener for pid 15286 died.
D/DisplayManagerService(  779): Display listener for pid 8414 died.
D/WifiService(  779): Client connection lost with reason: 4
I/ActivityManager(  779): Process com.miui.cloudservice (pid 15209) has died
D/ActivityManager(  779): SVC-handleAppDiedLocked: app = ProcessRecord{32ae304e 15209:com.miui.cloudservice/u0a36}, app.pid = 15209
D/ActivityManager(  779): cleanUpApplicationRecord -- 15209
V/ActivityManager(  779): cleanUpApplicationRecordLocked:restart=false
D/ActivityManager(  779): SVC-mBroadcastQueues: com.android.server.am.BroadcastQueue@3de45b7e
D/ActivityManager(  779): SVC-mBroadcastQueues: com.android.server.am.BroadcastQueue@2f8f88df
D/ActivityThread( 1969): SVC-Destroying service: com.xiaomi.finddevice.v2.FindDeviceStatusManagerService@2c2e8ad2
W/ResourcesManager(15310): Asset path '/system/framework/android-support-v13.jar' does not exist or contains no resources.
I/ActivityManager(  779): Process com.android.providers.calendar (pid 15286) has died
D/ActivityManager(  779): SVC-handleAppDiedLocked: app = ProcessRecord{1950c26a 15286:com.android.providers.calendar/u0a5}, app.pid = 15286
D/ActivityManager(  779): cleanUpApplicationRecord -- 15286
V/ActivityManager(  779): cleanUpApplicationRecordLocked:restart=false
D/ActivityManager(  779): SVC-mBroadcastQueues: com.android.server.am.BroadcastQueue@3de45b7e
D/ActivityManager(  779): SVC-mBroadcastQueues: com.android.server.am.BroadcastQueue@2f8f88df
I/ActivityManager(  779): Process com.miui.virtualsim (pid 8414) has died
D/ActivityManager(  779): SVC-handleAppDiedLocked: app = ProcessRecord{31b3db0e 8414:com.miui.virtualsim/1001}, app.pid = 8414
D/ActivityManager(  779): cleanUpApplicationRecord -- 8414
V/ActivityManager(  779): cleanUpApplicationRecordLocked:restart=false
D/ActivityManager(  779): SVC-mBroadcastQueues: com.android.server.am.BroadcastQueue@3de45b7e
D/ActivityManager(  779): SVC-mBroadcastQueues: com.android.server.am.BroadcastQueue@2f8f88df
W/ResourcesManager(15310): Asset path '/system/framework/android-support-v7-recyclerview.jar' does not exist or contains no resources.
W/ResourcesManager(15310): Asset path '/system/framework/cloud-common.jar' does not exist or contains no resources.
D/ActivityThread(15310): installProvider: context.getPackageName()=com.miui.gallery
D/ActivityThread(15310): installProvider: context.getPackageName()=com.miui.gallery
D/ActivityManager(  779): publishContentProviders: from caller=android.app.ApplicationThreadProxy@3126b92f (pid=15310)
D/ActivityThread( 3397): hoder:android.app.IActivityManager$ContentProviderHolder@3364cac0,provider,holder.Provider:android.content.ContentProviderProxy@283103f9
I/ANRManager(  779): CPU update time < 2.5sec
V/ActivityManager(  779): Broadcast: Intent { act=com.youyouza.updateUI.pedemeter flg=0x10 (has extras) } ordered=true userid=0 callerApp=ProcessRecord{1b21d208 11013:com.youyouza.pedmeter/u0a215}
D/ActivityThread(11013): BDC-Calling finishReceiver: IIntentReceiver=10e26c26
D/ActivityManager(  779): getContentProviderImpl: from caller=android.app.ApplicationThreadProxy@23435b3c (pid=3397, userId=0) to get content provider com.miui.gallery.cloud.provider cpr=ContentProviderRecord{15e250c5 u0 com.miui.gallery/.provider.GalleryProvider}
D/ActivityThread( 3397): hoder:android.app.IActivityManager$ContentProviderHolder@1ec819f,provider,holder.Provider:android.content.ContentProviderProxy@12bd2ec
V/ActivityManager(  779): Broadcast: Intent { act=toast_bar_boradcast_name flg=0x10 (has extras) } ordered=false userid=0 callerApp=ProcessRecord{2d6d72cd 10306:com.android.email/u0a40}
W/ActivityManager(  779): getRunningAppProcesses: caller 10016 does not hold REAL_GET_TASKS; limiting output
W/ActivityManager(  779): getRunningAppProcesses: caller 10016 does not hold REAL_GET_TASKS; limiting output
I/thermal_repeater(  298): oh, queryMdThermalInfo (0)Bad file number
I/thermal_repeater(  298): [recvMdThermalInfo] ret=26, strLen=127,  3, 23, -127, -1, 32767, 2
D/ActivityManager(  779): getContentProviderImpl: from caller=android.app.ApplicationThreadProxy@312c06c3 (pid=3397, userId=0) to get content provider com.miui.micloud cpr=null
I/ActivityManager(  779): Start proc com.miui.cloudservice for content provider com.miui.cloudservice/.provider.MiCloudProvider: pid=15346 uid=10036 gids={50036, 9997, 3003, 1028, 1015, 2001} abi=arm64-v8a
D/FrameworkListener(  274): dispatchCommand data = (getaddrinfo pop3.163.com ^ 1024 0 1 0 0)
D/SocketClient(  274): SocketClient sendData done: 222
D/SocketClient(  274): SocketClient sendData done: 
D/SocketClient(  274): SocketClient sendData done: 
D/SocketClient(  274): SocketClient sendData done: 
D/SocketClient(  274): SocketClient sendData done: 
D/SocketClient(  274): SocketClient sendData done: 
D/SocketClient(  274): SocketClient sendData done: 
D/ActivityManager(  779): getContentProviderImpl: from caller=android.app.ApplicationThreadProxy@17a07b40 (pid=15346, userId=0) to get content provider settings cpr=ContentProviderRecord{10e47ef4 u0 com.android.providers.settings/.SettingsProvider}
D/ActivityThread(15346): hoder:android.app.IActivityManager$ContentProviderHolder@3aaae8ac,provider,holder.Provider:android.content.ContentProviderProxy@2eb1a975
V/SettingsProvider(  779): call(system:anr_debugging_mechanism) for 0
W/ResourcesManager(15346): Asset path '/system/framework/eventbus.jar' does not exist or contains no resources.
W/ResourcesManager(15346): Asset path '/system/framework/picasso.jar' does not exist or contains no resources.
W/ResourcesManager(15346): Asset path '/system/framework/cloud-common.jar' does not exist or contains no resources.
W/ResourcesManager(15346): Asset path '/system/framework/miuipushsdkshared.jar' does not exist or contains no resources.
D/PowerManagerService(  779): MTK-----com.youyouza.pedmeter
D/PowerManagerService(  779): MTK-----in the PedometerService
D/PowerManagerService(  779): MTK-----android
D/PowerManagerService(  779): MTK-----*sync*/com.android.email.provider/com.android.exchange/youyouza@163.com
D/PowerManagerService(  779): MTK-----android
D/PowerManagerService(  779): MTK-----*sync*/com.android.email.provider/com.android.email/zhuan66yong@163.com
D/PowerManagerService(  779): MTK-----android
D/PowerManagerService(  779): MTK-----SyncLoopWakeLock
D/PowerManagerService(  779): wakelock list dump: mLocks.size=4:
D/PowerManagerService(  779): No.0: PARTIAL_WAKE_LOCK 'in the PedometerService'activated(flags=1, uid=10215, pid=11013) total=199669ms)
D/PowerManagerService(  779): No.1: PARTIAL_WAKE_LOCK '*sync*/com.android.email.provider/com.android.exchange/youyouza@163.com'activated(flags=1, uid=1000, pid=779) total=5672ms)
D/PowerManagerService(  779): No.2: PARTIAL_WAKE_LOCK '*sync*/com.android.email.provider/com.android.email/zhuan66yong@163.com'activated(flags=1, uid=1000, pid=779) total=1308ms)
D/PowerManagerService(  779): No.3: PARTIAL_WAKE_LOCK 'SyncLoopWakeLock'activated(flags=1, uid=1000, pid=779) total=0ms)
D/WifiDisplayAdapter(  779): getWifiDisplayStatusLocked: result=WifiDisplayStatus{featureState=2, scanState=0, activeDisplayState=0, activeDisplay=null, displays=[], sessionInfo=WifiDisplaySessionInfo: C/O:Client,GId:,Pp:,SId:0,IP:}
D/PowerManagerService(  779): isWfdEnabled() mWfdStatus=WifiDisplayStatus{featureState=2, scanState=0, activeDisplayState=0, activeDisplay=null, displays=[], sessionInfo=WifiDisplaySessionInfo: C/O:Client,GId:,Pp:,SId:0,IP:}, return false
D/DisplayPowerController(  779): requestPowerState: policy=OFF, useProximitySensor=false, screenBrightness=62, screenAutoBrightnessAdjustment=0.0, useAutoBrightness=false, blockScreenOn=false, lowPowerMode=false, dozeScreenBrightness=-1, dozeScreenState=UNKNOWN, waitForNegativeProximity=false
D/SocketClient(  274): SocketClient sendData done: 
D/PowerManagerNotifier(  779): onWakeLockAcquired: flags=1, tag="SyncLoopWakeLock", packageName=android, ownerUid=1000, ownerPid=779, workSource=null
D/PowerManagerNotifier(  779): onWakeLockReleased: flags=1, tag="*sync*/com.android.email.provider/com.android.exchange/youyouza@163.com", packageName=android, ownerUid=1000, ownerPid=779, workSource=WorkSource{10040}
D/PowerManagerService(  779): MTK-----com.youyouza.pedmeter
D/PowerManagerService(  779): MTK-----in the PedometerService
D/PowerManagerService(  779): MTK-----android
D/PowerManagerService(  779): MTK-----*sync*/com.android.email.provider/com.android.email/zhuan66yong@163.com
D/PowerManagerService(  779): MTK-----android
D/PowerManagerService(  779): MTK-----SyncLoopWakeLock
D/PowerManagerService(  779): wakelock list dump: mLocks.size=3:
