D/PerfServiceManager(  779): [PerfService] notifyFrameUpdate - bDuringTouchBoost:true 
D/PerfServiceManager(  779): [PerfService] MESSAGE_BOOST_ENABLE_TIMEOUT_MS [SCN_SW_FRAME_UPDATE] bDuringTouchBoost:true 
D/IMGSRV  (29805): gralloc_register_buffer:1390: hnd=0x55b792ac40 ID=8976815 fd=110 ref=1
D/GraphicBuffer(29805): register, handle(0x55b792ac40) (w:1080 h:60 s:1088 f:0x1 u:0x000b00)
I/BufferQueueProducer(  256): [StatusBar](this:0x55a216db10,id:11476,api:1,p:29805,c:256) queueBuffer: fps=0.27 dur=3703.31 max=3703.31 min=3703.31
I/thermal_repeater(  298): oh, queryMdThermalInfo (0)Bad file number
I/thermal_repeater(  298): [recvMdThermalInfo] ret=26, strLen=127,  3, 33, -127, -1, 32767, 2
W/ActivityManager(  779): getRunningAppProcesses: caller 10203 does not hold REAL_GET_TASKS; limiting output
W/ActivityManager(  779): getTasks: caller 10203 does not hold REAL_GET_TASKS; limiting output
D/PerfServiceManager(  779): [PerfService] notifyFrameUpdate - bDuringTouchBoost:true 
D/PerfServiceManager(  779): [PerfService] MESSAGE_BOOST_ENABLE_TIMEOUT_MS [SCN_SW_FRAME_UPDATE] bDuringTouchBoost:true 
E/WifiTrafficPoller(  779): TRAFFIC_STATS_POLL true Token 7334 num clients 26
E/WifiTrafficPoller(  779):  packet count Tx=6635679 Rx=11484042
E/WifiTrafficPoller(  779): notifying of data activity 2
I/art     (13508): Background sticky concurrent mark sweep GC freed 22692(4MB) AllocSpace objects, 0(0B) LOS objects, 7% free, 49MB/53MB, paused 6.138ms total 41.068ms
I/BufferQueueProducer(  256): [com.sina.weibo/com.sina.weibo.browser.WeiboBrowser](this:0x55a2292ac0,id:25139,api:1,p:14115,c:256) queueBuffer: fps=15.79 dur=1013.03 max=86.88 min=29.09
I/SurfaceFlinger(  256): [Built-in Screen (type:0)] fps:17.682735,dur:1017.94,max:89.79,min:16.75
D/PerfServiceManager(  779): [PerfService] notifyFrameUpdate - bDuringTouchBoost:true 
D/PerfServiceManager(  779): [PerfService] MESSAGE_BOOST_ENABLE_TIMEOUT_MS [SCN_SW_FRAME_UPDATE] bDuringTouchBoost:true 
D/PerfServiceManager(  779): [PerfService] notifyFrameUpdate - bDuringTouchBoost:true 
D/PerfServiceManager(  779): [PerfService] MESSAGE_BOOST_ENABLE_TIMEOUT_MS [SCN_SW_FRAME_UPDATE] bDuringTouchBoost:true 
I/System.out(13577): [CDS]EAGAIN in Recvfrom
I/System.out(13577): [CDS]read byte is 0
I/System.out(13577): [CDS]rx timeout:10000
I/System.out(13577): [CDS]rx timeout:30000
E/WifiTrafficPoller(  779): TRAFFIC_STATS_POLL true Token 7334 num clients 26
E/WifiTrafficPoller(  779):  packet count Tx=6635683 Rx=11484043
E/WifiTrafficPoller(  779): notifying of data activity 3
I/BufferQueueProducer(  256): [com.sina.weibo/com.sina.weibo.browser.WeiboBrowser](this:0x55a2292ac0,id:25139,api:1,p:14115,c:256) queueBuffer: fps=23.89 dur=1004.52 max=65.53 min=20.23
I/SurfaceFlinger(  256): [Built-in Screen (type:0)] fps:23.968004,dur:1001.33,max:66.58,min:16.77
D/PerfServiceManager(  779): [PerfService] notifyFrameUpdate - bDuringTouchBoost:true 
D/PerfServiceManager(  779): [PerfService] MESSAGE_BOOST_ENABLE_TIMEOUT_MS [SCN_SW_FRAME_UPDATE] bDuringTouchBoost:true 
D/PerfServiceManager(  779): [PerfService] notifyFrameUpdate - bDuringTouchBoost:true 
D/PerfServiceManager(  779): [PerfService] MESSAGE_BOOST_ENABLE_TIMEOUT_MS [SCN_SW_FRAME_UPDATE] bDuringTouchBoost:true 
D/PerfServiceManager(  779): [PerfService] notifyFrameUpdate - bDuringTouchBoost:true 
D/PerfServiceManager(  779): [PerfService] MESSAGE_BOOST_ENABLE_TIMEOUT_MS [SCN_SW_FRAME_UPDATE] bDuringTouchBoost:true 
E/WifiTrafficPoller(  779): TRAFFIC_STATS_POLL true Token 7334 num clients 26
E/WifiTrafficPoller(  779):  packet count Tx=6635687 Rx=11484043
E/WifiTrafficPoller(  779): notifying of data activity 2
I/BufferQueueProducer(  256): [com.sina.weibo/com.sina.weibo.browser.WeiboBrowser](this:0x55a2292ac0,id:25139,api:1,p:14115,c:256) queueBuffer: fps=22.22 dur=1035.18 max=68.92 min=21.39
I/SurfaceFlinger(  256): [Built-in Screen (type:0)] fps:22.219782,dur:1035.11,max:67.12,min:16.23
E/WifiStateMachine(  779):  ConnectedState (when=0 what=131155 arg1=2311!CMD_RSSI_POLL 2311 0 "TP-LINK_B9EC" 24:69:68:bb:b9:ec rssi=-46 f=2412 sc=60 link=108 tx=101.7, 0.0, 0.0  rx=116.5 bcn=0 [on:0 tx:0 rx:0 period:2999] from screen [on:0 period:-1807292786] gl hn u24 rssi=-41 ag=0 hr ticks 3,0,36 ls-=0 [56,56,60,60,65] brc=0 lrc=0mmls=
E/WifiStateMachine(  779): Failed=0 Retry=0 MultipleRetry=0 ACKFailure=0 FCSError=1830 tx_ok=0 rx_ok=0
E/WifiStateMachine(  779): Readl[crc=0 timeout=0] Writel[crc=0 timeout=0] ReadSb[crc=0 timeout=0] writeSb[crc=0 timeout=0]
E/WifiStateMachine(  779):  L2ConnectedState (when=-2ms what=131155 arg1=2311!CMD_RSSI_POLL 2311 0 "TP-LINK_B9EC" 24:69:68:bb:b9:ec rssi=-46 f=2412 sc=60 link=108 tx=101.7, 0.0, 0.0  rx=116.5 bcn=0 [on:0 tx:0 rx:0 period:1] from screen [on:0 period:-1807292785] gl hn u24 rssi=-41 ag=0 hr ticks 3,0,36 ls-=0 [56,56,60,60,65] brc=0 lrc=0mmls=
E/WifiStateMachine(  779): Failed=0 Retry=0 MultipleRetry=0 ACKFailure=0 FCSError=1830 tx_ok=0 rx_ok=0
E/WifiStateMachine(  779): Readl[crc=0 timeout=0] Writel[crc=0 timeout=0] ReadSb[crc=0 timeout=0] writeSb[crc=0 timeout=0]
E/WifiStateMachine(  779):  get link layer stats 0
D/WifiHW  (  779): enter -->wifi_send_command cmd=IFNAME=wlan0 SIGNAL_POLL
D/wpa_supplicant(21489): wlan0: Control interface command 'SIGNAL_POLL'
D/WifiHW  (  779): leave --> reply=RSSI=-46
D/WifiHW  (  779): LINKSPEED=108
D/WifiHW  (  779): NOISE=9999
D/WifiHW  (  779): FREQUENCY=2412
D/WifiHW  (  779): 
D/wifiJNI (  779): doStringCommand, buf IFNAME=wlan0 SIGNAL_POLL
I/WifiStateMachine(  779): fetchRssiLinkSpeedAndFrequencyNative, newRssi:-46, newLinkSpeed:108, SSID:"TP-LINK_B9EC"
D/WifiHW  (  779): enter -->wifi_send_command cmd=IFNAME=wlan0 DRIVER GET_STA_LINK_DETECT
D/wpa_supplicant(21489): wlan0: Control interface command 'DRIVER GET_STA_LINK_DETECT'
D/wpa_supplicant(21489): iface wlan0 recv cmd GET_STA_LINK_DETECT
D/wpa_supplicant(21489): get_sta_link_detect
D/wpa_supplicant(21489): nl80211: Test Mode buflen = 16, ifindex=73
D/WifiHW  (  779): leave --> reply=
D/WifiHW  (  779): Failed=0 Retry=0 MultipleRetry=0 ACKFailure=0 FCSError=678 tx_ok=0 rx_ok=0
D/WifiHW  (  779): Readl[crc=0 timeout=0] Writel[crc=0 timeout=0] ReadSb[crc=0 timeout=0] writeSb[crc=0 timeout=0]
D/WifiHW  (  779): 
D/wifiJNI (  779): doStringCommand, buf IFNAME=wlan0 DRIVER GET_STA_LINK_DETECT
E/WifiStateMachine(  779): wifiLinkStatics=
E/WifiStateMachine(  779): Failed=0 Retry=0 MultipleRetry=0 ACKFailure=0 FCSError=678 tx_ok=0 rx_ok=0
E/WifiStateMachine(  779): Readl[crc=0 timeout=0] Writel[crc=0 timeout=0] ReadSb[crc=0 timeout=0] writeSb[crc=0 timeout=0]
D/WifiStateMachine(  779): mLastSignalLevel:4, newSignalLevel:4
E/WifiConfigStore(  779): updateConfiguration freq=2412 BSSID=24:69:68:bb:b9:ec RSSI=-45 "TP-LINK_B9EC"-WPA_PSK
V/ActivityManager(  779): Broadcast sticky: Intent { act=android.net.wifi.RSSI_CHANGED flg=0x4000010 (has extras) } ordered=false userid=-1 callerApp=ProcessRecord{2d221f8e 779:system/1000}
D/WifiWatchdogStateMachine(  779): RSSI current: 4 new: -46, 4
D/StatusBar.NetworkController(29805): slot=-10;action=android.net.wifi.RSSI_CHANGED
D/StatusBar.NetworkController(29805): updateNetworkName chosenNetType=13;mNetworkName[0]=移动 4G
D/StatusBar.NetworkController(29805): onSignalStrengthsChanged received on slotId :0signalStrength=SignalStrength: 22 67 -120 -160 -7 0 -1 99 -73 -8 2147483647 2147483647 gsm|lte 1 1 1 level=5 cdmdlevel=0 evdolevel=0
V/ActivityManager(  779): Broadcast sticky: Intent { act=android.intent.action.SIG_STR flg=0x20000010 (has extras) } ordered=false userid=-1 callerApp=ProcessRecord{2d221f8e 779:system/1000}
D/PerfServiceManager(  779): [PerfService] notifyFrameUpdate - bDuringTouchBoost:true 
D/PerfServiceManager(  779): [PerfService] MESSAGE_BOOST_ENABLE_TIMEOUT_MS [SCN_SW_FRAME_UPDATE] bDuringTouchBoost:true 
D/PerfServiceManager(  779): [PerfService] notifyFrameUpdate - bDuringTouchBoost:true 
D/PerfServiceManager(  779): [PerfService] MESSAGE_BOOST_ENABLE_TIMEOUT_MS [SCN_SW_FRAME_UPDATE] bDuringTouchBoost:true 
E/WifiTrafficPoller(  779): TRAFFIC_STATS_POLL true Token 7334 num clients 26
E/WifiTrafficPoller(  779):  packet count Tx=6635690 Rx=11484043
I/XiaomiFirewall( 1325): firewall pkgName:com.sina.weibo, result:0x0
D/SocketClient(  274): SocketClient sendData done: 
V/AlarmManager(  779): isAlarmNeedAlign : charging
D/AlarmManager(  779): set alarm to RTC 1295883920
I/ActivityManager(  779): [Background Service Priority Adjustment] Set callerFg as false for service.getFlags():260
D/PowerManagerService(  779): MTK-----android
D/PowerManagerService(  779): MTK-----*alarm*
D/PowerManagerService(  779): wakelock list dump: mLocks.size=1:
D/PowerManagerService(  779): No.0: PARTIAL_WAKE_LOCK '*alarm*'activated(flags=1, uid=1000, pid=779) total=0ms)
D/ActivityThread(18555): SVC-Calling onStartCommand: com.q.m.QS@1df31cf3, flags=0, startId=63
D/AlarmManager(  779): onSendFinished begin
D/WifiDisplayAdapter(  779): getWifiDisplayStatusLocked: result=WifiDisplayStatus{featureState=2, scanState=0, activeDisplayState=0, activeDisplay=null, displays=[], sessionInfo=WifiDisplaySessionInfo: C/O:Client,GId:,Pp:,SId:0,IP:}
D/PowerManagerService(  779): isWfdEnabled() mWfdStatus=WifiDisplayStatus{featureState=2, scanState=0, activeDisplayState=0, activeDisplay=null, displays=[], sessionInfo=WifiDisplaySessionInfo: C/O:Client,GId:,Pp:,SId:0,IP:}, return false
D/DisplayPowerController(  779): requestPowerState: policy=BRIGHT, useProximitySensor=false, screenBrightness=123, screenAutoBrightnessAdjustment=0.0, useAutoBrightness=false, blockScreenOn=false, lowPowerMode=false, dozeScreenBrightness=-1, dozeScreenState=UNKNOWN, waitForNegativeProximity=false
D/PowerManagerNotifier(  779): onWakeLockAcquired: flags=1, tag="*alarm*", packageName=android, ownerUid=1000, ownerPid=779, workSource=WorkSource{10120}
D/PowerManagerNotifier(  779): onWakeLockReleased: flags=1, tag="*alarm*", packageName=android, ownerUid=1000, ownerPid=779, workSource=WorkSource{10120}
D/WifiDisplayAdapter(  779): getWifiDisplayStatusLocked: result=WifiDisplayStatus{featureState=2, scanState=0, activeDisplayState=0, activeDisplay=null, displays=[], sessionInfo=WifiDisplaySessionInfo: C/O:Client,GId:,Pp:,SId:0,IP:}
D/PowerManagerService(  779): isWfdEnabled() mWfdStatus=WifiDisplayStatus{featureState=2, scanState=0, activeDisplayState=0, activeDisplay=null, displays=[], sessionInfo=WifiDisplaySessionInfo: C/O:Client,GId:,Pp:,SId:0,IP:}, return false
D/DisplayPowerController(  779): requestPowerState: policy=BRIGHT, useProximitySensor=false, screenBrightness=123, screenAutoBrightnessAdjustment=0.0, useAutoBrightness=false, blockScreenOn=false, lowPowerMode=false, dozeScreenBrightness=-1, dozeScreenState=UNKNOWN, waitForNegativeProximity=false
I/BufferQueueProducer(  256): [com.sina.weibo/com.sina.weibo.browser.WeiboBrowser](this:0x55a2292ac0,id:25139,api:1,p:14115,c:256) queueBuffer: fps=16.39 dur=1037.37 max=84.29 min=48.99
I/SurfaceFlinger(  256): [Built-in Screen (type:0)] fps:16.429531,dur:1034.72,max:83.46,min:49.94
V/ActivityManager(  779): Broadcast: Intent { act=android.intent.action.TIME_TICK flg=0x50000114 (has extras) } ordered=true userid=-1 callerApp=null
D/PowerManagerService(  779): MTK-----android
D/PowerManagerService(  779): MTK-----*alarm*
D/PowerManagerService(  779): wakelock list dump: mLocks.size=1:
D/PowerManagerService(  779): No.0: PARTIAL_WAKE_LOCK '*alarm*'activated(flags=1073741825, uid=1000, pid=779) total=0ms)
D/WifiDisplayAdapter(  779): getWifiDisplayStatusLocked: result=WifiDisplayStatus{featureState=2, scanState=0, activeDisplayState=0, activeDisplay=null, displays=[], sessionInfo=WifiDisplaySessionInfo: C/O:Client,GId:,Pp:,SId:0,IP:}
D/PowerManagerService(  779): isWfdEnabled() mWfdStatus=WifiDisplayStatus{featureState=2, scanState=0, activeDisplayState=0, activeDisplay=null, displays=[], sessionInfo=WifiDisplaySessionInfo: C/O:Client,GId:,Pp:,SId:0,IP:}, return false
D/DisplayPowerController(  779): requestPowerState: policy=BRIGHT, useProximitySensor=false, screenBrightness=123, screenAutoBrightnessAdjustment=0.0, useAutoBrightness=false, blockScreenOn=false, lowPowerMode=false, dozeScreenBrightness=-1, dozeScreenState=UNKNOWN, waitForNegativeProximity=false
D/PowerManagerNotifier(  779): onWakeLockAcquired: flags=1073741825, tag="*alarm*", packageName=android, ownerUid=1000, ownerPid=779, workSource=WorkSource{1000}
W/AlarmManager(  779): operation package = android CTS_Alarm = false
V/AlarmManager(  779): isAlarmNeedAlign : charging
D/ActivityThread(  779): BDC-Calling finishReceiver: IIntentReceiver=83f4ce
V/SettingsInterface(29805):  from settings cache , name = time_12_24 , value = 24
D/ActivityThread(29805): BDC-Calling finishReceiver: IIntentReceiver=1def5583
V/SettingsInterface(29805):  from settings cache , name = time_12_24 , value = 24
V/SettingsInterface(29805):  from settings cache , name = time_12_24 , value = 24
V/SettingsInterface(29805):  from settings cache , name = time_12_24 , value = 24
D/ActivityThread(29805): BDC-Calling finishReceiver: IIntentReceiver=2f1ed721
D/ActivityThread(29805): BDC-Calling finishReceiver: IIntentReceiver=3a33d746
D/PerfServiceManager(  779): [PerfService] notifyFrameUpdate - bDuringTouchBoost:true 
D/ActivityThread(29805): BDC-Calling finishReceiver: IIntentReceiver=2867c48e
D/PerfServiceManager(  779): [PerfService] MESSAGE_BOOST_ENABLE_TIMEOUT_MS [SCN_SW_FRAME_UPDATE] bDuringTouchBoost:true 
I/BufferQueueProducer(  256): [StatusBar](this:0x55a216db10,id:11476,api:1,p:29805,c:256) queueBuffer: fps=0.54 dur=3675.92 max=3393.26 min=282.65
D/ActivityThread(18555): BDC-Calling finishReceiver: IIntentReceiver=18ffc86a
D/AlarmManager(  779): onSendFinished begin
D/PowerManagerNotifier(  779): onWakeLockReleased: flags=1073741825, tag="*alarm*", packageName=android, ownerUid=1000, ownerPid=779, workSource=WorkSource{1000}
D/WifiDisplayAdapter(  779): getWifiDisplayStatusLocked: result=WifiDisplayStatus{featureState=2, scanState=0, activeDisplayState=0, activeDisplay=null, displays=[], sessionInfo=WifiDisplaySessionInfo: C/O:Client,GId:,Pp:,SId:0,IP:}
D/PowerManagerService(  779): isWfdEnabled() mWfdStatus=WifiDisplayStatus{featureState=2, scanState=0, activeDisplayState=0, activeDisplay=null, displays=[], sessionInfo=WifiDisplaySessionInfo: C/O:Client,GId:,Pp:,SId:0,IP:}, return false
D/DisplayPowerController(  779): requestPowerState: policy=BRIGHT, useProximitySensor=false, screenBrightness=123, screenAutoBrightnessAdjustment=0.0, useAutoBrightness=false, blockScreenOn=false, lowPowerMode=false, dozeScreenBrightness=-1, dozeScreenState=UNKNOWN, waitForNegativeProximity=false
D/PerfServiceManager(  779): [PerfService] notifyFrameUpdate - bDuringTouchBoost:true 
D/PerfServiceManager(  779): [PerfService] MESSAGE_BOOST_ENABLE_TIMEOUT_MS [SCN_SW_FRAME_UPDATE] bDuringTouchBoost:true 
D/PerfServiceManager(  779): [PerfService] notifyFrameUpdate - bDuringTouchBoost:true 
D/PerfServiceManager(  779): [PerfService] MESSAGE_BOOST_ENABLE_TIMEOUT_MS [SCN_SW_FRAME_UPDATE] bDuringTouchBoost:true 
D/PerfServiceManager(  779): [PerfService] notifyFrameUpdate - bDuringTouchBoost:true 
D/PerfServiceManager(  779): [PerfService] MESSAGE_BOOST_ENABLE_TIMEOUT_MS [SCN_SW_FRAME_UPDATE] bDuringTouchBoost:true 
E/WifiTrafficPoller(  779): TRAFFIC_STATS_POLL true Token 7334 num clients 26
E/WifiTrafficPoller(  779):  packet count Tx=6635693 Rx=11484045
E/WifiTrafficPoller(  779): notifying of data activity 3
I/SurfaceFlinger(  256): [Built-in Screen (type:0)] fps:17.974913,dur:1001.40,max:83.41,min:15.38
D/PerfServiceManager(  779): [PerfService] notifyFrameUpdate - bDuringTouchBoost:true 
D/PerfServiceManager(  779): [PerfService] MESSAGE_BOOST_ENABLE_TIMEOUT_MS [SCN_SW_FRAME_UPDATE] bDuringTouchBoost:true 
I/BufferQueueProducer(  256): [com.sina.weibo/com.sina.weibo.browser.WeiboBrowser](this:0x55a2292ac0,id:25139,api:1,p:14115,c:256) queueBuffer: fps=15.93 dur=1066.93 max=82.07 min=46.63
W/ADB_SERVICES( 9297): create_local_service_socket() name=shell:export ANDROID_LOG_TAGS=""""; exec logcat -d
W/ADB_SERVICES( 9297): service_to_fd() name=shell:export ANDROID_LOG_TAGS=""""; exec logcat -d
W/ADB_SERVICES( 9297): read_meminfo() mem_free=48624
W/ADB_SERVICES( 9297): create_subproc ret_fd=57 pid=17210
W/ADB_SERVICES( 9297): LS(96715): bound to 'shell:export ANDROID_LOG_TAGS=""""; exec logcat -d' via 57
W/ADB_SERVICES(17210): adb: unable to update oom_score_adj
D/PerfServiceManager(  779): [PerfService] notifyFrameUpdate - bDuringTouchBoost:true 
D/PerfServiceManager(  779): [PerfService] MESSAGE_BOOST_ENABLE_TIMEOUT_MS [SCN_SW_FRAME_UPDATE] bDuringTouchBoost:true 
