V/AlarmManager(  779): isAlarmNeedAlign : charging
V/AlarmManager(  779): isAlarmNeedAlign : charging
V/AlarmManager(  779): isAlarmNeedAlign : charging
V/AlarmManager(  779): isAlarmNeedAlign : charging
V/AlarmManager(  779): isAlarmNeedAlign : charging
V/AlarmManager(  779): isAlarmNeedAlign : charging
V/AlarmManager(  779): isAlarmNeedAlign : charging
V/AlarmManager(  779): isAlarmNeedAlign : charging
V/AlarmManager(  779): isAlarmNeedAlign : charging
V/AlarmManager(  779): isAlarmNeedAlign : charging
V/AlarmManager(  779): isAlarmNeedAlign : charging
V/AlarmManager(  779): isAlarmNeedAlign : charging
V/AlarmManager(  779): isAlarmNeedAlign : charging
V/AlarmManager(  779): isAlarmNeedAlign : charging
V/AlarmManager(  779): isAlarmNeedAlign : charging
V/AlarmManager(  779): isAlarmNeedAlign : charging
V/AlarmManager(  779): isAlarmNeedAlign : charging
V/AlarmManager(  779): isAlarmNeedAlign : charging
V/AlarmManager(  779): isAlarmNeedAlign : charging
V/AlarmManager(  779): isAlarmNeedAlign : charging
V/AlarmManager(  779): isAlarmNeedAlign : charging
V/AlarmManager(  779): isAlarmNeedAlign : charging
V/AlarmManager(  779): isAlarmNeedAlign : charging
V/AlarmManager(  779): isAlarmNeedAlign : charging
V/AlarmManager(  779): isAlarmNeedAlign : charging
V/AlarmManager(  779): isAlarmNeedAlign : charging
V/AlarmManager(  779): isAlarmNeedAlign : charging
V/AlarmManager(  779): isAlarmNeedAlign : charging
V/AlarmManager(  779): isAlarmNeedAlign : charging
V/AlarmManager(  779): isAlarmNeedAlign : charging
V/AlarmManager(  779): isAlarmNeedAlign : charging
V/AlarmManager(  779): isAlarmNeedAlign : charging
V/AlarmManager(  779): isAlarmNeedAlign : charging
V/AlarmManager(  779): isAlarmNeedAlign : charging
V/AlarmManager(  779): isAlarmNeedAlign : charging
V/AlarmManager(  779): isAlarmNeedAlign : charging
V/AlarmManager(  779): isAlarmNeedAlign : charging
V/AlarmManager(  779): isAlarmNeedAlign : charging
V/AlarmManager(  779): isAlarmNeedAlign : charging
V/AlarmManager(  779): isAlarmNeedAlign : charging
V/AlarmManager(  779): isAlarmNeedAlign : charging
V/AlarmManager(  779): isAlarmNeedAlign : charging
V/AlarmManager(  779): isAlarmNeedAlign : charging
V/AlarmManager(  779): isAlarmNeedAlign : charging
V/AlarmManager(  779): isAlarmNeedAlign : charging
V/AlarmManager(  779): isAlarmNeedAlign : charging
V/AlarmManager(  779): isAlarmNeedAlign : charging
V/AlarmManager(  779): isAlarmNeedAlign : charging
V/AlarmManager(  779): isAlarmNeedAlign : charging
V/AlarmManager(  779): isAlarmNeedAlign : charging
V/AlarmManager(  779): isAlarmNeedAlign : charging
V/AlarmManager(  779): isAlarmNeedAlign : charging
V/AlarmManager(  779): isAlarmNeedAlign : charging
V/AlarmManager(  779): isAlarmNeedAlign : charging
V/AlarmManager(  779): isAlarmNeedAlign : charging
V/AlarmManager(  779): isAlarmNeedAlign : charging
V/AlarmManager(  779): isAlarmNeedAlign : charging
V/AlarmManager(  779): isAlarmNeedAlign : charging
V/AlarmManager(  779): isAlarmNeedAlign : charging
V/AlarmManager(  779): isAlarmNeedAlign : charging
V/AlarmManager(  779): isAlarmNeedAlign : charging
V/AlarmManager(  779): isAlarmNeedAlign : charging
V/AlarmManager(  779): isAlarmNeedAlign : charging
V/AlarmManager(  779): isAlarmNeedAlign : charging
V/AlarmManager(  779): isAlarmNeedAlign : charging
V/AlarmManager(  779): isAlarmNeedAlign : charging
V/AlarmManager(  779): isAlarmNeedAlign : charging
V/AlarmManager(  779): isAlarmNeedAlign : charging
V/AlarmManager(  779): isAlarmNeedAlign : charging
V/AlarmManager(  779): isAlarmNeedAlign : charging
V/AlarmManager(  779): isAlarmNeedAlign : charging
V/AlarmManager(  779): isAlarmNeedAlign : charging
V/AlarmManager(  779): isAlarmNeedAlign : charging
V/AlarmManager(  779): isAlarmNeedAlign : charging
V/AlarmManager(  779): isAlarmNeedAlign : charging
V/AlarmManager(  779): isAlarmNeedAlign : charging
V/AlarmManager(  779): isAlarmNeedAlign : charging
D/AlarmManager(  779): set alarm to RTC 1213131778
D/AlarmManager(  779): rebatchAllAlarmsLocked end
W/AlarmManager(  779): operation package = com.sina.weibo CTS_Alarm = false
V/AlarmManager(  779): isAlarmNeedAlign : charging
D/AlarmManager(  779): remove(operation) changed bounds; rebatching
D/AlarmManager(  779): rebatchAllAlarmsLocked begin oldBatches count = 55
V/AlarmManager(  779): isAlarmNeedAlign : charging
V/AlarmManager(  779): isAlarmNeedAlign : charging
V/AlarmManager(  779): isAlarmNeedAlign : charging
V/AlarmManager(  779): isAlarmNeedAlign : charging
V/AlarmManager(  779): isAlarmNeedAlign : charging
V/AlarmManager(  779): isAlarmNeedAlign : charging
V/AlarmManager(  779): isAlarmNeedAlign : charging
V/AlarmManager(  779): isAlarmNeedAlign : charging
V/AlarmManager(  779): isAlarmNeedAlign : charging
V/AlarmManager(  779): isAlarmNeedAlign : charging
V/AlarmManager(  779): isAlarmNeedAlign : charging
V/AlarmManager(  779): isAlarmNeedAlign : charging
V/AlarmManager(  779): isAlarmNeedAlign : charging
V/AlarmManager(  779): isAlarmNeedAlign : charging
V/AlarmManager(  779): isAlarmNeedAlign : charging
V/AlarmManager(  779): isAlarmNeedAlign : charging
V/AlarmManager(  779): isAlarmNeedAlign : charging
V/AlarmManager(  779): isAlarmNeedAlign : charging
V/AlarmManager(  779): isAlarmNeedAlign : charging
V/AlarmManager(  779): isAlarmNeedAlign : charging
V/AlarmManager(  779): isAlarmNeedAlign : charging
V/AlarmManager(  779): isAlarmNeedAlign : charging
V/AlarmManager(  779): isAlarmNeedAlign : charging
V/AlarmManager(  779): isAlarmNeedAlign : charging
V/AlarmManager(  779): isAlarmNeedAlign : charging
V/AlarmManager(  779): isAlarmNeedAlign : charging
V/AlarmManager(  779): isAlarmNeedAlign : charging
V/AlarmManager(  779): isAlarmNeedAlign : charging
V/AlarmManager(  779): isAlarmNeedAlign : charging
V/AlarmManager(  779): isAlarmNeedAlign : charging
V/AlarmManager(  779): isAlarmNeedAlign : charging
V/AlarmManager(  779): isAlarmNeedAlign : charging
V/AlarmManager(  779): isAlarmNeedAlign : charging
V/AlarmManager(  779): isAlarmNeedAlign : charging
V/AlarmManager(  779): isAlarmNeedAlign : charging
V/AlarmManager(  779): isAlarmNeedAlign : charging
V/AlarmManager(  779): isAlarmNeedAlign : charging
V/AlarmManager(  779): isAlarmNeedAlign : charging
V/AlarmManager(  779): isAlarmNeedAlign : charging
V/AlarmManager(  779): isAlarmNeedAlign : charging
V/AlarmManager(  779): isAlarmNeedAlign : charging
V/AlarmManager(  779): isAlarmNeedAlign : charging
V/AlarmManager(  779): isAlarmNeedAlign : charging
V/AlarmManager(  779): isAlarmNeedAlign : charging
V/AlarmManager(  779): isAlarmNeedAlign : charging
V/AlarmManager(  779): isAlarmNeedAlign : charging
V/AlarmManager(  779): isAlarmNeedAlign : charging
V/AlarmManager(  779): isAlarmNeedAlign : charging
V/AlarmManager(  779): isAlarmNeedAlign : charging
V/AlarmManager(  779): isAlarmNeedAlign : charging
V/AlarmManager(  779): isAlarmNeedAlign : charging
V/AlarmManager(  779): isAlarmNeedAlign : charging
V/AlarmManager(  779): isAlarmNeedAlign : charging
V/AlarmManager(  779): isAlarmNeedAlign : charging
V/AlarmManager(  779): isAlarmNeedAlign : charging
V/AlarmManager(  779): isAlarmNeedAlign : charging
V/AlarmManager(  779): isAlarmNeedAlign : charging
V/AlarmManager(  779): isAlarmNeedAlign : charging
V/AlarmManager(  779): isAlarmNeedAlign : charging
V/AlarmManager(  779): isAlarmNeedAlign : charging
V/AlarmManager(  779): isAlarmNeedAlign : charging
V/AlarmManager(  779): isAlarmNeedAlign : charging
V/AlarmManager(  779): isAlarmNeedAlign : charging
V/AlarmManager(  779): isAlarmNeedAlign : charging
V/AlarmManager(  779): isAlarmNeedAlign : charging
V/AlarmManager(  779): isAlarmNeedAlign : charging
V/AlarmManager(  779): isAlarmNeedAlign : charging
V/AlarmManager(  779): isAlarmNeedAlign : charging
V/AlarmManager(  779): isAlarmNeedAlign : charging
V/AlarmManager(  779): isAlarmNeedAlign : charging
V/AlarmManager(  779): isAlarmNeedAlign : charging
V/AlarmManager(  779): isAlarmNeedAlign : charging
V/AlarmManager(  779): isAlarmNeedAlign : charging
V/AlarmManager(  779): isAlarmNeedAlign : charging
V/AlarmManager(  779): isAlarmNeedAlign : charging
V/AlarmManager(  779): isAlarmNeedAlign : charging
V/AlarmManager(  779): isAlarmNeedAlign : charging
V/AlarmManager(  779): isAlarmNeedAlign : charging
V/AlarmManager(  779): isAlarmNeedAlign : charging
V/AlarmManager(  779): isAlarmNeedAlign : charging
V/AlarmManager(  779): isAlarmNeedAlign : charging
V/AlarmManager(  779): isAlarmNeedAlign : charging
V/AlarmManager(  779): isAlarmNeedAlign : charging
V/AlarmManager(  779): isAlarmNeedAlign : charging
D/AlarmManager(  779): rebatchAllAlarmsLocked end
D/ActivityThread( 9491): BDC-Calling finishReceiver: IIntentReceiver=36051bc2
D/SocketClient(  274): SocketClient sendData done: 
D/FrameworkListener(  274): dispatchCommand data = (getaddrinfo us.sinaimg.cn ^ 1024 0 1 0 0)
D/SocketClient(  274): SocketClient sendData done: 222
D/SocketClient(  274): SocketClient sendData done: 
D/SocketClient(  274): SocketClient sendData done: 
D/SocketClient(  274): SocketClient sendData done: 
D/SocketClient(  274): SocketClient sendData done: 
D/SocketClient(  274): SocketClient sendData done: 
D/SocketClient(  274): SocketClient sendData done: 
D/SocketClient(  274): SocketClient sendData done: 
D/SocketClient(  274): SocketClient sendData done: 
D/SocketClient(  274): SocketClient sendData done: 
D/SocketClient(  274): SocketClient sendData done: 
D/SocketClient(  274): SocketClient sendData done: 
D/SocketClient(  274): SocketClient sendData done: 
D/PowerManagerService(  779): MTK-----com.youyouza.pedmeter
D/PowerManagerService(  779): MTK-----in the PedometerService
D/PowerManagerService(  779): MTK-----android
D/PowerManagerService(  779): MTK-----ActivityManager-Launch
D/PowerManagerService(  779): MTK-----com.kdanmobile.android.pdfreader.google.pad
D/PowerManagerService(  779): MTK-----wake:com.kdanmobile.android.pdfreader.google.pad/com.google.firebase.iid.FirebaseInstanceIdService
D/PowerManagerService(  779): MTK-----com.kdanmobile.android.pdfreader.google.pad
D/PowerManagerService(  779): MTK-----wake:com.kdanmobile.android.pdfreader.google.pad/com.google.firebase.iid.FirebaseInstanceIdService
D/PowerManagerService(  779): MTK-----com.android.phone
D/PowerManagerService(  779): MTK-----RILJ
D/PowerManagerService(  779): wakelock list dump: mLocks.size=5:
D/PowerManagerService(  779): No.0: PARTIAL_WAKE_LOCK 'in the PedometerService'activated(flags=1, uid=10215, pid=910) total=416301ms)
D/PowerManagerService(  779): No.1: PARTIAL_WAKE_LOCK 'ActivityManager-Launch'activated(flags=1, uid=1000, pid=779) total=5067ms)
D/PowerManagerService(  779): No.2: PARTIAL_WAKE_LOCK 'wake:com.kdanmobile.android.pdfreader.google.pad/com.google.firebase.iid.FirebaseInstanceIdService'activated(flags=1, uid=10029, pid=9637) total=3256ms)
D/PowerManagerService(  779): No.3: PARTIAL_WAKE_LOCK 'wake:com.kdanmobile.android.pdfreader.google.pad/com.google.firebase.iid.FirebaseInstanceIdService'activated(flags=1, uid=10029, pid=9637) total=3112ms)
D/PowerManagerService(  779): No.4: PARTIAL_WAKE_LOCK 'RILJ'activated(flags=1, uid=1001, pid=2043) total=0ms)
D/WifiDisplayAdapter(  779): getWifiDisplayStatusLocked: result=WifiDisplayStatus{featureState=2, scanState=0, activeDisplayState=0, activeDisplay=null, displays=[], sessionInfo=WifiDisplaySessionInfo: C/O:Client,GId:,Pp:,SId:0,IP:}
D/PowerManagerService(  779): isWfdEnabled() mWfdStatus=WifiDisplayStatus{featureState=2, scanState=0, activeDisplayState=0, activeDisplay=null, displays=[], sessionInfo=WifiDisplaySessionInfo: C/O:Client,GId:,Pp:,SId:0,IP:}, return false
D/DisplayPowerController(  779): requestPowerState: policy=BRIGHT, useProximitySensor=false, screenBrightness=132, screenAutoBrightnessAdjustment=0.0, useAutoBrightness=false, blockScreenOn=false, lowPowerMode=false, dozeScreenBrightness=-1, dozeScreenState=UNKNOWN, waitForNegativeProximity=false
D/PowerManagerNotifier(  779): onWakeLockAcquired: flags=1, tag="RILJ", packageName=com.android.phone, ownerUid=1001, ownerPid=2043, workSource=null
D/PowerManagerService(  779): MTK-----com.youyouza.pedmeter
D/PowerManagerService(  779): MTK-----in the PedometerService
D/PowerManagerService(  779): MTK-----android
D/PowerManagerService(  779): MTK-----ActivityManager-Launch
D/PowerManagerService(  779): MTK-----com.kdanmobile.android.pdfreader.google.pad
D/PowerManagerService(  779): MTK-----wake:com.kdanmobile.android.pdfreader.google.pad/com.google.firebase.iid.FirebaseInstanceIdService
D/PowerManagerService(  779): MTK-----com.kdanmobile.android.pdfreader.google.pad
D/PowerManagerService(  779): MTK-----wake:com.kdanmobile.android.pdfreader.google.pad/com.google.firebase.iid.FirebaseInstanceIdService
D/PowerManagerService(  779): MTK-----com.android.phone
D/PowerManagerService(  779): MTK-----RILJ
D/PowerManagerService(  779): MTK-----media
D/PowerManagerService(  779): MTK-----AudioMix
D/PowerManagerService(  779): wakelock list dump: mLocks.size=6:
D/PowerManagerService(  779): No.0: PARTIAL_WAKE_LOCK 'in the PedometerService'activated(flags=1, uid=10215, pid=910) total=416307ms)
D/PowerManagerService(  779): No.1: PARTIAL_WAKE_LOCK 'ActivityManager-Launch'activated(flags=1, uid=1000, pid=779) total=5073ms)
D/PowerManagerService(  779): No.2: PARTIAL_WAKE_LOCK 'wake:com.kdanmobile.android.pdfreader.google.pad/com.google.firebase.iid.FirebaseInstanceIdService'activated(flags=1, uid=10029, pid=9637) total=3262ms)
D/PowerManagerService(  779): No.3: PARTIAL_WAKE_LOCK 'wake:com.kdanmobile.android.pdfreader.google.pad/com.google.firebase.iid.FirebaseInstanceIdService'activated(flags=1, uid=10029, pid=9637) total=3118ms)
D/PowerManagerService(  779): No.4: PARTIAL_WAKE_LOCK 'RILJ'activated(flags=1, uid=1001, pid=2043) total=6ms)
D/PowerManagerService(  779): No.5: PARTIAL_WAKE_LOCK 'AudioMix'activated(flags=1, uid=1013, pid=278) total=0ms)
D/WifiDisplayAdapter(  779): getWifiDisplayStatusLocked: result=WifiDisplayStatus{featureState=2, scanState=0, activeDisplayState=0, activeDisplay=null, displays=[], sessionInfo=WifiDisplaySessionInfo: C/O:Client,GId:,Pp:,SId:0,IP:}
D/PowerManagerService(  779): isWfdEnabled() mWfdStatus=WifiDisplayStatus{featureState=2, scanState=0, activeDisplayState=0, activeDisplay=null, displays=[], sessionInfo=WifiDisplaySessionInfo: C/O:Client,GId:,Pp:,SId:0,IP:}, return false
D/DisplayPowerController(  779): requestPowerState: policy=BRIGHT, useProximitySensor=false, screenBrightness=132, screenAutoBrightnessAdjustment=0.0, useAutoBrightness=false, blockScreenOn=false, lowPowerMode=false, dozeScreenBrightness=-1, dozeScreenState=UNKNOWN, waitForNegativeProximity=false
D/PowerManagerNotifier(  779): onWakeLockAcquired: flags=1, tag="AudioMix", packageName=media, ownerUid=1013, ownerPid=278, workSource=null
D/PowerManagerNotifier(  779): onWakeLockReleased: flags=1, tag="RILJ", packageName=com.android.phone, ownerUid=1001, ownerPid=2043, workSource=null
D/PowerManagerService(  779): MTK-----com.youyouza.pedmeter
D/PowerManagerService(  779): MTK-----in the PedometerService
D/PowerManagerService(  779): MTK-----android
D/PowerManagerService(  779): MTK-----ActivityManager-Launch
D/PowerManagerService(  779): MTK-----com.kdanmobile.android.pdfreader.google.pad
D/PowerManagerService(  779): MTK-----wake:com.kdanmobile.android.pdfreader.google.pad/com.google.firebase.iid.FirebaseInstanceIdService
D/PowerManagerService(  779): MTK-----com.kdanmobile.android.pdfreader.google.pad
D/PowerManagerService(  779): MTK-----wake:com.kdanmobile.android.pdfreader.google.pad/com.google.firebase.iid.FirebaseInstanceIdService
D/PowerManagerService(  779): MTK-----media
D/PowerManagerService(  779): MTK-----AudioMix
D/PowerManagerService(  779): wakelock list dump: mLocks.size=5:
D/PowerManagerService(  779): No.0: PARTIAL_WAKE_LOCK 'in the PedometerService'activated(flags=1, uid=10215, pid=910) total=416313ms)
D/PowerManagerService(  779): No.1: PARTIAL_WAKE_LOCK 'ActivityManager-Launch'activated(flags=1, uid=1000, pid=779) total=5079ms)
D/PowerManagerService(  779): No.2: PARTIAL_WAKE_LOCK 'wake:com.kdanmobile.android.pdfreader.google.pad/com.google.firebase.iid.FirebaseInstanceIdService'activated(flags=1, uid=10029, pid=9637) total=3268ms)
D/PowerManagerService(  779): No.3: PARTIAL_WAKE_LOCK 'wake:com.kdanmobile.android.pdfreader.google.pad/com.google.firebase.iid.FirebaseInstanceIdService'activated(flags=1, uid=10029, pid=9637) total=3124ms)
D/PowerManagerService(  779): No.4: PARTIAL_WAKE_LOCK 'AudioMix'activated(flags=1, uid=1013, pid=278) total=6ms)
D/WifiDisplayAdapter(  779): getWifiDisplayStatusLocked: result=WifiDisplayStatus{featureState=2, scanState=0, activeDisplayState=0, activeDisplay=null, displays=[], sessionInfo=WifiDisplaySessionInfo: C/O:Client,GId:,Pp:,SId:0,IP:}
D/PowerManagerService(  779): isWfdEnabled() mWfdStatus=WifiDisplayStatus{featureState=2, scanState=0, activeDisplayState=0, activeDisplay=null, displays=[], sessionInfo=WifiDisplaySessionInfo: C/O:Client,GId:,Pp:,SId:0,IP:}, return false
D/DisplayPowerController(  779): requestPowerState: policy=BRIGHT, useProximitySensor=false, screenBrightness=132, screenAutoBrightnessAdjustment=0.0, useAutoBrightness=false, blockScreenOn=false, lowPowerMode=false, dozeScreenBrightness=-1, dozeScreenState=UNKNOWN, waitForNegativeProximity=false
D/PowerManagerService(  779): MTK-----com.youyouza.pedmeter
D/PowerManagerService(  779): MTK-----in the PedometerService
D/PowerManagerService(  779): MTK-----android
D/PowerManagerService(  779): MTK-----ActivityManager-Launch
D/PowerManagerService(  779): MTK-----com.kdanmobile.android.pdfreader.google.pad
D/PowerManagerService(  779): MTK-----wake:com.kdanmobile.android.pdfreader.google.pad/com.google.firebase.iid.FirebaseInstanceIdService
D/PowerManagerService(  779): MTK-----com.kdanmobile.android.pdfreader.google.pad
D/PowerManagerService(  779): MTK-----wake:com.kdanmobile.android.pdfreader.google.pad/com.google.firebase.iid.FirebaseInstanceIdService
D/PowerManagerService(  779): MTK-----media
D/PowerManagerService(  779): MTK-----AudioMix
D/PowerManagerService(  779): MTK-----com.android.phone
D/PowerManagerService(  779): MTK-----RILJ
D/PowerManagerService(  779): wakelock list dump: mLocks.size=6:
D/PowerManagerService(  779): No.0: PARTIAL_WAKE_LOCK 'in the PedometerService'activated(flags=1, uid=10215, pid=910) total=416315ms)
D/PowerManagerService(  779): No.1: PARTIAL_WAKE_LOCK 'ActivityManager-Launch'activated(flags=1, uid=1000, pid=779) total=5081ms)
D/PowerManagerService(  779): No.2: PARTIAL_WAKE_LOCK 'wake:com.kdanmobile.android.pdfreader.google.pad/com.google.firebase.iid.FirebaseInstanceIdService'activated(flags=1, uid=10029, pid=9637) total=3270ms)
D/PowerManagerService(  779): No.3: PARTIAL_WAKE_LOCK 'wake:com.kdanmobile.android.pdfreader.google.pad/com.google.firebase.iid.FirebaseInstanceIdService'activated(flags=1, uid=10029, pid=9637) total=3126ms)
D/PowerManagerService(  779): No.4: PARTIAL_WAKE_LOCK 'AudioMix'activated(flags=1, uid=1013, pid=278) total=8ms)
D/PowerManagerService(  779): No.5: PARTIAL_WAKE_LOCK 'RILJ'activated(flags=1, uid=1001, pid=2043) total=1ms)
D/WifiDisplayAdapter(  779): getWifiDisplayStatusLocked: result=WifiDisplayStatus{featureState=2, scanState=0, activeDisplayState=0, activeDisplay=null, displays=[], sessionInfo=WifiDisplaySessionInfo: C/O:Client,GId:,Pp:,SId:0,IP:}
D/PowerManagerService(  779): isWfdEnabled() mWfdStatus=WifiDisplayStatus{featureState=2, scanState=0, activeDisplayState=0, activeDisplay=null, displays=[], sessionInfo=WifiDisplaySessionInfo: C/O:Client,GId:,Pp:,SId:0,IP:}, return false
D/DisplayPowerController(  779): requestPowerState: policy=BRIGHT, useProximitySensor=false, screenBrightness=132, screenAutoBrightnessAdjustment=0.0, useAutoBrightness=false, blockScreenOn=false, lowPowerMode=false, dozeScreenBrightness=-1, dozeScreenState=UNKNOWN, waitForNegativeProximity=false
D/PowerManagerNotifier(  779): onWakeLockAcquired: flags=1, tag="RILJ", packageName=com.android.phone, ownerUid=1001, ownerPid=2043, workSource=null
D/PowerManagerNotifier(  779): onWakeLockReleased: flags=1, tag="RILJ", packageName=com.android.phone, ownerUid=1001, ownerPid=2043, workSource=null
D/PowerManagerService(  779): MTK-----com.youyouza.pedmeter
D/PowerManagerService(  779): MTK-----in the PedometerService
D/PowerManagerService(  779): MTK-----android
D/PowerManagerService(  779): MTK-----ActivityManager-Launch
D/PowerManagerService(  779): MTK-----com.kdanmobile.android.pdfreader.google.pad
D/PowerManagerService(  779): MTK-----wake:com.kdanmobile.android.pdfreader.google.pad/com.google.firebase.iid.FirebaseInstanceIdService
D/PowerManagerService(  779): MTK-----com.kdanmobile.android.pdfreader.google.pad
D/PowerManagerService(  779): MTK-----wake:com.kdanmobile.android.pdfreader.google.pad/com.google.firebase.iid.FirebaseInstanceIdService
D/PowerManagerService(  779): MTK-----media
D/PowerManagerService(  779): MTK-----AudioMix
D/PowerManagerService(  779): wakelock list dump: mLocks.size=5:
D/PowerManagerService(  779): No.0: PARTIAL_WAKE_LOCK 'in the PedometerService'activated(flags=1, uid=10215, pid=910) total=416318ms)
D/PowerManagerService(  779): No.1: PARTIAL_WAKE_LOCK 'ActivityManager-Launch'activated(flags=1, uid=1000, pid=779) total=5084ms)
D/PowerManagerService(  779): No.2: PARTIAL_WAKE_LOCK 'wake:com.kdanmobile.android.pdfreader.google.pad/com.google.firebase.iid.FirebaseInstanceIdService'activated(flags=1, uid=10029, pid=9637) total=3273ms)
D/PowerManagerService(  779): No.3: PARTIAL_WAKE_LOCK 'wake:com.kdanmobile.android.pdfreader.google.pad/com.google.firebase.iid.FirebaseInstanceIdService'activated(flags=1, uid=10029, pid=9637) total=3129ms)
D/PowerManagerService(  779): No.4: PARTIAL_WAKE_LOCK 'AudioMix'activated(flags=1, uid=1013, pid=278) total=11ms)
D/WifiDisplayAdapter(  779): getWifiDisplayStatusLocked: result=WifiDisplayStatus{featureState=2, scanState=0, activeDisplayState=0, activeDisplay=null, displays=[], sessionInfo=WifiDisplaySessionInfo: C/O:Client,GId:,Pp:,SId:0,IP:}
D/PowerManagerService(  779): isWfdEnabled() mWfdStatus=WifiDisplayStatus{featureState=2, scanState=0, activeDisplayState=0, activeDisplay=null, displays=[], sessionInfo=WifiDisplaySessionInfo: C/O:Client,GId:,Pp:,SId:0,IP:}, return false
D/DisplayPowerController(  779): requestPowerState: policy=BRIGHT, useProximitySensor=false, screenBrightness=132, screenAutoBrightnessAdjustment=0.0, useAutoBrightness=false, blockScreenOn=false, lowPowerMode=false, dozeScreenBrightness=-1, dozeScreenState=UNKNOWN, waitForNegativeProximity=false
D/PowerManagerService(  779): MTK-----com.youyouza.pedmeter
D/PowerManagerService(  779): MTK-----in the PedometerService
D/PowerManagerService(  779): MTK-----android
D/PowerManagerService(  779): MTK-----ActivityManager-Launch
D/PowerManagerService(  779): MTK-----com.kdanmobile.android.pdfreader.google.pad
D/PowerManagerService(  779): MTK-----wake:com.kdanmobile.android.pdfreader.google.pad/com.google.firebase.iid.FirebaseInstanceIdService
D/PowerManagerService(  779): MTK-----com.kdanmobile.android.pdfreader.google.pad
D/PowerManagerService(  779): MTK-----wake:com.kdanmobile.android.pdfreader.google.pad/com.google.firebase.iid.FirebaseInstanceIdService
D/PowerManagerService(  779): MTK-----media
D/PowerManagerService(  779): MTK-----AudioMix
D/PowerManagerService(  779): MTK-----android
D/PowerManagerService(  779): MTK-----WindowManager
D/PowerManagerService(  779): wakelock list dump: mLocks.size=6:
D/PowerManagerService(  779): No.0: PARTIAL_WAKE_LOCK 'in the PedometerService'activated(flags=1, uid=10215, pid=910) total=416338ms)
D/PowerManagerService(  779): No.1: PARTIAL_WAKE_LOCK 'ActivityManager-Launch'activated(flags=1, uid=1000, pid=779) total=5104ms)
D/PowerManagerService(  779): No.2: PARTIAL_WAKE_LOCK 'wake:com.kdanmobile.android.pdfreader.google.pad/com.google.firebase.iid.FirebaseInstanceIdService'activated(flags=1, uid=10029, pid=9637) total=3293ms)
D/PowerManagerService(  779): No.3: PARTIAL_WAKE_LOCK 'wake:com.kdanmobile.android.pdfreader.google.pad/com.google.firebase.iid.FirebaseInstanceIdService'activated(flags=1, uid=10029, pid=9637) total=3149ms)
D/PowerManagerService(  779): No.4: PARTIAL_WAKE_LOCK 'AudioMix'activated(flags=1, uid=1013, pid=278) total=32ms)
D/PowerManagerService(  779): No.5: SCREEN_BRIGHT_WAKE_LOCK 'WindowManager'activated(flags=536870922, uid=1000, pid=779) total=1ms)
D/WifiDisplayAdapter(  779): getWifiDisplayStatusLocked: result=WifiDisplayStatus{featureState=2, scanState=0, activeDisplayState=0, activeDisplay=null, displays=[], sessionInfo=WifiDisplaySessionInfo: C/O:Client,GId:,Pp:,SId:0,IP:}
D/PowerManagerService(  779): isWfdEnabled() mWfdStatus=WifiDisplayStatus{featureState=2, scanState=0, activeDisplayState=0, activeDisplay=null, displays=[], sessionInfo=WifiDisplaySessionInfo: C/O:Client,GId:,Pp:,SId:0,IP:}, return false
D/DisplayPowerController(  779): requestPowerState: policy=BRIGHT, useProximitySensor=false, screenBrightness=132, screenAutoBrightnessAdjustment=0.0, useAutoBrightness=false, blockScreenOn=false, lowPowerMode=false, dozeScreenBrightness=-1, dozeScreenState=UNKNOWN, waitForNegativeProximity=false
D/PowerManagerNotifier(  779): onWakeLockAcquired: flags=536870922, tag="WindowManager", packageName=android, ownerUid=1000, ownerPid=779, workSource=WorkSource{10203}
D/ActivityThread( 9491): BDC-Calling onReceive: intent=Intent { act=com.sina.weibo.action.BACK_TO_FORGROUND flg=0x10 pkg=com.sina.weibo cmp=com.sina.weibo/.bundlemanager.WBBroadcastDeliver (has extras) }, receiver=com.sina.weibo.bundlemanager.WBBroadcastDeliver@b2701b3
D/ActivityThread( 9491): SVC-Creating service: CreateServiceData{token=android.os.BinderProxy@3b713e1b className=com.sina.weibo.healthkit.source.HealthUploadService packageName=com.sina.weibo intent=null}
D/ActivityThread( 9491): BDC-Calling onReceive: intent=Intent { act=com.sina.push.msg.broadcast.1004 flg=0x10 pkg=com.sina.weibo cmp=com.sina.weibo/.push.SDKMsgReceiver (has extras) }, receiver=com.sina.weibo.push.SDKMsgReceiver@2799e40b
V/ActivityManager(  779): Broadcast: Intent { act=com.sina.weibo.action.NEW_PUSH_WESYNC_MSG_COMING flg=0x10 pkg=com.sina.weibo (has extras) } ordered=false userid=0 callerApp=ProcessRecord{7f0a8b0 9491:com.sina.weibo/u0a203}
D/ActivityThread( 9491): SVC-Destroying service: com.sina.weibo.healthkit.source.HealthUploadService@17c0cd91
D/ActivityThread( 9491): BDC-Calling onReceive: intent=Intent { act=com.sina.push.msg.broadcast.1004 flg=0x10 pkg=com.sina.weibo cmp=com.sina.weibo/.push.SDKMsgReceiver (has extras) }, receiver=com.sina.weibo.push.SDKMsgReceiver@a1f3d01
D/ActivityThread( 1969): BDC-Calling onReceive: intent=Intent { act=android.intent.action.SERVICE_STATE flg=0x10 cmp=com.xiaomi.finddevice/.v2.receiver.TelephonyServiceStateChangeReceiver (has extras) }, receiver=com.xiaomi.finddevice.v2.receiver.TelephonyServiceStateChangeReceiver@2bce77af
D/ActivityThread(  910): BDC-Calling finishReceiver: IIntentReceiver=2384fef1
D/ActivityThread(  910): BDC-Calling finishReceiver: IIntentReceiver=2384fef1
D/SocketClient(  274): SocketClient sendData done: 601 limit alert globalAlert wlan0
D/NetworkManagementService(  779): onEvent:601 limit alert globalAlert wlan0:5
D/PowerManagerService(  779): MTK-----com.youyouza.pedmeter
D/PowerManagerService(  779): MTK-----in the PedometerService
D/PowerManagerService(  779): MTK-----android
D/PowerManagerService(  779): MTK-----ActivityManager-Launch
D/PowerManagerService(  779): MTK-----com.kdanmobile.android.pdfreader.google.pad
D/PowerManagerService(  779): MTK-----wake:com.kdanmobile.android.pdfreader.google.pad/com.google.firebase.iid.FirebaseInstanceIdService
D/PowerManagerService(  779): MTK-----com.kdanmobile.android.pdfreader.google.pad
D/PowerManagerService(  779): MTK-----wake:com.kdanmobile.android.pdfreader.google.pad/com.google.firebase.iid.FirebaseInstanceIdService
D/PowerManagerService(  779): MTK-----media
D/PowerManagerService(  779): MTK-----AudioMix
D/PowerManagerService(  779): MTK-----android
D/PowerManagerService(  779): MTK-----WindowManager
D/PowerManagerService(  779): MTK-----android
D/PowerManagerService(  779): MTK-----NetworkStats
D/PowerManagerService(  779): wakelock list dump: mLocks.size=7:
D/PowerManagerService(  779): No.0: PARTIAL_WAKE_LOCK 'in the PedometerService'activated(flags=1, uid=10215, pid=910) total=416582ms)
D/PowerManagerService(  779): No.1: PARTIAL_WAKE_LOCK 'ActivityManager-Launch'activated(flags=1, uid=1000, pid=779) total=5348ms)
D/PowerManagerService(  779): No.2: PARTIAL_WAKE_LOCK 'wake:com.kdanmobile.android.pdfreader.google.pad/com.google.firebase.iid.FirebaseInstanceIdService'activated(flags=1, uid=10029, pid=9637) total=3537ms)
D/PowerManagerService(  779): No.3: PARTIAL_WAKE_LOCK 'wake:com.kdanmobile.android.pdfreader.google.pad/com.google.firebase.iid.FirebaseInstanceIdService'activated(flags=1, uid=10029, pid=9637) total=3393ms)
D/PowerManagerService(  779): No.4: PARTIAL_WAKE_LOCK 'AudioMix'activated(flags=1, uid=1013, pid=278) total=275ms)
D/PowerManagerService(  779): No.5: SCREEN_BRIGHT_WAKE_LOCK 'WindowManager'activated(flags=536870922, uid=1000, pid=779) total=244ms)
D/PowerManagerService(  779): No.6: PARTIAL_WAKE_LOCK 'NetworkStats'activated(flags=1, uid=1000, pid=779) total=0ms)
D/WifiDisplayAdapter(  779): getWifiDisplayStatusLocked: result=WifiDisplayStatus{featureState=2, scanState=0, activeDisplayState=0, activeDisplay=null, displays=[], sessionInfo=WifiDisplaySessionInfo: C/O:Client,GId:,Pp:,SId:0,IP:}
D/PowerManagerService(  779): isWfdEnabled() mWfdStatus=WifiDisplayStatus{featureState=2, scanState=0, activeDisplayState=0, activeDisplay=null, displays=[], sessionInfo=WifiDisplaySessionInfo: C/O:Client,GId:,Pp:,SId:0,IP:}, return false
D/DisplayPowerController(  779): requestPowerState: policy=BRIGHT, useProximitySensor=false, screenBrightness=132, screenAutoBrightnessAdjustment=0.0, useAutoBrightness=false, blockScreenOn=false, lowPowerMode=false, dozeScreenBrightness=-1, dozeScreenState=UNKNOWN, waitForNegativeProximity=false
D/PowerManagerNotifier(  779): onWakeLockAcquired: flags=1, tag="NetworkStats", packageName=android, ownerUid=1000, ownerPid=779, workSource=null
V/NetworkStats(  779): performPollLocked(flags=0x1)
I/ActivityManager(  779): Start proc com.miui.virtualsim for broadcast com.miui.virtualsim/.receiver.WifiReceiver: pid=9912 uid=1001 gids={41001, 9997, 3002, 3001, 3003, 1028, 1015, 1007, 1004, 2002, 1023, 3006} abi=arm64-v8a
V/ActivityManager(  779): Broadcast: Intent { act=com.youyouza.updateUI.pedemeter flg=0x10 (has extras) } ordered=true userid=0 callerApp=ProcessRecord{20e92d1a 910:com.youyouza.pedmeter/u0a215}
V/ActivityManager(  779): Broadcast: Intent { act=com.sina.push.action.receivegdid flg=0x10 pkg=com.sina.weibo (has extras) } ordered=false userid=0 callerApp=ProcessRecord{7f0a8b0 9491:com.sina.weibo/u0a203}
D/PowerManagerNotifier(  779): onWakeLockReleased: flags=1, tag="ActivityManager-Launch", packageName=android, ownerUid=1000, ownerPid=779, workSource=null
D/PowerManagerService(  779): MTK-----com.youyouza.pedmeter
D/PowerManagerService(  779): MTK-----in the PedometerService
D/PowerManagerService(  779): MTK-----com.kdanmobile.android.pdfreader.google.pad
D/PowerManagerService(  779): MTK-----wake:com.kdanmobile.android.pdfreader.google.pad/com.google.firebase.iid.FirebaseInstanceIdService
D/PowerManagerService(  779): MTK-----com.kdanmobile.android.pdfreader.google.pad
D/PowerManagerService(  779): MTK-----wake:com.kdanmobile.android.pdfreader.google.pad/com.google.firebase.iid.FirebaseInstanceIdService
D/PowerManagerService(  779): MTK-----media
D/PowerManagerService(  779): MTK-----AudioMix
D/PowerManagerService(  779): MTK-----android
D/PowerManagerService(  779): MTK-----WindowManager
D/PowerManagerService(  779): MTK-----android
D/PowerManagerService(  779): MTK-----NetworkStats
D/PowerManagerService(  779): wakelock list dump: mLocks.size=6:
D/PowerManagerService(  779): No.0: PARTIAL_WAKE_LOCK 'in the PedometerService'activated(flags=1, uid=10215, pid=910) total=416627ms)
D/PowerManagerService(  779): No.1: PARTIAL_WAKE_LOCK 'wake:com.kdanmobile.android.pdfreader.google.pad/com.google.firebase.iid.FirebaseInstanceIdService'activated(flags=1, uid=10029, pid=9637) total=3582ms)
D/PowerManagerService(  779): No.2: PARTIAL_WAKE_LOCK 'wake:com.kdanmobile.android.pdfreader.google.pad/com.google.firebase.iid.FirebaseInstanceIdService'activated(flags=1, uid=10029, pid=9637) total=3439ms)
D/PowerManagerService(  779): No.3: PARTIAL_WAKE_LOCK 'AudioMix'activated(flags=1, uid=1013, pid=278) total=321ms)
D/PowerManagerService(  779): No.4: SCREEN_BRIGHT_WAKE_LOCK 'WindowManager'activated(flags=536870922, uid=1000, pid=779) total=290ms)
D/PowerManagerService(  779): No.5: PARTIAL_WAKE_LOCK 'NetworkStats'activated(flags=1, uid=1000, pid=779) total=46ms)
D/WifiDisplayAdapter(  779): getWifiDisplayStatusLocked: result=WifiDisplayStatus{featureState=2, scanState=0, activeDisplayState=0, activeDisplay=null, displays=[], sessionInfo=WifiDisplaySessionInfo: C/O:Client,GId:,Pp:,SId:0,IP:}
D/PowerManagerService(  779): isWfdEnabled() mWfdStatus=WifiDisplayStatus{featureState=2, scanState=0, activeDisplayState=0, activeDisplay=null, displays=[], sessionInfo=WifiDisplaySessionInfo: C/O:Client,GId:,Pp:,SId:0,IP:}, return false
D/DisplayPowerController(  779): requestPowerState: policy=BRIGHT, useProximitySensor=false, screenBrightness=132, screenAutoBrightnessAdjustment=0.0, useAutoBrightness=false, blockScreenOn=false, lowPowerMode=false, dozeScreenBrightness=-1, dozeScreenState=UNKNOWN, waitForNegativeProximity=false
D/NetdConnector(  779): SND -> {22100 bandwidth gettetherstats}
D/FrameworkListener(  274): dispatchCommand data = (22100 bandwidth gettetherstats)
D/SocketClient(  274): SocketClient sendData done: 200 22100 Tethering stats list completed
D/NetdConnector(  779): RMV <- {200 22100 Tethering stats list completed}
D/SocketClient(  274): SocketClient sendData done: 
W/NetworkStatsRecorder(  779): unknown interfaces [ccmni0, ccmni1, usbnet0, lo, p2p0], ignoring those stats
W/NetworkStatsRecorder(  779): unknown interfaces [ccmni0, ccmni1, usbnet0, lo, p2p0], ignoring those stats
W/NetworkStatsRecorder(  779): unknown interfaces [ccmni0, ccmni1, lo, p2p0], ignoring those stats
W/NetworkStatsRecorder(  779): unknown interfaces [ccmni0, ccmni1, lo, p2p0], ignoring those stats
D/NetworkStatsRecorder(  779): forcePersistLocked() writing for dev
D/NetworkStatsRecorder(  779): forcePersistLocked() writing for xt
D/ActivityManager(  779): getContentProviderImpl: from caller=android.app.ApplicationThreadProxy@7d71ba7 (pid=9912, userId=0) to get content provider settings cpr=ContentProviderRecord{10e47ef4 u0 com.android.providers.settings/.SettingsProvider}
D/ActivityManager(  779): getContentProviderImpl: updateLruProcessLocked cpr.proc=ProcessRecord{2d221f8e 779:system/1000}
D/ActivityThread( 9912): hoder:android.app.IActivityManager$ContentProviderHolder@3aaae8ac,provider,holder.Provider:android.content.ContentProviderProxy@2eb1a975
V/SettingsProvider(  779): call(system:anr_debugging_mechanism) for 0
D/DisplayManagerService(  779): Display listener for pid 910 died.
D/PowerManagerNotifier(  779): onWakeLockReleased: flags=1, tag="in the PedometerService", packageName=com.youyouza.pedmeter, ownerUid=10215, ownerPid=910, workSource=null
I/WindowState(  779): WIN DEATH: Window{1ad071cb u0 com.youyouza.pedmeter/com.youyouza.pedmeter.MainActivity}
D/PowerManagerService(  779): MTK-----com.kdanmobile.android.pdfreader.google.pad
D/PowerManagerService(  779): MTK-----wake:com.kdanmobile.android.pdfreader.google.pad/com.google.firebase.iid.FirebaseInstanceIdService
D/PowerManagerService(  779): MTK-----com.kdanmobile.android.pdfreader.google.pad
D/PowerManagerService(  779): MTK-----wake:com.kdanmobile.android.pdfreader.google.pad/com.google.firebase.iid.FirebaseInstanceIdService
D/PowerManagerService(  779): MTK-----media
D/PowerManagerService(  779): MTK-----AudioMix
D/PowerManagerService(  779): MTK-----android
D/PowerManagerService(  779): MTK-----WindowManager
D/PowerManagerService(  779): MTK-----android
D/PowerManagerService(  779): MTK-----NetworkStats
D/PowerManagerService(  779): wakelock list dump: mLocks.size=5:
D/PowerManagerService(  779): No.0: PARTIAL_WAKE_LOCK 'wake:com.kdanmobile.android.pdfreader.google.pad/com.google.firebase.iid.FirebaseInstanceIdService'activated(flags=1, uid=10029, pid=9637) total=3815ms)
D/PowerManagerService(  779): No.1: PARTIAL_WAKE_LOCK 'wake:com.kdanmobile.android.pdfreader.google.pad/com.google.firebase.iid.FirebaseInstanceIdService'activated(flags=1, uid=10029, pid=9637) total=3671ms)
D/PowerManagerService(  779): No.2: PARTIAL_WAKE_LOCK 'AudioMix'activated(flags=1, uid=1013, pid=278) total=553ms)
D/PowerManagerService(  779): No.3: SCREEN_BRIGHT_WAKE_LOCK 'WindowManager'activated(flags=536870922, uid=1000, pid=779) total=522ms)
D/PowerManagerService(  779): No.4: PARTIAL_WAKE_LOCK 'NetworkStats'activated(flags=1, uid=1000, pid=779) total=278ms)
D/WifiDisplayAdapter(  779): getWifiDisplayStatusLocked: result=WifiDisplayStatus{featureState=2, scanState=0, activeDisplayState=0, activeDisplay=null, displays=[], sessionInfo=WifiDisplaySessionInfo: C/O:Client,GId:,Pp:,SId:0,IP:}
D/PowerManagerService(  779): isWfdEnabled() mWfdStatus=WifiDisplayStatus{featureState=2, scanState=0, activeDisplayState=0, activeDisplay=null, displays=[], sessionInfo=WifiDisplaySessionInfo: C/O:Client,GId:,Pp:,SId:0,IP:}, return false
D/DisplayPowerController(  779): requestPowerState: policy=BRIGHT, useProximitySensor=false, screenBrightness=132, screenAutoBrightnessAdjustment=0.0, useAutoBrightness=false, blockScreenOn=false, lowPowerMode=false, dozeScreenBrightness=-1, dozeScreenState=UNKNOWN, waitForNegativeProximity=false
D/FrameworkListener(  274): dispatchCommand data = (getaddrinfo api.weibo.cn ^ 1024 0 1 0 0)
D/SocketClient(  274): SocketClient sendData done: 222
D/SocketClient(  274): SocketClient sendData done: 
D/SocketClient(  274): SocketClient sendData done: 
D/SocketClient(  274): SocketClient sendData done: 
D/SocketClient(  274): SocketClient sendData done: 
D/SocketClient(  274): SocketClient sendData done: 
D/SocketClient(  274): SocketClient sendData done: 
D/SocketClient(  274): SocketClient sendData done: 
V/NetworkStats(  779): performPollLocked() took 288ms
I/ActivityManager(  779): Process com.youyouza.pedmeter (pid 910) has died
D/ActivityManager(  779): SVC-handleAppDiedLocked: app = ProcessRecord{20e92d1a 910:com.youyouza.pedmeter/u0a215}, app.pid = 910
D/ActivityManager(  779): cleanUpApplicationRecord -- 910
V/ActivityManager(  779): cleanUpApplicationRecordLocked:restart=false
D/ActivityManager(  779): SVC-mBroadcastQueues: com.android.server.am.BroadcastQueue@3de45b7e
D/ActivityManager(  779): SVC-mBroadcastQueues: com.android.server.am.BroadcastQueue@2f8f88df
V/ActivityManager(  779): Broadcast: Intent { act=com.android.server.action.NETWORK_STATS_UPDATED flg=0x40000010 } ordered=false userid=-1 callerApp=ProcessRecord{2d221f8e 779:system/1000}
D/PowerManagerNotifier(  779): onWakeLockReleased: flags=1, tag="NetworkStats", packageName=android, ownerUid=1000, ownerPid=779, workSource=null
D/PowerManagerService(  779): MTK-----com.kdanmobile.android.pdfreader.google.pad
D/PowerManagerService(  779): MTK-----wake:com.kdanmobile.android.pdfreader.google.pad/com.google.firebase.iid.FirebaseInstanceIdService
D/PowerManagerService(  779): MTK-----com.kdanmobile.android.pdfreader.google.pad
D/PowerManagerService(  779): MTK-----wake:com.kdanmobile.android.pdfreader.google.pad/com.google.firebase.iid.FirebaseInstanceIdService
D/PowerManagerService(  779): MTK-----media
D/PowerManagerService(  779): MTK-----AudioMix
D/PowerManagerService(  779): MTK-----android
D/PowerManagerService(  779): MTK-----WindowManager
D/PowerManagerService(  779): wakelock list dump: mLocks.size=4:
D/PowerManagerService(  779): No.0: PARTIAL_WAKE_LOCK 'wake:com.kdanmobile.android.pdfreader.google.pad/com.google.firebase.iid.FirebaseInstanceIdService'activated(flags=1, uid=10029, pid=9637) total=3845ms)
V/NetworkPolicy(  779): updateNetworkEnabledLocked()
D/PowerManagerService(  779): No.1: PARTIAL_WAKE_LOCK 'wake:com.kdanmobile.android.pdfreader.google.pad/com.google.firebase.iid.FirebaseInstanceIdService'activated(flags=1, uid=10029, pid=9637) total=3701ms)
D/PowerManagerService(  779): No.2: PARTIAL_WAKE_LOCK 'AudioMix'activated(flags=1, uid=1013, pid=278) total=583ms)
D/PowerManagerService(  779): No.3: SCREEN_BRIGHT_WAKE_LOCK 'WindowManager'activated(flags=536870922, uid=1000, pid=779) total=552ms)
D/WifiDisplayAdapter(  779): getWifiDisplayStatusLocked: result=WifiDisplayStatus{featureState=2, scanState=0, activeDisplayState=0, activeDisplay=null, displays=[], sessionInfo=WifiDisplaySessionInfo: C/O:Client,GId:,Pp:,SId:0,IP:}
D/PowerManagerService(  779): isWfdEnabled() mWfdStatus=WifiDisplayStatus{featureState=2, scanState=0, activeDisplayState=0, activeDisplay=null, displays=[], sessionInfo=WifiDisplaySessionInfo: C/O:Client,GId:,Pp:,SId:0,IP:}, return false
D/DisplayPowerController(  779): requestPowerState: policy=BRIGHT, useProximitySensor=false, screenBrightness=132, screenAutoBrightnessAdjustment=0.0, useAutoBrightness=false, blockScreenOn=false, lowPowerMode=false, dozeScreenBrightness=-1, dozeScreenState=UNKNOWN, waitForNegativeProximity=false
D/NetdConnector(  779): SND -> {22101 bandwidth setglobalalert 2097152}
D/FrameworkListener(  274): dispatchCommand data = (22101 bandwidth setglobalalert 2097152)
D/SocketClient(  274): SocketClient sendData done: 200 22101 Bandwidth command succeeeded
D/NetdConnector(  779): RMV <- {200 22101 Bandwidth command succeeeded}
V/NetworkPolicy(  779):  checking policy:NetworkPolicy[NetworkTemplate: matchRule=WIFI, networkId=""]: cycleDay=-1, cycleTimezone=UTC, warningBytes=-1, limitBytes=-1, lastWarningSnooze=-1, lastLimitSnooze=-1, metered=true, inferred=true
V/NetworkPolicy(  779):  checking policy:NetworkPolicy[NetworkTemplate: matchRule=WIFI, networkId=" ck"]: cycleDay=-1, cycleTimezone=UTC, warningBytes=-1, limitBytes=-1, lastWarningSnooze=-1, lastLimitSnooze=-1, metered=true, inferred=true
V/NetworkPolicy(  779):  checking policy:NetworkPolicy[NetworkTemplate: matchRule=WIFI, networkId=""]: cycleDay=-1, cycleTimezone=UTC, warningBytes=-1, limitBytes=-1, lastWarningSnooze=-1, lastLimitSnooze=-1, metered=true, inferred=true
V/NetworkPolicy(  779):  checking policy:NetworkPolicy[NetworkTemplate: matchRule=MOBILE_ALL]: cycleDay=10, cycleTimezone=Asia/Shanghai, warningBytes=10485760, limitBytes=-1, lastWarningSnooze=-1, lastLimitSnooze=-1, metered=true, inferred=true
V/NetworkPolicy(  779):  checking policy:NetworkPolicy[NetworkTemplate: matchRule=WIFI, networkId=""]: cycleDay=-1, cycleTimezone=UTC, warningBytes=-1, limitBytes=-1, lastWarningSnooze=-1, lastLimitSnooze=-1, metered=true, inferred=true
V/NetworkPolicy(  779):  checking policy:NetworkPolicy[NetworkTemplate: matchRule=MOBILE_ALL, subscriberId=460029...]: cycleDay=17, cycleTimezone=Asia/Shanghai, warningBytes=10485760, limitBytes=-1, lastWarningSnooze=-1, lastLimitSnooze=-1, metered=true, inferred=true
V/NetworkPolicy(  779): setPolicyDataEnableForSubscriber:subId(1),true
V/NetworkPolicy(  779):  checking policy:NetworkPolicy[NetworkTemplate: matchRule=WIFI, networkId=""]: cycleDay=-1, cycleTimezone=UTC, warningBytes=-1, limitBytes=-1, lastWarningSnooze=-1, lastLimitSnooze=-1, metered=true, inferred=true
V/NetworkPolicy(  779):  checking policy:NetworkPolicy[NetworkTemplate: matchRule=WIFI, networkId=" note 2"]: cycleDay=-1, cycleTimezone=UTC, warningBytes=-1, limitBytes=-1, lastWarningSnooze=-1, lastLimitSnooze=-1, metered=true, inferred=true
V/NetworkPolicy(  779):  checking policy:NetworkPolicy[NetworkTemplate: matchRule=WIFI, networkId="wbsld"]: cycleDay=-1, cycleTimezone=UTC, warningBytes=-1, limitBytes=-1, lastWarningSnooze=-1, lastLimitSnooze=-1, metered=true, inferred=true
V/NetworkPolicy(  779): updateNotificationsLocked()
D/FrameworkListener(  274): dispatchCommand data = (getaddrinfo tva4.sinaimg.cn ^ 1024 0 1 0 0)
D/SocketClient(  274): SocketClient sendData done: 222
D/SocketClient(  274): SocketClient sendData done: 
D/SocketClient(  274): SocketClient sendData done: 
D/SocketClient(  274): SocketClient sendData done: 
D/SocketClient(  274): SocketClient sendData done: 
D/SocketClient(  274): SocketClient sendData done: 
D/SocketClient(  274): SocketClient sendData done: 
V/ActivityManager(  779): Broadcast sticky: Intent { act=android.net.wifi.RSSI_CHANGED flg=0x4000010 (has extras) } ordered=false userid=-1 callerApp=ProcessRecord{2d221f8e 779:system/1000}
D/SocketClient(  274): SocketClient sendData done: 
W/ContextImpl( 1325): Calling a method in the system process without a qualified user: android.app.ContextImpl.sendBroadcast:1452 android.content.ContextWrapper.sendBroadcast:386 com.miui.networkassistant.service.tm.TrafficManageService.broadCastDataUsageUpdated:-1 com.miui.networkassistant.service.tm.TrafficManageService$8.onReceive:-1 android.app.LoadedApk$ReceiverDispatcher$Args.run:914 
V/ActivityManager(  779): Broadcast: Intent { act=com.android.action.NETWORK_POLICY_UPDATE flg=0x10 } ordered=false userid=0 callerApp=ProcessRecord{1613d9fb 1325:com.miui.networkassistant.deamon/1000}
D/FrameworkListener(  274): dispatchCommand data = (getaddrinfo wx1.sinaimg.cn ^ 1024 0 1 0 0)
D/SocketClient(  274): SocketClient sendData done: 222
D/SocketClient(  274): SocketClient sendData done: 
D/SocketClient(  274): SocketClient sendData done: 
D/SocketClient(  274): SocketClient sendData done: 
D/SocketClient(  274): SocketClient sendData done: 
D/SocketClient(  274): SocketClient sendData done: 
D/SocketClient(  274): SocketClient sendData done: 
D/SocketClient(  274): SocketClient sendData done: 
D/SocketClient(  274): SocketClient sendData done: 
D/SocketClient(  274): SocketClient sendData done: 
D/SocketClient(  274): SocketClient sendData done: 
D/SocketClient(  274): SocketClient sendData done: 
D/SocketClient(  274): SocketClient sendData done: 
D/FrameworkListener(  274): dispatchCommand data = (getaddrinfo wx3.sinaimg.cn ^ 1024 0 1 0 0)
D/FrameworkListener(  274): dispatchCommand data = (getaddrinfo wx3.sinaimg.cn ^ 1024 0 1 0 0)
D/SocketClient(  274): SocketClient sendData done: 222
D/SocketClient(  274): SocketClient sendData done: 222
D/SocketClient(  274): SocketClient sendData done: 
D/SocketClient(  274): SocketClient sendData done: 
D/SocketClient(  274): SocketClient sendData done: 
D/SocketClient(  274): SocketClient sendData done: 
D/SocketClient(  274): SocketClient sendData done: 
D/SocketClient(  274): SocketClient sendData done: 
D/SocketClient(  274): SocketClient sendData done: 
D/SocketClient(  274): SocketClient sendData done: 
D/SocketClient(  274): SocketClient sendData done: 
D/SocketClient(  274): SocketClient sendData done: 
D/SocketClient(  274): SocketClient sendData done: 
D/SocketClient(  274): SocketClient sendData done: 
D/SocketClient(  274): SocketClient sendData done: 
D/SocketClient(  274): SocketClient sendData done: 
D/SocketClient(  274): SocketClient sendData done: 
D/SocketClient(  274): SocketClient sendData done: 
D/SocketClient(  274): SocketClient sendData done: 
D/SocketClient(  274): SocketClient sendData done: 
D/SocketClient(  274): SocketClient sendData done: 
D/SocketClient(  274): SocketClient sendData done: 
D/SocketClient(  274): SocketClient sendData done: 
D/SocketClient(  274): SocketClient sendData done: 
D/SocketClient(  274): SocketClient sendData done: 
D/SocketClient(  274): SocketClient sendData done: 
D/SocketClient(  274): SocketClient sendData done: 
W/ResourcesManager( 9912): Asset path '/system/framework/eventbus.jar' does not exist or contains no resources.
W/ResourcesManager( 9912): Asset path '/system/framework/gson.jar' does not exist or contains no resources.
W/ResourcesManager( 9912): Asset path '/system/framework/volley.jar' does not exist or contains no resources.
W/ResourcesManager( 9912): Asset path '/system/framework/security-device-credential-sdk.jar' does not exist or contains no resources.
W/ResourcesManager( 9912): Asset path '/system/framework/cloud-common.jar' does not exist or contains no resources.
D/PowerManagerNotifier(  779): onUserActivity: event=2, uid=1000
D/WifiDisplayAdapter(  779): getWifiDisplayStatusLocked: result=WifiDisplayStatus{featureState=2, scanState=0, activeDisplayState=0, activeDisplay=null, displays=[], sessionInfo=WifiDisplaySessionInfo: C/O:Client,GId:,Pp:,SId:0,IP:}
D/PowerManagerService(  779): isWfdEnabled() mWfdStatus=WifiDisplayStatus{featureState=2, scanState=0, activeDisplayState=0, activeDisplay=null, displays=[], sessionInfo=WifiDisplaySessionInfo: C/O:Client,GId:,Pp:,SId:0,IP:}, return false
D/DisplayPowerController(  779): requestPowerState: policy=BRIGHT, useProximitySensor=false, screenBrightness=132, screenAutoBrightnessAdjustment=0.0, useAutoBrightness=false, blockScreenOn=false, lowPowerMode=false, dozeScreenBrightness=-1, dozeScreenState=UNKNOWN, waitForNegativeProximity=false
D/SocketClient(  274): SocketClient sendData done: 
D/FrameworkListener(  274): dispatchCommand data = (getaddrinfo img.t.sinajs.cn ^ 1024 0 1 0 0)
D/SocketClient(  274): SocketClient sendData done: 222
D/SocketClient(  274): SocketClient sendData done: 
V/SettingsProvider(  779): call(system:sound_effects_enabled) for 0
D/SocketClient(  274): SocketClient sendData done: 
D/SocketClient(  274): SocketClient sendData done: 
D/SocketClient(  274): SocketClient sendData done: 
D/SocketClient(  274): SocketClient sendData done: 
D/SocketClient(  274): SocketClient sendData done: 
D/SocketClient(  274): SocketClient sendData done: 
