D/ActivityThread(11013): BDC-Calling finishReceiver: IIntentReceiver=10e26c26
V/ActivityManager(  779): Broadcast: Intent { act=com.youyouza.updateUI.pedemeter flg=0x10 (has extras) } ordered=true userid=0 callerApp=ProcessRecord{1b21d208 11013:com.youyouza.pedmeter/u0a215}
I/ANRManager(  779): CPU update time < 2.5sec
D/ActivityThread(11013): BDC-Calling finishReceiver: IIntentReceiver=10e26c26
I/thermal_repeater(  298): oh, queryMdThermalInfo (0)Bad file number
I/thermal_repeater(  298): [recvMdThermalInfo] ret=26, strLen=127,  3, 22, -127, -1, 32767, 2
W/ProcessCpuTracker(  779): Skipping unknown process pid 16271
W/ProcessCpuTracker(  779): Skipping unknown process pid 16272
I/ANRManager(  779): updateProcessStats
V/ActivityManager(  779): Broadcast: Intent { act=com.youyouza.updateUI.pedemeter flg=0x10 (has extras) } ordered=true userid=0 callerApp=ProcessRecord{1b21d208 11013:com.youyouza.pedmeter/u0a215}
D/ActivityThread(11013): BDC-Calling finishReceiver: IIntentReceiver=10e26c26
V/ActivityManager(  779): Broadcast: Intent { act=com.youyouza.updateUI.pedemeter flg=0x10 (has extras) } ordered=true userid=0 callerApp=ProcessRecord{1b21d208 11013:com.youyouza.pedmeter/u0a215}
D/ActivityThread(11013): BDC-Calling finishReceiver: IIntentReceiver=10e26c26
I/ANRManager(  779): CPU update time < 2.5sec
I/ANRManager(  779): CPU update time < 2.5sec
V/ActivityManager(  779): Broadcast: Intent { act=com.youyouza.updateUI.pedemeter flg=0x10 (has extras) } ordered=true userid=0 callerApp=ProcessRecord{1b21d208 11013:com.youyouza.pedmeter/u0a215}
D/ActivityThread(11013): BDC-Calling finishReceiver: IIntentReceiver=10e26c26
V/ActivityManager(  779): Broadcast: Intent { act=com.youyouza.updateUI.pedemeter flg=0x10 (has extras) } ordered=true userid=0 callerApp=ProcessRecord{1b21d208 11013:com.youyouza.pedmeter/u0a215}
D/ActivityThread(11013): BDC-Calling finishReceiver: IIntentReceiver=10e26c26
I/ANRManager(  779): updateProcessStats
I/ANRManager(  779): CPU update time < 2.5sec
V/ActivityManager(  779): Broadcast: Intent { act=com.youyouza.updateUI.pedemeter flg=0x10 (has extras) } ordered=true userid=0 callerApp=ProcessRecord{1b21d208 11013:com.youyouza.pedmeter/u0a215}
D/ActivityThread(11013): BDC-Calling finishReceiver: IIntentReceiver=10e26c26
I/thermal_repeater(  298): oh, queryMdThermalInfo (0)Bad file number
I/thermal_repeater(  298): [recvMdThermalInfo] ret=26, strLen=127,  3, 22, -127, -1, 32767, 2
V/ActivityManager(  779): Broadcast: Intent { act=com.youyouza.updateUI.pedemeter flg=0x10 (has extras) } ordered=true userid=0 callerApp=ProcessRecord{1b21d208 11013:com.youyouza.pedmeter/u0a215}
D/ActivityThread(11013): BDC-Calling finishReceiver: IIntentReceiver=10e26c26
I/ANRManager(  779): CPU update time < 2.5sec
V/ActivityManager(  779): Broadcast: Intent { act=com.youyouza.updateUI.pedemeter flg=0x10 (has extras) } ordered=true userid=0 callerApp=ProcessRecord{1b21d208 11013:com.youyouza.pedmeter/u0a215}
I/ANRManager(  779): updateProcessStats
D/ActivityThread(11013): BDC-Calling finishReceiver: IIntentReceiver=10e26c26
V/ActivityManager(  779): Broadcast: Intent { act=com.youyouza.updateUI.pedemeter flg=0x10 (has extras) } ordered=true userid=0 callerApp=ProcessRecord{1b21d208 11013:com.youyouza.pedmeter/u0a215}
D/ActivityThread(11013): BDC-Calling finishReceiver: IIntentReceiver=10e26c26
I/ANRManager(  779): CPU update time < 2.5sec
V/ActivityManager(  779): Broadcast: Intent { act=com.youyouza.updateUI.pedemeter flg=0x10 (has extras) } ordered=true userid=0 callerApp=ProcessRecord{1b21d208 11013:com.youyouza.pedmeter/u0a215}
I/ANRManager(  779): CPU update time < 2.5sec
D/ActivityThread(11013): BDC-Calling finishReceiver: IIntentReceiver=10e26c26
V/ActivityManager(  779): Broadcast: Intent { act=com.youyouza.updateUI.pedemeter flg=0x10 (has extras) } ordered=true userid=0 callerApp=ProcessRecord{1b21d208 11013:com.youyouza.pedmeter/u0a215}
D/ActivityThread(11013): BDC-Calling finishReceiver: IIntentReceiver=10e26c26
I/ANRManager(  779): updateProcessStats
V/ActivityManager(  779): Broadcast sticky: Intent { act=android.intent.action.BATTERY_CHANGED flg=0x60000010 (has extras) } ordered=false userid=-1 callerApp=null
D/UsbDeviceManager(  779): onReceive - BATTERY_CHANGED - mPlugType: 2, mSettingUsbCharging: false, mConnected: true, mSettingUsbBicr: false
D/WifiService(  779): onReceive, action:android.intent.action.BATTERY_CHANGED
D/WifiController(  779): DeviceActiveState{ when=0 what=155652 arg1=2 target=com.android.internal.util.StateMachine$SmHandler }
D/WifiController(  779): StaEnabledState{ when=0 what=155652 arg1=2 target=com.android.internal.util.StateMachine$SmHandler }
D/WifiController(  779): DefaultState{ when=0 what=155652 arg1=2 target=com.android.internal.util.StateMachine$SmHandler }
D/WifiController(  779): battery changed pluggedType: 2
D/WifiController(  779): wifiSleepPolicy:2
D/WifiController(  779): wifiSleepPolicy:2
I/thermal_repeater(  298): oh, queryMdThermalInfo (0)Bad file number
I/thermal_repeater(  298): [recvMdThermalInfo] ret=26, strLen=127,  3, 22, -127, -1, 32767, 2
V/ActivityManager(  779): Broadcast: Intent { act=com.youyouza.updateUI.pedemeter flg=0x10 (has extras) } ordered=true userid=0 callerApp=ProcessRecord{1b21d208 11013:com.youyouza.pedmeter/u0a215}
I/ANRManager(  779): CPU update time < 2.5sec
D/ActivityThread(11013): BDC-Calling finishReceiver: IIntentReceiver=10e26c26
I/ANRManager(  779): CPU update time < 2.5sec
V/ActivityManager(  779): Broadcast: Intent { act=com.youyouza.updateUI.pedemeter flg=0x10 (has extras) } ordered=true userid=0 callerApp=ProcessRecord{1b21d208 11013:com.youyouza.pedmeter/u0a215}
D/ActivityThread(11013): BDC-Calling finishReceiver: IIntentReceiver=10e26c26
W/Watchdog(  779): SWT Watchdog after wait current time:965040784
W/Watchdog(  779): **Get SF Time **1
W/Watchdog(  779): SWT Watchdog before synchronized:965040785
W/Watchdog(  779): SWT Watchdog after synchronized:965040785
W/Watchdog(  779): SWT Watchdog before wait timeout:30000
W/Watchdog(  779): SWT Watchdog before wait current time:965040785
W/Watchdog(  779): SWT Watchdog before wait start:965040785
W/Watchdog(  779): SWT Watchdog before wait CHECK_INTERVAL:30000
V/ActivityManager(  779): Broadcast: Intent { act=com.youyouza.updateUI.pedemeter flg=0x10 (has extras) } ordered=true userid=0 callerApp=ProcessRecord{1b21d208 11013:com.youyouza.pedmeter/u0a215}
D/ActivityThread(11013): BDC-Calling finishReceiver: IIntentReceiver=10e26c26
I/ANRManager(  779): updateProcessStats
I/ANRManager(  779): CPU update time < 2.5sec
V/ActivityManager(  779): Broadcast: Intent { act=com.youyouza.updateUI.pedemeter flg=0x10 (has extras) } ordered=true userid=0 callerApp=ProcessRecord{1b21d208 11013:com.youyouza.pedmeter/u0a215}
D/ActivityThread(11013): BDC-Calling finishReceiver: IIntentReceiver=10e26c26
V/ActivityManager(  779): Broadcast: Intent { act=com.youyouza.updateUI.pedemeter flg=0x10 (has extras) } ordered=true userid=0 callerApp=ProcessRecord{1b21d208 11013:com.youyouza.pedmeter/u0a215}
D/ActivityThread(11013): BDC-Calling finishReceiver: IIntentReceiver=10e26c26
I/ANRManager(  779): CPU update time < 2.5sec
I/thermal_repeater(  298): oh, queryMdThermalInfo (0)Bad file number
I/thermal_repeater(  298): [recvMdThermalInfo] ret=26, strLen=127,  3, 21, -127, -1, 32767, 2
W/ProcessCpuTracker(  779): Skipping unknown process pid 16452
I/ANRManager(  779): updateProcessStats
V/ActivityManager(  779): Broadcast: Intent { act=com.youyouza.updateUI.pedemeter flg=0x10 (has extras) } ordered=true userid=0 callerApp=ProcessRecord{1b21d208 11013:com.youyouza.pedmeter/u0a215}
D/ActivityThread(11013): BDC-Calling finishReceiver: IIntentReceiver=10e26c26
V/ActivityManager(  779): Broadcast: Intent { act=com.youyouza.updateUI.pedemeter flg=0x10 (has extras) } ordered=true userid=0 callerApp=ProcessRecord{1b21d208 11013:com.youyouza.pedmeter/u0a215}
D/ActivityThread(11013): BDC-Calling finishReceiver: IIntentReceiver=10e26c26
I/ANRManager(  779): CPU update time < 2.5sec
I/ANRManager(  779): CPU update time < 2.5sec
V/ActivityManager(  779): Broadcast: Intent { act=com.youyouza.updateUI.pedemeter flg=0x10 (has extras) } ordered=true userid=0 callerApp=ProcessRecord{1b21d208 11013:com.youyouza.pedmeter/u0a215}
D/ActivityThread(11013): BDC-Calling finishReceiver: IIntentReceiver=10e26c26
V/ActivityManager(  779): Broadcast: Intent { act=com.youyouza.updateUI.pedemeter flg=0x10 (has extras) } ordered=true userid=0 callerApp=ProcessRecord{1b21d208 11013:com.youyouza.pedmeter/u0a215}
D/ActivityThread(11013): BDC-Calling finishReceiver: IIntentReceiver=10e26c26
W/ProcessCpuTracker(  779): Skipping unknown process pid 16492
I/ANRManager(  779): updateProcessStats
V/ActivityManager(  779): Broadcast: Intent { act=com.youyouza.updateUI.pedemeter flg=0x10 (has extras) } ordered=true userid=0 callerApp=ProcessRecord{1b21d208 11013:com.youyouza.pedmeter/u0a215}
I/ANRManager(  779): CPU update time < 2.5sec
D/ActivityThread(11013): BDC-Calling finishReceiver: IIntentReceiver=10e26c26
V/ActivityManager(  779): Broadcast: Intent { act=com.youyouza.updateUI.pedemeter flg=0x10 (has extras) } ordered=true userid=0 callerApp=ProcessRecord{1b21d208 11013:com.youyouza.pedmeter/u0a215}
I/ANRManager(  779): CPU update time < 2.5sec
D/ActivityThread(11013): BDC-Calling finishReceiver: IIntentReceiver=10e26c26
I/thermal_repeater(  298): oh, queryMdThermalInfo (0)Bad file number
I/thermal_repeater(  298): [recvMdThermalInfo] ret=26, strLen=127,  3, 21, -127, -1, 32767, 2
V/ActivityManager(  779): Broadcast: Intent { act=com.youyouza.updateUI.pedemeter flg=0x10 (has extras) } ordered=true userid=0 callerApp=ProcessRecord{1b21d208 11013:com.youyouza.pedmeter/u0a215}
D/ActivityThread(11013): BDC-Calling finishReceiver: IIntentReceiver=10e26c26
I/ANRManager(  779): updateProcessStats
I/ANRManager(  779): CPU update time < 2.5sec
V/ActivityManager(  779): Broadcast: Intent { act=com.youyouza.updateUI.pedemeter flg=0x10 (has extras) } ordered=true userid=0 callerApp=ProcessRecord{1b21d208 11013:com.youyouza.pedmeter/u0a215}
D/ActivityThread(11013): BDC-Calling finishReceiver: IIntentReceiver=10e26c26
V/ActivityManager(  779): Broadcast: Intent { act=com.youyouza.updateUI.pedemeter flg=0x10 (has extras) } ordered=true userid=0 callerApp=ProcessRecord{1b21d208 11013:com.youyouza.pedmeter/u0a215}
D/ActivityThread(11013): BDC-Calling finishReceiver: IIntentReceiver=10e26c26
I/ANRManager(  779): CPU update time < 2.5sec
I/ANRManager(  779): updateProcessStats
V/ActivityManager(  779): Broadcast: Intent { act=com.youyouza.updateUI.pedemeter flg=0x10 (has extras) } ordered=true userid=0 callerApp=ProcessRecord{1b21d208 11013:com.youyouza.pedmeter/u0a215}
D/ActivityThread(11013): BDC-Calling finishReceiver: IIntentReceiver=10e26c26
V/ActivityManager(  779): Broadcast: Intent { act=com.youyouza.updateUI.pedemeter flg=0x10 (has extras) } ordered=true userid=0 callerApp=ProcessRecord{1b21d208 11013:com.youyouza.pedmeter/u0a215}
D/ActivityThread(11013): BDC-Calling finishReceiver: IIntentReceiver=10e26c26
I/ANRManager(  779): CPU update time < 2.5sec
I/thermal_repeater(  298): oh, queryMdThermalInfo (0)Bad file number
I/thermal_repeater(  298): [recvMdThermalInfo] ret=26, strLen=127,  3, 21, -127, -1, 32767, 2
D/AlarmManager(  779): set alarm to RTC 1252769717
V/ActivityManager(  779): Broadcast: Intent { act=android.intent.action.TIME_TICK flg=0x50000114 (has extras) } ordered=true userid=-1 callerApp=null
D/PowerManagerService(  779): MTK-----com.youyouza.pedmeter
D/PowerManagerService(  779): MTK-----in the PedometerService
D/PowerManagerService(  779): MTK-----android
D/PowerManagerService(  779): MTK-----*alarm*
D/PowerManagerService(  779): wakelock list dump: mLocks.size=2:
D/PowerManagerService(  779): No.0: PARTIAL_WAKE_LOCK 'in the PedometerService'activated(flags=1, uid=10215, pid=11013) total=300739ms)
D/PowerManagerService(  779): No.1: PARTIAL_WAKE_LOCK '*alarm*'activated(flags=1073741825, uid=1000, pid=779) total=1ms)
D/WifiDisplayAdapter(  779): getWifiDisplayStatusLocked: result=WifiDisplayStatus{featureState=2, scanState=0, activeDisplayState=0, activeDisplay=null, displays=[], sessionInfo=WifiDisplaySessionInfo: C/O:Client,GId:,Pp:,SId:0,IP:}
D/PowerManagerService(  779): isWfdEnabled() mWfdStatus=WifiDisplayStatus{featureState=2, scanState=0, activeDisplayState=0, activeDisplay=null, displays=[], sessionInfo=WifiDisplaySessionInfo: C/O:Client,GId:,Pp:,SId:0,IP:}, return false
D/DisplayPowerController(  779): requestPowerState: policy=OFF, useProximitySensor=false, screenBrightness=62, screenAutoBrightnessAdjustment=0.0, useAutoBrightness=false, blockScreenOn=false, lowPowerMode=false, dozeScreenBrightness=-1, dozeScreenState=UNKNOWN, waitForNegativeProximity=false
W/AlarmManager(  779): operation package = android CTS_Alarm = false
D/PowerManagerNotifier(  779): onWakeLockAcquired: flags=1073741825, tag="*alarm*", packageName=android, ownerUid=1000, ownerPid=779, workSource=WorkSource{1000}
D/AlarmManager(  779): wakeup alarm = Alarm{88dfcb8 type 0 when 1488503202881 com.tencent.mobileqq}; package = com.tencent.mobileqq
V/ActivityManager(  779): Broadcast: Intent { act=com.tencent.mobileqq:MSF_1010656382 flg=0x114 (has extras) } ordered=true userid=0 callerApp=null
D/AlarmManager(  779): set alarm to RTC 1252746942
D/ActivityThread(  779): BDC-Calling finishReceiver: IIntentReceiver=83f4ce
D/AlarmManager(  779): onSendFinished begin
D/ActivityThread(29805): BDC-Calling finishReceiver: IIntentReceiver=1def5583
D/ActivityThread(29805): BDC-Calling finishReceiver: IIntentReceiver=2f1ed721
D/ActivityThread(29805): BDC-Calling finishReceiver: IIntentReceiver=3a33d746
D/ActivityThread(29805): BDC-Calling finishReceiver: IIntentReceiver=146c78a6
D/ActivityThread(29805): BDC-Calling finishReceiver: IIntentReceiver=32abf878
D/AlarmManager(  779): onSendFinished begin
D/PowerManagerNotifier(  779): onWakeLockReleased: flags=1073741825, tag="*alarm*", packageName=android, ownerUid=1000, ownerPid=779, workSource=WorkSource{1000}
D/PowerManagerService(  779): MTK-----com.youyouza.pedmeter
D/PowerManagerService(  779): MTK-----in the PedometerService
D/PowerManagerService(  779): wakelock list dump: mLocks.size=1:
D/PowerManagerService(  779): No.0: PARTIAL_WAKE_LOCK 'in the PedometerService'activated(flags=1, uid=10215, pid=11013) total=300801ms)
D/WifiDisplayAdapter(  779): getWifiDisplayStatusLocked: result=WifiDisplayStatus{featureState=2, scanState=0, activeDisplayState=0, activeDisplay=null, displays=[], sessionInfo=WifiDisplaySessionInfo: C/O:Client,GId:,Pp:,SId:0,IP:}
D/PowerManagerService(  779): isWfdEnabled() mWfdStatus=WifiDisplayStatus{featureState=2, scanState=0, activeDisplayState=0, activeDisplay=null, displays=[], sessionInfo=WifiDisplaySessionInfo: C/O:Client,GId:,Pp:,SId:0,IP:}, return false
D/DisplayPowerController(  779): requestPowerState: policy=OFF, useProximitySensor=false, screenBrightness=62, screenAutoBrightnessAdjustment=0.0, useAutoBrightness=false, blockScreenOn=false, lowPowerMode=false, dozeScreenBrightness=-1, dozeScreenState=UNKNOWN, waitForNegativeProximity=false
V/ActivityManager(  779): Broadcast: Intent { act=com.youyouza.updateUI.pedemeter flg=0x10 (has extras) } ordered=true userid=0 callerApp=ProcessRecord{1b21d208 11013:com.youyouza.pedmeter/u0a215}
D/ActivityThread(11013): BDC-Calling finishReceiver: IIntentReceiver=10e26c26
I/ANRManager(  779): CPU update time < 2.5sec
V/ActivityManager(  779): Broadcast: Intent { act=com.youyouza.updateUI.pedemeter flg=0x10 (has extras) } ordered=true userid=0 callerApp=ProcessRecord{1b21d208 11013:com.youyouza.pedmeter/u0a215}
I/ANRManager(  779): updateProcessStats
D/ActivityThread(11013): BDC-Calling finishReceiver: IIntentReceiver=10e26c26
I/ANRManager(  779): CPU update time < 2.5sec
V/ActivityManager(  779): Broadcast: Intent { act=com.youyouza.updateUI.pedemeter flg=0x10 (has extras) } ordered=true userid=0 callerApp=ProcessRecord{1b21d208 11013:com.youyouza.pedmeter/u0a215}
D/ActivityThread(11013): BDC-Calling finishReceiver: IIntentReceiver=10e26c26
V/ActivityManager(  779): Broadcast: Intent { act=com.youyouza.updateUI.pedemeter flg=0x10 (has extras) } ordered=true userid=0 callerApp=ProcessRecord{1b21d208 11013:com.youyouza.pedmeter/u0a215}
I/ANRManager(  779): CPU update time < 2.5sec
D/ActivityThread(11013): BDC-Calling finishReceiver: IIntentReceiver=10e26c26
V/ActivityManager(  779): Broadcast: Intent { act=com.youyouza.updateUI.pedemeter flg=0x10 (has extras) } ordered=true userid=0 callerApp=ProcessRecord{1b21d208 11013:com.youyouza.pedmeter/u0a215}
D/ActivityThread(11013): BDC-Calling finishReceiver: IIntentReceiver=10e26c26
I/ANRManager(  779): updateProcessStats
I/thermal_repeater(  298): oh, queryMdThermalInfo (0)Bad file number
I/thermal_repeater(  298): [recvMdThermalInfo] ret=26, strLen=127,  3, 21, -127, -1, 32767, 2
I/ANRManager(  779): CPU update time < 2.5sec
I/ANRManager(  779): CPU update time < 2.5sec
V/ActivityManager(  779): Broadcast: Intent { act=com.youyouza.updateUI.pedemeter flg=0x10 (has extras) } ordered=true userid=0 callerApp=ProcessRecord{1b21d208 11013:com.youyouza.pedmeter/u0a215}
D/ActivityThread(11013): BDC-Calling finishReceiver: IIntentReceiver=10e26c26
V/ActivityManager(  779): Broadcast: Intent { act=com.youyouza.updateUI.pedemeter flg=0x10 (has extras) } ordered=true userid=0 callerApp=ProcessRecord{1b21d208 11013:com.youyouza.pedmeter/u0a215}
D/ActivityThread(11013): BDC-Calling finishReceiver: IIntentReceiver=10e26c26
I/ANRManager(  779): CPU update time < 2.5sec
W/ProcessCpuTracker(  779): Skipping unknown process pid 16673
I/ANRManager(  779): updateProcessStats
V/ActivityManager(  779): Broadcast: Intent { act=com.youyouza.updateUI.pedemeter flg=0x10 (has extras) } ordered=true userid=0 callerApp=ProcessRecord{1b21d208 11013:com.youyouza.pedmeter/u0a215}
D/ActivityThread(11013): BDC-Calling finishReceiver: IIntentReceiver=10e26c26
V/ActivityManager(  779): Broadcast: Intent { act=com.youyouza.updateUI.pedemeter flg=0x10 (has extras) } ordered=true userid=0 callerApp=ProcessRecord{1b21d208 11013:com.youyouza.pedmeter/u0a215}
D/ActivityThread(11013): BDC-Calling finishReceiver: IIntentReceiver=10e26c26
I/ANRManager(  779): CPU update time < 2.5sec
I/ANRManager(  779): CPU update time < 2.5sec
V/ActivityManager(  779): Broadcast: Intent { act=com.youyouza.updateUI.pedemeter flg=0x10 (has extras) } ordered=true userid=0 callerApp=ProcessRecord{1b21d208 11013:com.youyouza.pedmeter/u0a215}
D/ActivityThread(11013): BDC-Calling finishReceiver: IIntentReceiver=10e26c26
I/thermal_repeater(  298): oh, queryMdThermalInfo (0)Bad file number
I/thermal_repeater(  298): [recvMdThermalInfo] ret=26, strLen=127,  3, 21, -127, -1, 32767, 2
V/ActivityManager(  779): Broadcast: Intent { act=com.youyouza.updateUI.pedemeter flg=0x10 (has extras) } ordered=true userid=0 callerApp=ProcessRecord{1b21d208 11013:com.youyouza.pedmeter/u0a215}
D/ActivityThread(11013): BDC-Calling finishReceiver: IIntentReceiver=10e26c26
I/ANRManager(  779): updateProcessStats
I/ANRManager(  779): CPU update time < 2.5sec
V/ActivityManager(  779): Broadcast: Intent { act=com.youyouza.updateUI.pedemeter flg=0x10 (has extras) } ordered=true userid=0 callerApp=ProcessRecord{1b21d208 11013:com.youyouza.pedmeter/u0a215}
D/ActivityThread(11013): BDC-Calling finishReceiver: IIntentReceiver=10e26c26
I/ANRManager(  779): CPU update time < 2.5sec
V/ActivityManager(  779): Broadcast: Intent { act=com.youyouza.updateUI.pedemeter flg=0x10 (has extras) } ordered=true userid=0 callerApp=ProcessRecord{1b21d208 11013:com.youyouza.pedmeter/u0a215}
D/ActivityThread(11013): BDC-Calling finishReceiver: IIntentReceiver=10e26c26
I/ANRManager(  779): updateProcessStats
V/ActivityManager(  779): Broadcast: Intent { act=com.youyouza.updateUI.pedemeter flg=0x10 (has extras) } ordered=true userid=0 callerApp=ProcessRecord{1b21d208 11013:com.youyouza.pedmeter/u0a215}
D/ActivityThread(11013): BDC-Calling finishReceiver: IIntentReceiver=10e26c26
I/ANRManager(  779): CPU update time < 2.5sec
V/ActivityManager(  779): Broadcast: Intent { act=com.youyouza.updateUI.pedemeter flg=0x10 (has extras) } ordered=true userid=0 callerApp=ProcessRecord{1b21d208 11013:com.youyouza.pedmeter/u0a215}
D/ActivityThread(11013): BDC-Calling finishReceiver: IIntentReceiver=10e26c26
I/thermal_repeater(  298): oh, queryMdThermalInfo (0)Bad file number
I/thermal_repeater(  298): [recvMdThermalInfo] ret=26, strLen=127,  3, 21, -127, -1, 32767, 2
V/ActivityManager(  779): Broadcast: Intent { act=com.youyouza.updateUI.pedemeter flg=0x10 (has extras) } ordered=true userid=0 callerApp=ProcessRecord{1b21d208 11013:com.youyouza.pedmeter/u0a215}
D/ActivityThread(11013): BDC-Calling finishReceiver: IIntentReceiver=10e26c26
I/ANRManager(  779): CPU update time < 2.5sec
W/Watchdog(  779): SWT Watchdog after wait current time:965070785
W/Watchdog(  779): **Get SF Time **1
W/Watchdog(  779): SWT Watchdog before synchronized:965070785
W/Watchdog(  779): SWT Watchdog after synchronized:965070785
W/Watchdog(  779): SWT Watchdog before wait timeout:30000
W/Watchdog(  779): SWT Watchdog before wait current time:965070786
W/Watchdog(  779): SWT Watchdog before wait start:965070786
W/Watchdog(  779): SWT Watchdog before wait CHECK_INTERVAL:30000
V/ActivityManager(  779): Broadcast: Intent { act=com.youyouza.updateUI.pedemeter flg=0x10 (has extras) } ordered=true userid=0 callerApp=ProcessRecord{1b21d208 11013:com.youyouza.pedmeter/u0a215}
I/ANRManager(  779): updateProcessStats
D/ActivityThread(11013): BDC-Calling finishReceiver: IIntentReceiver=10e26c26
D/AlarmManager(  779): set alarm to RTC 1252926942
V/ActivityManager(  779): Broadcast: Intent { act=com.youyouza.updateUI.pedemeter flg=0x10 (has extras) } ordered=true userid=0 callerApp=ProcessRecord{1b21d208 11013:com.youyouza.pedmeter/u0a215}
D/ActivityThread(11013): BDC-Calling finishReceiver: IIntentReceiver=10e26c26
I/ANRManager(  779): CPU update time < 2.5sec
I/ANRManager(  779): CPU update time < 2.5sec
V/ActivityManager(  779): Broadcast: Intent { act=com.youyouza.updateUI.pedemeter flg=0x10 (has extras) } ordered=true userid=0 callerApp=ProcessRecord{1b21d208 11013:com.youyouza.pedmeter/u0a215}
D/ActivityThread(11013): BDC-Calling finishReceiver: IIntentReceiver=10e26c26
V/ActivityManager(  779): Broadcast: Intent { act=com.youyouza.updateUI.pedemeter flg=0x10 (has extras) } ordered=true userid=0 callerApp=ProcessRecord{1b21d208 11013:com.youyouza.pedmeter/u0a215}
D/ActivityThread(11013): BDC-Calling finishReceiver: IIntentReceiver=10e26c26
I/ANRManager(  779): updateProcessStats
I/thermal_repeater(  298): oh, queryMdThermalInfo (0)Bad file number
I/thermal_repeater(  298): [recvMdThermalInfo] ret=26, strLen=127,  3, 21, -127, -1, 32767, 2
I/ANRManager(  779): CPU update time < 2.5sec
V/ActivityManager(  779): Broadcast: Intent { act=com.youyouza.updateUI.pedemeter flg=0x10 (has extras) } ordered=true userid=0 callerApp=ProcessRecord{1b21d208 11013:com.youyouza.pedmeter/u0a215}
D/ActivityThread(11013): BDC-Calling finishReceiver: IIntentReceiver=10e26c26
V/ActivityManager(  779): Broadcast: Intent { act=com.youyouza.updateUI.pedemeter flg=0x10 (has extras) } ordered=true userid=0 callerApp=ProcessRecord{1b21d208 11013:com.youyouza.pedmeter/u0a215}
D/ActivityThread(11013): BDC-Calling finishReceiver: IIntentReceiver=10e26c26
I/ANRManager(  779): CPU update time < 2.5sec
V/ActivityManager(  779): Broadcast: Intent { act=com.youyouza.updateUI.pedemeter flg=0x10 (has extras) } ordered=true userid=0 callerApp=ProcessRecord{1b21d208 11013:com.youyouza.pedmeter/u0a215}
I/ANRManager(  779): updateProcessStats
D/ActivityThread(11013): BDC-Calling finishReceiver: IIntentReceiver=10e26c26
I/ANRManager(  779): CPU update time < 2.5sec
V/ActivityManager(  779): Broadcast: Intent { act=com.youyouza.updateUI.pedemeter flg=0x10 (has extras) } ordered=true userid=0 callerApp=ProcessRecord{1b21d208 11013:com.youyouza.pedmeter/u0a215}
D/ActivityThread(11013): BDC-Calling finishReceiver: IIntentReceiver=10e26c26
V/ActivityManager(  779): Broadcast: Intent { act=com.youyouza.updateUI.pedemeter flg=0x10 (has extras) } ordered=true userid=0 callerApp=ProcessRecord{1b21d208 11013:com.youyouza.pedmeter/u0a215}
I/ANRManager(  779): CPU update time < 2.5sec
D/ActivityThread(11013): BDC-Calling finishReceiver: IIntentReceiver=10e26c26
I/thermal_repeater(  298): oh, queryMdThermalInfo (0)Bad file number
I/thermal_repeater(  298): [recvMdThermalInfo] ret=26, strLen=127,  3, 21, -127, -1, 32767, 2
I/ANRManager(  779): updateProcessStats
V/ActivityManager(  779): Broadcast: Intent { act=com.youyouza.updateUI.pedemeter flg=0x10 (has extras) } ordered=true userid=0 callerApp=ProcessRecord{1b21d208 11013:com.youyouza.pedmeter/u0a215}
D/ActivityThread(11013): BDC-Calling finishReceiver: IIntentReceiver=10e26c26
V/ActivityManager(  779): Broadcast: Intent { act=com.youyouza.updateUI.pedemeter flg=0x10 (has extras) } ordered=true userid=0 callerApp=ProcessRecord{1b21d208 11013:com.youyouza.pedmeter/u0a215}
D/ActivityThread(11013): BDC-Calling finishReceiver: IIntentReceiver=10e26c26
I/ANRManager(  779): CPU update time < 2.5sec
V/ActivityManager(  779): Broadcast: Intent { act=com.youyouza.updateUI.pedemeter flg=0x10 (has extras) } ordered=true userid=0 callerApp=ProcessRecord{1b21d208 11013:com.youyouza.pedmeter/u0a215}
I/ANRManager(  779): CPU update time < 2.5sec
D/ActivityThread(11013): BDC-Calling finishReceiver: IIntentReceiver=10e26c26
V/ActivityManager(  779): Broadcast: Intent { act=com.youyouza.updateUI.pedemeter flg=0x10 (has extras) } ordered=true userid=0 callerApp=ProcessRecord{1b21d208 11013:com.youyouza.pedmeter/u0a215}
D/ActivityThread(11013): BDC-Calling finishReceiver: IIntentReceiver=10e26c26
I/ANRManager(  779): updateProcessStats
V/ActivityManager(  779): Broadcast: Intent { act=com.youyouza.updateUI.pedemeter flg=0x10 (has extras) } ordered=true userid=0 callerApp=ProcessRecord{1b21d208 11013:com.youyouza.pedmeter/u0a215}
I/ANRManager(  779): CPU update time < 2.5sec
D/ActivityThread(11013): BDC-Calling finishReceiver: IIntentReceiver=10e26c26
I/thermal_repeater(  298): oh, queryMdThermalInfo (0)Bad file number
I/thermal_repeater(  298): [recvMdThermalInfo] ret=26, strLen=127,  3, 21, -127, -1, 32767, 2
I/ANRManager(  779): CPU update time < 2.5sec
V/ActivityManager(  779): Broadcast: Intent { act=com.youyouza.updateUI.pedemeter flg=0x10 (has extras) } ordered=true userid=0 callerApp=ProcessRecord{1b21d208 11013:com.youyouza.pedmeter/u0a215}
D/ActivityThread(11013): BDC-Calling finishReceiver: IIntentReceiver=10e26c26
V/ActivityManager(  779): Broadcast: Intent { act=com.youyouza.updateUI.pedemeter flg=0x10 (has extras) } ordered=true userid=0 callerApp=ProcessRecord{1b21d208 11013:com.youyouza.pedmeter/u0a215}
I/ANRManager(  779): updateProcessStats
D/ActivityThread(11013): BDC-Calling finishReceiver: IIntentReceiver=10e26c26
I/ANRManager(  779): CPU update time < 2.5sec
V/ActivityManager(  779): Broadcast: Intent { act=com.youyouza.updateUI.pedemeter flg=0x10 (has extras) } ordered=true userid=0 callerApp=ProcessRecord{1b21d208 11013:com.youyouza.pedmeter/u0a215}
D/ActivityThread(11013): BDC-Calling finishReceiver: IIntentReceiver=10e26c26
V/ActivityManager(  779): Broadcast: Intent { act=com.youyouza.updateUI.pedemeter flg=0x10 (has extras) } ordered=true userid=0 callerApp=ProcessRecord{1b21d208 11013:com.youyouza.pedmeter/u0a215}
I/ANRManager(  779): CPU update time < 2.5sec
D/ActivityThread(11013): BDC-Calling finishReceiver: IIntentReceiver=10e26c26
V/ActivityManager(  779): Broadcast: Intent { act=com.youyouza.updateUI.pedemeter flg=0x10 (has extras) } ordered=true userid=0 callerApp=ProcessRecord{1b21d208 11013:com.youyouza.pedmeter/u0a215}
I/ANRManager(  779): updateProcessStats
D/ActivityThread(11013): BDC-Calling finishReceiver: IIntentReceiver=10e26c26
I/thermal_repeater(  298): oh, queryMdThermalInfo (0)Bad file number
I/thermal_repeater(  298): [recvMdThermalInfo] ret=26, strLen=127,  3, 22, -127, -1, 32767, 2
V/ActivityManager(  779): Broadcast: Intent { act=com.youyouza.updateUI.pedemeter flg=0x10 (has extras) } ordered=true userid=0 callerApp=ProcessRecord{1b21d208 11013:com.youyouza.pedmeter/u0a215}
D/ActivityThread(11013): BDC-Calling finishReceiver: IIntentReceiver=10e26c26
I/ANRManager(  779): CPU update time < 2.5sec
V/ActivityManager(  779): Broadcast: Intent { act=com.youyouza.updateUI.pedemeter flg=0x10 (has extras) } ordered=true userid=0 callerApp=ProcessRecord{1b21d208 11013:com.youyouza.pedmeter/u0a215}
I/ANRManager(  779): CPU update time < 2.5sec
D/ActivityThread(11013): BDC-Calling finishReceiver: IIntentReceiver=10e26c26
V/ActivityManager(  779): Broadcast: Intent { act=com.youyouza.updateUI.pedemeter flg=0x10 (has extras) } ordered=true userid=0 callerApp=ProcessRecord{1b21d208 11013:com.youyouza.pedmeter/u0a215}
D/ActivityThread(11013): BDC-Calling finishReceiver: IIntentReceiver=10e26c26
I/ANRManager(  779): updateProcessStats
V/ActivityManager(  779): Broadcast: Intent { act=com.youyouza.updateUI.pedemeter flg=0x10 (has extras) } ordered=true userid=0 callerApp=ProcessRecord{1b21d208 11013:com.youyouza.pedmeter/u0a215}
I/ANRManager(  779): CPU update time < 2.5sec
D/ActivityThread(11013): BDC-Calling finishReceiver: IIntentReceiver=10e26c26
I/ANRManager(  779): CPU update time < 2.5sec
V/ActivityManager(  779): Broadcast: Intent { act=com.youyouza.updateUI.pedemeter flg=0x10 (has extras) } ordered=true userid=0 callerApp=ProcessRecord{1b21d208 11013:com.youyouza.pedmeter/u0a215}
D/ActivityThread(11013): BDC-Calling finishReceiver: IIntentReceiver=10e26c26
I/thermal_repeater(  298): oh, queryMdThermalInfo (0)Bad file number
I/thermal_repeater(  298): [recvMdThermalInfo] ret=26, strLen=127,  3, 21, -127, -1, 32767, 2
D/AlarmManager(  779): set alarm to RTC 1252769758
V/AlarmManager(  779): isAlarmNeedAlign : screen off time < 5min!Skip
V/ActivityManager(  779): Broadcast: Intent { act=android.intent.action.TIME_TICK flg=0x50000114 (has extras) } ordered=true userid=-1 callerApp=null
D/PowerManagerService(  779): MTK-----com.youyouza.pedmeter
D/PowerManagerService(  779): MTK-----in the PedometerService
D/PowerManagerService(  779): MTK-----android
D/PowerManagerService(  779): MTK-----*alarm*
D/PowerManagerService(  779): wakelock list dump: mLocks.size=2:
D/PowerManagerService(  779): No.0: PARTIAL_WAKE_LOCK 'in the PedometerService'activated(flags=1, uid=10215, pid=11013) total=340632ms)
D/PowerManagerService(  779): No.1: PARTIAL_WAKE_LOCK '*alarm*'activated(flags=1073741825, uid=1000, pid=779) total=0ms)
D/WifiDisplayAdapter(  779): getWifiDisplayStatusLocked: result=WifiDisplayStatus{featureState=2, scanState=0, activeDisplayState=0, activeDisplay=null, displays=[], sessionInfo=WifiDisplaySessionInfo: C/O:Client,GId:,Pp:,SId:0,IP:}
D/PowerManagerService(  779): isWfdEnabled() mWfdStatus=WifiDisplayStatus{featureState=2, scanState=0, activeDisplayState=0, activeDisplay=null, displays=[], sessionInfo=WifiDisplaySessionInfo: C/O:Client,GId:,Pp:,SId:0,IP:}, return false
D/DisplayPowerController(  779): requestPowerState: policy=OFF, useProximitySensor=false, screenBrightness=62, screenAutoBrightnessAdjustment=0.0, useAutoBrightness=false, blockScreenOn=false, lowPowerMode=false, dozeScreenBrightness=-1, dozeScreenState=UNKNOWN, waitForNegativeProximity=false
W/AlarmManager(  779): operation package = android CTS_Alarm = false
D/PowerManagerNotifier(  779): onWakeLockAcquired: flags=1073741825, tag="*alarm*", packageName=android, ownerUid=1000, ownerPid=779, workSource=WorkSource{1000}
D/AlarmManager(  779): wakeup alarm = Alarm{15c4da91 type 0 when 1488503242752 com.tencent.mm}; package = com.tencent.mm
V/ActivityManager(  779): Broadcast: Intent { flg=0x114 cmp=com.tencent.mm/.booter.MMReceivers$AlarmReceiver (has extras) } ordered=true userid=0 callerApp=null
V/ActivityManager(  779): Broadcast: Intent { act=com.tencent.mm.TrafficStatsReceiver flg=0x114 (has extras) } ordered=true userid=0 callerApp=null
I/ActivityManager(  779): [Background Service Priority Adjustment] Set callerFg as false for service.getFlags():260
D/ActivityThread(  779): BDC-Calling finishReceiver: IIntentReceiver=83f4ce
D/AlarmManager(  779): onSendFinished begin
D/ActivityThread(29805): BDC-Calling finishReceiver: IIntentReceiver=1def5583
D/ActivityThread(29805): BDC-Calling finishReceiver: IIntentReceiver=2f1ed721
D/ActivityThread(29864): BDC-Calling onReceive: intent=Intent { flg=0x114 cmp=com.tencent.mm/.booter.MMReceivers$AlarmReceiver (has extras) }, receiver=com.tencent.mm.booter.MMReceivers$AlarmReceiver@f4fe5bc
D/AlarmManager(  779): set alarm to RTC 1252798530
D/AlarmManager(  779): wakeup alarm = Alarm{1c8f6df6 type 2 when 1252769758 com.sina.weibo}; package = com.sina.weibo
V/ActivityManager(  779): Broadcast: Intent { act=com.sina.heartbeat.action.1004 flg=0x114 (has extras) } ordered=true userid=0 callerApp=null
D/ActivityThread(29805): BDC-Calling finishReceiver: IIntentReceiver=3a33d746
D/AlarmManager(  779): onSendFinished begin
D/ActivityThread(29805): BDC-Calling finishReceiver: IIntentReceiver=146c78a6
D/ActivityThread(29805): BDC-Calling finishReceiver: IIntentReceiver=32abf878
D/AlarmManager(  779): onSendFinished begin
D/PowerManagerNotifier(  779): onWakeLockChanging: flags=1073741825, tag="*alarm*", packageName=android, ownerUid=1000, ownerPid=779, workSource=WorkSource{10194}
I/ANRManager(  779): updateProcessStats
V/ActivityManager(  779): Broadcast: Intent { act=com.youyouza.updateUI.pedemeter flg=0x10 (has extras) } ordered=true userid=0 callerApp=ProcessRecord{1b21d208 11013:com.youyouza.pedmeter/u0a215}
D/ActivityThread(29864): BDC-Calling finishReceiver: IIntentReceiver=2cd573a5
D/AlarmManager(  779): onSendFinished begin
D/PowerManagerNotifier(  779): onWakeLockChanging: flags=1073741825, tag="*alarm*", packageName=android, ownerUid=1000, ownerPid=779, workSource=WorkSource{10203}
W/AlarmManager(  779): operation package = com.sina.weibo CTS_Alarm = false
V/AlarmManager(  779): isAlarmNeedAlign : screen off time < 5min!Skip
D/ActivityThread(12599): BDC-Calling finishReceiver: IIntentReceiver=794a135
D/AlarmManager(  779): onSendFinished begin
D/PowerManagerNotifier(  779): onWakeLockReleased: flags=1073741825, tag="*alarm*", packageName=android, ownerUid=1000, ownerPid=779, workSource=WorkSource{10203}
D/PowerManagerService(  779): MTK-----com.youyouza.pedmeter
D/PowerManagerService(  779): MTK-----in the PedometerService
D/PowerManagerService(  779): wakelock list dump: mLocks.size=1:
D/PowerManagerService(  779): No.0: PARTIAL_WAKE_LOCK 'in the PedometerService'activated(flags=1, uid=10215, pid=11013) total=340996ms)
D/WifiDisplayAdapter(  779): getWifiDisplayStatusLocked: result=WifiDisplayStatus{featureState=2, scanState=0, activeDisplayState=0, activeDisplay=null, displays=[], sessionInfo=WifiDisplaySessionInfo: C/O:Client,GId:,Pp:,SId:0,IP:}
D/PowerManagerService(  779): isWfdEnabled() mWfdStatus=WifiDisplayStatus{featureState=2, scanState=0, activeDisplayState=0, activeDisplay=null, displays=[], sessionInfo=WifiDisplaySessionInfo: C/O:Client,GId:,Pp:,SId:0,IP:}, return false
D/DisplayPowerController(  779): requestPowerState: policy=OFF, useProximitySensor=false, screenBrightness=62, screenAutoBrightnessAdjustment=0.0, useAutoBrightness=false, blockScreenOn=false, lowPowerMode=false, dozeScreenBrightness=-1, dozeScreenState=UNKNOWN, waitForNegativeProximity=false
D/ActivityManager(  779): getContentProviderImpl: from caller=android.app.ApplicationThreadProxy@1ed6f5f7 (pid=12599, userId=0) to get content provider com.sina.weibo.userlog cpr=ContentProviderRecord{17f6df58 u0 com.sina.weibo/.log.UserLogProvider}
D/ActivityThread(12599): hoder:android.app.IActivityManager$ContentProviderHolder@2764f9ca,provider,holder.Provider:android.content.ContentProviderProxy@656173b
D/ActivityThread(11013): BDC-Calling finishReceiver: IIntentReceiver=10e26c26
V/ActivityManager(  779): Broadcast: Intent { act=com.youyouza.updateUI.pedemeter flg=0x10 (has extras) } ordered=true userid=0 callerApp=ProcessRecord{1b21d208 11013:com.youyouza.pedmeter/u0a215}
I/ANRManager(  779): CPU update time < 2.5sec
D/ActivityThread(11013): BDC-Calling finishReceiver: IIntentReceiver=10e26c26
V/ActivityManager(  779): Broadcast: Intent { act=com.youyouza.updateUI.pedemeter flg=0x10 (has extras) } ordered=true userid=0 callerApp=ProcessRecord{1b21d208 11013:com.youyouza.pedmeter/u0a215}
D/ActivityThread(11013): BDC-Calling finishReceiver: IIntentReceiver=10e26c26
I/ANRManager(  779): CPU update time < 2.5sec
V/ActivityManager(  779): Broadcast: Intent { act=com.youyouza.updateUI.pedemeter flg=0x10 (has extras) } ordered=true userid=0 callerApp=ProcessRecord{1b21d208 11013:com.youyouza.pedmeter/u0a215}
D/ActivityThread(11013): BDC-Calling finishReceiver: IIntentReceiver=10e26c26
I/ANRManager(  779): updateProcessStats
I/ANRManager(  779): CPU update time < 2.5sec
V/ActivityManager(  779): Broadcast: Intent { act=com.youyouza.updateUI.pedemeter flg=0x10 (has extras) } ordered=true userid=0 callerApp=ProcessRecord{1b21d208 11013:com.youyouza.pedmeter/u0a215}
D/ActivityThread(11013): BDC-Calling finishReceiver: IIntentReceiver=10e26c26
I/thermal_repeater(  298): oh, queryMdThermalInfo (0)Bad file number
I/thermal_repeater(  298): [recvMdThermalInfo] ret=26, strLen=127,  3, 20, -127, -1, 32767, 2
I/ANRManager(  779): CPU update time < 2.5sec
V/ActivityManager(  779): Broadcast: Intent { act=com.youyouza.updateUI.pedemeter flg=0x10 (has extras) } ordered=true userid=0 callerApp=ProcessRecord{1b21d208 11013:com.youyouza.pedmeter/u0a215}
I/ANRManager(  779): CPU update time < 2.5sec
D/ActivityThread(11013): BDC-Calling finishReceiver: IIntentReceiver=10e26c26
W/Watchdog(  779): SWT Watchdog after wait current time:965100786
W/Watchdog(  779): **Get SF Time **1
W/Watchdog(  779): SWT Watchdog before synchronized:965100786
W/Watchdog(  779): SWT Watchdog after synchronized:965100786
W/Watchdog(  779): SWT Watchdog before wait timeout:30000
W/Watchdog(  779): SWT Watchdog before wait current time:965100786
W/Watchdog(  779): SWT Watchdog before wait start:965100786
W/Watchdog(  779): SWT Watchdog before wait CHECK_INTERVAL:30000
W/ProcessCpuTracker(  779): Skipping unknown process pid 17147
I/ANRManager(  779): updateProcessStats
V/ActivityManager(  779): Broadcast: Intent { act=com.youyouza.updateUI.pedemeter flg=0x10 (has extras) } ordered=true userid=0 callerApp=ProcessRecord{1b21d208 11013:com.youyouza.pedmeter/u0a215}
D/ActivityThread(11013): BDC-Calling finishReceiver: IIntentReceiver=10e26c26
V/ActivityManager(  779): Broadcast: Intent { act=com.youyouza.updateUI.pedemeter flg=0x10 (has extras) } ordered=true userid=0 callerApp=ProcessRecord{1b21d208 11013:com.youyouza.pedmeter/u0a215}
I/ANRManager(  779): CPU update time < 2.5sec
D/ActivityThread(11013): BDC-Calling finishReceiver: IIntentReceiver=10e26c26
V/ActivityManager(  779): Broadcast: Intent { act=com.youyouza.updateUI.pedemeter flg=0x10 (has extras) } ordered=true userid=0 callerApp=ProcessRecord{1b21d208 11013:com.youyouza.pedmeter/u0a215}
D/ActivityThread(11013): BDC-Calling finishReceiver: IIntentReceiver=10e26c26
I/ANRManager(  779): CPU update time < 2.5sec
V/ActivityManager(  779): Broadcast: Intent { act=com.youyouza.updateUI.pedemeter flg=0x10 (has extras) } ordered=true userid=0 callerApp=ProcessRecord{1b21d208 11013:com.youyouza.pedmeter/u0a215}
D/ActivityThread(11013): BDC-Calling finishReceiver: IIntentReceiver=10e26c26
I/ANRManager(  779): updateProcessStats
I/thermal_repeater(  298): oh, queryMdThermalInfo (0)Bad file number
I/thermal_repeater(  298): [recvMdThermalInfo] ret=26, strLen=127,  3, 21, -127, -1, 32767, 2
V/ActivityManager(  779): Broadcast: Intent { act=com.youyouza.updateUI.pedemeter flg=0x10 (has extras) } ordered=true userid=0 callerApp=ProcessRecord{1b21d208 11013:com.youyouza.pedmeter/u0a215}
I/ANRManager(  779): CPU update time < 2.5sec
D/ActivityThread(11013): BDC-Calling finishReceiver: IIntentReceiver=10e26c26
V/ActivityManager(  779): Broadcast: Intent { act=com.youyouza.updateUI.pedemeter flg=0x10 (has extras) } ordered=true userid=0 callerApp=ProcessRecord{1b21d208 11013:com.youyouza.pedmeter/u0a215}
D/ActivityThread(11013): BDC-Calling finishReceiver: IIntentReceiver=10e26c26
I/ANRManager(  779): CPU update time < 2.5sec
V/ActivityManager(  779): Broadcast: Intent { act=com.youyouza.updateUI.pedemeter flg=0x10 (has extras) } ordered=true userid=0 callerApp=ProcessRecord{1b21d208 11013:com.youyouza.pedmeter/u0a215}
D/ActivityThread(11013): BDC-Calling finishReceiver: IIntentReceiver=10e26c26
I/ANRManager(  779): updateProcessStats
I/UsageStatsService(  779): User[0] Flushing usage stats to disk
V/ActivityManager(  779): Broadcast: Intent { act=com.youyouza.updateUI.pedemeter flg=0x10 (has extras) } ordered=true userid=0 callerApp=ProcessRecord{1b21d208 11013:com.youyouza.pedmeter/u0a215}
I/ANRManager(  779): CPU update time < 2.5sec
I/ANRManager(  779): CPU update time < 2.5sec
D/ActivityThread(11013): BDC-Calling finishReceiver: IIntentReceiver=10e26c26
I/ANRManager(  779): CPU update time < 2.5sec
V/ActivityManager(  779): Broadcast: Intent { act=com.youyouza.updateUI.pedemeter flg=0x10 (has extras) } ordered=true userid=0 callerApp=ProcessRecord{1b21d208 11013:com.youyouza.pedmeter/u0a215}
I/ANRManager(  779): CPU update time < 2.5sec
D/ActivityThread(11013): BDC-Calling finishReceiver: IIntentReceiver=10e26c26
I/thermal_repeater(  298): oh, queryMdThermalInfo (0)Bad file number
I/thermal_repeater(  298): [recvMdThermalInfo] ret=26, strLen=127,  3, 21, -127, -1, 32767, 2
V/ActivityManager(  779): Broadcast: Intent { act=com.youyouza.updateUI.pedemeter flg=0x10 (has extras) } ordered=true userid=0 callerApp=ProcessRecord{1b21d208 11013:com.youyouza.pedmeter/u0a215}
D/ActivityThread(11013): BDC-Calling finishReceiver: IIntentReceiver=10e26c26
W/ProcessCpuTracker(  779): Skipping unknown process pid 17256
W/ProcessCpuTracker(  779): Skipping unknown process pid 17257
I/ANRManager(  779): updateProcessStats
V/ActivityManager(  779): Broadcast: Intent { act=com.youyouza.updateUI.pedemeter flg=0x10 (has extras) } ordered=true userid=0 callerApp=ProcessRecord{1b21d208 11013:com.youyouza.pedmeter/u0a215}
D/ActivityThread(11013): BDC-Calling finishReceiver: IIntentReceiver=10e26c26
I/ANRManager(  779): CPU update time < 2.5sec
V/ActivityManager(  779): Broadcast: Intent { act=com.youyouza.updateUI.pedemeter flg=0x10 (has extras) } ordered=true userid=0 callerApp=ProcessRecord{1b21d208 11013:com.youyouza.pedmeter/u0a215}
I/ANRManager(  779): CPU update time < 2.5sec
D/ActivityThread(11013): BDC-Calling finishReceiver: IIntentReceiver=10e26c26
W/ProcessCpuTracker(  779): Skipping unknown process pid 17291
I/ANRManager(  779): updateProcessStats
V/ActivityManager(  779): Broadcast: Intent { act=com.youyouza.updateUI.pedemeter flg=0x10 (has extras) } ordered=true userid=0 callerApp=ProcessRecord{1b21d208 11013:com.youyouza.pedmeter/u0a215}
D/ActivityThread(11013): BDC-Calling finishReceiver: IIntentReceiver=10e26c26
V/ActivityManager(  779): Broadcast: Intent { act=com.youyouza.updateUI.pedemeter flg=0x10 (has extras) } ordered=true userid=0 callerApp=ProcessRecord{1b21d208 11013:com.youyouza.pedmeter/u0a215}
I/ANRManager(  779): CPU update time < 2.5sec
D/ActivityThread(11013): BDC-Calling finishReceiver: IIntentReceiver=10e26c26
I/thermal_repeater(  298): oh, queryMdThermalInfo (0)Bad file number
I/thermal_repeater(  298): [recvMdThermalInfo] ret=26, strLen=127,  3, 21, -127, -1, 32767, 2
I/ANRManager(  779): CPU update time < 2.5sec
V/ActivityManager(  779): Broadcast: Intent { act=com.youyouza.updateUI.pedemeter flg=0x10 (has extras) } ordered=true userid=0 callerApp=ProcessRecord{1b21d208 11013:com.youyouza.pedmeter/u0a215}
D/ActivityThread(11013): BDC-Calling finishReceiver: IIntentReceiver=10e26c26
V/ActivityManager(  779): Broadcast: Intent { act=com.youyouza.updateUI.pedemeter flg=0x10 (has extras) } ordered=true userid=0 callerApp=ProcessRecord{1b21d208 11013:com.youyouza.pedmeter/u0a215}
D/ActivityThread(11013): BDC-Calling finishReceiver: IIntentReceiver=10e26c26
I/ANRManager(  779): updateProcessStats
V/ActivityManager(  779): Broadcast: Intent { act=com.youyouza.updateUI.pedemeter flg=0x10 (has extras) } ordered=true userid=0 callerApp=ProcessRecord{1b21d208 11013:com.youyouza.pedmeter/u0a215}
I/ANRManager(  779): CPU update time < 2.5sec
D/ActivityThread(11013): BDC-Calling finishReceiver: IIntentReceiver=10e26c26
V/ActivityManager(  779): Broadcast: Intent { act=com.youyouza.updateUI.pedemeter flg=0x10 (has extras) } ordered=true userid=0 callerApp=ProcessRecord{1b21d208 11013:com.youyouza.pedmeter/u0a215}
I/ANRManager(  779): CPU update time < 2.5sec
D/ActivityThread(11013): BDC-Calling finishReceiver: IIntentReceiver=10e26c26
V/ActivityManager(  779): Broadcast: Intent { act=com.youyouza.updateUI.pedemeter flg=0x10 (has extras) } ordered=true userid=0 callerApp=ProcessRecord{1b21d208 11013:com.youyouza.pedmeter/u0a215}
I/ANRManager(  779): updateProcessStats
D/ActivityThread(11013): BDC-Calling finishReceiver: IIntentReceiver=10e26c26
I/thermal_repeater(  298): oh, queryMdThermalInfo (0)Bad file number
I/thermal_repeater(  298): [recvMdThermalInfo] ret=26, strLen=127,  3, 21, -127, -1, 32767, 2
V/ActivityManager(  779): Broadcast: Intent { act=com.youyouza.updateUI.pedemeter flg=0x10 (has extras) } ordered=true userid=0 callerApp=ProcessRecord{1b21d208 11013:com.youyouza.pedmeter/u0a215}
I/ANRManager(  779): CPU update time < 2.5sec
D/ActivityThread(11013): BDC-Calling finishReceiver: IIntentReceiver=10e26c26
V/ActivityManager(  779): Broadcast: Intent { act=com.youyouza.updateUI.pedemeter flg=0x10 (has extras) } ordered=true userid=0 callerApp=ProcessRecord{1b21d208 11013:com.youyouza.pedmeter/u0a215}
I/ANRManager(  779): CPU update time < 2.5sec
D/ActivityThread(11013): BDC-Calling finishReceiver: IIntentReceiver=10e26c26
V/ActivityManager(  779): Broadcast: Intent { act=com.youyouza.updateUI.pedemeter flg=0x10 (has extras) } ordered=true userid=0 callerApp=ProcessRecord{1b21d208 11013:com.youyouza.pedmeter/u0a215}
D/ActivityThread(11013): BDC-Calling finishReceiver: IIntentReceiver=10e26c26
I/ANRManager(  779): updateProcessStats
V/ActivityManager(  779): Broadcast: Intent { act=com.youyouza.updateUI.pedemeter flg=0x10 (has extras) } ordered=true userid=0 callerApp=ProcessRecord{1b21d208 11013:com.youyouza.pedmeter/u0a215}
I/ANRManager(  779): CPU update time < 2.5sec
D/ActivityThread(11013): BDC-Calling finishReceiver: IIntentReceiver=10e26c26
D/AlarmManager(  779): set alarm to RTC 1252874072
D/AlarmManager(  779): set alarm to RTC 1252806943
D/AlarmManager(  779): wakeup alarm = Alarm{14822c64 type 0 when 1488503271587 com.xiaomi.xmsf}; package = com.xiaomi.xmsf
V/ActivityManager(  779): Broadcast: Intent { act=com.xiaomi.push.PING_TIMER flg=0x114 pkg=com.xiaomi.xmsf (has extras) } ordered=true userid=0 callerApp=null
D/PowerManagerService(  779): MTK-----com.youyouza.pedmeter
D/PowerManagerService(  779): MTK-----in the PedometerService
D/PowerManagerService(  779): MTK-----android
D/PowerManagerService(  779): MTK-----*alarm*
D/PowerManagerService(  779): wakelock list dump: mLocks.size=2:
D/PowerManagerService(  779): No.0: PARTIAL_WAKE_LOCK 'in the PedometerService'activated(flags=1, uid=10215, pid=11013) total=369445ms)
D/PowerManagerService(  779): No.1: PARTIAL_WAKE_LOCK '*alarm*'activated(flags=1, uid=1000, pid=779) total=0ms)
D/WifiDisplayAdapter(  779): getWifiDisplayStatusLocked: result=WifiDisplayStatus{featureState=2, scanState=0, activeDisplayState=0, activeDisplay=null, displays=[], sessionInfo=WifiDisplaySessionInfo: C/O:Client,GId:,Pp:,SId:0,IP:}
D/PowerManagerService(  779): isWfdEnabled() mWfdStatus=WifiDisplayStatus{featureState=2, scanState=0, activeDisplayState=0, activeDisplay=null, displays=[], sessionInfo=WifiDisplaySessionInfo: C/O:Client,GId:,Pp:,SId:0,IP:}, return false
D/DisplayPowerController(  779): requestPowerState: policy=OFF, useProximitySensor=false, screenBrightness=62, screenAutoBrightnessAdjustment=0.0, useAutoBrightness=false, blockScreenOn=false, lowPowerMode=false, dozeScreenBrightness=-1, dozeScreenState=UNKNOWN, waitForNegativeProximity=false
D/PowerManagerNotifier(  779): onWakeLockAcquired: flags=1, tag="*alarm*", packageName=android, ownerUid=1000, ownerPid=779, workSource=WorkSource{10082}
D/ActivityThread( 1285): BDC-Calling onReceive: intent=Intent { act=com.xiaomi.push.PING_TIMER flg=0x114 pkg=com.xiaomi.xmsf cmp=com.xiaomi.xmsf/com.xiaomi.push.service.receivers.PingReceiver (has extras) }, receiver=com.xiaomi.push.service.receivers.PingReceiver@bc07928
W/AlarmManager(  779): operation package = com.xiaomi.xmsf CTS_Alarm = false
V/AlarmManager(  779): isAlarmNeedAlign : screen off time < 5min!Skip
D/AlarmManager(  779): onSendFinished begin
D/PowerManagerNotifier(  779): onWakeLockReleased: flags=1, tag="*alarm*", packageName=android, ownerUid=1000, ownerPid=779, workSource=WorkSource{10082}
D/PowerManagerService(  779): MTK-----com.youyouza.pedmeter
D/PowerManagerService(  779): MTK-----in the PedometerService
D/PowerManagerService(  779): wakelock list dump: mLocks.size=1:
D/PowerManagerService(  779): No.0: PARTIAL_WAKE_LOCK 'in the PedometerService'activated(flags=1, uid=10215, pid=11013) total=369465ms)
D/WifiDisplayAdapter(  779): getWifiDisplayStatusLocked: result=WifiDisplayStatus{featureState=2, scanState=0, activeDisplayState=0, activeDisplay=null, displays=[], sessionInfo=WifiDisplaySessionInfo: C/O:Client,GId:,Pp:,SId:0,IP:}
D/PowerManagerService(  779): isWfdEnabled() mWfdStatus=WifiDisplayStatus{featureState=2, scanState=0, activeDisplayState=0, activeDisplay=null, displays=[], sessionInfo=WifiDisplaySessionInfo: C/O:Client,GId:,Pp:,SId:0,IP:}, return false
