D/SettingsProvider(  779): lookupValue table system cache contains Key auto_punctuate , value = Bundle[{value=null}]
V/SettingsProvider(  779): call(system:show_password) for 0
D/SettingsProvider(  779): lookupValue table system cache contains Key show_password , value = Bundle[{value=0}]
V/SettingsInterface(18345): invalidate [system]: current 4364 != cached 4363
V/SettingsProvider(  779): call(system:virtual_sim_imsi) for 0
D/SettingsProvider(  779): lookupValue table system cache contains Key virtual_sim_imsi , value = Bundle[{value=null}]
V/SettingsProvider(  779): call(system:virtual_sim_slot_id) for 0
D/SettingsProvider(  779): lookupValue table system cache contains Key virtual_sim_slot_id , value = Bundle[{value=null}]
D/AlarmManager(  779): onSendFinished begin
D/PowerManagerNotifier(  779): onWakeLockChanging: flags=1, tag="*alarm*", packageName=android, ownerUid=1000, ownerPid=779, workSource=WorkSource{10026}
D/BroadcastLimitPolicy( 1853): [ALLOW] [broadcast] callerPackage com.miui.weather2 start process with Intent { flg=0x114 cmp=com.miui.weather2/.receiver.ReceiverUpdateWeather (has extras) } componentName com.miui.weather2/com.miui.weather2.receiver.ReceiverUpdateWeather [reason:1]
I/ActivityManager(  779): Start proc com.miui.weather2 for broadcast com.miui.weather2/.receiver.ReceiverUpdateWeather: pid=18413 uid=10026 gids={50026, 9997, 1028, 1015, 3003} abi=arm64-v8a
D/WtProcessController( 1853): onAMProcStart callback
D/ActivityThread( 1285): SVC-Calling onStartCommand: com.xiaomi.push.service.XMPushService@278ef241, flags=0, startId=22506
W/PushService( 1285): 2017-03-03 09:09:08,808 - [WARN::PushService] - [Thread:66] JOB: Handle intent action = com.xiaomi.mipush.SEND_MESSAGE
D/ActivityThread( 1213): SVC-Calling onStartCommand: com.miui.internal.server.CoreService@1f3ddfd6, flags=0, startId=13920
W/PushService( 1285): 2017-03-03 09:09:08,812 - [WARN::PushService] - [Thread:66] try send mi push message. packagename:com.miui.virtualsim action:Notification
D/ActivityThread(18345): SVC-Creating service: CreateServiceData{token=android.os.BinderProxy@3c97717d className=com.xiaomi.mipush.sdk.PushMessageHandler packageName=com.miui.virtualsim intent=null}
D/ActivityThread(18345): SVC-Calling onStartCommand: com.xiaomi.mipush.sdk.PushMessageHandler@34bd9872, flags=0, startId=1
D/ActivityThread(18345): SVC-Creating service: CreateServiceData{token=android.os.BinderProxy@1358d4c3 className=com.xiaomi.mipush.sdk.MessageHandleService packageName=com.miui.virtualsim intent=null}
D/TidaProvider(18413): TidaProvider()
D/ActivityThread(18345): SVC-Calling onStartCommand: com.xiaomi.mipush.sdk.MessageHandleService@1f783140, flags=0, startId=1
D/ActivityThread(18345): SVC-Destroying service: com.xiaomi.mipush.sdk.PushMessageHandler@34bd9872
V/SettingsInterface(18413): invalidate [system]: current 4364 != cached 0
D/ActivityManager(  779): getContentProviderImpl: from caller=android.app.ApplicationThreadProxy@2dfb7694 (pid=18413, userId=0) to get content provider settings cpr=ContentProviderRecord{10e47ef4 u0 com.android.providers.settings/.SettingsProvider}
D/ActivityManager(  779): getContentProviderImpl: updateLruProcessLocked cpr.proc=ProcessRecord{2d221f8e 779:system/1000}
V/SettingsInterface( 2043):  from settings cache , name = multi_sim_data_call , value = 1
D/ActivityThread(18413): hoder:android.app.IActivityManager$ContentProviderHolder@3aaae8ac,provider,holder.Provider:android.content.ContentProviderProxy@2eb1a975
V/SettingsProvider(  779): call(system:anr_debugging_mechanism) for 0
D/SettingsProvider(  779): lookupValue table system cache contains Key anr_debugging_mechanism , value = Bundle[{value=1}]
D/ActivityThread(18345): SVC-Destroying service: com.xiaomi.mipush.sdk.MessageHandleService@1f783140
V/SettingsInterface( 2043):  from settings cache , name = multi_sim_data_call , value = 1
I/libthemeutils(18413): Theme libthemeutil.so load success
W/ResourcesManager(18413): Asset path '/system/framework/android-support-v13.jar' does not exist or contains no resources.
D/miuisdk (18413): current sdk level is 9
D/ActivityThread(18413): installProvider: context.getPackageName()=com.miui.weather2
D/ActivityManager(  779): publishContentProviders: from caller=android.app.ApplicationThreadProxy@3caac53d (pid=18413)
W/ActivityManager(  779): getRunningAppProcesses: caller 10026 is using old GET_TASKS but privileged; allowing
W/ActivityManager(  779): getRunningAppProcesses: caller 10026 is using old GET_TASKS but privileged; allowing
D/ActivityThread(18413): BDC-Calling onReceive: intent=Intent { flg=0x114 cmp=com.miui.weather2/.receiver.ReceiverUpdateWeather (has extras) }, receiver=com.miui.weather2.receiver.ReceiverUpdateWeather@39a2922d
I/ANRManager(  779): CPU update time < 2.5sec
D/AlarmManager(  779): onSendFinished begin
D/PowerManagerNotifier(  779): onWakeLockReleased: flags=1, tag="*alarm*", packageName=android, ownerUid=1000, ownerPid=779, workSource=WorkSource{10026}
D/WifiDisplayAdapter(  779): getWifiDisplayStatusLocked: result=WifiDisplayStatus{featureState=2, scanState=0, activeDisplayState=0, activeDisplay=null, displays=[], sessionInfo=WifiDisplaySessionInfo: C/O:Client,GId:,Pp:,SId:0,IP:}
D/PowerManagerService(  779): isWfdEnabled() mWfdStatus=WifiDisplayStatus{featureState=2, scanState=0, activeDisplayState=0, activeDisplay=null, displays=[], sessionInfo=WifiDisplaySessionInfo: C/O:Client,GId:,Pp:,SId:0,IP:}, return false
D/DisplayPowerController(  779): requestPowerState: policy=OFF, useProximitySensor=false, screenBrightness=62, screenAutoBrightnessAdjustment=0.0, useAutoBrightness=false, blockScreenOn=false, lowPowerMode=false, dozeScreenBrightness=-1, dozeScreenState=UNKNOWN, waitForNegativeProximity=false
D/ActivityThread( 1213): SVC-Calling onStartCommand: com.miui.internal.server.CoreService@1f3ddfd6, flags=0, startId=13921
W/ADB_SERVICES( 9297): create_local_service_socket() name=shell:cat /proc/net/xt_qtaguid/stats | grep 10215
W/ADB_SERVICES( 9297): service_to_fd() name=shell:cat /proc/net/xt_qtaguid/stats | grep 10215
W/ADB_SERVICES( 9297): read_meminfo() mem_free=119768
W/ADB_SERVICES( 9297): create_subproc ret_fd=53 pid=18442
W/ADB_SERVICES( 9297): LS(76760): bound to 'shell:cat /proc/net/xt_qtaguid/stats | grep 10215' via 53
W/ADB_SERVICES(18442): adb: unable to update oom_score_adj
D/ActivityThread(21984): BDC-Calling onReceive: intent=Intent { act=com.android.action.NETWORK_POLICY_UPDATE flg=0x10 cmp=com.android.providers.downloads/.receiver.DataUsageRecevier }, receiver=com.android.providers.downloads.receiver.DataUsageRecevier@360b3b7f
V/SettingsInterface( 1325): invalidate [system]: current 4364 != cached 4362
V/SettingsProvider(  779): call(system:misim_imsi) for 0
D/SettingsProvider(  779): lookupValue table system cache contains Key misim_imsi , value = Bundle[{value=null}]
V/SettingsProvider(  779): call(system:virtual_sim_imsi) for 0
D/SettingsProvider(  779): lookupValue table system cache contains Key virtual_sim_imsi , value = Bundle[{value=null}]
V/SettingsProvider(  779): call(system:virtual_sim_slot_id) for 0
D/SettingsProvider(  779): lookupValue table system cache contains Key virtual_sim_slot_id , value = Bundle[{value=null}]
V/SettingsInterface( 1325):  from settings cache , name = misim_imsi , value = null
V/SettingsInterface( 1325):  from settings cache , name = virtual_sim_imsi , value = null
V/SettingsInterface( 1325):  from settings cache , name = virtual_sim_slot_id , value = null
V/SettingsInterface(  779):  from settings cache , name = netstats_report_xt_over_dev , value = null
D/ADB_SERVICES( 9297):  closing because is_eof=1 r=-1 s->fde.force_eof=0
W/ADB_SERVICES( 9297): entered. LS(76760) fd=53
V/SettingsInterface(  779):  from settings cache , name = netstats_report_xt_over_dev , value = null
E/BroadcastQueue(  779): Process ProcessRecord{1b21d208 0:com.youyouza.pedmeter/u0a215} has been restarted , so skip the broadcast BroadcastRecord{1097042c u0 com.youyouza.updateUI.pedemeter}
W/ADB_SERVICES( 9297): create_local_service_socket() name=shell:cat /proc/11013/stat
W/ADB_SERVICES( 9297): service_to_fd() name=shell:cat /proc/11013/stat
W/ADB_SERVICES( 9297): read_meminfo() mem_free=118564
W/ADB_SERVICES( 9297): create_subproc ret_fd=53 pid=18446
W/ADB_SERVICES( 9297): LS(76761): bound to 'shell:cat /proc/11013/stat' via 53
W/ADB_SERVICES(18446): adb: unable to update oom_score_adj
D/ADB_SERVICES( 9297):  closing because is_eof=1 r=1 s->fde.force_eof=0
W/ADB_SERVICES( 9297): entered. LS(76761) fd=53
W/ADB_SERVICES( 9297): create_local_service_socket() name=shell:cat /proc/stat
W/ADB_SERVICES( 9297): service_to_fd() name=shell:cat /proc/stat
W/ADB_SERVICES( 9297): read_meminfo() mem_free=118564
W/ADB_SERVICES( 9297): create_subproc ret_fd=53 pid=18447
W/ADB_SERVICES( 9297): LS(76762): bound to 'shell:cat /proc/stat' via 53
W/ADB_SERVICES(18447): adb: unable to update oom_score_adj
D/ADB_SERVICES( 9297):  closing because is_eof=1 r=1 s->fde.force_eof=0
W/ADB_SERVICES( 9297): entered. LS(76762) fd=53
I/ActivityManager(  779): Start proc com.miui.securitycore for service com.miui.securitycore/com.miui.securityspace.service.SpaceService: pid=18448 uid=1000 gids={41000, 9997, 3002, 3001, 1007, 1028, 1015, 3003, 1013, 1035, 3005, 3006, 1023, 2001, 3007} abi=arm64-v8a
