D/WifiDisplayAdapter(  779): getWifiDisplayStatusLocked: result=WifiDisplayStatus{featureState=2, scanState=0, activeDisplayState=0, activeDisplay=null, displays=[], sessionInfo=WifiDisplaySessionInfo: C/O:Client,GId:,Pp:,SId:0,IP:}
D/PowerManagerService(  779): isWfdEnabled() mWfdStatus=WifiDisplayStatus{featureState=2, scanState=0, activeDisplayState=0, activeDisplay=null, displays=[], sessionInfo=WifiDisplaySessionInfo: C/O:Client,GId:,Pp:,SId:0,IP:}, return false
D/DisplayPowerController(  779): requestPowerState: policy=BRIGHT, useProximitySensor=false, screenBrightness=123, screenAutoBrightnessAdjustment=0.0, useAutoBrightness=false, blockScreenOn=false, lowPowerMode=false, dozeScreenBrightness=-1, dozeScreenState=UNKNOWN, waitForNegativeProximity=false
V/AlarmManager(  779): isAlarmNeedAlign : charging
V/AlarmManager(  779): isAlarmNeedAlign : charging
V/AlarmManager(  779): isAlarmNeedAlign : charging
V/AlarmManager(  779): isAlarmNeedAlign : charging
V/AlarmManager(  779): isAlarmNeedAlign : charging
V/AlarmManager(  779): isAlarmNeedAlign : charging
V/AlarmManager(  779): isAlarmNeedAlign : charging
V/AlarmManager(  779): isAlarmNeedAlign : charging
V/AlarmManager(  779): isAlarmNeedAlign : charging
V/AlarmManager(  779): isAlarmNeedAlign : charging
V/AlarmManager(  779): isAlarmNeedAlign : charging
V/AlarmManager(  779): isAlarmNeedAlign : charging
V/AlarmManager(  779): isAlarmNeedAlign : charging
V/AlarmManager(  779): isAlarmNeedAlign : charging
V/AlarmManager(  779): isAlarmNeedAlign : charging
V/AlarmManager(  779): isAlarmNeedAlign : charging
V/AlarmManager(  779): isAlarmNeedAlign : charging
V/AlarmManager(  779): isAlarmNeedAlign : charging
V/AlarmManager(  779): isAlarmNeedAlign : charging
V/AlarmManager(  779): isAlarmNeedAlign : charging
V/AlarmManager(  779): isAlarmNeedAlign : charging
V/AlarmManager(  779): isAlarmNeedAlign : charging
V/AlarmManager(  779): isAlarmNeedAlign : charging
V/AlarmManager(  779): isAlarmNeedAlign : charging
V/AlarmManager(  779): isAlarmNeedAlign : charging
V/AlarmManager(  779): isAlarmNeedAlign : charging
V/AlarmManager(  779): isAlarmNeedAlign : charging
V/AlarmManager(  779): isAlarmNeedAlign : charging
V/AlarmManager(  779): isAlarmNeedAlign : charging
V/AlarmManager(  779): isAlarmNeedAlign : charging
V/AlarmManager(  779): isAlarmNeedAlign : charging
V/AlarmManager(  779): isAlarmNeedAlign : charging
V/AlarmManager(  779): isAlarmNeedAlign : charging
V/AlarmManager(  779): isAlarmNeedAlign : charging
V/AlarmManager(  779): isAlarmNeedAlign : charging
D/PowerManagerNotifier(  779): onWakeLockReleased: flags=1, tag="*job*/com.android.settings/.cloud.ConnectivityChangeJobService", packageName=android, ownerUid=1000, ownerPid=779, workSource=WorkSource{1000}
V/AlarmManager(  779): isAlarmNeedAlign : charging
V/AlarmManager(  779): isAlarmNeedAlign : charging
V/AlarmManager(  779): isAlarmNeedAlign : charging
D/WifiDisplayAdapter(  779): getWifiDisplayStatusLocked: result=WifiDisplayStatus{featureState=2, scanState=0, activeDisplayState=0, activeDisplay=null, displays=[], sessionInfo=WifiDisplaySessionInfo: C/O:Client,GId:,Pp:,SId:0,IP:}
V/AlarmManager(  779): isAlarmNeedAlign : charging
D/PowerManagerService(  779): isWfdEnabled() mWfdStatus=WifiDisplayStatus{featureState=2, scanState=0, activeDisplayState=0, activeDisplay=null, displays=[], sessionInfo=WifiDisplaySessionInfo: C/O:Client,GId:,Pp:,SId:0,IP:}, return false
V/AlarmManager(  779): isAlarmNeedAlign : charging
D/DisplayPowerController(  779): requestPowerState: policy=BRIGHT, useProximitySensor=false, screenBrightness=123, screenAutoBrightnessAdjustment=0.0, useAutoBrightness=false, blockScreenOn=false, lowPowerMode=false, dozeScreenBrightness=-1, dozeScreenState=UNKNOWN, waitForNegativeProximity=false
V/AlarmManager(  779): isAlarmNeedAlign : charging
V/AlarmManager(  779): isAlarmNeedAlign : charging
V/AlarmManager(  779): isAlarmNeedAlign : charging
V/AlarmManager(  779): isAlarmNeedAlign : charging
V/AlarmManager(  779): isAlarmNeedAlign : charging
V/AlarmManager(  779): isAlarmNeedAlign : charging
V/AlarmManager(  779): isAlarmNeedAlign : charging
V/AlarmManager(  779): isAlarmNeedAlign : charging
V/AlarmManager(  779): isAlarmNeedAlign : charging
V/AlarmManager(  779): isAlarmNeedAlign : charging
D/AlarmManager(  779): rebatchAllAlarmsLocked end
D/AlarmManager(  779): set alarm to RTC 1295878267
W/AlarmManager(  779): operation package = android CTS_Alarm = false
V/AlarmManager(  779): isAlarmNeedAlign : charging
W/AlarmManager(  779): operation package = android CTS_Alarm = false
V/AlarmManager(  779): isAlarmNeedAlign : charging
D/AlarmManager(  779): remove(operation) changed bounds; rebatching
D/AlarmManager(  779): rebatchAllAlarmsLocked begin oldBatches count = 49
V/AlarmManager(  779): isAlarmNeedAlign : charging
V/AlarmManager(  779): isAlarmNeedAlign : charging
D/ActivityThread(17014): SVC-Destroying service: com.android.settings.display.ScreenPaperModeUpdateService@3af1c2e0
V/AlarmManager(  779): isAlarmNeedAlign : charging
V/AlarmManager(  779): isAlarmNeedAlign : charging
D/ActivityThread(17014): SVC-Destroying service: com.android.settings.cloud.ConnectivityChangeJobService@1b906999
V/AlarmManager(  779): isAlarmNeedAlign : charging
V/AlarmManager(  779): isAlarmNeedAlign : charging
V/AlarmManager(  779): isAlarmNeedAlign : charging
V/AlarmManager(  779): isAlarmNeedAlign : charging
V/AlarmManager(  779): isAlarmNeedAlign : charging
V/AlarmManager(  779): isAlarmNeedAlign : charging
V/AlarmManager(  779): isAlarmNeedAlign : charging
V/AlarmManager(  779): isAlarmNeedAlign : charging
V/AlarmManager(  779): isAlarmNeedAlign : charging
V/AlarmManager(  779): isAlarmNeedAlign : charging
V/AlarmManager(  779): isAlarmNeedAlign : charging
V/AlarmManager(  779): isAlarmNeedAlign : charging
V/AlarmManager(  779): isAlarmNeedAlign : charging
V/AlarmManager(  779): isAlarmNeedAlign : charging
V/AlarmManager(  779): isAlarmNeedAlign : charging
V/AlarmManager(  779): isAlarmNeedAlign : charging
V/AlarmManager(  779): isAlarmNeedAlign : charging
V/AlarmManager(  779): isAlarmNeedAlign : charging
V/AlarmManager(  779): isAlarmNeedAlign : charging
V/AlarmManager(  779): isAlarmNeedAlign : charging
V/AlarmManager(  779): isAlarmNeedAlign : charging
V/AlarmManager(  779): isAlarmNeedAlign : charging
V/AlarmManager(  779): isAlarmNeedAlign : charging
V/AlarmManager(  779): isAlarmNeedAlign : charging
V/AlarmManager(  779): isAlarmNeedAlign : charging
V/AlarmManager(  779): isAlarmNeedAlign : charging
V/AlarmManager(  779): isAlarmNeedAlign : charging
V/AlarmManager(  779): isAlarmNeedAlign : charging
V/AlarmManager(  779): isAlarmNeedAlign : charging
V/AlarmManager(  779): isAlarmNeedAlign : charging
V/AlarmManager(  779): isAlarmNeedAlign : charging
V/AlarmManager(  779): isAlarmNeedAlign : charging
V/AlarmManager(  779): isAlarmNeedAlign : charging
V/AlarmManager(  779): isAlarmNeedAlign : charging
V/AlarmManager(  779): isAlarmNeedAlign : charging
V/AlarmManager(  779): isAlarmNeedAlign : charging
V/AlarmManager(  779): isAlarmNeedAlign : charging
V/AlarmManager(  779): isAlarmNeedAlign : charging
V/AlarmManager(  779): isAlarmNeedAlign : charging
V/AlarmManager(  779): isAlarmNeedAlign : charging
V/AlarmManager(  779): isAlarmNeedAlign : charging
V/AlarmManager(  779): isAlarmNeedAlign : charging
V/AlarmManager(  779): isAlarmNeedAlign : charging
V/AlarmManager(  779): isAlarmNeedAlign : charging
V/AlarmManager(  779): isAlarmNeedAlign : charging
V/AlarmManager(  779): isAlarmNeedAlign : charging
V/AlarmManager(  779): isAlarmNeedAlign : charging
V/AlarmManager(  779): isAlarmNeedAlign : charging
V/AlarmManager(  779): isAlarmNeedAlign : charging
V/AlarmManager(  779): isAlarmNeedAlign : charging
V/AlarmManager(  779): isAlarmNeedAlign : charging
V/AlarmManager(  779): isAlarmNeedAlign : charging
V/AlarmManager(  779): isAlarmNeedAlign : charging
V/AlarmManager(  779): isAlarmNeedAlign : charging
V/AlarmManager(  779): isAlarmNeedAlign : charging
V/AlarmManager(  779): isAlarmNeedAlign : charging
V/AlarmManager(  779): isAlarmNeedAlign : charging
V/AlarmManager(  779): isAlarmNeedAlign : charging
V/AlarmManager(  779): isAlarmNeedAlign : charging
V/AlarmManager(  779): isAlarmNeedAlign : charging
V/AlarmManager(  779): isAlarmNeedAlign : charging
V/AlarmManager(  779): isAlarmNeedAlign : charging
V/AlarmManager(  779): isAlarmNeedAlign : charging
V/AlarmManager(  779): isAlarmNeedAlign : charging
V/AlarmManager(  779): isAlarmNeedAlign : charging
V/AlarmManager(  779): isAlarmNeedAlign : charging
V/AlarmManager(  779): isAlarmNeedAlign : charging
V/AlarmManager(  779): isAlarmNeedAlign : charging
V/AlarmManager(  779): isAlarmNeedAlign : charging
V/AlarmManager(  779): isAlarmNeedAlign : charging
V/AlarmManager(  779): isAlarmNeedAlign : charging
V/AlarmManager(  779): isAlarmNeedAlign : charging
V/AlarmManager(  779): isAlarmNeedAlign : charging
V/AlarmManager(  779): isAlarmNeedAlign : charging
V/AlarmManager(  779): isAlarmNeedAlign : charging
V/AlarmManager(  779): isAlarmNeedAlign : charging
V/AlarmManager(  779): isAlarmNeedAlign : charging
V/AlarmManager(  779): isAlarmNeedAlign : charging
V/AlarmManager(  779): isAlarmNeedAlign : charging
V/AlarmManager(  779): isAlarmNeedAlign : charging
V/AlarmManager(  779): isAlarmNeedAlign : charging
V/AlarmManager(  779): isAlarmNeedAlign : charging
V/AlarmManager(  779): isAlarmNeedAlign : charging
V/AlarmManager(  779): isAlarmNeedAlign : charging
V/AlarmManager(  779): isAlarmNeedAlign : charging
V/AlarmManager(  779): isAlarmNeedAlign : charging
V/AlarmManager(  779): isAlarmNeedAlign : charging
D/AlarmManager(  779): set alarm to RTC 1295873267
D/AlarmManager(  779): rebatchAllAlarmsLocked end
D/AlarmManager(  779): remove(operation) changed bounds; rebatching
D/AlarmManager(  779): rebatchAllAlarmsLocked begin oldBatches count = 48
V/AlarmManager(  779): isAlarmNeedAlign : charging
V/AlarmManager(  779): isAlarmNeedAlign : charging
V/AlarmManager(  779): isAlarmNeedAlign : charging
V/AlarmManager(  779): isAlarmNeedAlign : charging
V/AlarmManager(  779): isAlarmNeedAlign : charging
V/AlarmManager(  779): isAlarmNeedAlign : charging
V/AlarmManager(  779): isAlarmNeedAlign : charging
V/AlarmManager(  779): isAlarmNeedAlign : charging
V/AlarmManager(  779): isAlarmNeedAlign : charging
V/AlarmManager(  779): isAlarmNeedAlign : charging
V/AlarmManager(  779): isAlarmNeedAlign : charging
V/AlarmManager(  779): isAlarmNeedAlign : charging
V/AlarmManager(  779): isAlarmNeedAlign : charging
V/AlarmManager(  779): isAlarmNeedAlign : charging
V/AlarmManager(  779): isAlarmNeedAlign : charging
V/AlarmManager(  779): isAlarmNeedAlign : charging
V/AlarmManager(  779): isAlarmNeedAlign : charging
V/AlarmManager(  779): isAlarmNeedAlign : charging
V/AlarmManager(  779): isAlarmNeedAlign : charging
V/AlarmManager(  779): isAlarmNeedAlign : charging
V/AlarmManager(  779): isAlarmNeedAlign : charging
V/AlarmManager(  779): isAlarmNeedAlign : charging
V/AlarmManager(  779): isAlarmNeedAlign : charging
V/AlarmManager(  779): isAlarmNeedAlign : charging
V/AlarmManager(  779): isAlarmNeedAlign : charging
V/AlarmManager(  779): isAlarmNeedAlign : charging
V/AlarmManager(  779): isAlarmNeedAlign : charging
V/AlarmManager(  779): isAlarmNeedAlign : charging
V/AlarmManager(  779): isAlarmNeedAlign : charging
V/AlarmManager(  779): isAlarmNeedAlign : charging
V/AlarmManager(  779): isAlarmNeedAlign : charging
D/ActivityThread(17044): SVC-Creating service: CreateServiceData{token=android.os.BinderProxy@2c40d9e5 className=com.android.settings.cloud.CloudJobService packageName=com.android.settings intent=null}
V/AlarmManager(  779): isAlarmNeedAlign : charging
V/AlarmManager(  779): isAlarmNeedAlign : charging
V/AlarmManager(  779): isAlarmNeedAlign : charging
V/AlarmManager(  779): isAlarmNeedAlign : charging
V/AlarmManager(  779): isAlarmNeedAlign : charging
V/AlarmManager(  779): isAlarmNeedAlign : charging
V/AlarmManager(  779): isAlarmNeedAlign : charging
V/AlarmManager(  779): isAlarmNeedAlign : charging
V/AlarmManager(  779): isAlarmNeedAlign : charging
V/AlarmManager(  779): isAlarmNeedAlign : charging
V/AlarmManager(  779): isAlarmNeedAlign : charging
V/AlarmManager(  779): isAlarmNeedAlign : charging
V/AlarmManager(  779): isAlarmNeedAlign : charging
V/AlarmManager(  779): isAlarmNeedAlign : charging
V/AlarmManager(  779): isAlarmNeedAlign : charging
V/AlarmManager(  779): isAlarmNeedAlign : charging
V/AlarmManager(  779): isAlarmNeedAlign : charging
V/AlarmManager(  779): isAlarmNeedAlign : charging
V/AlarmManager(  779): isAlarmNeedAlign : charging
V/AlarmManager(  779): isAlarmNeedAlign : charging
V/AlarmManager(  779): isAlarmNeedAlign : charging
V/AlarmManager(  779): isAlarmNeedAlign : charging
V/AlarmManager(  779): isAlarmNeedAlign : charging
V/AlarmManager(  779): isAlarmNeedAlign : charging
V/AlarmManager(  779): isAlarmNeedAlign : charging
V/AlarmManager(  779): isAlarmNeedAlign : charging
V/AlarmManager(  779): isAlarmNeedAlign : charging
V/AlarmManager(  779): isAlarmNeedAlign : charging
V/AlarmManager(  779): isAlarmNeedAlign : charging
V/AlarmManager(  779): isAlarmNeedAlign : charging
V/AlarmManager(  779): isAlarmNeedAlign : charging
V/AlarmManager(  779): isAlarmNeedAlign : charging
V/AlarmManager(  779): isAlarmNeedAlign : charging
V/AlarmManager(  779): isAlarmNeedAlign : charging
V/AlarmManager(  779): isAlarmNeedAlign : charging
V/AlarmManager(  779): isAlarmNeedAlign : charging
V/AlarmManager(  779): isAlarmNeedAlign : charging
V/AlarmManager(  779): isAlarmNeedAlign : charging
V/AlarmManager(  779): isAlarmNeedAlign : charging
V/AlarmManager(  779): isAlarmNeedAlign : charging
V/AlarmManager(  779): isAlarmNeedAlign : charging
V/AlarmManager(  779): isAlarmNeedAlign : charging
V/AlarmManager(  779): isAlarmNeedAlign : charging
V/AlarmManager(  779): isAlarmNeedAlign : charging
V/AlarmManager(  779): isAlarmNeedAlign : charging
V/AlarmManager(  779): isAlarmNeedAlign : charging
V/AlarmManager(  779): isAlarmNeedAlign : charging
V/AlarmManager(  779): isAlarmNeedAlign : charging
V/AlarmManager(  779): isAlarmNeedAlign : charging
V/AlarmManager(  779): isAlarmNeedAlign : charging
V/AlarmManager(  779): isAlarmNeedAlign : charging
V/AlarmManager(  779): isAlarmNeedAlign : charging
V/AlarmManager(  779): isAlarmNeedAlign : charging
V/AlarmManager(  779): isAlarmNeedAlign : charging
V/AlarmManager(  779): isAlarmNeedAlign : charging
V/AlarmManager(  779): isAlarmNeedAlign : charging
V/AlarmManager(  779): isAlarmNeedAlign : charging
V/AlarmManager(  779): isAlarmNeedAlign : charging
V/AlarmManager(  779): isAlarmNeedAlign : charging
V/AlarmManager(  779): isAlarmNeedAlign : charging
V/AlarmManager(  779): isAlarmNeedAlign : charging
D/AlarmManager(  779): set alarm to RTC 1295883741
D/AlarmManager(  779): rebatchAllAlarmsLocked end
W/AlarmManager(  779): operation package = android CTS_Alarm = false
V/AlarmManager(  779): isAlarmNeedAlign : charging
D/AlarmManager(  779): remove(operation) changed bounds; rebatching
D/AlarmManager(  779): rebatchAllAlarmsLocked begin oldBatches count = 48
V/AlarmManager(  779): isAlarmNeedAlign : charging
V/AlarmManager(  779): isAlarmNeedAlign : charging
V/AlarmManager(  779): isAlarmNeedAlign : charging
V/AlarmManager(  779): isAlarmNeedAlign : charging
W/ContextImpl(17044): Calling a method in the system process without a qualified user: android.app.ContextImpl.startService:1817 android.content.ContextWrapper.startService:525 miui.core.SdkManager$1.run:189 android.os.Handler.handleCallback:815 android.os.Handler.dispatchMessage:104 
V/AlarmManager(  779): isAlarmNeedAlign : charging
V/AlarmManager(  779): isAlarmNeedAlign : charging
V/AlarmManager(  779): isAlarmNeedAlign : charging
V/AlarmManager(  779): isAlarmNeedAlign : charging
V/AlarmManager(  779): isAlarmNeedAlign : charging
V/AlarmManager(  779): isAlarmNeedAlign : charging
V/AlarmManager(  779): isAlarmNeedAlign : charging
V/AlarmManager(  779): isAlarmNeedAlign : charging
V/AlarmManager(  779): isAlarmNeedAlign : charging
V/AlarmManager(  779): isAlarmNeedAlign : charging
V/AlarmManager(  779): isAlarmNeedAlign : charging
V/AlarmManager(  779): isAlarmNeedAlign : charging
V/AlarmManager(  779): isAlarmNeedAlign : charging
V/AlarmManager(  779): isAlarmNeedAlign : charging
V/AlarmManager(  779): isAlarmNeedAlign : charging
V/AlarmManager(  779): isAlarmNeedAlign : charging
V/AlarmManager(  779): isAlarmNeedAlign : charging
V/AlarmManager(  779): isAlarmNeedAlign : charging
V/AlarmManager(  779): isAlarmNeedAlign : charging
V/AlarmManager(  779): isAlarmNeedAlign : charging
V/AlarmManager(  779): isAlarmNeedAlign : charging
V/AlarmManager(  779): isAlarmNeedAlign : charging
V/AlarmManager(  779): isAlarmNeedAlign : charging
V/AlarmManager(  779): isAlarmNeedAlign : charging
V/AlarmManager(  779): isAlarmNeedAlign : charging
V/AlarmManager(  779): isAlarmNeedAlign : charging
V/AlarmManager(  779): isAlarmNeedAlign : charging
V/AlarmManager(  779): isAlarmNeedAlign : charging
V/AlarmManager(  779): isAlarmNeedAlign : charging
V/AlarmManager(  779): isAlarmNeedAlign : charging
V/AlarmManager(  779): isAlarmNeedAlign : charging
V/AlarmManager(  779): isAlarmNeedAlign : charging
V/AlarmManager(  779): isAlarmNeedAlign : charging
V/AlarmManager(  779): isAlarmNeedAlign : charging
V/AlarmManager(  779): isAlarmNeedAlign : charging
V/AlarmManager(  779): isAlarmNeedAlign : charging
V/AlarmManager(  779): isAlarmNeedAlign : charging
V/AlarmManager(  779): isAlarmNeedAlign : charging
V/AlarmManager(  779): isAlarmNeedAlign : charging
V/AlarmManager(  779): isAlarmNeedAlign : charging
V/AlarmManager(  779): isAlarmNeedAlign : charging
V/AlarmManager(  779): isAlarmNeedAlign : charging
V/AlarmManager(  779): isAlarmNeedAlign : charging
V/AlarmManager(  779): isAlarmNeedAlign : charging
V/AlarmManager(  779): isAlarmNeedAlign : charging
D/ActivityThread( 1213): SVC-Calling onStartCommand: com.miui.internal.server.CoreService@1f3ddfd6, flags=0, startId=14523
V/AlarmManager(  779): isAlarmNeedAlign : charging
V/AlarmManager(  779): isAlarmNeedAlign : charging
V/AlarmManager(  779): isAlarmNeedAlign : charging
V/AlarmManager(  779): isAlarmNeedAlign : charging
V/AlarmManager(  779): isAlarmNeedAlign : charging
V/MI_STAT (17044): receive a broadcast:android.net.conn.CONNECTIVITY_CHANGE
V/MI_STAT (17044): sticky broadcast, skip it, android.net.conn.CONNECTIVITY_CHANGE
V/AlarmManager(  779): isAlarmNeedAlign : charging
V/AlarmManager(  779): isAlarmNeedAlign : charging
V/AlarmManager(  779): isAlarmNeedAlign : charging
V/AlarmManager(  779): isAlarmNeedAlign : charging
V/AlarmManager(  779): isAlarmNeedAlign : charging
V/AlarmManager(  779): isAlarmNeedAlign : charging
V/AlarmManager(  779): isAlarmNeedAlign : charging
V/AlarmManager(  779): isAlarmNeedAlign : charging
V/AlarmManager(  779): isAlarmNeedAlign : charging
V/AlarmManager(  779): isAlarmNeedAlign : charging
V/AlarmManager(  779): isAlarmNeedAlign : charging
V/AlarmManager(  779): isAlarmNeedAlign : charging
V/AlarmManager(  779): isAlarmNeedAlign : charging
V/AlarmManager(  779): isAlarmNeedAlign : charging
V/AlarmManager(  779): isAlarmNeedAlign : charging
V/AlarmManager(  779): isAlarmNeedAlign : charging
V/AlarmManager(  779): isAlarmNeedAlign : charging
V/AlarmManager(  779): isAlarmNeedAlign : charging
V/AlarmManager(  779): isAlarmNeedAlign : charging
V/AlarmManager(  779): isAlarmNeedAlign : charging
V/AlarmManager(  779): isAlarmNeedAlign : charging
V/AlarmManager(  779): isAlarmNeedAlign : charging
V/AlarmManager(  779): isAlarmNeedAlign : charging
V/AlarmManager(  779): isAlarmNeedAlign : charging
V/AlarmManager(  779): isAlarmNeedAlign : charging
V/AlarmManager(  779): isAlarmNeedAlign : charging
V/AlarmManager(  779): isAlarmNeedAlign : charging
V/AlarmManager(  779): isAlarmNeedAlign : charging
V/AlarmManager(  779): isAlarmNeedAlign : charging
V/AlarmManager(  779): isAlarmNeedAlign : charging
V/AlarmManager(  779): isAlarmNeedAlign : charging
V/AlarmManager(  779): isAlarmNeedAlign : charging
V/AlarmManager(  779): isAlarmNeedAlign : charging
V/AlarmManager(  779): isAlarmNeedAlign : charging
V/AlarmManager(  779): isAlarmNeedAlign : charging
V/AlarmManager(  779): isAlarmNeedAlign : charging
V/AlarmManager(  779): isAlarmNeedAlign : charging
V/AlarmManager(  779): isAlarmNeedAlign : charging
D/AlarmManager(  779): rebatchAllAlarmsLocked end
W/AlarmManager(  779): operation package = android CTS_Alarm = false
V/AlarmManager(  779): isAlarmNeedAlign : charging
D/AlarmManager(  779): remove(operation) changed bounds; rebatching
D/AlarmManager(  779): rebatchAllAlarmsLocked begin oldBatches count = 49
V/AlarmManager(  779): isAlarmNeedAlign : charging
V/AlarmManager(  779): isAlarmNeedAlign : charging
V/AlarmManager(  779): isAlarmNeedAlign : charging
V/AlarmManager(  779): isAlarmNeedAlign : charging
V/AlarmManager(  779): isAlarmNeedAlign : charging
V/AlarmManager(  779): isAlarmNeedAlign : charging
V/AlarmManager(  779): isAlarmNeedAlign : charging
V/AlarmManager(  779): isAlarmNeedAlign : charging
V/AlarmManager(  779): isAlarmNeedAlign : charging
V/AlarmManager(  779): isAlarmNeedAlign : charging
V/AlarmManager(  779): isAlarmNeedAlign : charging
V/AlarmManager(  779): isAlarmNeedAlign : charging
V/AlarmManager(  779): isAlarmNeedAlign : charging
V/AlarmManager(  779): isAlarmNeedAlign : charging
V/AlarmManager(  779): isAlarmNeedAlign : charging
V/AlarmManager(  779): isAlarmNeedAlign : charging
V/AlarmManager(  779): isAlarmNeedAlign : charging
V/AlarmManager(  779): isAlarmNeedAlign : charging
V/AlarmManager(  779): isAlarmNeedAlign : charging
V/AlarmManager(  779): isAlarmNeedAlign : charging
V/AlarmManager(  779): isAlarmNeedAlign : charging
V/AlarmManager(  779): isAlarmNeedAlign : charging
V/AlarmManager(  779): isAlarmNeedAlign : charging
V/AlarmManager(  779): isAlarmNeedAlign : charging
V/AlarmManager(  779): isAlarmNeedAlign : charging
V/AlarmManager(  779): isAlarmNeedAlign : charging
V/AlarmManager(  779): isAlarmNeedAlign : charging
V/AlarmManager(  779): isAlarmNeedAlign : charging
V/AlarmManager(  779): isAlarmNeedAlign : charging
V/AlarmManager(  779): isAlarmNeedAlign : charging
V/AlarmManager(  779): isAlarmNeedAlign : charging
V/AlarmManager(  779): isAlarmNeedAlign : charging
V/AlarmManager(  779): isAlarmNeedAlign : charging
V/AlarmManager(  779): isAlarmNeedAlign : charging
V/AlarmManager(  779): isAlarmNeedAlign : charging
V/AlarmManager(  779): isAlarmNeedAlign : charging
V/AlarmManager(  779): isAlarmNeedAlign : charging
V/AlarmManager(  779): isAlarmNeedAlign : charging
V/AlarmManager(  779): isAlarmNeedAlign : charging
V/AlarmManager(  779): isAlarmNeedAlign : charging
V/AlarmManager(  779): isAlarmNeedAlign : charging
V/AlarmManager(  779): isAlarmNeedAlign : charging
V/AlarmManager(  779): isAlarmNeedAlign : charging
V/AlarmManager(  779): isAlarmNeedAlign : charging
V/AlarmManager(  779): isAlarmNeedAlign : charging
V/AlarmManager(  779): isAlarmNeedAlign : charging
V/AlarmManager(  779): isAlarmNeedAlign : charging
V/AlarmManager(  779): isAlarmNeedAlign : charging
V/AlarmManager(  779): isAlarmNeedAlign : charging
V/AlarmManager(  779): isAlarmNeedAlign : charging
V/AlarmManager(  779): isAlarmNeedAlign : charging
V/AlarmManager(  779): isAlarmNeedAlign : charging
V/AlarmManager(  779): isAlarmNeedAlign : charging
V/AlarmManager(  779): isAlarmNeedAlign : charging
V/AlarmManager(  779): isAlarmNeedAlign : charging
V/AlarmManager(  779): isAlarmNeedAlign : charging
V/AlarmManager(  779): isAlarmNeedAlign : charging
V/AlarmManager(  779): isAlarmNeedAlign : charging
V/AlarmManager(  779): isAlarmNeedAlign : charging
V/AlarmManager(  779): isAlarmNeedAlign : charging
V/AlarmManager(  779): isAlarmNeedAlign : charging
V/AlarmManager(  779): isAlarmNeedAlign : charging
V/AlarmManager(  779): isAlarmNeedAlign : charging
V/AlarmManager(  779): isAlarmNeedAlign : charging
V/AlarmManager(  779): isAlarmNeedAlign : charging
V/AlarmManager(  779): isAlarmNeedAlign : charging
V/AlarmManager(  779): isAlarmNeedAlign : charging
V/AlarmManager(  779): isAlarmNeedAlign : charging
V/AlarmManager(  779): isAlarmNeedAlign : charging
V/AlarmManager(  779): isAlarmNeedAlign : charging
V/AlarmManager(  779): isAlarmNeedAlign : charging
V/AlarmManager(  779): isAlarmNeedAlign : charging
V/AlarmManager(  779): isAlarmNeedAlign : charging
V/AlarmManager(  779): isAlarmNeedAlign : charging
V/AlarmManager(  779): isAlarmNeedAlign : charging
V/AlarmManager(  779): isAlarmNeedAlign : charging
V/AlarmManager(  779): isAlarmNeedAlign : charging
V/AlarmManager(  779): isAlarmNeedAlign : charging
V/AlarmManager(  779): isAlarmNeedAlign : charging
V/AlarmManager(  779): isAlarmNeedAlign : charging
V/AlarmManager(  779): isAlarmNeedAlign : charging
V/AlarmManager(  779): isAlarmNeedAlign : charging
V/AlarmManager(  779): isAlarmNeedAlign : charging
V/AlarmManager(  779): isAlarmNeedAlign : charging
V/AlarmManager(  779): isAlarmNeedAlign : charging
V/AlarmManager(  779): isAlarmNeedAlign : charging
V/AlarmManager(  779): isAlarmNeedAlign : charging
V/AlarmManager(  779): isAlarmNeedAlign : charging
V/AlarmManager(  779): isAlarmNeedAlign : charging
V/AlarmManager(  779): isAlarmNeedAlign : charging
V/AlarmManager(  779): isAlarmNeedAlign : charging
V/AlarmManager(  779): isAlarmNeedAlign : charging
D/AlarmManager(  779): rebatchAllAlarmsLocked end
D/PowerManagerService(  779): MTK-----android
D/PowerManagerService(  779): MTK-----*job*/com.android.settings/.cloud.CloudJobService
D/PowerManagerService(  779): wakelock list dump: mLocks.size=1:
D/PowerManagerService(  779): No.0: PARTIAL_WAKE_LOCK '*job*/com.android.settings/.cloud.CloudJobService'activated(flags=1, uid=1000, pid=779) total=0ms)
D/WifiDisplayAdapter(  779): getWifiDisplayStatusLocked: result=WifiDisplayStatus{featureState=2, scanState=0, activeDisplayState=0, activeDisplay=null, displays=[], sessionInfo=WifiDisplaySessionInfo: C/O:Client,GId:,Pp:,SId:0,IP:}
D/PowerManagerService(  779): isWfdEnabled() mWfdStatus=WifiDisplayStatus{featureState=2, scanState=0, activeDisplayState=0, activeDisplay=null, displays=[], sessionInfo=WifiDisplaySessionInfo: C/O:Client,GId:,Pp:,SId:0,IP:}, return false
D/DisplayPowerController(  779): requestPowerState: policy=BRIGHT, useProximitySensor=false, screenBrightness=123, screenAutoBrightnessAdjustment=0.0, useAutoBrightness=false, blockScreenOn=false, lowPowerMode=false, dozeScreenBrightness=-1, dozeScreenState=UNKNOWN, waitForNegativeProximity=false
D/PowerManagerNotifier(  779): onWakeLockAcquired: flags=1, tag="*job*/com.android.settings/.cloud.CloudJobService", packageName=android, ownerUid=1000, ownerPid=779, workSource=WorkSource{1000}
D/PowerManagerNotifier(  779): onWakeLockReleased: flags=1, tag="*job*/com.android.settings/.cloud.CloudJobService", packageName=android, ownerUid=1000, ownerPid=779, workSource=WorkSource{1000}
D/WifiDisplayAdapter(  779): getWifiDisplayStatusLocked: result=WifiDisplayStatus{featureState=2, scanState=0, activeDisplayState=0, activeDisplay=null, displays=[], sessionInfo=WifiDisplaySessionInfo: C/O:Client,GId:,Pp:,SId:0,IP:}
D/PowerManagerService(  779): isWfdEnabled() mWfdStatus=WifiDisplayStatus{featureState=2, scanState=0, activeDisplayState=0, activeDisplay=null, displays=[], sessionInfo=WifiDisplaySessionInfo: C/O:Client,GId:,Pp:,SId:0,IP:}, return false
D/DisplayPowerController(  779): requestPowerState: policy=BRIGHT, useProximitySensor=false, screenBrightness=123, screenAutoBrightnessAdjustment=0.0, useAutoBrightness=false, blockScreenOn=false, lowPowerMode=false, dozeScreenBrightness=-1, dozeScreenState=UNKNOWN, waitForNegativeProximity=false
D/ActivityThread(17044): SVC-Destroying service: com.android.settings.cloud.CloudJobService@61ebcba
I/chromium(14115): [INFO:CONSOLE(119)] " [  0.006s] [studio.sdk] ", source: https://s0.2mdn.net/ads/studio/Enabler.js (119)
E/WifiTrafficPoller(  779): TRAFFIC_STATS_POLL true Token 7334 num clients 26
E/WifiTrafficPoller(  779):  packet count Tx=6635575 Rx=11483908
D/PerfServiceManager(  779): [PerfService] MESSAGE_TIMER_SCN_SW_FRAME_UPDATE 
I/libPerfService(  779): 7: set: 1
I/libPerfService(  779): 7: set freq: 0
D/PerfServiceManager(  779): [PerfService] notifyFrameUpdate - bDuringTouchBoost:true 
D/PerfServiceManager(  779): [PerfService] MESSAGE_BOOST_ENABLE_TIMEOUT_MS [SCN_SW_FRAME_UPDATE] bDuringTouchBoost:true 
I/libPerfService(  779): 7: set freq: 1000000
I/libPerfService(  779): 7: set: 2
I/SurfaceFlinger(  256): [Built-in Screen (type:0)] fps:4.611538,dur:1084.24,max:532.99,min:99.95
D/ColorDrawable(14115): Color = -460552, canvas = android.view.GLES20RecordingCanvas@2497005d, mTintMode = SRC_IN, mTint = null, ColorDrawable = android.graphics.drawable.ColorDrawable@2fbec858
D/ColorDrawable(14115): Color = -1, canvas = android.view.GLES20RecordingCanvas@3b41f674, mTintMode = SRC_IN, mTint = null, ColorDrawable = android.graphics.drawable.ColorDrawable@234af228
D/ColorDrawable(14115): Color = -855310, canvas = android.view.GLES20RecordingCanvas@34a6f099, mTintMode = SRC_IN, mTint = null, ColorDrawable = android.graphics.drawable.ColorDrawable@3d0776fc
I/BufferQueueProducer(  256): [com.sina.weibo/com.sina.weibo.browser.WeiboBrowser](this:0x55a2292ac0,id:25139,api:1,p:14115,c:256) queueBuffer: fps=4.80 dur=1041.72 max=524.62 min=58.44
D/ColorDrawable(14115): Color = -460552, canvas = android.view.GLES20RecordingCanvas@2497005d, mTintMode = SRC_IN, mTint = null, ColorDrawable = android.graphics.drawable.ColorDrawable@2fbec858
D/ColorDrawable(14115): Color = -1, canvas = android.view.GLES20RecordingCanvas@3b41f674, mTintMode = SRC_IN, mTint = null, ColorDrawable = android.graphics.drawable.ColorDrawable@234af228
E/WifiStateMachine(  779):  ConnectedState (when=-2ms what=131155 arg1=2311!CMD_RSSI_POLL 2311 0 "TP-LINK_B9EC" 24:69:68:bb:b9:ec rssi=-43 f=2412 sc=60 link=40 tx=187.0, 0.0, 0.0  rx=188.3 bcn=0 [on:0 tx:0 rx:0 period:2729] from screen [on:0 period:-1807301816] gl hn u24 rssi=-38 ag=0 hr ticks 3,0,36 ls-=0 [56,56,60,60,65] brc=0 lrc=0mmls=
E/WifiStateMachine(  779): Failed=0 Retry=0 MultipleRetry=0 ACKFailure=0 FCSError=1306 tx_ok=0 rx_ok=0
E/WifiStateMachine(  779): Readl[crc=0 timeout=0] Writel[crc=0 timeout=0] ReadSb[crc=0 timeout=0] writeSb[crc=0 timeout=0]
E/WifiStateMachine(  779):  L2ConnectedState (when=-3ms what=131155 arg1=2311!CMD_RSSI_POLL 2311 0 "TP-LINK_B9EC" 24:69:68:bb:b9:ec rssi=-43 f=2412 sc=60 link=40 tx=187.0, 0.0, 0.0  rx=188.3 bcn=0 [on:0 tx:0 rx:0 period:1] from screen [on:0 period:-1807301815] gl hn u24 rssi=-38 ag=0 hr ticks 3,0,36 ls-=0 [56,56,60,60,65] brc=0 lrc=0mmls=
E/WifiStateMachine(  779): Failed=0 Retry=0 MultipleRetry=0 ACKFailure=0 FCSError=1306 tx_ok=0 rx_ok=0
E/WifiStateMachine(  779): Readl[crc=0 timeout=0] Writel[crc=0 timeout=0] ReadSb[crc=0 timeout=0] writeSb[crc=0 timeout=0]
E/WifiStateMachine(  779):  get link layer stats 0
D/WifiHW  (  779): enter -->wifi_send_command cmd=IFNAME=wlan0 SIGNAL_POLL
D/wpa_supplicant(21489): wlan0: Control interface command 'SIGNAL_POLL'
D/WifiHW  (  779): leave --> reply=RSSI=-43
D/WifiHW  (  779): LINKSPEED=81
D/WifiHW  (  779): NOISE=9999
D/WifiHW  (  779): FREQUENCY=2412
D/WifiHW  (  779): 
D/wifiJNI (  779): doStringCommand, buf IFNAME=wlan0 SIGNAL_POLL
I/WifiStateMachine(  779): fetchRssiLinkSpeedAndFrequencyNative, newRssi:-43, newLinkSpeed:81, SSID:"TP-LINK_B9EC"
D/WifiHW  (  779): enter -->wifi_send_command cmd=IFNAME=wlan0 DRIVER GET_STA_LINK_DETECT
D/wpa_supplicant(21489): wlan0: Control interface command 'DRIVER GET_STA_LINK_DETECT'
D/wpa_supplicant(21489): iface wlan0 recv cmd GET_STA_LINK_DETECT
D/wpa_supplicant(21489): get_sta_link_detect
D/wpa_supplicant(21489): nl80211: Test Mode buflen = 16, ifindex=73
D/WifiHW  (  779): leave --> reply=
D/WifiHW  (  779): Failed=0 Retry=1 MultipleRetry=1 ACKFailure=4 FCSError=951 tx_ok=4 rx_ok=0
D/WifiHW  (  779): Readl[crc=0 timeout=0] Writel[crc=0 timeout=0] ReadSb[crc=0 timeout=0] writeSb[crc=0 timeout=0]
D/WifiHW  (  779): 
D/wifiJNI (  779): doStringCommand, buf IFNAME=wlan0 DRIVER GET_STA_LINK_DETECT
E/WifiStateMachine(  779): wifiLinkStatics=
E/WifiStateMachine(  779): Failed=0 Retry=1 MultipleRetry=1 ACKFailure=4 FCSError=951 tx_ok=4 rx_ok=0
E/WifiStateMachine(  779): Readl[crc=0 timeout=0] Writel[crc=0 timeout=0] ReadSb[crc=0 timeout=0] writeSb[crc=0 timeout=0]
D/WifiStateMachine(  779): mLastSignalLevel:4, newSignalLevel:4
E/WifiConfigStore(  779): updateConfiguration freq=2412 BSSID=24:69:68:bb:b9:ec RSSI=-43 "TP-LINK_B9EC"-WPA_PSK
V/ActivityManager(  779): Broadcast sticky: Intent { act=android.net.wifi.RSSI_CHANGED flg=0x4000010 (has extras) } ordered=false userid=-1 callerApp=ProcessRecord{2d221f8e 779:system/1000}
D/WifiWatchdogStateMachine(  779): RSSI current: 4 new: -43, 4
D/StatusBar.NetworkController(29805): slot=-10;action=android.net.wifi.RSSI_CHANGED
D/StatusBar.NetworkController(29805): updateNetworkName chosenNetType=13;mNetworkName[0]=移动 4G
D/PerfServiceManager(  779): [PerfService] MESSAGE_TIMER_SCN_SW_FRAME_UPDATE 
I/libPerfService(  779): 7: set: 1
I/libPerfService(  779): 7: set freq: 0
D/SocketClient(  274): SocketClient sendData done: 
D/libc-netbsd(14115): [getaddrinfo]: hostname=archive.eet-china.com; servname=(null); cache_mode=(null), netid=0; mark=0
D/libc-netbsd(14115): [getaddrinfo]: ai_addrlen=0; ai_canonname=(null); ai_flags=1024; ai_family=2
D/FrameworkListener(  274): dispatchCommand data = (getaddrinfo archive.eet-china.com ^ 1024 2 1 0 0)
D/libc-netbsd(  274): [getaddrinfo]: hostname=archive.eet-china.com; servname=(null); cache_mode=local, netid=418; mark=917922
D/libc-netbsd(  274): [getaddrinfo]: ai_addrlen=0; ai_canonname=(null); ai_flags=1024; ai_family=2
D/libc-netbsd(  274): res_queryN name = archive.eet-china.com, class = 1, type = 1
D/libc-netbsd(  274): netid=418, dns0:192.168.1.1
D/libc-netbsd(  274): netid=418, dns1:192.168.0.1
D/libc-netbsd(  274): netid=418, dns2:8.8.8.8
I/chromium(14115): [INFO:CONSOLE(119)] " [  1.033s] [studio.sdk] Using default ad parameters in test environment. Simulating local events.", source: https://s0.2mdn.net/ads/studio/Enabler.js (119)
D/PerfServiceManager(  779): [PerfService] notifyFrameUpdate - bDuringTouchBoost:true 
D/PerfServiceManager(  779): [PerfService] MESSAGE_BOOST_ENABLE_TIMEOUT_MS [SCN_SW_FRAME_UPDATE] bDuringTouchBoost:true 
I/libPerfService(  779): 7: set freq: 1000000
I/libPerfService(  779): 7: set: 2
D/AALService(  290): enableAALEvent: 0 -> 1
E/WifiTrafficPoller(  779): TRAFFIC_STATS_POLL true Token 7334 num clients 26
E/WifiTrafficPoller(  779):  packet count Tx=6635590 Rx=11483919
D/AALService(  290): enableAALEvent: 1 -> 0
D/PerfServiceManager(  779): [PerfService] MESSAGE_TIMER_SCN_SW_FRAME_UPDATE 
I/libPerfService(  779): 7: set: 1
I/libPerfService(  779): 7: set freq: 0
W/ActivityManager(  779): Activity stop timeout for ActivityRecord{15e0918c u0 com.sina.weibo/.MainTabActivity t4367}
I/thermal_repeater(  298): oh, queryMdThermalInfo (0)Bad file number
I/thermal_repeater(  298): [recvMdThermalInfo] ret=26, strLen=127,  3, 33, -127, -1, 32767, 2
D/PerfServiceManager(  779): [PerfService] notifyFrameUpdate - bDuringTouchBoost:true 
D/PerfServiceManager(  779): [PerfService] MESSAGE_BOOST_ENABLE_TIMEOUT_MS [SCN_SW_FRAME_UPDATE] bDuringTouchBoost:true 
I/libPerfService(  779): 7: set freq: 1000000
I/libPerfService(  779): 7: set: 2
I/BufferQueueProducer(  256): [com.sina.weibo/com.sina.weibo.browser.WeiboBrowser](this:0x55a2292ac0,id:25139,api:1,p:14115,c:256) queueBuffer: fps=2.18 dur=1831.33 max=1135.69 min=16.81
I/SurfaceFlinger(  256): [Built-in Screen (type:0)] fps:2.639232,dur:1894.49,max:1142.43,min:18.55
E/WifiTrafficPoller(  779): TRAFFIC_STATS_POLL true Token 7334 num clients 26
E/WifiTrafficPoller(  779):  packet count Tx=6635598 Rx=11483924
D/PerfServiceManager(  779): [PerfService] MESSAGE_TIMER_SCN_SW_FRAME_UPDATE 
I/libPerfService(  779): 7: set: 1
I/libPerfService(  779): 7: set freq: 0
W/WtProcessController( 1853): get fore ground process uid = 10203
D/libc-netbsd(  274): res_queryN name = archive.eet-china.com succeed
D/SocketClient(  274): SocketClient sendData done: 222
D/SocketClient(  274): SocketClient sendData done: 
D/SocketClient(  274): SocketClient sendData done: 
D/SocketClient(  274): SocketClient sendData done: 
D/SocketClient(  274): SocketClient sendData done: 
D/SocketClient(  274): SocketClient sendData done: 
D/SocketClient(  274): SocketClient sendData done: 
D/libc-netbsd(14115): getaddrinfo: archive.eet-china.com get result from proxy >>
I/XiaomiFirewall( 1325): firewall pkgName:com.sina.weibo, result:0x0
D/SocketClient(  274): SocketClient sendData done: 
D/PerfServiceManager(  779): [PerfService] notifyFrameUpdate - bDuringTouchBoost:true 
D/PerfServiceManager(  779): [PerfService] MESSAGE_BOOST_ENABLE_TIMEOUT_MS [SCN_SW_FRAME_UPDATE] bDuringTouchBoost:true 
I/libPerfService(  779): 7: set freq: 1000000
I/libPerfService(  779): 7: set: 2
D/PerfServiceManager(  779): [PerfService] notifyFrameUpdate - bDuringTouchBoost:true 
D/PerfServiceManager(  779): [PerfService] MESSAGE_BOOST_ENABLE_TIMEOUT_MS [SCN_SW_FRAME_UPDATE] bDuringTouchBoost:true 
D/IMGSRV  (29805): gralloc_register_buffer:1390: hnd=0x55b732aa70 ID=8976814 fd=107 ref=1
D/GraphicBuffer(29805): register, handle(0x55b732aa70) (w:1080 h:60 s:1088 f:0x1 u:0x000b00)
I/BufferQueueProducer(  256): [StatusBar](this:0x55a216db10,id:11476,api:1,p:29805,c:256) queueBuffer: fps=0.26 dur=3911.51 max=3911.51 min=3911.51
I/BufferQueueProducer(  256): [com.sina.weibo/com.sina.weibo.browser.WeiboBrowser](this:0x55a2292ac0,id:25139,api:1,p:14115,c:256) queueBuffer: fps=7.85 dur=1018.54 max=772.14 min=13.49
I/SurfaceFlinger(  256): [Built-in Screen (type:0)] fps:8.903111,dur:1010.88,max:760.76,min:15.90
E/WifiTrafficPoller(  779): TRAFFIC_STATS_POLL true Token 7334 num clients 26
E/WifiTrafficPoller(  779):  packet count Tx=6635659 Rx=11484004
E/WifiStateMachine(  779):  ConnectedState (when=-2ms what=131155 arg1=2311!CMD_RSSI_POLL 2311 0 "TP-LINK_B9EC" 24:69:68:bb:b9:ec rssi=-43 f=2412 sc=60 link=81 tx=305.0, 0.0, 0.0  rx=322.1 bcn=0 [on:0 tx:0 rx:0 period:2996] from screen [on:0 period:-1807298808] gl hn u24 rssi=-38 ag=0 hr ticks 3,0,36 ls-=0 [56,56,60,60,65] brc=0 lrc=0mmls=
E/WifiStateMachine(  779): Failed=0 Retry=1 MultipleRetry=1 ACKFailure=4 FCSError=951 tx_ok=4 rx_ok=0
E/WifiStateMachine(  779): Readl[crc=0 timeout=0] Writel[crc=0 timeout=0] ReadSb[crc=0 timeout=0] writeSb[crc=0 timeout=0]
E/WifiStateMachine(  779):  L2ConnectedState (when=-3ms what=131155 arg1=2311!CMD_RSSI_POLL 2311 0 "TP-LINK_B9EC" 24:69:68:bb:b9:ec rssi=-43 f=2412 sc=60 link=81 tx=305.0, 0.0, 0.0  rx=322.1 bcn=0 [on:0 tx:0 rx:0 period:1] from screen [on:0 period:-1807298807] gl hn u24 rssi=-38 ag=0 hr ticks 3,0,36 ls-=0 [56,56,60,60,65] brc=0 lrc=0mmls=
E/WifiStateMachine(  779): Failed=0 Retry=1 MultipleRetry=1 ACKFailure=4 FCSError=951 tx_ok=4 rx_ok=0
E/WifiStateMachine(  779): Readl[crc=0 timeout=0] Writel[crc=0 timeout=0] ReadSb[crc=0 timeout=0] writeSb[crc=0 timeout=0]
E/WifiStateMachine(  779):  get link layer stats 0
D/WifiHW  (  779): enter -->wifi_send_command cmd=IFNAME=wlan0 SIGNAL_POLL
D/wpa_supplicant(21489): wlan0: Control interface command 'SIGNAL_POLL'
D/WifiHW  (  779): leave --> reply=RSSI=-44
D/WifiHW  (  779): LINKSPEED=108
D/WifiHW  (  779): NOISE=9999
D/WifiHW  (  779): FREQUENCY=2412
D/WifiHW  (  779): 
D/wifiJNI (  779): doStringCommand, buf IFNAME=wlan0 SIGNAL_POLL
I/WifiStateMachine(  779): fetchRssiLinkSpeedAndFrequencyNative, newRssi:-44, newLinkSpeed:108, SSID:"TP-LINK_B9EC"
D/WifiHW  (  779): enter -->wifi_send_command cmd=IFNAME=wlan0 DRIVER GET_STA_LINK_DETECT
D/wpa_supplicant(21489): wlan0: Control interface command 'DRIVER GET_STA_LINK_DETECT'
D/wpa_supplicant(21489): iface wlan0 recv cmd GET_STA_LINK_DETECT
D/wpa_supplicant(21489): get_sta_link_detect
D/wpa_supplicant(21489): nl80211: Test Mode buflen = 16, ifindex=73
D/WifiHW  (  779): leave --> reply=
D/WifiHW  (  779): Failed=0 Retry=0 MultipleRetry=0 ACKFailure=0 FCSError=290 tx_ok=1 rx_ok=0
D/WifiHW  (  779): Readl[crc=0 timeout=0] Writel[crc=0 timeout=0] ReadSb[crc=0 timeout=0] writeSb[crc=0 timeout=0]
D/WifiHW  (  779): 
D/wifiJNI (  779): doStringCommand, buf IFNAME=wlan0 DRIVER GET_STA_LINK_DETECT
E/WifiStateMachine(  779): wifiLinkStatics=
E/WifiStateMachine(  779): Failed=0 Retry=0 MultipleRetry=0 ACKFailure=0 FCSError=290 tx_ok=1 rx_ok=0
E/WifiStateMachine(  779): Readl[crc=0 timeout=0] Writel[crc=0 timeout=0] ReadSb[crc=0 timeout=0] writeSb[crc=0 timeout=0]
D/WifiStateMachine(  779): mLastSignalLevel:4, newSignalLevel:4
E/WifiConfigStore(  779): updateConfiguration freq=2412 BSSID=24:69:68:bb:b9:ec RSSI=-43 "TP-LINK_B9EC"-WPA_PSK
V/ActivityManager(  779): Broadcast sticky: Intent { act=android.net.wifi.RSSI_CHANGED flg=0x4000010 (has extras) } ordered=false userid=-1 callerApp=ProcessRecord{2d221f8e 779:system/1000}
D/WifiWatchdogStateMachine(  779): RSSI current: 4 new: -44, 4
D/StatusBar.NetworkController(29805): slot=-10;action=android.net.wifi.RSSI_CHANGED
D/StatusBar.NetworkController(29805): updateNetworkName chosenNetType=13;mNetworkName[0]=移动 4G
D/PerfServiceManager(  779): [PerfService] notifyFrameUpdate - bDuringTouchBoost:true 
D/PerfServiceManager(  779): [PerfService] MESSAGE_BOOST_ENABLE_TIMEOUT_MS [SCN_SW_FRAME_UPDATE] bDuringTouchBoost:true 
D/PerfServiceManager(  779): [PerfService] notifyFrameUpdate - bDuringTouchBoost:true 
D/PerfServiceManager(  779): [PerfService] MESSAGE_BOOST_ENABLE_TIMEOUT_MS [SCN_SW_FRAME_UPDATE] bDuringTouchBoost:true 
I/BufferQueueProducer(  256): [com.sina.weibo/com.sina.weibo.browser.WeiboBrowser](this:0x55a2292ac0,id:25139,api:1,p:14115,c:256) queueBuffer: fps=17.67 dur=1018.75 max=84.84 min=30.28
I/SurfaceFlinger(  256): [Built-in Screen (type:0)] fps:17.681406,dur:1018.02,max:83.47,min:32.12
E/WifiTrafficPoller(  779): TRAFFIC_STATS_POLL true Token 7334 num clients 26
E/WifiTrafficPoller(  779):  packet count Tx=6635674 Rx=11484032
D/PerfServiceManager(  779): [PerfService] notifyFrameUpdate - bDuringTouchBoost:true 
D/PerfServiceManager(  779): [PerfService] MESSAGE_BOOST_ENABLE_TIMEOUT_MS [SCN_SW_FRAME_UPDATE] bDuringTouchBoost:true 
D/StatusBar.NetworkController(29805): onSignalStrengthsChanged received on slotId :0signalStrength=SignalStrength: 25 69 -120 -160 -7 0 -1 99 -71 -7 2147483647 2147483647 gsm|lte 1 1 1 level=5 cdmdlevel=0 evdolevel=0
V/ActivityManager(  779): Broadcast sticky: Intent { act=android.intent.action.SIG_STR flg=0x20000010 (has extras) } ordered=false userid=-1 callerApp=ProcessRecord{2d221f8e 779:system/1000}
V/MI_STAT (17014): triggerUploadingJob with shouldRetry: true
E/MI_STAT (17014): upload is not allowed by the server.
D/PerfServiceManager(  779): [PerfService] notifyFrameUpdate - bDuringTouchBoost:true 
D/PerfServiceManager(  779): [PerfService] MESSAGE_BOOST_ENABLE_TIMEOUT_MS [SCN_SW_FRAME_UPDATE] bDuringTouchBoost:true 
V/SettingsInterface(  779):  from settings cache , name = sys_free_storage_log_interval , value = null
V/SettingsInterface(  779):  from settings cache , name = disk_free_change_reporting_threshold , value = null
V/MI_STAT (17044): triggerUploadingJob with shouldRetry: true
V/MI_STAT (17044): AsyncJobDispatcher.mHander is null, add job to pending queue
V/MI_STAT (17044): mPendingJob(cnt=1) not empty, clone a job list and clear original list
V/MI_STAT (17044): execute a pending job
D/MI_STAT (17044): get 0 DB events by timestamp 9223372036854775807
V/MI_STAT (17044): No data available to be packed
D/PerfServiceManager(  779): [PerfService] notifyFrameUpdate - bDuringTouchBoost:true 
D/PerfServiceManager(  779): [PerfService] MESSAGE_BOOST_ENABLE_TIMEOUT_MS [SCN_SW_FRAME_UPDATE] bDuringTouchBoost:true 
E/WifiTrafficPoller(  779): TRAFFIC_STATS_POLL true Token 7334 num clients 26
E/WifiTrafficPoller(  779):  packet count Tx=6635676 Rx=11484032
E/WifiTrafficPoller(  779): notifying of data activity 2
I/BufferQueueProducer(  256): [com.sina.weibo/com.sina.weibo.browser.WeiboBrowser](this:0x55a2292ac0,id:25139,api:1,p:14115,c:256) queueBuffer: fps=24.96 dur=1041.47 max=73.20 min=21.10
I/SurfaceFlinger(  256): [Built-in Screen (type:0)] fps:25.119293,dur:1035.06,max:67.05,min:16.90
D/PerfServiceManager(  779): [PerfService] notifyFrameUpdate - bDuringTouchBoost:true 
D/PerfServiceManager(  779): [PerfService] MESSAGE_BOOST_ENABLE_TIMEOUT_MS [SCN_SW_FRAME_UPDATE] bDuringTouchBoost:true 
D/PerfServiceManager(  779): [PerfService] notifyFrameUpdate - bDuringTouchBoost:true 
D/PerfServiceManager(  779): [PerfService] MESSAGE_BOOST_ENABLE_TIMEOUT_MS [SCN_SW_FRAME_UPDATE] bDuringTouchBoost:true 
E/WifiTrafficPoller(  779): TRAFFIC_STATS_POLL true Token 7334 num clients 26
E/WifiTrafficPoller(  779):  packet count Tx=6635676 Rx=11484042
E/WifiTrafficPoller(  779): notifying of data activity 1
I/BufferQueueProducer(  256): [com.sina.weibo/com.sina.weibo.browser.WeiboBrowser](this:0x55a2292ac0,id:25139,api:1,p:14115,c:256) queueBuffer: fps=16.78 dur=1013.26 max=67.99 min=46.97
I/SurfaceFlinger(  256): [Built-in Screen (type:0)] fps:16.700563,dur:1017.93,max:66.86,min:50.02
D/PerfServiceManager(  779): [PerfService] notifyFrameUpdate - bDuringTouchBoost:true 
D/PerfServiceManager(  779): [PerfService] MESSAGE_BOOST_ENABLE_TIMEOUT_MS [SCN_SW_FRAME_UPDATE] bDuringTouchBoost:true 
E/WifiStateMachine(  779):  ConnectedState (when=-3ms what=131155 arg1=2311!CMD_RSSI_POLL 2311 0 "TP-LINK_B9EC" 24:69:68:bb:b9:ec rssi=-44 f=2412 sc=60 link=108 tx=199.5, 0.0, 0.0  rx=223.1 bcn=0 [on:0 tx:0 rx:0 period:3002] from screen [on:0 period:-1807295798] gl hn u24 rssi=-39 ag=0 hr ticks 3,0,36 ls-=0 [56,56,60,60,65] brc=0 lrc=0mmls=
E/WifiStateMachine(  779): Failed=0 Retry=0 MultipleRetry=0 ACKFailure=0 FCSError=290 tx_ok=1 rx_ok=0
E/WifiStateMachine(  779): Readl[crc=0 timeout=0] Writel[crc=0 timeout=0] ReadSb[crc=0 timeout=0] writeSb[crc=0 timeout=0]
E/WifiStateMachine(  779):  L2ConnectedState (when=-5ms what=131155 arg1=2311!CMD_RSSI_POLL 2311 0 "TP-LINK_B9EC" 24:69:68:bb:b9:ec rssi=-44 f=2412 sc=60 link=108 tx=199.5, 0.0, 0.0  rx=223.1 bcn=0 [on:0 tx:0 rx:0 period:3] from screen [on:0 period:-1807295795] gl hn u24 rssi=-39 ag=0 hr ticks 3,0,36 ls-=0 [56,56,60,60,65] brc=0 lrc=0mmls=
E/WifiStateMachine(  779): Failed=0 Retry=0 MultipleRetry=0 ACKFailure=0 FCSError=290 tx_ok=1 rx_ok=0
E/WifiStateMachine(  779): Readl[crc=0 timeout=0] Writel[crc=0 timeout=0] ReadSb[crc=0 timeout=0] writeSb[crc=0 timeout=0]
E/WifiStateMachine(  779):  get link layer stats 0
D/WifiHW  (  779): enter -->wifi_send_command cmd=IFNAME=wlan0 SIGNAL_POLL
D/wpa_supplicant(21489): wlan0: Control interface command 'SIGNAL_POLL'
D/WifiHW  (  779): leave --> reply=RSSI=-46
D/WifiHW  (  779): LINKSPEED=108
D/WifiHW  (  779): NOISE=9999
D/WifiHW  (  779): FREQUENCY=2412
D/WifiHW  (  779): 
D/wifiJNI (  779): doStringCommand, buf IFNAME=wlan0 SIGNAL_POLL
I/WifiStateMachine(  779): fetchRssiLinkSpeedAndFrequencyNative, newRssi:-46, newLinkSpeed:108, SSID:"TP-LINK_B9EC"
D/WifiHW  (  779): enter -->wifi_send_command cmd=IFNAME=wlan0 DRIVER GET_STA_LINK_DETECT
D/wpa_supplicant(21489): wlan0: Control interface command 'DRIVER GET_STA_LINK_DETECT'
D/wpa_supplicant(21489): iface wlan0 recv cmd GET_STA_LINK_DETECT
D/wpa_supplicant(21489): get_sta_link_detect
D/wpa_supplicant(21489): nl80211: Test Mode buflen = 16, ifindex=73
D/WifiHW  (  779): leave --> reply=
D/WifiHW  (  779): Failed=0 Retry=0 MultipleRetry=0 ACKFailure=0 FCSError=1830 tx_ok=0 rx_ok=0
D/WifiHW  (  779): Readl[crc=0 timeout=0] Writel[crc=0 timeout=0] ReadSb[crc=0 timeout=0] writeSb[crc=0 timeout=0]
D/WifiHW  (  779): 
D/wifiJNI (  779): doStringCommand, buf IFNAME=wlan0 DRIVER GET_STA_LINK_DETECT
E/WifiStateMachine(  779): wifiLinkStatics=
E/WifiStateMachine(  779): Failed=0 Retry=0 MultipleRetry=0 ACKFailure=0 FCSError=1830 tx_ok=0 rx_ok=0
E/WifiStateMachine(  779): Readl[crc=0 timeout=0] Writel[crc=0 timeout=0] ReadSb[crc=0 timeout=0] writeSb[crc=0 timeout=0]
D/WifiStateMachine(  779): mLastSignalLevel:4, newSignalLevel:4
E/WifiConfigStore(  779): updateConfiguration freq=2412 BSSID=24:69:68:bb:b9:ec RSSI=-44 "TP-LINK_B9EC"-WPA_PSK
V/ActivityManager(  779): Broadcast sticky: Intent { act=android.net.wifi.RSSI_CHANGED flg=0x4000010 (has extras) } ordered=false userid=-1 callerApp=ProcessRecord{2d221f8e 779:system/1000}
D/WifiWatchdogStateMachine(  779): RSSI current: 4 new: -46, 4
D/StatusBar.NetworkController(29805): slot=-10;action=android.net.wifi.RSSI_CHANGED
D/StatusBar.NetworkController(29805): updateNetworkName chosenNetType=13;mNetworkName[0]=移动 4G
D/PerfServiceManager(  779): [PerfService] notifyFrameUpdate - bDuringTouchBoost:true 
D/PerfServiceManager(  779): [PerfService] MESSAGE_BOOST_ENABLE_TIMEOUT_MS [SCN_SW_FRAME_UPDATE] bDuringTouchBoost:true 
D/BatteryService(  779): mBatteryVoltage=3832, batteryLevel=50
V/ActivityManager(  779): Broadcast sticky: Intent { act=android.intent.action.BATTERY_CHANGED flg=0x60000010 (has extras) } ordered=false userid=-1 callerApp=null
D/UsbDeviceManager(  779): onReceive - BATTERY_CHANGED - mPlugType: 2, mSettingUsbCharging: false, mConnected: true, mSettingUsbBicr: false
D/WifiService(  779): onReceive, action:android.intent.action.BATTERY_CHANGED
D/WifiController(  779): DeviceActiveState{ when=-2ms what=155652 arg1=2 target=com.android.internal.util.StateMachine$SmHandler }
D/WifiController(  779): StaEnabledState{ when=-2ms what=155652 arg1=2 target=com.android.internal.util.StateMachine$SmHandler }
D/WifiController(  779): DefaultState{ when=-3ms what=155652 arg1=2 target=com.android.internal.util.StateMachine$SmHandler }
D/WifiController(  779): battery changed pluggedType: 2
I/InfoCollectManager( 2188): ACTION:android.intent.action.BATTERY_CHANGED
V/MiCloudSyncStateObserver( 3925): broadcast received
V/MiCloudSyncStateObserver( 3925): battery changed
